Using device: mps
Loading reference dataset...
Applying RamanSPy preprocessing to data/X_reference.npy...
Detected 30 classes.
Split reference data: 40200 train / 19800 val

--- Starting Reference Training ---
Pre-train Epoch: 1 [0/40200 (0%)]	Loss: 3.455831	Acc: 4.69%
Pre-train Epoch: 1 [6400/40200 (16%)]	Loss: 2.642276	Acc: 13.03%
Pre-train Epoch: 1 [12800/40200 (32%)]	Loss: 2.662874	Acc: 15.02%
Pre-train Epoch: 1 [19200/40200 (48%)]	Loss: 2.117900	Acc: 18.27%
Pre-train Epoch: 1 [25600/40200 (64%)]	Loss: 2.096781	Acc: 20.84%
Pre-train Epoch: 1 [32000/40200 (79%)]	Loss: 1.840747	Acc: 23.71%
Pre-train Epoch: 1 [38400/40200 (95%)]	Loss: 2.091226	Acc: 25.68%
Pre-train Epoch: 2 [0/40200 (0%)]	Loss: 1.732066	Acc: 48.44%
Pre-train Epoch: 2 [6400/40200 (16%)]	Loss: 1.540167	Acc: 39.17%
Pre-train Epoch: 2 [12800/40200 (32%)]	Loss: 1.732150	Acc: 40.12%
Pre-train Epoch: 2 [19200/40200 (48%)]	Loss: 1.723890	Acc: 41.40%
Pre-train Epoch: 2 [25600/40200 (64%)]	Loss: 1.454189	Acc: 42.59%
Pre-train Epoch: 2 [32000/40200 (79%)]	Loss: 1.550957	Acc: 43.43%
Pre-train Epoch: 2 [38400/40200 (95%)]	Loss: 1.610242	Acc: 44.23%
Pre-train Epoch: 3 [0/40200 (0%)]	Loss: 1.417022	Acc: 56.25%
Pre-train Epoch: 3 [6400/40200 (16%)]	Loss: 1.477478	Acc: 48.04%
Pre-train Epoch: 3 [12800/40200 (32%)]	Loss: 1.254535	Acc: 49.67%
Pre-train Epoch: 3 [19200/40200 (48%)]	Loss: 1.375434	Acc: 50.32%
Pre-train Epoch: 3 [25600/40200 (64%)]	Loss: 1.456778	Acc: 50.71%
Pre-train Epoch: 3 [32000/40200 (79%)]	Loss: 1.380253	Acc: 51.07%
Pre-train Epoch: 3 [38400/40200 (95%)]	Loss: 1.430484	Acc: 51.59%
Pre-train Epoch: 4 [0/40200 (0%)]	Loss: 1.651870	Acc: 39.06%
Pre-train Epoch: 4 [6400/40200 (16%)]	Loss: 1.440686	Acc: 53.33%
Pre-train Epoch: 4 [12800/40200 (32%)]	Loss: 1.295902	Acc: 54.02%
Pre-train Epoch: 4 [19200/40200 (48%)]	Loss: 1.318196	Acc: 53.81%
Pre-train Epoch: 4 [25600/40200 (64%)]	Loss: 1.589489	Acc: 54.15%
Pre-train Epoch: 4 [32000/40200 (79%)]	Loss: 1.445874	Acc: 54.37%
Pre-train Epoch: 4 [38400/40200 (95%)]	Loss: 1.180926	Acc: 54.39%
Pre-train Epoch: 5 [0/40200 (0%)]	Loss: 1.192038	Acc: 64.06%
Pre-train Epoch: 5 [6400/40200 (16%)]	Loss: 1.181401	Acc: 55.54%
Pre-train Epoch: 5 [12800/40200 (32%)]	Loss: 1.382690	Acc: 56.30%
Pre-train Epoch: 5 [19200/40200 (48%)]	Loss: 1.390122	Acc: 56.43%
Pre-train Epoch: 5 [25600/40200 (64%)]	Loss: 1.219811	Acc: 56.83%
Pre-train Epoch: 5 [32000/40200 (79%)]	Loss: 1.118991	Acc: 56.97%
Pre-train Epoch: 5 [38400/40200 (95%)]	Loss: 1.345583	Acc: 57.20%
Pre-train Epoch: 6 [0/40200 (0%)]	Loss: 1.158468	Acc: 60.94%
Pre-train Epoch: 6 [6400/40200 (16%)]	Loss: 1.140552	Acc: 59.17%
Pre-train Epoch: 6 [12800/40200 (32%)]	Loss: 1.480824	Acc: 58.64%
Pre-train Epoch: 6 [19200/40200 (48%)]	Loss: 1.537225	Acc: 58.53%
Pre-train Epoch: 6 [25600/40200 (64%)]	Loss: 1.219474	Acc: 58.63%
Pre-train Epoch: 6 [32000/40200 (79%)]	Loss: 1.331500	Acc: 58.74%
Pre-train Epoch: 6 [38400/40200 (95%)]	Loss: 1.143442	Acc: 58.69%
Pre-train Epoch: 7 [0/40200 (0%)]	Loss: 1.157587	Acc: 54.69%
Pre-train Epoch: 7 [6400/40200 (16%)]	Loss: 1.238855	Acc: 58.63%
Pre-train Epoch: 7 [12800/40200 (32%)]	Loss: 1.171176	Acc: 59.58%
Pre-train Epoch: 7 [19200/40200 (48%)]	Loss: 1.223929	Acc: 59.43%
Pre-train Epoch: 7 [25600/40200 (64%)]	Loss: 1.210549	Acc: 59.62%
Pre-train Epoch: 7 [32000/40200 (79%)]	Loss: 0.966767	Acc: 59.83%
Pre-train Epoch: 7 [38400/40200 (95%)]	Loss: 1.284798	Acc: 59.94%
Pre-train Epoch: 8 [0/40200 (0%)]	Loss: 1.190331	Acc: 57.81%
Pre-train Epoch: 8 [6400/40200 (16%)]	Loss: 1.009771	Acc: 59.89%
Pre-train Epoch: 8 [12800/40200 (32%)]	Loss: 1.654916	Acc: 60.79%
Pre-train Epoch: 8 [19200/40200 (48%)]	Loss: 1.257190	Acc: 60.79%
Pre-train Epoch: 8 [25600/40200 (64%)]	Loss: 1.066891	Acc: 60.95%
Pre-train Epoch: 8 [32000/40200 (79%)]	Loss: 1.054571	Acc: 60.95%
Pre-train Epoch: 8 [38400/40200 (95%)]	Loss: 1.042995	Acc: 60.77%
Pre-train Epoch: 9 [0/40200 (0%)]	Loss: 1.278730	Acc: 62.50%
Pre-train Epoch: 9 [6400/40200 (16%)]	Loss: 1.034364	Acc: 61.25%
Pre-train Epoch: 9 [12800/40200 (32%)]	Loss: 1.156039	Acc: 61.23%
Pre-train Epoch: 9 [19200/40200 (48%)]	Loss: 1.378327	Acc: 61.21%
Pre-train Epoch: 9 [25600/40200 (64%)]	Loss: 1.124229	Acc: 61.61%
Pre-train Epoch: 9 [32000/40200 (79%)]	Loss: 1.315022	Acc: 61.36%
Pre-train Epoch: 9 [38400/40200 (95%)]	Loss: 1.329383	Acc: 61.53%
Pre-train Epoch: 10 [0/40200 (0%)]	Loss: 1.338713	Acc: 59.38%
Pre-train Epoch: 10 [6400/40200 (16%)]	Loss: 1.193936	Acc: 61.80%
Pre-train Epoch: 10 [12800/40200 (32%)]	Loss: 1.249202	Acc: 62.19%
Pre-train Epoch: 10 [19200/40200 (48%)]	Loss: 1.077771	Acc: 62.03%
Pre-train Epoch: 10 [25600/40200 (64%)]	Loss: 1.172449	Acc: 62.11%
Pre-train Epoch: 10 [32000/40200 (79%)]	Loss: 1.032948	Acc: 62.14%
Pre-train Epoch: 10 [38400/40200 (95%)]	Loss: 1.074608	Acc: 62.09%
Pre-train Epoch: 11 [0/40200 (0%)]	Loss: 1.077693	Acc: 64.06%
Pre-train Epoch: 11 [6400/40200 (16%)]	Loss: 1.095819	Acc: 62.90%
Pre-train Epoch: 11 [12800/40200 (32%)]	Loss: 1.238326	Acc: 62.87%
Pre-train Epoch: 11 [19200/40200 (48%)]	Loss: 1.081849	Acc: 62.97%
Pre-train Epoch: 11 [25600/40200 (64%)]	Loss: 1.004694	Acc: 62.85%
Pre-train Epoch: 11 [32000/40200 (79%)]	Loss: 1.221066	Acc: 62.72%
Pre-train Epoch: 11 [38400/40200 (95%)]	Loss: 1.082799	Acc: 62.72%
Pre-train Epoch: 12 [0/40200 (0%)]	Loss: 1.039482	Acc: 71.88%
Pre-train Epoch: 12 [6400/40200 (16%)]	Loss: 0.939438	Acc: 61.63%
Pre-train Epoch: 12 [12800/40200 (32%)]	Loss: 1.190140	Acc: 62.83%
Pre-train Epoch: 12 [19200/40200 (48%)]	Loss: 1.166959	Acc: 63.02%
Pre-train Epoch: 12 [25600/40200 (64%)]	Loss: 1.163056	Acc: 63.06%
Pre-train Epoch: 12 [32000/40200 (79%)]	Loss: 1.082359	Acc: 63.21%
Pre-train Epoch: 12 [38400/40200 (95%)]	Loss: 1.066542	Acc: 63.06%
Pre-train Epoch: 13 [0/40200 (0%)]	Loss: 1.298081	Acc: 54.69%
Pre-train Epoch: 13 [6400/40200 (16%)]	Loss: 1.118170	Acc: 62.00%
Pre-train Epoch: 13 [12800/40200 (32%)]	Loss: 0.996515	Acc: 62.76%
Pre-train Epoch: 13 [19200/40200 (48%)]	Loss: 1.179747	Acc: 62.75%
Pre-train Epoch: 13 [25600/40200 (64%)]	Loss: 1.188441	Acc: 62.99%
Pre-train Epoch: 13 [32000/40200 (79%)]	Loss: 1.219924	Acc: 62.91%
Pre-train Epoch: 13 [38400/40200 (95%)]	Loss: 1.242851	Acc: 63.10%
Pre-train Epoch: 14 [0/40200 (0%)]	Loss: 1.432896	Acc: 51.56%
Pre-train Epoch: 14 [6400/40200 (16%)]	Loss: 1.384545	Acc: 63.07%
Pre-train Epoch: 14 [12800/40200 (32%)]	Loss: 0.986212	Acc: 63.43%
Pre-train Epoch: 14 [19200/40200 (48%)]	Loss: 1.253413	Acc: 63.34%
Pre-train Epoch: 14 [25600/40200 (64%)]	Loss: 1.044476	Acc: 63.39%
Pre-train Epoch: 14 [32000/40200 (79%)]	Loss: 0.970995	Acc: 63.51%
Pre-train Epoch: 14 [38400/40200 (95%)]	Loss: 1.071719	Acc: 63.61%
Pre-train Epoch: 15 [0/40200 (0%)]	Loss: 1.354738	Acc: 50.00%
Pre-train Epoch: 15 [6400/40200 (16%)]	Loss: 1.100657	Acc: 63.78%
Pre-train Epoch: 15 [12800/40200 (32%)]	Loss: 1.180548	Acc: 64.05%
Pre-train Epoch: 15 [19200/40200 (48%)]	Loss: 1.155272	Acc: 64.39%
Pre-train Epoch: 15 [25600/40200 (64%)]	Loss: 0.992568	Acc: 64.45%
Pre-train Epoch: 15 [32000/40200 (79%)]	Loss: 1.037201	Acc: 64.40%
Pre-train Epoch: 15 [38400/40200 (95%)]	Loss: 0.975066	Acc: 64.38%
Pre-train Epoch: 16 [0/40200 (0%)]	Loss: 0.997415	Acc: 67.19%
Pre-train Epoch: 16 [6400/40200 (16%)]	Loss: 1.056511	Acc: 64.81%
Pre-train Epoch: 16 [12800/40200 (32%)]	Loss: 1.116624	Acc: 64.79%
Pre-train Epoch: 16 [19200/40200 (48%)]	Loss: 0.966551	Acc: 64.79%
Pre-train Epoch: 16 [25600/40200 (64%)]	Loss: 1.126165	Acc: 64.59%
Pre-train Epoch: 16 [32000/40200 (79%)]	Loss: 0.886493	Acc: 64.68%
Pre-train Epoch: 16 [38400/40200 (95%)]	Loss: 1.123933	Acc: 64.57%
Pre-train Epoch: 17 [0/40200 (0%)]	Loss: 1.219202	Acc: 59.38%
Pre-train Epoch: 17 [6400/40200 (16%)]	Loss: 0.966952	Acc: 64.54%
Pre-train Epoch: 17 [12800/40200 (32%)]	Loss: 0.971663	Acc: 64.93%
Pre-train Epoch: 17 [19200/40200 (48%)]	Loss: 1.063227	Acc: 64.83%
Pre-train Epoch: 17 [25600/40200 (64%)]	Loss: 1.300415	Acc: 64.84%
Pre-train Epoch: 17 [32000/40200 (79%)]	Loss: 1.094832	Acc: 64.75%
Pre-train Epoch: 17 [38400/40200 (95%)]	Loss: 0.932094	Acc: 64.59%
Pre-train Epoch: 18 [0/40200 (0%)]	Loss: 1.229058	Acc: 60.94%
Pre-train Epoch: 18 [6400/40200 (16%)]	Loss: 1.151401	Acc: 64.11%
Pre-train Epoch: 18 [12800/40200 (32%)]	Loss: 1.096055	Acc: 64.99%
Pre-train Epoch: 18 [19200/40200 (48%)]	Loss: 0.949090	Acc: 64.48%
Pre-train Epoch: 18 [25600/40200 (64%)]	Loss: 0.953458	Acc: 64.69%
Pre-train Epoch: 18 [32000/40200 (79%)]	Loss: 0.964550	Acc: 64.83%
Pre-train Epoch: 18 [38400/40200 (95%)]	Loss: 1.041855	Acc: 64.87%
Pre-train Epoch: 19 [0/40200 (0%)]	Loss: 0.834333	Acc: 79.69%
Pre-train Epoch: 19 [6400/40200 (16%)]	Loss: 1.004434	Acc: 64.79%
Pre-train Epoch: 19 [12800/40200 (32%)]	Loss: 1.033032	Acc: 65.11%
Pre-train Epoch: 19 [19200/40200 (48%)]	Loss: 0.866230	Acc: 65.41%
Pre-train Epoch: 19 [25600/40200 (64%)]	Loss: 1.109633	Acc: 65.24%
Pre-train Epoch: 19 [32000/40200 (79%)]	Loss: 1.274174	Acc: 65.32%
Pre-train Epoch: 19 [38400/40200 (95%)]	Loss: 1.084414	Acc: 65.38%
Pre-train Epoch: 20 [0/40200 (0%)]	Loss: 0.954100	Acc: 68.75%
Pre-train Epoch: 20 [6400/40200 (16%)]	Loss: 1.101133	Acc: 66.04%
Pre-train Epoch: 20 [12800/40200 (32%)]	Loss: 0.872198	Acc: 65.87%
Pre-train Epoch: 20 [19200/40200 (48%)]	Loss: 1.114163	Acc: 66.01%
Pre-train Epoch: 20 [25600/40200 (64%)]	Loss: 1.041076	Acc: 65.98%
Pre-train Epoch: 20 [32000/40200 (79%)]	Loss: 0.965101	Acc: 65.72%
Pre-train Epoch: 20 [38400/40200 (95%)]	Loss: 1.199419	Acc: 65.80%
Pre-train Epoch: 21 [0/40200 (0%)]	Loss: 1.035002	Acc: 67.19%
Pre-train Epoch: 21 [6400/40200 (16%)]	Loss: 1.153293	Acc: 66.49%
Pre-train Epoch: 21 [12800/40200 (32%)]	Loss: 0.898117	Acc: 66.04%
Pre-train Epoch: 21 [19200/40200 (48%)]	Loss: 1.196394	Acc: 66.00%
Pre-train Epoch: 21 [25600/40200 (64%)]	Loss: 0.913568	Acc: 65.83%
Pre-train Epoch: 21 [32000/40200 (79%)]	Loss: 1.262355	Acc: 66.01%
Pre-train Epoch: 21 [38400/40200 (95%)]	Loss: 0.886898	Acc: 65.94%
Pre-train Epoch: 22 [0/40200 (0%)]	Loss: 1.406440	Acc: 59.38%
Pre-train Epoch: 22 [6400/40200 (16%)]	Loss: 1.065572	Acc: 66.79%
Pre-train Epoch: 22 [12800/40200 (32%)]	Loss: 1.071278	Acc: 65.63%
Pre-train Epoch: 22 [19200/40200 (48%)]	Loss: 0.953687	Acc: 65.75%
Pre-train Epoch: 22 [25600/40200 (64%)]	Loss: 0.849018	Acc: 65.89%
Pre-train Epoch: 22 [32000/40200 (79%)]	Loss: 1.093778	Acc: 66.16%
Pre-train Epoch: 22 [38400/40200 (95%)]	Loss: 1.000437	Acc: 66.13%
Pre-train Epoch: 23 [0/40200 (0%)]	Loss: 0.918233	Acc: 73.44%
Pre-train Epoch: 23 [6400/40200 (16%)]	Loss: 0.966518	Acc: 65.97%
Pre-train Epoch: 23 [12800/40200 (32%)]	Loss: 0.872557	Acc: 66.08%
Pre-train Epoch: 23 [19200/40200 (48%)]	Loss: 0.885696	Acc: 66.27%
Pre-train Epoch: 23 [25600/40200 (64%)]	Loss: 0.913044	Acc: 66.38%
Pre-train Epoch: 23 [32000/40200 (79%)]	Loss: 1.051711	Acc: 66.41%
Pre-train Epoch: 23 [38400/40200 (95%)]	Loss: 0.992063	Acc: 66.39%
Pre-train Epoch: 24 [0/40200 (0%)]	Loss: 1.099389	Acc: 53.12%
Pre-train Epoch: 24 [6400/40200 (16%)]	Loss: 1.264218	Acc: 67.51%
Pre-train Epoch: 24 [12800/40200 (32%)]	Loss: 0.979096	Acc: 66.64%
Pre-train Epoch: 24 [19200/40200 (48%)]	Loss: 0.973458	Acc: 66.64%
Pre-train Epoch: 24 [25600/40200 (64%)]	Loss: 0.880778	Acc: 66.81%
Pre-train Epoch: 24 [32000/40200 (79%)]	Loss: 1.283822	Acc: 66.77%
Pre-train Epoch: 24 [38400/40200 (95%)]	Loss: 0.821526	Acc: 66.58%
Pre-train Epoch: 25 [0/40200 (0%)]	Loss: 0.956965	Acc: 71.88%
Pre-train Epoch: 25 [6400/40200 (16%)]	Loss: 0.810346	Acc: 67.02%
Pre-train Epoch: 25 [12800/40200 (32%)]	Loss: 0.990632	Acc: 66.82%
Pre-train Epoch: 25 [19200/40200 (48%)]	Loss: 1.223481	Acc: 66.73%
Pre-train Epoch: 25 [25600/40200 (64%)]	Loss: 0.975738	Acc: 66.93%
Pre-train Epoch: 25 [32000/40200 (79%)]	Loss: 1.068011	Acc: 66.95%
Pre-train Epoch: 25 [38400/40200 (95%)]	Loss: 1.328059	Acc: 66.72%
Pre-train Epoch: 26 [0/40200 (0%)]	Loss: 0.886401	Acc: 68.75%
Pre-train Epoch: 26 [6400/40200 (16%)]	Loss: 1.037624	Acc: 67.87%
Pre-train Epoch: 26 [12800/40200 (32%)]	Loss: 0.950940	Acc: 67.20%
Pre-train Epoch: 26 [19200/40200 (48%)]	Loss: 1.026574	Acc: 66.75%
Pre-train Epoch: 26 [25600/40200 (64%)]	Loss: 1.039567	Acc: 66.94%
Pre-train Epoch: 26 [32000/40200 (79%)]	Loss: 0.938867	Acc: 66.82%
Pre-train Epoch: 26 [38400/40200 (95%)]	Loss: 0.824718	Acc: 66.99%
Pre-train Epoch: 27 [0/40200 (0%)]	Loss: 0.873294	Acc: 71.88%
Pre-train Epoch: 27 [6400/40200 (16%)]	Loss: 0.796980	Acc: 67.30%
Pre-train Epoch: 27 [12800/40200 (32%)]	Loss: 0.939559	Acc: 67.62%
Pre-train Epoch: 27 [19200/40200 (48%)]	Loss: 1.125505	Acc: 67.14%
Pre-train Epoch: 27 [25600/40200 (64%)]	Loss: 0.851374	Acc: 67.18%
Pre-train Epoch: 27 [32000/40200 (79%)]	Loss: 1.069695	Acc: 67.19%
Pre-train Epoch: 27 [38400/40200 (95%)]	Loss: 0.877241	Acc: 67.19%
Pre-train Epoch: 28 [0/40200 (0%)]	Loss: 1.050391	Acc: 59.38%
Pre-train Epoch: 28 [6400/40200 (16%)]	Loss: 1.177756	Acc: 67.47%
Pre-train Epoch: 28 [12800/40200 (32%)]	Loss: 1.039034	Acc: 66.90%
Pre-train Epoch: 28 [19200/40200 (48%)]	Loss: 1.023818	Acc: 67.05%
Pre-train Epoch: 28 [25600/40200 (64%)]	Loss: 0.882970	Acc: 67.02%
Pre-train Epoch: 28 [32000/40200 (79%)]	Loss: 0.933827	Acc: 67.19%
Pre-train Epoch: 28 [38400/40200 (95%)]	Loss: 0.975600	Acc: 67.21%
Pre-train Epoch: 29 [0/40200 (0%)]	Loss: 0.833981	Acc: 73.44%
Pre-train Epoch: 29 [6400/40200 (16%)]	Loss: 0.800438	Acc: 69.00%
Pre-train Epoch: 29 [12800/40200 (32%)]	Loss: 1.073235	Acc: 68.21%
Pre-train Epoch: 29 [19200/40200 (48%)]	Loss: 1.246383	Acc: 67.85%
Pre-train Epoch: 29 [25600/40200 (64%)]	Loss: 0.955397	Acc: 67.51%
Pre-train Epoch: 29 [32000/40200 (79%)]	Loss: 0.959012	Acc: 67.45%
Pre-train Epoch: 29 [38400/40200 (95%)]	Loss: 1.229477	Acc: 67.53%
Pre-train Epoch: 30 [0/40200 (0%)]	Loss: 1.283523	Acc: 56.25%
Pre-train Epoch: 30 [6400/40200 (16%)]	Loss: 1.031326	Acc: 67.50%
Pre-train Epoch: 30 [12800/40200 (32%)]	Loss: 0.881160	Acc: 68.14%
Pre-train Epoch: 30 [19200/40200 (48%)]	Loss: 0.936694	Acc: 67.99%
Pre-train Epoch: 30 [25600/40200 (64%)]	Loss: 0.835782	Acc: 67.87%
Pre-train Epoch: 30 [32000/40200 (79%)]	Loss: 0.811505	Acc: 67.84%
Pre-train Epoch: 30 [38400/40200 (95%)]	Loss: 1.306643	Acc: 67.76%
Pre-train Epoch: 31 [0/40200 (0%)]	Loss: 1.100068	Acc: 60.94%
Pre-train Epoch: 31 [6400/40200 (16%)]	Loss: 1.045434	Acc: 67.87%
Pre-train Epoch: 31 [12800/40200 (32%)]	Loss: 0.842639	Acc: 68.26%
Pre-train Epoch: 31 [19200/40200 (48%)]	Loss: 1.217085	Acc: 68.30%
Pre-train Epoch: 31 [25600/40200 (64%)]	Loss: 1.123600	Acc: 68.03%
Pre-train Epoch: 31 [32000/40200 (79%)]	Loss: 1.193495	Acc: 68.12%
Pre-train Epoch: 31 [38400/40200 (95%)]	Loss: 1.021543	Acc: 68.00%
Pre-train Epoch: 32 [0/40200 (0%)]	Loss: 1.095964	Acc: 65.62%
Pre-train Epoch: 32 [6400/40200 (16%)]	Loss: 0.810063	Acc: 68.18%
Pre-train Epoch: 32 [12800/40200 (32%)]	Loss: 0.877119	Acc: 68.14%
Pre-train Epoch: 32 [19200/40200 (48%)]	Loss: 0.827991	Acc: 67.84%
Pre-train Epoch: 32 [25600/40200 (64%)]	Loss: 1.066020	Acc: 67.83%
Pre-train Epoch: 32 [32000/40200 (79%)]	Loss: 1.049715	Acc: 68.06%
Pre-train Epoch: 32 [38400/40200 (95%)]	Loss: 1.264911	Acc: 67.96%
Pre-train Epoch: 33 [0/40200 (0%)]	Loss: 1.135275	Acc: 59.38%
Pre-train Epoch: 33 [6400/40200 (16%)]	Loss: 1.064985	Acc: 65.50%
Pre-train Epoch: 33 [12800/40200 (32%)]	Loss: 1.095717	Acc: 66.75%
Pre-train Epoch: 33 [19200/40200 (48%)]	Loss: 1.066425	Acc: 67.30%
Pre-train Epoch: 33 [25600/40200 (64%)]	Loss: 0.839635	Acc: 67.90%
Pre-train Epoch: 33 [32000/40200 (79%)]	Loss: 0.957524	Acc: 67.98%
Pre-train Epoch: 33 [38400/40200 (95%)]	Loss: 0.896642	Acc: 68.02%
Pre-train Epoch: 34 [0/40200 (0%)]	Loss: 0.938716	Acc: 68.75%
Pre-train Epoch: 34 [6400/40200 (16%)]	Loss: 0.866987	Acc: 68.33%
Pre-train Epoch: 34 [12800/40200 (32%)]	Loss: 0.953357	Acc: 68.17%
Pre-train Epoch: 34 [19200/40200 (48%)]	Loss: 0.945776	Acc: 68.64%
Pre-train Epoch: 34 [25600/40200 (64%)]	Loss: 1.124049	Acc: 68.36%
Pre-train Epoch: 34 [32000/40200 (79%)]	Loss: 0.973680	Acc: 68.37%
Pre-train Epoch: 34 [38400/40200 (95%)]	Loss: 0.871514	Acc: 68.27%
Pre-train Epoch: 35 [0/40200 (0%)]	Loss: 0.929147	Acc: 71.88%
Pre-train Epoch: 35 [6400/40200 (16%)]	Loss: 0.973004	Acc: 67.78%
Pre-train Epoch: 35 [12800/40200 (32%)]	Loss: 1.103162	Acc: 68.13%
Pre-train Epoch: 35 [19200/40200 (48%)]	Loss: 1.171277	Acc: 68.17%
Pre-train Epoch: 35 [25600/40200 (64%)]	Loss: 0.828010	Acc: 68.47%
Pre-train Epoch: 35 [32000/40200 (79%)]	Loss: 1.028401	Acc: 68.39%
Pre-train Epoch: 35 [38400/40200 (95%)]	Loss: 0.848196	Acc: 68.46%
Pre-train Epoch: 36 [0/40200 (0%)]	Loss: 0.902118	Acc: 64.06%
Pre-train Epoch: 36 [6400/40200 (16%)]	Loss: 1.077991	Acc: 69.20%
Pre-train Epoch: 36 [12800/40200 (32%)]	Loss: 0.736818	Acc: 68.93%
Pre-train Epoch: 36 [19200/40200 (48%)]	Loss: 0.975658	Acc: 69.10%
Pre-train Epoch: 36 [25600/40200 (64%)]	Loss: 0.914661	Acc: 68.91%
Pre-train Epoch: 36 [32000/40200 (79%)]	Loss: 1.135479	Acc: 68.86%
Pre-train Epoch: 36 [38400/40200 (95%)]	Loss: 0.833018	Acc: 68.73%
Pre-train Epoch: 37 [0/40200 (0%)]	Loss: 0.982784	Acc: 65.62%
Pre-train Epoch: 37 [6400/40200 (16%)]	Loss: 0.955538	Acc: 68.04%
Pre-train Epoch: 37 [12800/40200 (32%)]	Loss: 0.842638	Acc: 68.16%
Pre-train Epoch: 37 [19200/40200 (48%)]	Loss: 0.854096	Acc: 68.32%
Pre-train Epoch: 37 [25600/40200 (64%)]	Loss: 0.960368	Acc: 68.48%
Pre-train Epoch: 37 [32000/40200 (79%)]	Loss: 0.933665	Acc: 68.53%
Pre-train Epoch: 37 [38400/40200 (95%)]	Loss: 0.957806	Acc: 68.53%
Pre-train Epoch: 38 [0/40200 (0%)]	Loss: 0.861090	Acc: 75.00%
Pre-train Epoch: 38 [6400/40200 (16%)]	Loss: 0.790731	Acc: 68.72%
Pre-train Epoch: 38 [12800/40200 (32%)]	Loss: 0.993495	Acc: 69.01%
Pre-train Epoch: 38 [19200/40200 (48%)]	Loss: 1.108985	Acc: 69.14%
Pre-train Epoch: 38 [25600/40200 (64%)]	Loss: 0.879228	Acc: 69.22%
Pre-train Epoch: 38 [32000/40200 (79%)]	Loss: 0.923108	Acc: 69.15%
Pre-train Epoch: 38 [38400/40200 (95%)]	Loss: 1.035584	Acc: 69.10%
Pre-train Epoch: 39 [0/40200 (0%)]	Loss: 0.914537	Acc: 67.19%
Pre-train Epoch: 39 [6400/40200 (16%)]	Loss: 0.861975	Acc: 70.11%
Pre-train Epoch: 39 [12800/40200 (32%)]	Loss: 0.747115	Acc: 69.64%
Pre-train Epoch: 39 [19200/40200 (48%)]	Loss: 0.810782	Acc: 69.62%
Pre-train Epoch: 39 [25600/40200 (64%)]	Loss: 1.093602	Acc: 69.81%
Pre-train Epoch: 39 [32000/40200 (79%)]	Loss: 1.040001	Acc: 69.77%
Pre-train Epoch: 39 [38400/40200 (95%)]	Loss: 1.134492	Acc: 69.61%
Pre-train Epoch: 40 [0/40200 (0%)]	Loss: 0.815370	Acc: 75.00%
Pre-train Epoch: 40 [6400/40200 (16%)]	Loss: 0.782208	Acc: 68.81%
Pre-train Epoch: 40 [12800/40200 (32%)]	Loss: 0.831484	Acc: 69.32%
Pre-train Epoch: 40 [19200/40200 (48%)]	Loss: 1.070956	Acc: 69.31%
Pre-train Epoch: 40 [25600/40200 (64%)]	Loss: 1.035022	Acc: 69.31%
Pre-train Epoch: 40 [32000/40200 (79%)]	Loss: 0.913573	Acc: 69.36%
Pre-train Epoch: 40 [38400/40200 (95%)]	Loss: 0.863406	Acc: 69.43%
Pre-train Epoch: 41 [0/40200 (0%)]	Loss: 0.694733	Acc: 84.38%
Pre-train Epoch: 41 [6400/40200 (16%)]	Loss: 1.054162	Acc: 70.02%
Pre-train Epoch: 41 [12800/40200 (32%)]	Loss: 0.836214	Acc: 69.95%
Pre-train Epoch: 41 [19200/40200 (48%)]	Loss: 0.792613	Acc: 69.68%
Pre-train Epoch: 41 [25600/40200 (64%)]	Loss: 1.202321	Acc: 69.88%
Pre-train Epoch: 41 [32000/40200 (79%)]	Loss: 1.180687	Acc: 69.91%
Pre-train Epoch: 41 [38400/40200 (95%)]	Loss: 0.926287	Acc: 69.71%
Pre-train Epoch: 42 [0/40200 (0%)]	Loss: 0.842512	Acc: 67.19%
Pre-train Epoch: 42 [6400/40200 (16%)]	Loss: 1.162216	Acc: 68.90%
Pre-train Epoch: 42 [12800/40200 (32%)]	Loss: 1.099041	Acc: 69.27%
Pre-train Epoch: 42 [19200/40200 (48%)]	Loss: 1.012928	Acc: 69.76%
Pre-train Epoch: 42 [25600/40200 (64%)]	Loss: 1.159172	Acc: 69.86%
Pre-train Epoch: 42 [32000/40200 (79%)]	Loss: 1.230540	Acc: 69.83%
Pre-train Epoch: 42 [38400/40200 (95%)]	Loss: 1.002276	Acc: 69.83%
Pre-train Epoch: 43 [0/40200 (0%)]	Loss: 0.728559	Acc: 75.00%
Pre-train Epoch: 43 [6400/40200 (16%)]	Loss: 0.902602	Acc: 70.25%
Pre-train Epoch: 43 [12800/40200 (32%)]	Loss: 0.839286	Acc: 70.03%
Pre-train Epoch: 43 [19200/40200 (48%)]	Loss: 0.913985	Acc: 70.01%
Pre-train Epoch: 43 [25600/40200 (64%)]	Loss: 0.931474	Acc: 69.77%
Pre-train Epoch: 43 [32000/40200 (79%)]	Loss: 1.063848	Acc: 69.71%
Pre-train Epoch: 43 [38400/40200 (95%)]	Loss: 0.708513	Acc: 69.55%
Pre-train Epoch: 44 [0/40200 (0%)]	Loss: 1.232781	Acc: 57.81%
Pre-train Epoch: 44 [6400/40200 (16%)]	Loss: 0.813102	Acc: 69.99%
Pre-train Epoch: 44 [12800/40200 (32%)]	Loss: 0.811763	Acc: 69.95%
Pre-train Epoch: 44 [19200/40200 (48%)]	Loss: 0.846368	Acc: 70.09%
Pre-train Epoch: 44 [25600/40200 (64%)]	Loss: 0.795087	Acc: 69.91%
Pre-train Epoch: 44 [32000/40200 (79%)]	Loss: 1.114308	Acc: 70.14%
Pre-train Epoch: 44 [38400/40200 (95%)]	Loss: 0.958139	Acc: 69.96%
Pre-train Epoch: 45 [0/40200 (0%)]	Loss: 0.913295	Acc: 65.62%
Pre-train Epoch: 45 [6400/40200 (16%)]	Loss: 1.209946	Acc: 70.45%
Pre-train Epoch: 45 [12800/40200 (32%)]	Loss: 0.698768	Acc: 70.86%
Pre-train Epoch: 45 [19200/40200 (48%)]	Loss: 0.903972	Acc: 70.66%
Pre-train Epoch: 45 [25600/40200 (64%)]	Loss: 0.837774	Acc: 70.54%
Pre-train Epoch: 45 [32000/40200 (79%)]	Loss: 0.865429	Acc: 70.16%
Pre-train Epoch: 45 [38400/40200 (95%)]	Loss: 1.231637	Acc: 70.20%
Pre-train Epoch: 46 [0/40200 (0%)]	Loss: 1.204738	Acc: 62.50%
Pre-train Epoch: 46 [6400/40200 (16%)]	Loss: 1.097623	Acc: 70.61%
Pre-train Epoch: 46 [12800/40200 (32%)]	Loss: 0.934787	Acc: 70.61%
Pre-train Epoch: 46 [19200/40200 (48%)]	Loss: 0.937001	Acc: 70.35%
Pre-train Epoch: 46 [25600/40200 (64%)]	Loss: 0.957809	Acc: 70.40%
Pre-train Epoch: 46 [32000/40200 (79%)]	Loss: 0.929273	Acc: 70.38%
Pre-train Epoch: 46 [38400/40200 (95%)]	Loss: 1.101027	Acc: 70.30%
Pre-train Epoch: 47 [0/40200 (0%)]	Loss: 0.862222	Acc: 68.75%
Pre-train Epoch: 47 [6400/40200 (16%)]	Loss: 0.936886	Acc: 70.88%
Pre-train Epoch: 47 [12800/40200 (32%)]	Loss: 0.874332	Acc: 70.68%
Pre-train Epoch: 47 [19200/40200 (48%)]	Loss: 0.903228	Acc: 70.50%
Pre-train Epoch: 47 [25600/40200 (64%)]	Loss: 0.804523	Acc: 70.48%
Pre-train Epoch: 47 [32000/40200 (79%)]	Loss: 0.998910	Acc: 70.53%
Pre-train Epoch: 47 [38400/40200 (95%)]	Loss: 0.973888	Acc: 70.71%
Pre-train Epoch: 48 [0/40200 (0%)]	Loss: 0.847844	Acc: 71.88%
Pre-train Epoch: 48 [6400/40200 (16%)]	Loss: 0.732960	Acc: 70.98%
Pre-train Epoch: 48 [12800/40200 (32%)]	Loss: 1.016821	Acc: 70.47%
Pre-train Epoch: 48 [19200/40200 (48%)]	Loss: 0.800019	Acc: 70.54%
Pre-train Epoch: 48 [25600/40200 (64%)]	Loss: 0.804788	Acc: 70.58%
Pre-train Epoch: 48 [32000/40200 (79%)]	Loss: 0.847082	Acc: 70.67%
Pre-train Epoch: 48 [38400/40200 (95%)]	Loss: 1.031128	Acc: 70.59%
Pre-train Epoch: 49 [0/40200 (0%)]	Loss: 0.830968	Acc: 71.88%
Pre-train Epoch: 49 [6400/40200 (16%)]	Loss: 0.847787	Acc: 71.36%
Pre-train Epoch: 49 [12800/40200 (32%)]	Loss: 0.895371	Acc: 71.63%
Pre-train Epoch: 49 [19200/40200 (48%)]	Loss: 0.965329	Acc: 71.48%
Pre-train Epoch: 49 [25600/40200 (64%)]	Loss: 0.900764	Acc: 70.99%
Pre-train Epoch: 49 [32000/40200 (79%)]	Loss: 0.983648	Acc: 71.10%
Pre-train Epoch: 49 [38400/40200 (95%)]	Loss: 0.819143	Acc: 70.99%
Pre-train Epoch: 50 [0/40200 (0%)]	Loss: 0.750535	Acc: 79.69%
Pre-train Epoch: 50 [6400/40200 (16%)]	Loss: 0.882782	Acc: 71.47%
Pre-train Epoch: 50 [12800/40200 (32%)]	Loss: 0.849003	Acc: 71.49%
Pre-train Epoch: 50 [19200/40200 (48%)]	Loss: 0.920800	Acc: 71.37%
Pre-train Epoch: 50 [25600/40200 (64%)]	Loss: 0.896200	Acc: 71.12%
Pre-train Epoch: 50 [32000/40200 (79%)]	Loss: 0.865501	Acc: 71.12%
Pre-train Epoch: 50 [38400/40200 (95%)]	Loss: 1.196190	Acc: 70.98%
Pre-train Epoch: 51 [0/40200 (0%)]	Loss: 1.065813	Acc: 64.06%
Pre-train Epoch: 51 [6400/40200 (16%)]	Loss: 0.988579	Acc: 70.88%
Pre-train Epoch: 51 [12800/40200 (32%)]	Loss: 0.931980	Acc: 71.39%
Pre-train Epoch: 51 [19200/40200 (48%)]	Loss: 1.045911	Acc: 71.42%
Pre-train Epoch: 51 [25600/40200 (64%)]	Loss: 1.055489	Acc: 71.50%
Pre-train Epoch: 51 [32000/40200 (79%)]	Loss: 0.744026	Acc: 71.41%
Pre-train Epoch: 51 [38400/40200 (95%)]	Loss: 0.954835	Acc: 71.37%
Pre-train Epoch: 52 [0/40200 (0%)]	Loss: 0.776850	Acc: 76.56%
Pre-train Epoch: 52 [6400/40200 (16%)]	Loss: 0.703955	Acc: 70.70%
Pre-train Epoch: 52 [12800/40200 (32%)]	Loss: 0.968970	Acc: 71.08%
Pre-train Epoch: 52 [19200/40200 (48%)]	Loss: 0.738070	Acc: 71.19%
Pre-train Epoch: 52 [25600/40200 (64%)]	Loss: 0.885476	Acc: 71.29%
Pre-train Epoch: 52 [32000/40200 (79%)]	Loss: 0.752498	Acc: 71.48%
Pre-train Epoch: 52 [38400/40200 (95%)]	Loss: 0.904312	Acc: 71.54%
Pre-train Epoch: 53 [0/40200 (0%)]	Loss: 0.724631	Acc: 75.00%
Pre-train Epoch: 53 [6400/40200 (16%)]	Loss: 0.967849	Acc: 71.95%
Pre-train Epoch: 53 [12800/40200 (32%)]	Loss: 0.872276	Acc: 72.01%
Pre-train Epoch: 53 [19200/40200 (48%)]	Loss: 0.793423	Acc: 71.76%
Pre-train Epoch: 53 [25600/40200 (64%)]	Loss: 0.918045	Acc: 71.57%
Pre-train Epoch: 53 [32000/40200 (79%)]	Loss: 0.788404	Acc: 71.41%
Pre-train Epoch: 53 [38400/40200 (95%)]	Loss: 1.137810	Acc: 71.41%
Pre-train Epoch: 54 [0/40200 (0%)]	Loss: 0.711853	Acc: 76.56%
Pre-train Epoch: 54 [6400/40200 (16%)]	Loss: 0.891972	Acc: 71.88%
Pre-train Epoch: 54 [12800/40200 (32%)]	Loss: 0.767288	Acc: 71.80%
Pre-train Epoch: 54 [19200/40200 (48%)]	Loss: 0.842159	Acc: 72.14%
Pre-train Epoch: 54 [25600/40200 (64%)]	Loss: 0.863970	Acc: 72.21%
Pre-train Epoch: 54 [32000/40200 (79%)]	Loss: 0.935592	Acc: 71.90%
Pre-train Epoch: 54 [38400/40200 (95%)]	Loss: 0.749382	Acc: 71.81%
Pre-train Epoch: 55 [0/40200 (0%)]	Loss: 0.834834	Acc: 78.12%
Pre-train Epoch: 55 [6400/40200 (16%)]	Loss: 0.903014	Acc: 72.71%
Pre-train Epoch: 55 [12800/40200 (32%)]	Loss: 0.876963	Acc: 72.26%
Pre-train Epoch: 55 [19200/40200 (48%)]	Loss: 1.062712	Acc: 72.14%
Pre-train Epoch: 55 [25600/40200 (64%)]	Loss: 1.048829	Acc: 72.01%
Pre-train Epoch: 55 [32000/40200 (79%)]	Loss: 0.986012	Acc: 71.86%
Pre-train Epoch: 55 [38400/40200 (95%)]	Loss: 1.021167	Acc: 71.79%
Pre-train Epoch: 56 [0/40200 (0%)]	Loss: 0.875158	Acc: 75.00%
Pre-train Epoch: 56 [6400/40200 (16%)]	Loss: 0.884233	Acc: 72.40%
Pre-train Epoch: 56 [12800/40200 (32%)]	Loss: 0.971213	Acc: 72.44%
Pre-train Epoch: 56 [19200/40200 (48%)]	Loss: 1.051868	Acc: 72.45%
Pre-train Epoch: 56 [25600/40200 (64%)]	Loss: 0.992829	Acc: 72.32%
Pre-train Epoch: 56 [32000/40200 (79%)]	Loss: 0.962392	Acc: 72.20%
Pre-train Epoch: 56 [38400/40200 (95%)]	Loss: 0.905805	Acc: 72.14%
Pre-train Epoch: 57 [0/40200 (0%)]	Loss: 0.921677	Acc: 76.56%
Pre-train Epoch: 57 [6400/40200 (16%)]	Loss: 0.928727	Acc: 72.20%
Pre-train Epoch: 57 [12800/40200 (32%)]	Loss: 0.921998	Acc: 72.32%
Pre-train Epoch: 57 [19200/40200 (48%)]	Loss: 0.905982	Acc: 72.34%
Pre-train Epoch: 57 [25600/40200 (64%)]	Loss: 0.818537	Acc: 72.18%
Pre-train Epoch: 57 [32000/40200 (79%)]	Loss: 0.804077	Acc: 72.14%
Pre-train Epoch: 57 [38400/40200 (95%)]	Loss: 0.967490	Acc: 72.17%
Pre-train Epoch: 58 [0/40200 (0%)]	Loss: 0.767067	Acc: 71.88%
Pre-train Epoch: 58 [6400/40200 (16%)]	Loss: 0.882354	Acc: 73.11%
Pre-train Epoch: 58 [12800/40200 (32%)]	Loss: 0.861795	Acc: 72.79%
Pre-train Epoch: 58 [19200/40200 (48%)]	Loss: 0.825808	Acc: 72.79%
Pre-train Epoch: 58 [25600/40200 (64%)]	Loss: 0.785437	Acc: 72.58%
Pre-train Epoch: 58 [32000/40200 (79%)]	Loss: 0.873067	Acc: 72.52%
Pre-train Epoch: 58 [38400/40200 (95%)]	Loss: 0.780629	Acc: 72.51%
Pre-train Epoch: 59 [0/40200 (0%)]	Loss: 0.795509	Acc: 78.12%
Pre-train Epoch: 59 [6400/40200 (16%)]	Loss: 0.697930	Acc: 72.17%
Pre-train Epoch: 59 [12800/40200 (32%)]	Loss: 0.847269	Acc: 72.27%
Pre-train Epoch: 59 [19200/40200 (48%)]	Loss: 0.918793	Acc: 72.59%
Pre-train Epoch: 59 [25600/40200 (64%)]	Loss: 0.805027	Acc: 72.36%
Pre-train Epoch: 59 [32000/40200 (79%)]	Loss: 0.727256	Acc: 72.30%
Pre-train Epoch: 59 [38400/40200 (95%)]	Loss: 0.938643	Acc: 72.50%
Pre-train Epoch: 60 [0/40200 (0%)]	Loss: 0.800470	Acc: 78.12%
Pre-train Epoch: 60 [6400/40200 (16%)]	Loss: 0.848378	Acc: 72.93%
Pre-train Epoch: 60 [12800/40200 (32%)]	Loss: 1.016233	Acc: 72.63%
Pre-train Epoch: 60 [19200/40200 (48%)]	Loss: 0.771698	Acc: 72.82%
Pre-train Epoch: 60 [25600/40200 (64%)]	Loss: 0.653276	Acc: 72.70%
Pre-train Epoch: 60 [32000/40200 (79%)]	Loss: 0.680043	Acc: 72.43%
Pre-train Epoch: 60 [38400/40200 (95%)]	Loss: 0.948213	Acc: 72.39%
Pre-train Epoch: 61 [0/40200 (0%)]	Loss: 1.144450	Acc: 54.69%
Pre-train Epoch: 61 [6400/40200 (16%)]	Loss: 0.861887	Acc: 73.04%
Pre-train Epoch: 61 [12800/40200 (32%)]	Loss: 0.815745	Acc: 72.66%
Pre-train Epoch: 61 [19200/40200 (48%)]	Loss: 0.801583	Acc: 72.64%
Pre-train Epoch: 61 [25600/40200 (64%)]	Loss: 0.894388	Acc: 72.80%
Pre-train Epoch: 61 [32000/40200 (79%)]	Loss: 0.994285	Acc: 72.85%
Pre-train Epoch: 61 [38400/40200 (95%)]	Loss: 0.544919	Acc: 72.80%
Pre-train Epoch: 62 [0/40200 (0%)]	Loss: 0.681500	Acc: 79.69%
Pre-train Epoch: 62 [6400/40200 (16%)]	Loss: 0.839799	Acc: 72.91%
Pre-train Epoch: 62 [12800/40200 (32%)]	Loss: 0.905118	Acc: 73.27%
Pre-train Epoch: 62 [19200/40200 (48%)]	Loss: 0.852522	Acc: 73.45%
Pre-train Epoch: 62 [25600/40200 (64%)]	Loss: 0.873753	Acc: 73.26%
Pre-train Epoch: 62 [32000/40200 (79%)]	Loss: 1.002145	Acc: 73.29%
Pre-train Epoch: 62 [38400/40200 (95%)]	Loss: 0.673007	Acc: 73.14%
Pre-train Epoch: 63 [0/40200 (0%)]	Loss: 0.738688	Acc: 79.69%
Pre-train Epoch: 63 [6400/40200 (16%)]	Loss: 0.883553	Acc: 73.31%
Pre-train Epoch: 63 [12800/40200 (32%)]	Loss: 0.740121	Acc: 73.11%
Pre-train Epoch: 63 [19200/40200 (48%)]	Loss: 0.804995	Acc: 73.16%
Pre-train Epoch: 63 [25600/40200 (64%)]	Loss: 0.753991	Acc: 73.35%
Pre-train Epoch: 63 [32000/40200 (79%)]	Loss: 0.906402	Acc: 73.38%
Pre-train Epoch: 63 [38400/40200 (95%)]	Loss: 0.784712	Acc: 73.35%
Pre-train Epoch: 64 [0/40200 (0%)]	Loss: 0.797293	Acc: 78.12%
Pre-train Epoch: 64 [6400/40200 (16%)]	Loss: 0.747903	Acc: 73.34%
Pre-train Epoch: 64 [12800/40200 (32%)]	Loss: 0.899891	Acc: 73.68%
Pre-train Epoch: 64 [19200/40200 (48%)]	Loss: 0.760362	Acc: 73.77%
Pre-train Epoch: 64 [25600/40200 (64%)]	Loss: 0.680701	Acc: 73.59%
Pre-train Epoch: 64 [32000/40200 (79%)]	Loss: 0.883834	Acc: 73.55%
Pre-train Epoch: 64 [38400/40200 (95%)]	Loss: 0.903990	Acc: 73.49%
Pre-train Epoch: 65 [0/40200 (0%)]	Loss: 0.701824	Acc: 78.12%
Pre-train Epoch: 65 [6400/40200 (16%)]	Loss: 1.139683	Acc: 73.86%
Pre-train Epoch: 65 [12800/40200 (32%)]	Loss: 1.082673	Acc: 73.25%
Pre-train Epoch: 65 [19200/40200 (48%)]	Loss: 1.119838	Acc: 73.71%
Pre-train Epoch: 65 [25600/40200 (64%)]	Loss: 0.836905	Acc: 73.97%
Pre-train Epoch: 65 [32000/40200 (79%)]	Loss: 0.657947	Acc: 73.89%
Pre-train Epoch: 65 [38400/40200 (95%)]	Loss: 0.933530	Acc: 73.69%
Pre-train Epoch: 66 [0/40200 (0%)]	Loss: 0.727375	Acc: 81.25%
Pre-train Epoch: 66 [6400/40200 (16%)]	Loss: 0.901780	Acc: 74.16%
Pre-train Epoch: 66 [12800/40200 (32%)]	Loss: 0.836793	Acc: 74.11%
Pre-train Epoch: 66 [19200/40200 (48%)]	Loss: 0.885911	Acc: 73.65%
Pre-train Epoch: 66 [25600/40200 (64%)]	Loss: 0.807339	Acc: 73.46%
Pre-train Epoch: 66 [32000/40200 (79%)]	Loss: 1.067293	Acc: 73.55%
Pre-train Epoch: 66 [38400/40200 (95%)]	Loss: 0.962092	Acc: 73.64%
Pre-train Epoch: 67 [0/40200 (0%)]	Loss: 0.651987	Acc: 79.69%
Pre-train Epoch: 67 [6400/40200 (16%)]	Loss: 0.634887	Acc: 73.92%
Pre-train Epoch: 67 [12800/40200 (32%)]	Loss: 0.922850	Acc: 74.19%
Pre-train Epoch: 67 [19200/40200 (48%)]	Loss: 0.801443	Acc: 74.17%
Pre-train Epoch: 67 [25600/40200 (64%)]	Loss: 0.944485	Acc: 74.08%
Pre-train Epoch: 67 [32000/40200 (79%)]	Loss: 0.683514	Acc: 73.94%
Pre-train Epoch: 67 [38400/40200 (95%)]	Loss: 0.980835	Acc: 73.90%
Pre-train Epoch: 68 [0/40200 (0%)]	Loss: 0.939519	Acc: 67.19%
Pre-train Epoch: 68 [6400/40200 (16%)]	Loss: 0.878643	Acc: 75.03%
Pre-train Epoch: 68 [12800/40200 (32%)]	Loss: 0.806107	Acc: 74.81%
Pre-train Epoch: 68 [19200/40200 (48%)]	Loss: 0.755659	Acc: 74.44%
Pre-train Epoch: 68 [25600/40200 (64%)]	Loss: 0.875701	Acc: 74.50%
Pre-train Epoch: 68 [32000/40200 (79%)]	Loss: 0.971643	Acc: 74.49%
Pre-train Epoch: 68 [38400/40200 (95%)]	Loss: 0.767456	Acc: 74.36%
Pre-train Epoch: 69 [0/40200 (0%)]	Loss: 0.784149	Acc: 75.00%
Pre-train Epoch: 69 [6400/40200 (16%)]	Loss: 0.632218	Acc: 75.46%
Pre-train Epoch: 69 [12800/40200 (32%)]	Loss: 0.716424	Acc: 74.61%
Pre-train Epoch: 69 [19200/40200 (48%)]	Loss: 0.635340	Acc: 74.72%
Pre-train Epoch: 69 [25600/40200 (64%)]	Loss: 0.541736	Acc: 74.67%
Pre-train Epoch: 69 [32000/40200 (79%)]	Loss: 1.004952	Acc: 74.61%
Pre-train Epoch: 69 [38400/40200 (95%)]	Loss: 0.813064	Acc: 74.50%
Pre-train Epoch: 70 [0/40200 (0%)]	Loss: 0.707483	Acc: 81.25%
Pre-train Epoch: 70 [6400/40200 (16%)]	Loss: 1.082128	Acc: 75.62%
Pre-train Epoch: 70 [12800/40200 (32%)]	Loss: 0.865368	Acc: 74.70%
Pre-train Epoch: 70 [19200/40200 (48%)]	Loss: 0.790206	Acc: 74.82%
Pre-train Epoch: 70 [25600/40200 (64%)]	Loss: 0.827522	Acc: 74.68%
Pre-train Epoch: 70 [32000/40200 (79%)]	Loss: 0.687784	Acc: 74.58%
Pre-train Epoch: 70 [38400/40200 (95%)]	Loss: 0.755862	Acc: 74.44%
Pre-train Epoch: 71 [0/40200 (0%)]	Loss: 0.928285	Acc: 68.75%
Pre-train Epoch: 71 [6400/40200 (16%)]	Loss: 0.722542	Acc: 74.37%
Pre-train Epoch: 71 [12800/40200 (32%)]	Loss: 0.733798	Acc: 74.39%
Pre-train Epoch: 71 [19200/40200 (48%)]	Loss: 0.772407	Acc: 74.29%
Pre-train Epoch: 71 [25600/40200 (64%)]	Loss: 0.953730	Acc: 74.31%
Pre-train Epoch: 71 [32000/40200 (79%)]	Loss: 0.757960	Acc: 74.31%
Pre-train Epoch: 71 [38400/40200 (95%)]	Loss: 0.883224	Acc: 74.36%
Pre-train Epoch: 72 [0/40200 (0%)]	Loss: 0.696416	Acc: 81.25%
Pre-train Epoch: 72 [6400/40200 (16%)]	Loss: 0.762914	Acc: 75.31%
Pre-train Epoch: 72 [12800/40200 (32%)]	Loss: 0.642478	Acc: 75.32%
Pre-train Epoch: 72 [19200/40200 (48%)]	Loss: 0.759302	Acc: 75.33%
Pre-train Epoch: 72 [25600/40200 (64%)]	Loss: 0.898469	Acc: 75.09%
Pre-train Epoch: 72 [32000/40200 (79%)]	Loss: 0.985982	Acc: 74.82%
Pre-train Epoch: 72 [38400/40200 (95%)]	Loss: 0.787817	Acc: 74.69%
Pre-train Epoch: 73 [0/40200 (0%)]	Loss: 0.778141	Acc: 70.31%
Pre-train Epoch: 73 [6400/40200 (16%)]	Loss: 0.554211	Acc: 74.61%
Pre-train Epoch: 73 [12800/40200 (32%)]	Loss: 0.877207	Acc: 74.62%
Pre-train Epoch: 73 [19200/40200 (48%)]	Loss: 0.810788	Acc: 74.97%
Pre-train Epoch: 73 [25600/40200 (64%)]	Loss: 0.732894	Acc: 75.09%
Pre-train Epoch: 73 [32000/40200 (79%)]	Loss: 0.963274	Acc: 75.06%
Pre-train Epoch: 73 [38400/40200 (95%)]	Loss: 0.836745	Acc: 75.08%
Pre-train Epoch: 74 [0/40200 (0%)]	Loss: 0.848802	Acc: 70.31%
Pre-train Epoch: 74 [6400/40200 (16%)]	Loss: 0.825498	Acc: 74.72%
Pre-train Epoch: 74 [12800/40200 (32%)]	Loss: 0.800592	Acc: 74.89%
Pre-train Epoch: 74 [19200/40200 (48%)]	Loss: 0.571232	Acc: 74.98%
Pre-train Epoch: 74 [25600/40200 (64%)]	Loss: 0.827399	Acc: 75.10%
Pre-train Epoch: 74 [32000/40200 (79%)]	Loss: 0.663668	Acc: 75.19%
Pre-train Epoch: 74 [38400/40200 (95%)]	Loss: 0.948541	Acc: 75.06%
Pre-train Epoch: 75 [0/40200 (0%)]	Loss: 0.695977	Acc: 78.12%
Pre-train Epoch: 75 [6400/40200 (16%)]	Loss: 0.684082	Acc: 76.04%
Pre-train Epoch: 75 [12800/40200 (32%)]	Loss: 0.721349	Acc: 76.05%
Pre-train Epoch: 75 [19200/40200 (48%)]	Loss: 0.804978	Acc: 75.69%
Pre-train Epoch: 75 [25600/40200 (64%)]	Loss: 0.868744	Acc: 75.67%
Pre-train Epoch: 75 [32000/40200 (79%)]	Loss: 0.864870	Acc: 75.51%
Pre-train Epoch: 75 [38400/40200 (95%)]	Loss: 0.692680	Acc: 75.43%
Pre-train Epoch: 76 [0/40200 (0%)]	Loss: 0.891630	Acc: 73.44%
Pre-train Epoch: 76 [6400/40200 (16%)]	Loss: 0.676169	Acc: 75.71%
Pre-train Epoch: 76 [12800/40200 (32%)]	Loss: 0.779201	Acc: 75.77%
Pre-train Epoch: 76 [19200/40200 (48%)]	Loss: 0.825448	Acc: 75.82%
Pre-train Epoch: 76 [25600/40200 (64%)]	Loss: 0.938851	Acc: 75.79%
Pre-train Epoch: 76 [32000/40200 (79%)]	Loss: 0.657643	Acc: 75.72%
Pre-train Epoch: 76 [38400/40200 (95%)]	Loss: 0.778274	Acc: 75.62%
Pre-train Epoch: 77 [0/40200 (0%)]	Loss: 0.773148	Acc: 78.12%
Pre-train Epoch: 77 [6400/40200 (16%)]	Loss: 0.689336	Acc: 76.79%
Pre-train Epoch: 77 [12800/40200 (32%)]	Loss: 0.755613	Acc: 76.72%
Pre-train Epoch: 77 [19200/40200 (48%)]	Loss: 0.688364	Acc: 76.42%
Pre-train Epoch: 77 [25600/40200 (64%)]	Loss: 0.869364	Acc: 75.88%
Pre-train Epoch: 77 [32000/40200 (79%)]	Loss: 1.043562	Acc: 75.67%
Pre-train Epoch: 77 [38400/40200 (95%)]	Loss: 0.849661	Acc: 75.70%
Pre-train Epoch: 78 [0/40200 (0%)]	Loss: 0.622879	Acc: 78.12%
Pre-train Epoch: 78 [6400/40200 (16%)]	Loss: 0.772312	Acc: 76.35%
Pre-train Epoch: 78 [12800/40200 (32%)]	Loss: 0.885870	Acc: 76.43%
Pre-train Epoch: 78 [19200/40200 (48%)]	Loss: 0.781808	Acc: 76.18%
Pre-train Epoch: 78 [25600/40200 (64%)]	Loss: 0.664283	Acc: 75.92%
Pre-train Epoch: 78 [32000/40200 (79%)]	Loss: 0.742019	Acc: 75.90%
Pre-train Epoch: 78 [38400/40200 (95%)]	Loss: 0.855074	Acc: 75.79%
Pre-train Epoch: 79 [0/40200 (0%)]	Loss: 0.945138	Acc: 67.19%
Pre-train Epoch: 79 [6400/40200 (16%)]	Loss: 0.790041	Acc: 76.02%
Pre-train Epoch: 79 [12800/40200 (32%)]	Loss: 0.540696	Acc: 76.12%
Pre-train Epoch: 79 [19200/40200 (48%)]	Loss: 0.885859	Acc: 75.75%
Pre-train Epoch: 79 [25600/40200 (64%)]	Loss: 0.848908	Acc: 75.85%
Pre-train Epoch: 79 [32000/40200 (79%)]	Loss: 0.647587	Acc: 75.94%
Pre-train Epoch: 79 [38400/40200 (95%)]	Loss: 0.675390	Acc: 76.16%
Pre-train Epoch: 80 [0/40200 (0%)]	Loss: 0.734211	Acc: 85.94%
Pre-train Epoch: 80 [6400/40200 (16%)]	Loss: 0.792294	Acc: 76.55%
Pre-train Epoch: 80 [12800/40200 (32%)]	Loss: 0.640190	Acc: 76.47%
Pre-train Epoch: 80 [19200/40200 (48%)]	Loss: 0.742701	Acc: 76.29%
Pre-train Epoch: 80 [25600/40200 (64%)]	Loss: 0.657888	Acc: 76.43%
Pre-train Epoch: 80 [32000/40200 (79%)]	Loss: 0.973515	Acc: 76.56%
Pre-train Epoch: 80 [38400/40200 (95%)]	Loss: 0.756060	Acc: 76.46%
Pre-train Epoch: 81 [0/40200 (0%)]	Loss: 1.024284	Acc: 60.94%
Pre-train Epoch: 81 [6400/40200 (16%)]	Loss: 0.706968	Acc: 76.62%
Pre-train Epoch: 81 [12800/40200 (32%)]	Loss: 0.715172	Acc: 76.82%
Pre-train Epoch: 81 [19200/40200 (48%)]	Loss: 0.698976	Acc: 76.48%
Pre-train Epoch: 81 [25600/40200 (64%)]	Loss: 0.925271	Acc: 76.60%
Pre-train Epoch: 81 [32000/40200 (79%)]	Loss: 0.594709	Acc: 76.57%
Pre-train Epoch: 81 [38400/40200 (95%)]	Loss: 0.733751	Acc: 76.54%
Pre-train Epoch: 82 [0/40200 (0%)]	Loss: 0.872870	Acc: 76.56%
Pre-train Epoch: 82 [6400/40200 (16%)]	Loss: 0.620701	Acc: 77.68%
Pre-train Epoch: 82 [12800/40200 (32%)]	Loss: 0.723657	Acc: 77.39%
Pre-train Epoch: 82 [19200/40200 (48%)]	Loss: 0.845858	Acc: 77.01%
Pre-train Epoch: 82 [25600/40200 (64%)]	Loss: 0.731000	Acc: 76.62%
Pre-train Epoch: 82 [32000/40200 (79%)]	Loss: 0.763191	Acc: 76.53%
Pre-train Epoch: 82 [38400/40200 (95%)]	Loss: 0.673472	Acc: 76.53%
Pre-train Epoch: 83 [0/40200 (0%)]	Loss: 0.682542	Acc: 76.56%
Pre-train Epoch: 83 [6400/40200 (16%)]	Loss: 0.779901	Acc: 77.20%
Pre-train Epoch: 83 [12800/40200 (32%)]	Loss: 0.727803	Acc: 77.44%
Pre-train Epoch: 83 [19200/40200 (48%)]	Loss: 0.668839	Acc: 77.25%
Pre-train Epoch: 83 [25600/40200 (64%)]	Loss: 0.639219	Acc: 76.91%
Pre-train Epoch: 83 [32000/40200 (79%)]	Loss: 0.912813	Acc: 76.91%
Pre-train Epoch: 83 [38400/40200 (95%)]	Loss: 0.923676	Acc: 76.75%
Pre-train Epoch: 84 [0/40200 (0%)]	Loss: 0.613662	Acc: 84.38%
Pre-train Epoch: 84 [6400/40200 (16%)]	Loss: 0.840574	Acc: 77.37%
Pre-train Epoch: 84 [12800/40200 (32%)]	Loss: 0.761940	Acc: 77.17%
Pre-train Epoch: 84 [19200/40200 (48%)]	Loss: 0.540071	Acc: 77.08%
Pre-train Epoch: 84 [25600/40200 (64%)]	Loss: 0.709665	Acc: 77.17%
Pre-train Epoch: 84 [32000/40200 (79%)]	Loss: 0.735680	Acc: 77.32%
Pre-train Epoch: 84 [38400/40200 (95%)]	Loss: 0.821707	Acc: 77.25%
Pre-train Epoch: 85 [0/40200 (0%)]	Loss: 0.733199	Acc: 71.88%
Pre-train Epoch: 85 [6400/40200 (16%)]	Loss: 0.739435	Acc: 77.82%
Pre-train Epoch: 85 [12800/40200 (32%)]	Loss: 0.716242	Acc: 77.71%
Pre-train Epoch: 85 [19200/40200 (48%)]	Loss: 0.857929	Acc: 77.49%
Pre-train Epoch: 85 [25600/40200 (64%)]	Loss: 0.848252	Acc: 77.23%
Pre-train Epoch: 85 [32000/40200 (79%)]	Loss: 0.676826	Acc: 77.12%
Pre-train Epoch: 85 [38400/40200 (95%)]	Loss: 0.886012	Acc: 77.12%
Pre-train Epoch: 86 [0/40200 (0%)]	Loss: 0.740004	Acc: 76.56%
Pre-train Epoch: 86 [6400/40200 (16%)]	Loss: 0.759349	Acc: 77.95%
Pre-train Epoch: 86 [12800/40200 (32%)]	Loss: 0.841191	Acc: 77.50%
Pre-train Epoch: 86 [19200/40200 (48%)]	Loss: 0.854014	Acc: 77.34%
Pre-train Epoch: 86 [25600/40200 (64%)]	Loss: 0.592235	Acc: 77.31%
Pre-train Epoch: 86 [32000/40200 (79%)]	Loss: 0.839158	Acc: 77.19%
Pre-train Epoch: 86 [38400/40200 (95%)]	Loss: 0.625240	Acc: 77.27%
Pre-train Epoch: 87 [0/40200 (0%)]	Loss: 0.689532	Acc: 73.44%
Pre-train Epoch: 87 [6400/40200 (16%)]	Loss: 0.777180	Acc: 77.31%
Pre-train Epoch: 87 [12800/40200 (32%)]	Loss: 0.647210	Acc: 77.50%
Pre-train Epoch: 87 [19200/40200 (48%)]	Loss: 0.798034	Acc: 77.59%
Pre-train Epoch: 87 [25600/40200 (64%)]	Loss: 0.701154	Acc: 77.63%
Pre-train Epoch: 87 [32000/40200 (79%)]	Loss: 0.677272	Acc: 77.61%
Pre-train Epoch: 87 [38400/40200 (95%)]	Loss: 0.663673	Acc: 77.43%
Pre-train Epoch: 88 [0/40200 (0%)]	Loss: 0.751967	Acc: 71.88%
Pre-train Epoch: 88 [6400/40200 (16%)]	Loss: 0.610176	Acc: 77.21%
Pre-train Epoch: 88 [12800/40200 (32%)]	Loss: 0.603153	Acc: 77.35%
Pre-train Epoch: 88 [19200/40200 (48%)]	Loss: 0.771861	Acc: 77.26%
Pre-train Epoch: 88 [25600/40200 (64%)]	Loss: 0.830656	Acc: 77.42%
Pre-train Epoch: 88 [32000/40200 (79%)]	Loss: 0.667592	Acc: 77.31%
Pre-train Epoch: 88 [38400/40200 (95%)]	Loss: 0.659739	Acc: 77.41%
Pre-train Epoch: 89 [0/40200 (0%)]	Loss: 0.658125	Acc: 82.81%
Pre-train Epoch: 89 [6400/40200 (16%)]	Loss: 0.842865	Acc: 78.43%
Pre-train Epoch: 89 [12800/40200 (32%)]	Loss: 0.733742	Acc: 78.23%
Pre-train Epoch: 89 [19200/40200 (48%)]	Loss: 0.790572	Acc: 77.90%
Pre-train Epoch: 89 [25600/40200 (64%)]	Loss: 0.814897	Acc: 77.97%
Pre-train Epoch: 89 [32000/40200 (79%)]	Loss: 0.763507	Acc: 77.83%
Pre-train Epoch: 89 [38400/40200 (95%)]	Loss: 0.783201	Acc: 77.87%
Pre-train Epoch: 90 [0/40200 (0%)]	Loss: 0.675548	Acc: 82.81%
Pre-train Epoch: 90 [6400/40200 (16%)]	Loss: 0.763831	Acc: 77.99%
Pre-train Epoch: 90 [12800/40200 (32%)]	Loss: 0.597328	Acc: 77.58%
Pre-train Epoch: 90 [19200/40200 (48%)]	Loss: 0.622799	Acc: 77.87%
Pre-train Epoch: 90 [25600/40200 (64%)]	Loss: 0.795898	Acc: 77.86%
Pre-train Epoch: 90 [32000/40200 (79%)]	Loss: 0.668063	Acc: 77.90%
Pre-train Epoch: 90 [38400/40200 (95%)]	Loss: 0.715290	Acc: 77.92%
Pre-train Epoch: 91 [0/40200 (0%)]	Loss: 0.741254	Acc: 76.56%
Pre-train Epoch: 91 [6400/40200 (16%)]	Loss: 0.739349	Acc: 77.55%
Pre-train Epoch: 91 [12800/40200 (32%)]	Loss: 0.820883	Acc: 77.97%
Pre-train Epoch: 91 [19200/40200 (48%)]	Loss: 0.702868	Acc: 78.02%
Pre-train Epoch: 91 [25600/40200 (64%)]	Loss: 0.693583	Acc: 78.18%
Pre-train Epoch: 91 [32000/40200 (79%)]	Loss: 0.730011	Acc: 78.03%
Pre-train Epoch: 91 [38400/40200 (95%)]	Loss: 0.776778	Acc: 78.00%
Pre-train Epoch: 92 [0/40200 (0%)]	Loss: 0.702444	Acc: 81.25%
Pre-train Epoch: 92 [6400/40200 (16%)]	Loss: 0.855179	Acc: 78.37%
Pre-train Epoch: 92 [12800/40200 (32%)]	Loss: 0.724669	Acc: 78.30%
Pre-train Epoch: 92 [19200/40200 (48%)]	Loss: 0.601804	Acc: 78.55%
Pre-train Epoch: 92 [25600/40200 (64%)]	Loss: 0.659622	Acc: 78.44%
Pre-train Epoch: 92 [32000/40200 (79%)]	Loss: 0.547249	Acc: 78.30%
Pre-train Epoch: 92 [38400/40200 (95%)]	Loss: 0.714309	Acc: 78.30%
Pre-train Epoch: 93 [0/40200 (0%)]	Loss: 0.695515	Acc: 76.56%
Pre-train Epoch: 93 [6400/40200 (16%)]	Loss: 0.802611	Acc: 78.57%
Pre-train Epoch: 93 [12800/40200 (32%)]	Loss: 0.673290	Acc: 78.27%
Pre-train Epoch: 93 [19200/40200 (48%)]	Loss: 0.471867	Acc: 78.45%
Pre-train Epoch: 93 [25600/40200 (64%)]	Loss: 0.805761	Acc: 78.56%
Pre-train Epoch: 93 [32000/40200 (79%)]	Loss: 0.597517	Acc: 78.41%
Pre-train Epoch: 93 [38400/40200 (95%)]	Loss: 0.711133	Acc: 78.34%
Pre-train Epoch: 94 [0/40200 (0%)]	Loss: 0.746126	Acc: 73.44%
Pre-train Epoch: 94 [6400/40200 (16%)]	Loss: 0.678191	Acc: 78.26%
Pre-train Epoch: 94 [12800/40200 (32%)]	Loss: 0.785645	Acc: 77.99%
Pre-train Epoch: 94 [19200/40200 (48%)]	Loss: 0.818504	Acc: 78.23%
Pre-train Epoch: 94 [25600/40200 (64%)]	Loss: 0.365736	Acc: 78.38%
Pre-train Epoch: 94 [32000/40200 (79%)]	Loss: 0.577298	Acc: 78.31%
Pre-train Epoch: 94 [38400/40200 (95%)]	Loss: 0.682111	Acc: 78.19%
Pre-train Epoch: 95 [0/40200 (0%)]	Loss: 0.891115	Acc: 73.44%
Pre-train Epoch: 95 [6400/40200 (16%)]	Loss: 0.439029	Acc: 78.73%
Pre-train Epoch: 95 [12800/40200 (32%)]	Loss: 0.717849	Acc: 78.66%
Pre-train Epoch: 95 [19200/40200 (48%)]	Loss: 0.928192	Acc: 78.53%
Pre-train Epoch: 95 [25600/40200 (64%)]	Loss: 0.798427	Acc: 78.50%
Pre-train Epoch: 95 [32000/40200 (79%)]	Loss: 0.717382	Acc: 78.30%
Pre-train Epoch: 95 [38400/40200 (95%)]	Loss: 0.663983	Acc: 78.34%
Pre-train Epoch: 96 [0/40200 (0%)]	Loss: 0.726452	Acc: 82.81%
Pre-train Epoch: 96 [6400/40200 (16%)]	Loss: 0.989100	Acc: 77.77%
Pre-train Epoch: 96 [12800/40200 (32%)]	Loss: 0.582273	Acc: 78.21%
Pre-train Epoch: 96 [19200/40200 (48%)]	Loss: 0.624327	Acc: 78.45%
Pre-train Epoch: 96 [25600/40200 (64%)]	Loss: 0.692411	Acc: 78.32%
Pre-train Epoch: 96 [32000/40200 (79%)]	Loss: 0.643597	Acc: 78.15%
Pre-train Epoch: 96 [38400/40200 (95%)]	Loss: 0.654578	Acc: 78.15%
Pre-train Epoch: 97 [0/40200 (0%)]	Loss: 0.544291	Acc: 81.25%
Pre-train Epoch: 97 [6400/40200 (16%)]	Loss: 0.613230	Acc: 79.01%
Pre-train Epoch: 97 [12800/40200 (32%)]	Loss: 0.493260	Acc: 78.51%
Pre-train Epoch: 97 [19200/40200 (48%)]	Loss: 0.626621	Acc: 78.28%
Pre-train Epoch: 97 [25600/40200 (64%)]	Loss: 0.776435	Acc: 78.30%
Pre-train Epoch: 97 [32000/40200 (79%)]	Loss: 0.660950	Acc: 78.25%
Pre-train Epoch: 97 [38400/40200 (95%)]	Loss: 0.751189	Acc: 78.26%
Pre-train Epoch: 98 [0/40200 (0%)]	Loss: 0.701955	Acc: 78.12%
Pre-train Epoch: 98 [6400/40200 (16%)]	Loss: 0.698418	Acc: 78.73%
Pre-train Epoch: 98 [12800/40200 (32%)]	Loss: 0.787779	Acc: 79.19%
Pre-train Epoch: 98 [19200/40200 (48%)]	Loss: 0.587650	Acc: 78.93%
Pre-train Epoch: 98 [25600/40200 (64%)]	Loss: 0.707644	Acc: 78.77%
Pre-train Epoch: 98 [32000/40200 (79%)]	Loss: 0.700844	Acc: 78.78%
Pre-train Epoch: 98 [38400/40200 (95%)]	Loss: 0.689095	Acc: 78.70%
Pre-train Epoch: 99 [0/40200 (0%)]	Loss: 0.848029	Acc: 76.56%
Pre-train Epoch: 99 [6400/40200 (16%)]	Loss: 0.853925	Acc: 78.81%
Pre-train Epoch: 99 [12800/40200 (32%)]	Loss: 0.793083	Acc: 78.36%
Pre-train Epoch: 99 [19200/40200 (48%)]	Loss: 0.734190	Acc: 78.51%
Pre-train Epoch: 99 [25600/40200 (64%)]	Loss: 0.696362	Acc: 78.59%
Pre-train Epoch: 99 [32000/40200 (79%)]	Loss: 0.686032	Acc: 78.56%
Pre-train Epoch: 99 [38400/40200 (95%)]	Loss: 0.697509	Acc: 78.43%
Pre-train Epoch: 100 [0/40200 (0%)]	Loss: 0.831323	Acc: 73.44%
Pre-train Epoch: 100 [6400/40200 (16%)]	Loss: 0.654478	Acc: 78.39%
Pre-train Epoch: 100 [12800/40200 (32%)]	Loss: 0.656670	Acc: 78.47%
Pre-train Epoch: 100 [19200/40200 (48%)]	Loss: 0.708229	Acc: 78.57%
Pre-train Epoch: 100 [25600/40200 (64%)]	Loss: 0.652363	Acc: 78.59%
Pre-train Epoch: 100 [32000/40200 (79%)]	Loss: 0.571316	Acc: 78.67%
Pre-train Epoch: 100 [38400/40200 (95%)]	Loss: 0.826568	Acc: 78.68%

--- Evaluating on Validation Split ---

Validation set: Average loss: 0.6902, Accuracy: 15366/19800 (77.61%)

Reference model saved to models/raman_reference_model.pth

--- Starting Finetuning ---
Applying RamanSPy preprocessing to data/X_finetune.npy...
Finetune Epoch: 1 [0/3000 (0%)]	Loss: 1.455829	Acc: 54.69%
Finetune Epoch: 2 [0/3000 (0%)]	Loss: 1.159931	Acc: 68.75%
Finetune Epoch: 3 [0/3000 (0%)]	Loss: 1.296638	Acc: 62.50%
Finetune Epoch: 4 [0/3000 (0%)]	Loss: 0.854394	Acc: 76.56%
Finetune Epoch: 5 [0/3000 (0%)]	Loss: 0.700437	Acc: 76.56%
Finetune Epoch: 6 [0/3000 (0%)]	Loss: 0.724540	Acc: 82.81%
Finetune Epoch: 7 [0/3000 (0%)]	Loss: 0.761429	Acc: 78.12%
Finetune Epoch: 8 [0/3000 (0%)]	Loss: 0.757734	Acc: 73.44%
Finetune Epoch: 9 [0/3000 (0%)]	Loss: 0.662694	Acc: 81.25%
Finetune Epoch: 10 [0/3000 (0%)]	Loss: 0.609652	Acc: 90.62%
Finetune Epoch: 11 [0/3000 (0%)]	Loss: 0.560531	Acc: 81.25%
Finetune Epoch: 12 [0/3000 (0%)]	Loss: 0.532011	Acc: 87.50%
Finetune Epoch: 13 [0/3000 (0%)]	Loss: 0.643490	Acc: 81.25%
Finetune Epoch: 14 [0/3000 (0%)]	Loss: 0.698875	Acc: 84.38%
Finetune Epoch: 15 [0/3000 (0%)]	Loss: 0.584743	Acc: 84.38%
Finetune Epoch: 16 [0/3000 (0%)]	Loss: 0.429187	Acc: 90.62%
Finetune Epoch: 17 [0/3000 (0%)]	Loss: 0.493573	Acc: 87.50%
Finetune Epoch: 18 [0/3000 (0%)]	Loss: 0.573119	Acc: 89.06%
Finetune Epoch: 19 [0/3000 (0%)]	Loss: 0.526895	Acc: 85.94%
Finetune Epoch: 20 [0/3000 (0%)]	Loss: 0.406842	Acc: 95.31%
Finetuned model saved to models/raman_finetuned_model.pth

--- Evaluating on Test Set ---
Applying RamanSPy preprocessing to data/X_test.npy...

Test set: Average loss: 0.9628, Accuracy: 2097/3000 (69.90%)

