Using device: cuda
Run id: 20260917-223316_fusion_abl-minmax_only_9dc6e6
Preprocessing variant: minmax_only (1 steps)
Loading reference dataset...
[cache] hit c10b0fe8 (c10b0fe881bbc7e7fd2580cef4429487.npy)
Detected 30 classes.
Split reference data: 40200 train / 19800 val
Model parameters: 75,694

--- Starting Reference Training ---
Pre-train Epoch: 1 [0/40200 (0%)]	Loss: 3.709280	Acc: 4.69%
Pre-train Epoch: 1 [6400/40200 (16%)]	Loss: 2.907585	Acc: 11.17%
Pre-train Epoch: 1 [12800/40200 (32%)]	Loss: 2.353709	Acc: 18.28%
Pre-train Epoch: 1 [19200/40200 (48%)]	Loss: 1.988940	Acc: 23.88%
Pre-train Epoch: 1 [25600/40200 (64%)]	Loss: 1.634939	Acc: 28.32%
Pre-train Epoch: 1 [32000/40200 (79%)]	Loss: 1.389222	Acc: 32.61%
Pre-train Epoch: 1 [38400/40200 (95%)]	Loss: 1.229883	Acc: 36.22%

Validation set: Average loss: 1.2856, Accuracy: 11234/19800 (56.74%)

Validation: acc 56.74%  macro-F1 0.5447  macro-recall 0.5701  (n=19800, classes=30)
Validation: worst-6 recall -> 2:0.08, 8:0.12, 22:0.12, 6:0.16, 29:0.21, 11:0.23

--> Best validation loss improved. Saved model to runs\20260917-223316_fusion_abl-minmax_only_9dc6e6\reference.pth
Pre-train Epoch: 2 [0/40200 (0%)]	Loss: 1.512847	Acc: 53.12%
Pre-train Epoch: 2 [6400/40200 (16%)]	Loss: 1.111508	Acc: 58.20%
Pre-train Epoch: 2 [12800/40200 (32%)]	Loss: 1.255404	Acc: 59.25%
Pre-train Epoch: 2 [19200/40200 (48%)]	Loss: 1.087857	Acc: 60.40%
Pre-train Epoch: 2 [25600/40200 (64%)]	Loss: 0.997082	Acc: 61.46%
Pre-train Epoch: 2 [32000/40200 (79%)]	Loss: 1.012992	Acc: 62.51%
Pre-train Epoch: 2 [38400/40200 (95%)]	Loss: 0.879008	Acc: 63.54%

Validation set: Average loss: 0.8353, Accuracy: 14602/19800 (73.75%)

Validation: acc 73.75%  macro-F1 0.7284  macro-recall 0.7393  (n=19800, classes=30)
Validation: worst-6 recall -> 3:0.30, 22:0.32, 17:0.42, 8:0.44, 2:0.45, 6:0.47

--> Best validation loss improved. Saved model to runs\20260917-223316_fusion_abl-minmax_only_9dc6e6\reference.pth
Pre-train Epoch: 3 [0/40200 (0%)]	Loss: 0.900061	Acc: 71.88%
Pre-train Epoch: 3 [6400/40200 (16%)]	Loss: 0.882139	Acc: 68.24%
Pre-train Epoch: 3 [12800/40200 (32%)]	Loss: 0.982517	Acc: 68.73%
Pre-train Epoch: 3 [19200/40200 (48%)]	Loss: 0.952531	Acc: 68.53%
Pre-train Epoch: 3 [25600/40200 (64%)]	Loss: 0.830603	Acc: 68.87%
Pre-train Epoch: 3 [32000/40200 (79%)]	Loss: 0.746004	Acc: 69.20%
Pre-train Epoch: 3 [38400/40200 (95%)]	Loss: 0.737940	Acc: 69.51%

Validation set: Average loss: 0.8378, Accuracy: 14489/19800 (73.18%)

Validation: acc 73.18%  macro-F1 0.7327  macro-recall 0.7327  (n=19800, classes=30)
Validation: worst-6 recall -> 29:0.30, 11:0.32, 2:0.41, 15:0.45, 17:0.52, 3:0.53

--> No improvement in validation loss. Patience: 1/10
Pre-train Epoch: 4 [0/40200 (0%)]	Loss: 1.069597	Acc: 59.38%
Pre-train Epoch: 4 [6400/40200 (16%)]	Loss: 1.039500	Acc: 69.15%
Pre-train Epoch: 4 [12800/40200 (32%)]	Loss: 0.970736	Acc: 69.66%
Pre-train Epoch: 4 [19200/40200 (48%)]	Loss: 0.757840	Acc: 70.17%
Pre-train Epoch: 4 [25600/40200 (64%)]	Loss: 0.894545	Acc: 70.23%
Pre-train Epoch: 4 [32000/40200 (79%)]	Loss: 0.936581	Acc: 70.68%
Pre-train Epoch: 4 [38400/40200 (95%)]	Loss: 0.839934	Acc: 70.85%

Validation set: Average loss: 0.7427, Accuracy: 14969/19800 (75.60%)

Validation: acc 75.60%  macro-F1 0.7505  macro-recall 0.7569  (n=19800, classes=30)
Validation: worst-6 recall -> 8:0.24, 3:0.38, 7:0.46, 6:0.49, 17:0.50, 4:0.53

--> Best validation loss improved. Saved model to runs\20260917-223316_fusion_abl-minmax_only_9dc6e6\reference.pth
Pre-train Epoch: 5 [0/40200 (0%)]	Loss: 0.923015	Acc: 71.88%
Pre-train Epoch: 5 [6400/40200 (16%)]	Loss: 0.668753	Acc: 72.68%
Pre-train Epoch: 5 [12800/40200 (32%)]	Loss: 1.008565	Acc: 72.01%
Pre-train Epoch: 5 [19200/40200 (48%)]	Loss: 0.856830	Acc: 71.81%
Pre-train Epoch: 5 [25600/40200 (64%)]	Loss: 0.714766	Acc: 71.95%
Pre-train Epoch: 5 [32000/40200 (79%)]	Loss: 0.881216	Acc: 71.89%
Pre-train Epoch: 5 [38400/40200 (95%)]	Loss: 0.821167	Acc: 72.11%

Validation set: Average loss: 0.7940, Accuracy: 14640/19800 (73.94%)

Validation: acc 73.94%  macro-F1 0.7352  macro-recall 0.7411  (n=19800, classes=30)
Validation: worst-6 recall -> 17:0.33, 4:0.35, 29:0.35, 6:0.42, 23:0.47, 8:0.48

--> No improvement in validation loss. Patience: 1/10
Pre-train Epoch: 6 [0/40200 (0%)]	Loss: 0.879174	Acc: 64.06%
Pre-train Epoch: 6 [6400/40200 (16%)]	Loss: 0.770034	Acc: 71.63%
Pre-train Epoch: 6 [12800/40200 (32%)]	Loss: 0.768509	Acc: 72.08%
Pre-train Epoch: 6 [19200/40200 (48%)]	Loss: 0.937298	Acc: 72.25%
Pre-train Epoch: 6 [25600/40200 (64%)]	Loss: 0.721538	Acc: 72.57%
Pre-train Epoch: 6 [32000/40200 (79%)]	Loss: 0.740423	Acc: 72.70%
Pre-train Epoch: 6 [38400/40200 (95%)]	Loss: 0.849022	Acc: 72.72%

Validation set: Average loss: 0.7350, Accuracy: 15041/19800 (75.96%)

Validation: acc 75.96%  macro-F1 0.7576  macro-recall 0.7609  (n=19800, classes=30)
Validation: worst-6 recall -> 16:0.23, 8:0.39, 17:0.41, 6:0.45, 22:0.49, 2:0.51

--> Best validation loss improved. Saved model to runs\20260917-223316_fusion_abl-minmax_only_9dc6e6\reference.pth
Pre-train Epoch: 7 [0/40200 (0%)]	Loss: 0.805308	Acc: 71.88%
Pre-train Epoch: 7 [6400/40200 (16%)]	Loss: 0.882906	Acc: 73.31%
Pre-train Epoch: 7 [12800/40200 (32%)]	Loss: 0.750078	Acc: 73.06%
Pre-train Epoch: 7 [19200/40200 (48%)]	Loss: 0.904256	Acc: 73.16%
Pre-train Epoch: 7 [25600/40200 (64%)]	Loss: 1.050760	Acc: 73.53%
Pre-train Epoch: 7 [32000/40200 (79%)]	Loss: 0.809904	Acc: 73.66%
Pre-train Epoch: 7 [38400/40200 (95%)]	Loss: 1.011476	Acc: 73.55%

Validation set: Average loss: 0.7083, Accuracy: 15442/19800 (77.99%)

Validation: acc 77.99%  macro-F1 0.7786  macro-recall 0.7808  (n=19800, classes=30)
Validation: worst-6 recall -> 28:0.28, 2:0.40, 15:0.47, 8:0.61, 22:0.62, 4:0.62

--> Best validation loss improved. Saved model to runs\20260917-223316_fusion_abl-minmax_only_9dc6e6\reference.pth
Pre-train Epoch: 8 [0/40200 (0%)]	Loss: 0.740115	Acc: 76.56%
Pre-train Epoch: 8 [6400/40200 (16%)]	Loss: 0.652978	Acc: 74.40%
Pre-train Epoch: 8 [12800/40200 (32%)]	Loss: 0.885786	Acc: 74.74%
Pre-train Epoch: 8 [19200/40200 (48%)]	Loss: 0.687625	Acc: 74.55%
Pre-train Epoch: 8 [25600/40200 (64%)]	Loss: 0.732548	Acc: 74.64%
Pre-train Epoch: 8 [32000/40200 (79%)]	Loss: 0.880896	Acc: 74.42%
Pre-train Epoch: 8 [38400/40200 (95%)]	Loss: 0.631891	Acc: 74.39%

Validation set: Average loss: 0.6213, Accuracy: 15864/19800 (80.12%)

Validation: acc 80.12%  macro-F1 0.8012  macro-recall 0.8027  (n=19800, classes=30)
Validation: worst-6 recall -> 3:0.43, 6:0.51, 2:0.59, 10:0.61, 4:0.61, 15:0.62

--> Best validation loss improved. Saved model to runs\20260917-223316_fusion_abl-minmax_only_9dc6e6\reference.pth
Pre-train Epoch: 9 [0/40200 (0%)]	Loss: 0.941149	Acc: 70.31%
Pre-train Epoch: 9 [6400/40200 (16%)]	Loss: 0.740513	Acc: 75.32%
Pre-train Epoch: 9 [12800/40200 (32%)]	Loss: 0.712085	Acc: 75.24%
Pre-train Epoch: 9 [19200/40200 (48%)]	Loss: 0.843779	Acc: 74.77%
Pre-train Epoch: 9 [25600/40200 (64%)]	Loss: 1.092109	Acc: 74.74%
Pre-train Epoch: 9 [32000/40200 (79%)]	Loss: 0.914509	Acc: 74.78%
Pre-train Epoch: 9 [38400/40200 (95%)]	Loss: 0.978035	Acc: 74.58%

Validation set: Average loss: 0.6566, Accuracy: 15554/19800 (78.56%)

Validation: acc 78.56%  macro-F1 0.7749  macro-recall 0.7854  (n=19800, classes=30)
Validation: worst-6 recall -> 8:0.16, 16:0.27, 7:0.47, 28:0.56, 2:0.58, 19:0.59

--> No improvement in validation loss. Patience: 1/10
Pre-train Epoch: 10 [0/40200 (0%)]	Loss: 0.750733	Acc: 78.12%
Pre-train Epoch: 10 [6400/40200 (16%)]	Loss: 0.875203	Acc: 74.80%
Pre-train Epoch: 10 [12800/40200 (32%)]	Loss: 0.686424	Acc: 74.98%
Pre-train Epoch: 10 [19200/40200 (48%)]	Loss: 0.659099	Acc: 75.70%
Pre-train Epoch: 10 [25600/40200 (64%)]	Loss: 0.807839	Acc: 75.43%
Pre-train Epoch: 10 [32000/40200 (79%)]	Loss: 0.713174	Acc: 75.31%
Pre-train Epoch: 10 [38400/40200 (95%)]	Loss: 0.966838	Acc: 75.00%

Validation set: Average loss: 0.6807, Accuracy: 15426/19800 (77.91%)

Validation: acc 77.91%  macro-F1 0.7731  macro-recall 0.7789  (n=19800, classes=30)
Validation: worst-6 recall -> 8:0.21, 2:0.31, 22:0.42, 7:0.50, 15:0.50, 29:0.59

--> No improvement in validation loss. Patience: 2/10
Pre-train Epoch: 11 [0/40200 (0%)]	Loss: 0.970730	Acc: 65.62%
Pre-train Epoch: 11 [6400/40200 (16%)]	Loss: 0.732632	Acc: 74.21%
Pre-train Epoch: 11 [12800/40200 (32%)]	Loss: 0.847099	Acc: 75.24%
Pre-train Epoch: 11 [19200/40200 (48%)]	Loss: 0.658945	Acc: 75.13%
Pre-train Epoch: 11 [25600/40200 (64%)]	Loss: 0.841927	Acc: 75.31%
Pre-train Epoch: 11 [32000/40200 (79%)]	Loss: 0.766890	Acc: 75.07%
Pre-train Epoch: 11 [38400/40200 (95%)]	Loss: 1.048891	Acc: 75.19%

Validation set: Average loss: 0.5645, Accuracy: 16353/19800 (82.59%)

Validation: acc 82.59%  macro-F1 0.8239  macro-recall 0.8269  (n=19800, classes=30)
Validation: worst-6 recall -> 8:0.48, 16:0.54, 29:0.55, 3:0.57, 2:0.58, 6:0.64

--> Best validation loss improved. Saved model to runs\20260917-223316_fusion_abl-minmax_only_9dc6e6\reference.pth
Pre-train Epoch: 12 [0/40200 (0%)]	Loss: 0.788945	Acc: 82.81%
Pre-train Epoch: 12 [6400/40200 (16%)]	Loss: 0.648527	Acc: 76.52%
Pre-train Epoch: 12 [12800/40200 (32%)]	Loss: 0.839589	Acc: 75.54%
Pre-train Epoch: 12 [19200/40200 (48%)]	Loss: 0.858966	Acc: 75.66%
Pre-train Epoch: 12 [25600/40200 (64%)]	Loss: 0.734675	Acc: 75.43%
Pre-train Epoch: 12 [32000/40200 (79%)]	Loss: 0.778152	Acc: 75.58%
Pre-train Epoch: 12 [38400/40200 (95%)]	Loss: 0.740684	Acc: 75.61%

Validation set: Average loss: 0.7234, Accuracy: 15212/19800 (76.83%)

Validation: acc 76.83%  macro-F1 0.7688  macro-recall 0.7684  (n=19800, classes=30)
Validation: worst-6 recall -> 22:0.30, 2:0.41, 26:0.47, 23:0.50, 8:0.55, 10:0.58

--> No improvement in validation loss. Patience: 1/10
Pre-train Epoch: 13 [0/40200 (0%)]	Loss: 1.210679	Acc: 65.62%
Pre-train Epoch: 13 [6400/40200 (16%)]	Loss: 0.956554	Acc: 75.05%
Pre-train Epoch: 13 [12800/40200 (32%)]	Loss: 0.672307	Acc: 75.61%
Pre-train Epoch: 13 [19200/40200 (48%)]	Loss: 0.718901	Acc: 75.61%
Pre-train Epoch: 13 [25600/40200 (64%)]	Loss: 0.744616	Acc: 76.00%
Pre-train Epoch: 13 [32000/40200 (79%)]	Loss: 0.708075	Acc: 75.91%
Pre-train Epoch: 13 [38400/40200 (95%)]	Loss: 0.752108	Acc: 76.03%

Validation set: Average loss: 0.5845, Accuracy: 15957/19800 (80.59%)

Validation: acc 80.59%  macro-F1 0.8012  macro-recall 0.8074  (n=19800, classes=30)
Validation: worst-6 recall -> 15:0.33, 2:0.41, 3:0.42, 28:0.46, 6:0.56, 22:0.59

--> No improvement in validation loss. Patience: 2/10
Pre-train Epoch: 14 [0/40200 (0%)]	Loss: 0.644477	Acc: 81.25%
Pre-train Epoch: 14 [6400/40200 (16%)]	Loss: 0.850858	Acc: 75.34%
Pre-train Epoch: 14 [12800/40200 (32%)]	Loss: 0.698955	Acc: 76.12%
Pre-train Epoch: 14 [19200/40200 (48%)]	Loss: 0.916944	Acc: 76.28%
Pre-train Epoch: 14 [25600/40200 (64%)]	Loss: 0.668170	Acc: 76.45%
Pre-train Epoch: 14 [32000/40200 (79%)]	Loss: 0.719401	Acc: 76.36%
Pre-train Epoch: 14 [38400/40200 (95%)]	Loss: 0.611726	Acc: 76.32%

Validation set: Average loss: 0.5565, Accuracy: 16257/19800 (82.11%)

Validation: acc 82.11%  macro-F1 0.8170  macro-recall 0.8223  (n=19800, classes=30)
Validation: worst-6 recall -> 15:0.23, 2:0.49, 6:0.54, 28:0.65, 7:0.67, 29:0.68

--> Best validation loss improved. Saved model to runs\20260917-223316_fusion_abl-minmax_only_9dc6e6\reference.pth
Pre-train Epoch: 15 [0/40200 (0%)]	Loss: 0.976524	Acc: 76.56%
Pre-train Epoch: 15 [6400/40200 (16%)]	Loss: 0.773840	Acc: 76.50%
Pre-train Epoch: 15 [12800/40200 (32%)]	Loss: 0.871840	Acc: 76.27%
Pre-train Epoch: 15 [19200/40200 (48%)]	Loss: 0.816232	Acc: 76.60%
Pre-train Epoch: 15 [25600/40200 (64%)]	Loss: 0.653848	Acc: 76.24%
Pre-train Epoch: 15 [32000/40200 (79%)]	Loss: 0.706937	Acc: 76.25%
Pre-train Epoch: 15 [38400/40200 (95%)]	Loss: 0.684736	Acc: 76.31%

Validation set: Average loss: 0.6138, Accuracy: 16116/19800 (81.39%)

Validation: acc 81.39%  macro-F1 0.8132  macro-recall 0.8144  (n=19800, classes=30)
Validation: worst-6 recall -> 22:0.40, 2:0.54, 29:0.54, 8:0.60, 16:0.63, 10:0.64

--> No improvement in validation loss. Patience: 1/10
Pre-train Epoch: 16 [0/40200 (0%)]	Loss: 0.878777	Acc: 70.31%
Pre-train Epoch: 16 [6400/40200 (16%)]	Loss: 0.771091	Acc: 77.58%
Pre-train Epoch: 16 [12800/40200 (32%)]	Loss: 0.789329	Acc: 77.21%
Pre-train Epoch: 16 [19200/40200 (48%)]	Loss: 0.670866	Acc: 77.24%
Pre-train Epoch: 16 [25600/40200 (64%)]	Loss: 0.781927	Acc: 77.28%
Pre-train Epoch: 16 [32000/40200 (79%)]	Loss: 0.740762	Acc: 77.08%
Pre-train Epoch: 16 [38400/40200 (95%)]	Loss: 0.740304	Acc: 77.25%

Validation set: Average loss: 0.6150, Accuracy: 15927/19800 (80.44%)

Validation: acc 80.44%  macro-F1 0.8038  macro-recall 0.8054  (n=19800, classes=30)
Validation: worst-6 recall -> 3:0.35, 2:0.39, 28:0.41, 6:0.59, 8:0.60, 16:0.61

--> No improvement in validation loss. Patience: 2/10
Pre-train Epoch: 17 [0/40200 (0%)]	Loss: 0.542342	Acc: 87.50%
Pre-train Epoch: 17 [6400/40200 (16%)]	Loss: 0.597936	Acc: 76.36%
Pre-train Epoch: 17 [12800/40200 (32%)]	Loss: 0.716606	Acc: 76.44%
Pre-train Epoch: 17 [19200/40200 (48%)]	Loss: 0.735443	Acc: 76.62%
Pre-train Epoch: 17 [25600/40200 (64%)]	Loss: 0.684955	Acc: 76.88%
Pre-train Epoch: 17 [32000/40200 (79%)]	Loss: 0.668811	Acc: 76.86%
Pre-train Epoch: 17 [38400/40200 (95%)]	Loss: 0.905029	Acc: 76.97%

Validation set: Average loss: 0.5304, Accuracy: 16376/19800 (82.71%)

Validation: acc 82.71%  macro-F1 0.8239  macro-recall 0.8278  (n=19800, classes=30)
Validation: worst-6 recall -> 15:0.42, 2:0.42, 29:0.50, 7:0.58, 3:0.61, 8:0.66

--> Best validation loss improved. Saved model to runs\20260917-223316_fusion_abl-minmax_only_9dc6e6\reference.pth
Pre-train Epoch: 18 [0/40200 (0%)]	Loss: 0.853758	Acc: 70.31%
Pre-train Epoch: 18 [6400/40200 (16%)]	Loss: 0.707070	Acc: 75.39%
Pre-train Epoch: 18 [12800/40200 (32%)]	Loss: 0.607144	Acc: 75.94%
Pre-train Epoch: 18 [19200/40200 (48%)]	Loss: 0.836145	Acc: 76.30%
Pre-train Epoch: 18 [25600/40200 (64%)]	Loss: 0.774120	Acc: 76.60%
Pre-train Epoch: 18 [32000/40200 (79%)]	Loss: 0.697112	Acc: 76.66%
Pre-train Epoch: 18 [38400/40200 (95%)]	Loss: 0.648806	Acc: 76.75%

Validation set: Average loss: 0.6341, Accuracy: 15689/19800 (79.24%)

Validation: acc 79.24%  macro-F1 0.7925  macro-recall 0.7934  (n=19800, classes=30)
Validation: worst-6 recall -> 28:0.39, 15:0.40, 3:0.41, 26:0.51, 2:0.54, 6:0.55

--> No improvement in validation loss. Patience: 1/10
Pre-train Epoch: 19 [0/40200 (0%)]	Loss: 0.694234	Acc: 78.12%
Pre-train Epoch: 19 [6400/40200 (16%)]	Loss: 0.867996	Acc: 76.27%
Pre-train Epoch: 19 [12800/40200 (32%)]	Loss: 0.576573	Acc: 76.56%
Pre-train Epoch: 19 [19200/40200 (48%)]	Loss: 0.593855	Acc: 77.14%
Pre-train Epoch: 19 [25600/40200 (64%)]	Loss: 0.849179	Acc: 76.89%
Pre-train Epoch: 19 [32000/40200 (79%)]	Loss: 0.585517	Acc: 76.96%
Pre-train Epoch: 19 [38400/40200 (95%)]	Loss: 0.556805	Acc: 77.21%

Validation set: Average loss: 0.7555, Accuracy: 14587/19800 (73.67%)

Validation: acc 73.67%  macro-F1 0.7325  macro-recall 0.7377  (n=19800, classes=30)
Validation: worst-6 recall -> 3:0.23, 28:0.27, 2:0.28, 15:0.31, 7:0.40, 22:0.47

--> No improvement in validation loss. Patience: 2/10
Pre-train Epoch: 20 [0/40200 (0%)]	Loss: 0.736982	Acc: 82.81%
Pre-train Epoch: 20 [6400/40200 (16%)]	Loss: 0.692736	Acc: 77.21%
Pre-train Epoch: 20 [12800/40200 (32%)]	Loss: 0.590547	Acc: 77.54%
Pre-train Epoch: 20 [19200/40200 (48%)]	Loss: 0.897877	Acc: 77.33%
Pre-train Epoch: 20 [25600/40200 (64%)]	Loss: 0.654934	Acc: 77.28%
Pre-train Epoch: 20 [32000/40200 (79%)]	Loss: 0.880467	Acc: 77.60%
Pre-train Epoch: 20 [38400/40200 (95%)]	Loss: 0.817262	Acc: 77.37%

Validation set: Average loss: 0.5982, Accuracy: 15977/19800 (80.69%)

Validation: acc 80.69%  macro-F1 0.8033  macro-recall 0.8066  (n=19800, classes=30)
Validation: worst-6 recall -> 8:0.28, 29:0.46, 7:0.53, 3:0.53, 2:0.56, 11:0.62

--> No improvement in validation loss. Patience: 3/10
Pre-train Epoch: 21 [0/40200 (0%)]	Loss: 0.524581	Acc: 87.50%
Pre-train Epoch: 21 [6400/40200 (16%)]	Loss: 0.741597	Acc: 78.64%
Pre-train Epoch: 21 [12800/40200 (32%)]	Loss: 1.086247	Acc: 78.00%
Pre-train Epoch: 21 [19200/40200 (48%)]	Loss: 0.699129	Acc: 78.01%
Pre-train Epoch: 21 [25600/40200 (64%)]	Loss: 0.654160	Acc: 77.74%
Pre-train Epoch: 21 [32000/40200 (79%)]	Loss: 0.765230	Acc: 77.75%
Pre-train Epoch: 21 [38400/40200 (95%)]	Loss: 0.804364	Acc: 77.75%

Validation set: Average loss: 0.5965, Accuracy: 15758/19800 (79.59%)

Validation: acc 79.59%  macro-F1 0.7964  macro-recall 0.7973  (n=19800, classes=30)
Validation: worst-6 recall -> 4:0.41, 15:0.42, 29:0.47, 6:0.50, 11:0.54, 22:0.57

--> No improvement in validation loss. Patience: 4/10
Pre-train Epoch: 22 [0/40200 (0%)]	Loss: 0.854102	Acc: 71.88%
Pre-train Epoch: 22 [6400/40200 (16%)]	Loss: 0.630891	Acc: 76.56%
Pre-train Epoch: 22 [12800/40200 (32%)]	Loss: 0.628641	Acc: 77.72%
Pre-train Epoch: 22 [19200/40200 (48%)]	Loss: 0.588132	Acc: 77.62%
Pre-train Epoch: 22 [25600/40200 (64%)]	Loss: 0.670555	Acc: 77.48%
Pre-train Epoch: 22 [32000/40200 (79%)]	Loss: 0.589576	Acc: 77.35%
Pre-train Epoch: 22 [38400/40200 (95%)]	Loss: 0.760691	Acc: 77.42%

Validation set: Average loss: 0.7138, Accuracy: 15086/19800 (76.19%)

Validation: acc 76.19%  macro-F1 0.7550  macro-recall 0.7624  (n=19800, classes=30)
Validation: worst-6 recall -> 2:0.27, 7:0.28, 8:0.37, 22:0.44, 29:0.47, 3:0.48

--> No improvement in validation loss. Patience: 5/10
Pre-train Epoch: 23 [0/40200 (0%)]	Loss: 0.747082	Acc: 70.31%
Pre-train Epoch: 23 [6400/40200 (16%)]	Loss: 0.614227	Acc: 77.52%
Pre-train Epoch: 23 [12800/40200 (32%)]	Loss: 0.683946	Acc: 77.67%
Pre-train Epoch: 23 [19200/40200 (48%)]	Loss: 0.747576	Acc: 77.90%
Pre-train Epoch: 23 [25600/40200 (64%)]	Loss: 0.785591	Acc: 77.57%
Pre-train Epoch: 23 [32000/40200 (79%)]	Loss: 0.675757	Acc: 77.70%
Pre-train Epoch: 23 [38400/40200 (95%)]	Loss: 0.638745	Acc: 77.64%

Validation set: Average loss: 0.7357, Accuracy: 14684/19800 (74.16%)

Validation: acc 74.16%  macro-F1 0.7251  macro-recall 0.7426  (n=19800, classes=30)
Validation: worst-6 recall -> 29:0.09, 8:0.24, 4:0.25, 7:0.31, 16:0.35, 22:0.40

--> No improvement in validation loss. Patience: 6/10
Pre-train Epoch: 24 [0/40200 (0%)]	Loss: 0.774850	Acc: 78.12%
Pre-train Epoch: 24 [6400/40200 (16%)]	Loss: 0.552108	Acc: 77.75%
Pre-train Epoch: 24 [12800/40200 (32%)]	Loss: 0.741826	Acc: 77.54%
Pre-train Epoch: 24 [19200/40200 (48%)]	Loss: 0.787630	Acc: 77.42%
Pre-train Epoch: 24 [25600/40200 (64%)]	Loss: 0.577408	Acc: 77.58%
Pre-train Epoch: 24 [32000/40200 (79%)]	Loss: 0.650016	Acc: 77.54%
Pre-train Epoch: 24 [38400/40200 (95%)]	Loss: 0.688879	Acc: 77.71%

Validation set: Average loss: 0.6321, Accuracy: 15599/19800 (78.78%)

Validation: acc 78.78%  macro-F1 0.7851  macro-recall 0.7881  (n=19800, classes=30)
Validation: worst-6 recall -> 28:0.29, 2:0.33, 8:0.39, 3:0.42, 19:0.50, 6:0.63

--> No improvement in validation loss. Patience: 7/10
Pre-train Epoch: 25 [0/40200 (0%)]	Loss: 0.586516	Acc: 84.38%
Pre-train Epoch: 25 [6400/40200 (16%)]	Loss: 0.713987	Acc: 78.05%
Pre-train Epoch: 25 [12800/40200 (32%)]	Loss: 0.732479	Acc: 78.47%
Pre-train Epoch: 25 [19200/40200 (48%)]	Loss: 0.678551	Acc: 78.03%
Pre-train Epoch: 25 [25600/40200 (64%)]	Loss: 0.651996	Acc: 77.95%
Pre-train Epoch: 25 [32000/40200 (79%)]	Loss: 0.679863	Acc: 78.01%
Pre-train Epoch: 25 [38400/40200 (95%)]	Loss: 0.804605	Acc: 78.03%

Validation set: Average loss: 0.5477, Accuracy: 16221/19800 (81.92%)

Validation: acc 81.92%  macro-F1 0.8181  macro-recall 0.8205  (n=19800, classes=30)
Validation: worst-6 recall -> 29:0.40, 22:0.45, 15:0.53, 2:0.58, 6:0.61, 4:0.63

--> No improvement in validation loss. Patience: 8/10
Pre-train Epoch: 26 [0/40200 (0%)]	Loss: 0.664980	Acc: 76.56%
Pre-train Epoch: 26 [6400/40200 (16%)]	Loss: 0.760610	Acc: 77.61%
Pre-train Epoch: 26 [12800/40200 (32%)]	Loss: 0.865623	Acc: 77.94%
Pre-train Epoch: 26 [19200/40200 (48%)]	Loss: 1.000976	Acc: 78.05%
Pre-train Epoch: 26 [25600/40200 (64%)]	Loss: 0.898327	Acc: 78.07%
Pre-train Epoch: 26 [32000/40200 (79%)]	Loss: 0.774889	Acc: 78.11%
Pre-train Epoch: 26 [38400/40200 (95%)]	Loss: 0.716467	Acc: 78.15%

Validation set: Average loss: 0.6589, Accuracy: 15281/19800 (77.18%)

Validation: acc 77.18%  macro-F1 0.7748  macro-recall 0.7738  (n=19800, classes=30)
Validation: worst-6 recall -> 2:0.30, 22:0.36, 3:0.42, 6:0.42, 15:0.45, 26:0.46

--> No improvement in validation loss. Patience: 9/10
Pre-train Epoch: 27 [0/40200 (0%)]	Loss: 0.849022	Acc: 70.31%
Pre-train Epoch: 27 [6400/40200 (16%)]	Loss: 0.674628	Acc: 77.92%
Pre-train Epoch: 27 [12800/40200 (32%)]	Loss: 0.729762	Acc: 78.71%
Pre-train Epoch: 27 [19200/40200 (48%)]	Loss: 0.503197	Acc: 78.70%
Pre-train Epoch: 27 [25600/40200 (64%)]	Loss: 0.687591	Acc: 78.52%
Pre-train Epoch: 27 [32000/40200 (79%)]	Loss: 0.631298	Acc: 78.44%
Pre-train Epoch: 27 [38400/40200 (95%)]	Loss: 0.687652	Acc: 78.38%

Validation set: Average loss: 0.7366, Accuracy: 14879/19800 (75.15%)

Validation: acc 75.15%  macro-F1 0.7484  macro-recall 0.7527  (n=19800, classes=30)
Validation: worst-6 recall -> 8:0.13, 4:0.28, 6:0.42, 2:0.49, 22:0.53, 3:0.55

--> No improvement in validation loss. Patience: 10/10

Early stopping triggered at epoch 27! Reverting to best model.
Loaded best reference model for finetuning.

--- Starting Finetuning ---
[cache] hit 3eb6c0ea (3eb6c0eae750d8232b11e744ca6715d8.npy)
Finetune Epoch: 1 [0/3000 (0%)]	Loss: 2.735530	Acc: 34.38%
Finetune Epoch: 2 [0/3000 (0%)]	Loss: 1.413500	Acc: 43.75%
Finetune Epoch: 3 [0/3000 (0%)]	Loss: 1.482738	Acc: 51.56%
Finetune Epoch: 4 [0/3000 (0%)]	Loss: 1.706890	Acc: 54.69%
Finetune Epoch: 5 [0/3000 (0%)]	Loss: 1.166887	Acc: 53.12%
Finetune Epoch: 6 [0/3000 (0%)]	Loss: 1.185383	Acc: 59.38%
Finetune Epoch: 7 [0/3000 (0%)]	Loss: 1.145038	Acc: 60.94%
Finetune Epoch: 8 [0/3000 (0%)]	Loss: 1.098721	Acc: 60.94%
Finetune Epoch: 9 [0/3000 (0%)]	Loss: 1.136956	Acc: 57.81%
Finetune Epoch: 10 [0/3000 (0%)]	Loss: 1.335011	Acc: 59.38%
Finetune Epoch: 11 [0/3000 (0%)]	Loss: 1.358934	Acc: 54.69%
Finetune Epoch: 12 [0/3000 (0%)]	Loss: 0.941214	Acc: 71.88%
Finetune Epoch: 13 [0/3000 (0%)]	Loss: 1.376412	Acc: 57.81%
Finetune Epoch: 14 [0/3000 (0%)]	Loss: 0.840268	Acc: 78.12%
Finetune Epoch: 15 [0/3000 (0%)]	Loss: 1.083798	Acc: 67.19%
Finetune Epoch: 16 [0/3000 (0%)]	Loss: 1.049425	Acc: 65.62%
Finetune Epoch: 17 [0/3000 (0%)]	Loss: 1.144160	Acc: 64.06%
Finetune Epoch: 18 [0/3000 (0%)]	Loss: 0.792999	Acc: 79.69%
Finetune Epoch: 19 [0/3000 (0%)]	Loss: 1.118489	Acc: 65.62%
Finetune Epoch: 20 [0/3000 (0%)]	Loss: 0.859995	Acc: 70.31%
Finetuned model saved to runs\20260917-223316_fusion_abl-minmax_only_9dc6e6\finetuned.pth

--- Evaluating on Test Set ---
[cache] hit 02f50fc8 (02f50fc8d7c034d0ab1eb68fd841c135.npy)

Test set: Average loss: 0.9940, Accuracy: 2039/3000 (67.97%)

Test: acc 67.97%  macro-F1 0.6650  macro-recall 0.6797  (n=3000, classes=30)
Test: worst-6 recall -> 11:0.09, 8:0.16, 24:0.16, 1:0.41, 9:0.44, 15:0.49


[run] artifacts in runs\20260917-223316_fusion_abl-minmax_only_9dc6e6
