Using device: cuda
Run id: 20260917-223843_fusion_abl-minmax_only_3c3812
Preprocessing variant: minmax_only (1 steps)
Loading reference dataset...
[cache] hit c10b0fe8 (c10b0fe881bbc7e7fd2580cef4429487.npy)
Detected 30 classes.
Split reference data: 40200 train / 19800 val
Model parameters: 75,694

--- Starting Reference Training ---
Pre-train Epoch: 1 [0/40200 (0%)]	Loss: 3.574172	Acc: 4.69%
Pre-train Epoch: 1 [6400/40200 (16%)]	Loss: 2.718276	Acc: 11.15%
Pre-train Epoch: 1 [12800/40200 (32%)]	Loss: 2.355292	Acc: 15.50%
Pre-train Epoch: 1 [19200/40200 (48%)]	Loss: 2.265710	Acc: 20.01%
Pre-train Epoch: 1 [25600/40200 (64%)]	Loss: 1.926211	Acc: 24.19%
Pre-train Epoch: 1 [32000/40200 (79%)]	Loss: 1.624545	Acc: 27.67%
Pre-train Epoch: 1 [38400/40200 (95%)]	Loss: 1.590269	Acc: 30.81%

Validation set: Average loss: 1.6060, Accuracy: 9874/19800 (49.87%)

Validation: acc 49.87%  macro-F1 0.4976  macro-recall 0.5005  (n=19800, classes=30)
Validation: worst-6 recall -> 29:0.02, 4:0.07, 19:0.09, 23:0.14, 7:0.15, 17:0.20

--> Best validation loss improved. Saved model to runs\20260917-223843_fusion_abl-minmax_only_3c3812\reference.pth
Pre-train Epoch: 2 [0/40200 (0%)]	Loss: 1.772454	Acc: 45.31%
Pre-train Epoch: 2 [6400/40200 (16%)]	Loss: 1.625515	Acc: 50.03%
Pre-train Epoch: 2 [12800/40200 (32%)]	Loss: 1.362350	Acc: 52.03%
Pre-train Epoch: 2 [19200/40200 (48%)]	Loss: 1.319221	Acc: 53.25%
Pre-train Epoch: 2 [25600/40200 (64%)]	Loss: 1.265208	Acc: 54.49%
Pre-train Epoch: 2 [32000/40200 (79%)]	Loss: 1.321546	Acc: 55.71%
Pre-train Epoch: 2 [38400/40200 (95%)]	Loss: 1.198136	Acc: 56.59%

Validation set: Average loss: 1.0885, Accuracy: 12883/19800 (65.07%)

Validation: acc 65.07%  macro-F1 0.6432  macro-recall 0.6512  (n=19800, classes=30)
Validation: worst-6 recall -> 16:0.11, 22:0.29, 8:0.32, 26:0.34, 4:0.37, 17:0.40

--> Best validation loss improved. Saved model to runs\20260917-223843_fusion_abl-minmax_only_3c3812\reference.pth
Pre-train Epoch: 3 [0/40200 (0%)]	Loss: 1.152065	Acc: 68.75%
Pre-train Epoch: 3 [6400/40200 (16%)]	Loss: 1.151076	Acc: 60.18%
Pre-train Epoch: 3 [12800/40200 (32%)]	Loss: 1.229033	Acc: 61.47%
Pre-train Epoch: 3 [19200/40200 (48%)]	Loss: 1.013332	Acc: 62.20%
Pre-train Epoch: 3 [25600/40200 (64%)]	Loss: 1.049455	Acc: 62.40%
Pre-train Epoch: 3 [32000/40200 (79%)]	Loss: 1.038326	Acc: 62.67%
Pre-train Epoch: 3 [38400/40200 (95%)]	Loss: 1.107723	Acc: 62.88%

Validation set: Average loss: 0.9144, Accuracy: 13907/19800 (70.24%)

Validation: acc 70.24%  macro-F1 0.6913  macro-recall 0.7036  (n=19800, classes=30)
Validation: worst-6 recall -> 4:0.25, 8:0.32, 16:0.33, 22:0.37, 17:0.38, 29:0.43

--> Best validation loss improved. Saved model to runs\20260917-223843_fusion_abl-minmax_only_3c3812\reference.pth
Pre-train Epoch: 4 [0/40200 (0%)]	Loss: 1.244719	Acc: 62.50%
Pre-train Epoch: 4 [6400/40200 (16%)]	Loss: 1.203193	Acc: 65.61%
Pre-train Epoch: 4 [12800/40200 (32%)]	Loss: 1.147757	Acc: 65.62%
Pre-train Epoch: 4 [19200/40200 (48%)]	Loss: 1.091043	Acc: 65.41%
Pre-train Epoch: 4 [25600/40200 (64%)]	Loss: 1.091456	Acc: 65.74%
Pre-train Epoch: 4 [32000/40200 (79%)]	Loss: 0.952502	Acc: 65.75%
Pre-train Epoch: 4 [38400/40200 (95%)]	Loss: 1.389316	Acc: 65.97%

Validation set: Average loss: 0.9509, Accuracy: 13601/19800 (68.69%)

Validation: acc 68.69%  macro-F1 0.6826  macro-recall 0.6880  (n=19800, classes=30)
Validation: worst-6 recall -> 8:0.04, 7:0.36, 6:0.40, 28:0.42, 17:0.43, 22:0.43

--> No improvement in validation loss. Patience: 1/10
Pre-train Epoch: 5 [0/40200 (0%)]	Loss: 1.285437	Acc: 54.69%
Pre-train Epoch: 5 [6400/40200 (16%)]	Loss: 1.110033	Acc: 67.57%
Pre-train Epoch: 5 [12800/40200 (32%)]	Loss: 1.331109	Acc: 67.36%
Pre-train Epoch: 5 [19200/40200 (48%)]	Loss: 0.891529	Acc: 67.18%
Pre-train Epoch: 5 [25600/40200 (64%)]	Loss: 0.852634	Acc: 67.14%
Pre-train Epoch: 5 [32000/40200 (79%)]	Loss: 0.963051	Acc: 67.29%
Pre-train Epoch: 5 [38400/40200 (95%)]	Loss: 0.884811	Acc: 67.44%

Validation set: Average loss: 0.7734, Accuracy: 15039/19800 (75.95%)

Validation: acc 75.95%  macro-F1 0.7564  macro-recall 0.7613  (n=19800, classes=30)
Validation: worst-6 recall -> 2:0.33, 29:0.41, 8:0.42, 16:0.50, 28:0.57, 17:0.58

--> Best validation loss improved. Saved model to runs\20260917-223843_fusion_abl-minmax_only_3c3812\reference.pth
Pre-train Epoch: 6 [0/40200 (0%)]	Loss: 0.801294	Acc: 73.44%
Pre-train Epoch: 6 [6400/40200 (16%)]	Loss: 0.981433	Acc: 67.61%
Pre-train Epoch: 6 [12800/40200 (32%)]	Loss: 0.937000	Acc: 67.82%
Pre-train Epoch: 6 [19200/40200 (48%)]	Loss: 1.198677	Acc: 67.92%
Pre-train Epoch: 6 [25600/40200 (64%)]	Loss: 0.783136	Acc: 68.10%
Pre-train Epoch: 6 [32000/40200 (79%)]	Loss: 1.070642	Acc: 68.40%
Pre-train Epoch: 6 [38400/40200 (95%)]	Loss: 0.901951	Acc: 68.53%

Validation set: Average loss: 0.7930, Accuracy: 14871/19800 (75.11%)

Validation: acc 75.11%  macro-F1 0.7513  macro-recall 0.7532  (n=19800, classes=30)
Validation: worst-6 recall -> 29:0.34, 17:0.44, 8:0.44, 2:0.50, 22:0.58, 26:0.61

--> No improvement in validation loss. Patience: 1/10
Pre-train Epoch: 7 [0/40200 (0%)]	Loss: 0.885560	Acc: 73.44%
Pre-train Epoch: 7 [6400/40200 (16%)]	Loss: 1.030063	Acc: 69.04%
Pre-train Epoch: 7 [12800/40200 (32%)]	Loss: 0.931857	Acc: 69.35%
Pre-train Epoch: 7 [19200/40200 (48%)]	Loss: 0.816688	Acc: 69.18%
Pre-train Epoch: 7 [25600/40200 (64%)]	Loss: 1.125459	Acc: 69.13%
Pre-train Epoch: 7 [32000/40200 (79%)]	Loss: 0.805262	Acc: 69.37%
Pre-train Epoch: 7 [38400/40200 (95%)]	Loss: 0.848517	Acc: 69.38%

Validation set: Average loss: 0.6794, Accuracy: 15556/19800 (78.57%)

Validation: acc 78.57%  macro-F1 0.7809  macro-recall 0.7867  (n=19800, classes=30)
Validation: worst-6 recall -> 16:0.33, 29:0.45, 17:0.55, 8:0.56, 22:0.59, 4:0.59

--> Best validation loss improved. Saved model to runs\20260917-223843_fusion_abl-minmax_only_3c3812\reference.pth
Pre-train Epoch: 8 [0/40200 (0%)]	Loss: 0.850752	Acc: 73.44%
Pre-train Epoch: 8 [6400/40200 (16%)]	Loss: 1.271347	Acc: 70.56%
Pre-train Epoch: 8 [12800/40200 (32%)]	Loss: 1.183249	Acc: 71.07%
Pre-train Epoch: 8 [19200/40200 (48%)]	Loss: 1.036197	Acc: 70.65%
Pre-train Epoch: 8 [25600/40200 (64%)]	Loss: 0.875072	Acc: 70.60%
Pre-train Epoch: 8 [32000/40200 (79%)]	Loss: 0.819269	Acc: 70.52%
Pre-train Epoch: 8 [38400/40200 (95%)]	Loss: 0.750998	Acc: 70.40%

Validation set: Average loss: 0.7651, Accuracy: 14809/19800 (74.79%)

Validation: acc 74.79%  macro-F1 0.7429  macro-recall 0.7497  (n=19800, classes=30)
Validation: worst-6 recall -> 22:0.32, 17:0.33, 2:0.39, 3:0.43, 7:0.51, 8:0.54

--> No improvement in validation loss. Patience: 1/10
Pre-train Epoch: 9 [0/40200 (0%)]	Loss: 0.778193	Acc: 75.00%
Pre-train Epoch: 9 [6400/40200 (16%)]	Loss: 0.776369	Acc: 71.18%
Pre-train Epoch: 9 [12800/40200 (32%)]	Loss: 0.850526	Acc: 70.62%
Pre-train Epoch: 9 [19200/40200 (48%)]	Loss: 0.881116	Acc: 70.79%
Pre-train Epoch: 9 [25600/40200 (64%)]	Loss: 0.904393	Acc: 70.99%
Pre-train Epoch: 9 [32000/40200 (79%)]	Loss: 1.020271	Acc: 70.88%
Pre-train Epoch: 9 [38400/40200 (95%)]	Loss: 0.905745	Acc: 70.92%

Validation set: Average loss: 0.6724, Accuracy: 15607/19800 (78.82%)

Validation: acc 78.82%  macro-F1 0.7835  macro-recall 0.7890  (n=19800, classes=30)
Validation: worst-6 recall -> 8:0.28, 16:0.31, 2:0.55, 17:0.56, 29:0.56, 4:0.64

--> Best validation loss improved. Saved model to runs\20260917-223843_fusion_abl-minmax_only_3c3812\reference.pth
Pre-train Epoch: 10 [0/40200 (0%)]	Loss: 0.806272	Acc: 71.88%
Pre-train Epoch: 10 [6400/40200 (16%)]	Loss: 0.976236	Acc: 71.69%
Pre-train Epoch: 10 [12800/40200 (32%)]	Loss: 0.665314	Acc: 71.78%
Pre-train Epoch: 10 [19200/40200 (48%)]	Loss: 0.869308	Acc: 72.08%
Pre-train Epoch: 10 [25600/40200 (64%)]	Loss: 0.927212	Acc: 71.79%
Pre-train Epoch: 10 [32000/40200 (79%)]	Loss: 0.942921	Acc: 71.99%
Pre-train Epoch: 10 [38400/40200 (95%)]	Loss: 0.881845	Acc: 71.95%

Validation set: Average loss: 0.7881, Accuracy: 14555/19800 (73.51%)

Validation: acc 73.51%  macro-F1 0.7358  macro-recall 0.7374  (n=19800, classes=30)
Validation: worst-6 recall -> 15:0.16, 2:0.40, 28:0.43, 3:0.44, 26:0.55, 29:0.56

--> No improvement in validation loss. Patience: 1/10
Pre-train Epoch: 11 [0/40200 (0%)]	Loss: 0.942147	Acc: 76.56%
Pre-train Epoch: 11 [6400/40200 (16%)]	Loss: 0.676195	Acc: 71.50%
Pre-train Epoch: 11 [12800/40200 (32%)]	Loss: 0.838605	Acc: 71.74%
Pre-train Epoch: 11 [19200/40200 (48%)]	Loss: 0.794711	Acc: 71.86%
Pre-train Epoch: 11 [25600/40200 (64%)]	Loss: 0.942239	Acc: 72.16%
Pre-train Epoch: 11 [32000/40200 (79%)]	Loss: 0.884227	Acc: 72.42%
Pre-train Epoch: 11 [38400/40200 (95%)]	Loss: 0.825310	Acc: 72.69%

Validation set: Average loss: 0.6906, Accuracy: 15132/19800 (76.42%)

Validation: acc 76.42%  macro-F1 0.7566  macro-recall 0.7659  (n=19800, classes=30)
Validation: worst-6 recall -> 22:0.25, 15:0.36, 2:0.39, 17:0.45, 7:0.50, 14:0.57

--> No improvement in validation loss. Patience: 2/10
Pre-train Epoch: 12 [0/40200 (0%)]	Loss: 0.873208	Acc: 68.75%
Pre-train Epoch: 12 [6400/40200 (16%)]	Loss: 0.754834	Acc: 73.21%
Pre-train Epoch: 12 [12800/40200 (32%)]	Loss: 0.837462	Acc: 72.54%
Pre-train Epoch: 12 [19200/40200 (48%)]	Loss: 0.926987	Acc: 72.67%
Pre-train Epoch: 12 [25600/40200 (64%)]	Loss: 0.584390	Acc: 73.08%
Pre-train Epoch: 12 [32000/40200 (79%)]	Loss: 1.014399	Acc: 73.16%
Pre-train Epoch: 12 [38400/40200 (95%)]	Loss: 0.868761	Acc: 73.17%

Validation set: Average loss: 0.6817, Accuracy: 15382/19800 (77.69%)

Validation: acc 77.69%  macro-F1 0.7740  macro-recall 0.7784  (n=19800, classes=30)
Validation: worst-6 recall -> 29:0.29, 17:0.36, 16:0.49, 22:0.56, 23:0.60, 8:0.60

--> No improvement in validation loss. Patience: 3/10
Pre-train Epoch: 13 [0/40200 (0%)]	Loss: 0.597043	Acc: 87.50%
Pre-train Epoch: 13 [6400/40200 (16%)]	Loss: 0.797286	Acc: 73.36%
Pre-train Epoch: 13 [12800/40200 (32%)]	Loss: 0.855289	Acc: 73.03%
Pre-train Epoch: 13 [19200/40200 (48%)]	Loss: 0.803788	Acc: 73.37%
Pre-train Epoch: 13 [25600/40200 (64%)]	Loss: 0.825329	Acc: 73.15%
Pre-train Epoch: 13 [32000/40200 (79%)]	Loss: 0.808867	Acc: 73.29%
Pre-train Epoch: 13 [38400/40200 (95%)]	Loss: 0.811582	Acc: 73.51%

Validation set: Average loss: 0.5865, Accuracy: 16267/19800 (82.16%)

Validation: acc 82.16%  macro-F1 0.8209  macro-recall 0.8227  (n=19800, classes=30)
Validation: worst-6 recall -> 22:0.52, 17:0.52, 2:0.59, 29:0.61, 16:0.65, 8:0.66

--> Best validation loss improved. Saved model to runs\20260917-223843_fusion_abl-minmax_only_3c3812\reference.pth
Pre-train Epoch: 14 [0/40200 (0%)]	Loss: 0.757514	Acc: 68.75%
Pre-train Epoch: 14 [6400/40200 (16%)]	Loss: 0.890884	Acc: 73.95%
Pre-train Epoch: 14 [12800/40200 (32%)]	Loss: 0.749518	Acc: 74.00%
Pre-train Epoch: 14 [19200/40200 (48%)]	Loss: 0.666172	Acc: 73.99%
Pre-train Epoch: 14 [25600/40200 (64%)]	Loss: 0.862649	Acc: 74.11%
Pre-train Epoch: 14 [32000/40200 (79%)]	Loss: 0.843545	Acc: 74.19%
Pre-train Epoch: 14 [38400/40200 (95%)]	Loss: 0.789902	Acc: 74.29%

Validation set: Average loss: 0.5942, Accuracy: 16272/19800 (82.18%)

Validation: acc 82.18%  macro-F1 0.8216  macro-recall 0.8231  (n=19800, classes=30)
Validation: worst-6 recall -> 29:0.55, 4:0.61, 8:0.61, 6:0.62, 17:0.63, 3:0.64

--> No improvement in validation loss. Patience: 1/10
Pre-train Epoch: 15 [0/40200 (0%)]	Loss: 0.937883	Acc: 65.62%
Pre-train Epoch: 15 [6400/40200 (16%)]	Loss: 0.653971	Acc: 74.23%
Pre-train Epoch: 15 [12800/40200 (32%)]	Loss: 0.922908	Acc: 74.22%
Pre-train Epoch: 15 [19200/40200 (48%)]	Loss: 0.810181	Acc: 74.44%
Pre-train Epoch: 15 [25600/40200 (64%)]	Loss: 1.114980	Acc: 74.26%
Pre-train Epoch: 15 [32000/40200 (79%)]	Loss: 0.797222	Acc: 74.17%
Pre-train Epoch: 15 [38400/40200 (95%)]	Loss: 0.906891	Acc: 74.30%

Validation set: Average loss: 0.5800, Accuracy: 16275/19800 (82.20%)

Validation: acc 82.20%  macro-F1 0.8219  macro-recall 0.8228  (n=19800, classes=30)
Validation: worst-6 recall -> 3:0.50, 8:0.51, 6:0.54, 16:0.55, 29:0.62, 17:0.69

--> Best validation loss improved. Saved model to runs\20260917-223843_fusion_abl-minmax_only_3c3812\reference.pth
Pre-train Epoch: 16 [0/40200 (0%)]	Loss: 0.757314	Acc: 75.00%
Pre-train Epoch: 16 [6400/40200 (16%)]	Loss: 0.830339	Acc: 74.07%
Pre-train Epoch: 16 [12800/40200 (32%)]	Loss: 0.871548	Acc: 74.27%
Pre-train Epoch: 16 [19200/40200 (48%)]	Loss: 0.816095	Acc: 74.57%
Pre-train Epoch: 16 [25600/40200 (64%)]	Loss: 0.985503	Acc: 74.58%
Pre-train Epoch: 16 [32000/40200 (79%)]	Loss: 0.647852	Acc: 74.67%
Pre-train Epoch: 16 [38400/40200 (95%)]	Loss: 0.663515	Acc: 74.79%

Validation set: Average loss: 0.6359, Accuracy: 15708/19800 (79.33%)

Validation: acc 79.33%  macro-F1 0.7925  macro-recall 0.7953  (n=19800, classes=30)
Validation: worst-6 recall -> 29:0.41, 3:0.47, 17:0.48, 6:0.56, 2:0.63, 8:0.67

--> No improvement in validation loss. Patience: 1/10
Pre-train Epoch: 17 [0/40200 (0%)]	Loss: 0.641146	Acc: 78.12%
Pre-train Epoch: 17 [6400/40200 (16%)]	Loss: 0.632132	Acc: 74.18%
Pre-train Epoch: 17 [12800/40200 (32%)]	Loss: 0.667285	Acc: 74.81%
Pre-train Epoch: 17 [19200/40200 (48%)]	Loss: 0.904594	Acc: 74.82%
Pre-train Epoch: 17 [25600/40200 (64%)]	Loss: 0.739125	Acc: 74.77%
Pre-train Epoch: 17 [32000/40200 (79%)]	Loss: 0.502733	Acc: 75.18%
Pre-train Epoch: 17 [38400/40200 (95%)]	Loss: 0.600973	Acc: 75.26%

Validation set: Average loss: 0.6263, Accuracy: 15686/19800 (79.22%)

Validation: acc 79.22%  macro-F1 0.7883  macro-recall 0.7939  (n=19800, classes=30)
Validation: worst-6 recall -> 2:0.30, 15:0.41, 22:0.41, 23:0.52, 29:0.55, 4:0.61

--> No improvement in validation loss. Patience: 2/10
Pre-train Epoch: 18 [0/40200 (0%)]	Loss: 0.746075	Acc: 79.69%
Pre-train Epoch: 18 [6400/40200 (16%)]	Loss: 0.856716	Acc: 75.05%
Pre-train Epoch: 18 [12800/40200 (32%)]	Loss: 0.807294	Acc: 75.26%
Pre-train Epoch: 18 [19200/40200 (48%)]	Loss: 0.797718	Acc: 75.29%
Pre-train Epoch: 18 [25600/40200 (64%)]	Loss: 0.670398	Acc: 75.12%
Pre-train Epoch: 18 [32000/40200 (79%)]	Loss: 0.594049	Acc: 75.05%
Pre-train Epoch: 18 [38400/40200 (95%)]	Loss: 0.605165	Acc: 75.23%

Validation set: Average loss: 0.5395, Accuracy: 16648/19800 (84.08%)

Validation: acc 84.08%  macro-F1 0.8413  macro-recall 0.8418  (n=19800, classes=30)
Validation: worst-6 recall -> 3:0.58, 2:0.58, 8:0.65, 28:0.66, 16:0.66, 6:0.71

--> Best validation loss improved. Saved model to runs\20260917-223843_fusion_abl-minmax_only_3c3812\reference.pth
Pre-train Epoch: 19 [0/40200 (0%)]	Loss: 0.885469	Acc: 73.44%
Pre-train Epoch: 19 [6400/40200 (16%)]	Loss: 0.906419	Acc: 74.50%
Pre-train Epoch: 19 [12800/40200 (32%)]	Loss: 0.544010	Acc: 75.84%
Pre-train Epoch: 19 [19200/40200 (48%)]	Loss: 0.685199	Acc: 75.89%
Pre-train Epoch: 19 [25600/40200 (64%)]	Loss: 0.769786	Acc: 75.87%
Pre-train Epoch: 19 [32000/40200 (79%)]	Loss: 0.767584	Acc: 75.72%
Pre-train Epoch: 19 [38400/40200 (95%)]	Loss: 0.821109	Acc: 75.63%

Validation set: Average loss: 0.5518, Accuracy: 16533/19800 (83.50%)

Validation: acc 83.50%  macro-F1 0.8329  macro-recall 0.8362  (n=19800, classes=30)
Validation: worst-6 recall -> 2:0.44, 16:0.51, 3:0.60, 6:0.64, 8:0.66, 17:0.66

--> No improvement in validation loss. Patience: 1/10
Pre-train Epoch: 20 [0/40200 (0%)]	Loss: 0.750616	Acc: 76.56%
Pre-train Epoch: 20 [6400/40200 (16%)]	Loss: 0.999501	Acc: 75.00%
Pre-train Epoch: 20 [12800/40200 (32%)]	Loss: 0.840572	Acc: 75.09%
Pre-train Epoch: 20 [19200/40200 (48%)]	Loss: 0.690729	Acc: 75.25%
Pre-train Epoch: 20 [25600/40200 (64%)]	Loss: 0.781307	Acc: 75.44%
Pre-train Epoch: 20 [32000/40200 (79%)]	Loss: 0.747009	Acc: 75.51%
Pre-train Epoch: 20 [38400/40200 (95%)]	Loss: 0.708476	Acc: 75.57%

Validation set: Average loss: 0.5566, Accuracy: 16264/19800 (82.14%)

Validation: acc 82.14%  macro-F1 0.8177  macro-recall 0.8218  (n=19800, classes=30)
Validation: worst-6 recall -> 16:0.37, 4:0.46, 8:0.47, 29:0.58, 6:0.59, 22:0.62

--> No improvement in validation loss. Patience: 2/10
Pre-train Epoch: 21 [0/40200 (0%)]	Loss: 0.706568	Acc: 82.81%
Pre-train Epoch: 21 [6400/40200 (16%)]	Loss: 0.794885	Acc: 75.88%
Pre-train Epoch: 21 [12800/40200 (32%)]	Loss: 0.786418	Acc: 76.48%
Pre-train Epoch: 21 [19200/40200 (48%)]	Loss: 0.633325	Acc: 76.08%
Pre-train Epoch: 21 [25600/40200 (64%)]	Loss: 0.766613	Acc: 76.21%
Pre-train Epoch: 21 [32000/40200 (79%)]	Loss: 0.763483	Acc: 76.09%
Pre-train Epoch: 21 [38400/40200 (95%)]	Loss: 0.743619	Acc: 75.91%

Validation set: Average loss: 0.6427, Accuracy: 15583/19800 (78.70%)

Validation: acc 78.70%  macro-F1 0.7786  macro-recall 0.7878  (n=19800, classes=30)
Validation: worst-6 recall -> 4:0.15, 29:0.27, 3:0.47, 22:0.54, 6:0.58, 8:0.62

--> No improvement in validation loss. Patience: 3/10
Pre-train Epoch: 22 [0/40200 (0%)]	Loss: 0.847087	Acc: 71.88%
Pre-train Epoch: 22 [6400/40200 (16%)]	Loss: 0.664702	Acc: 76.35%
Pre-train Epoch: 22 [12800/40200 (32%)]	Loss: 0.700130	Acc: 76.65%
Pre-train Epoch: 22 [19200/40200 (48%)]	Loss: 0.710749	Acc: 76.31%
Pre-train Epoch: 22 [25600/40200 (64%)]	Loss: 0.731801	Acc: 76.35%
Pre-train Epoch: 22 [32000/40200 (79%)]	Loss: 0.769807	Acc: 76.34%
Pre-train Epoch: 22 [38400/40200 (95%)]	Loss: 0.727710	Acc: 76.46%

Validation set: Average loss: 0.5275, Accuracy: 16542/19800 (83.55%)

Validation: acc 83.55%  macro-F1 0.8334  macro-recall 0.8363  (n=19800, classes=30)
Validation: worst-6 recall -> 2:0.50, 22:0.54, 29:0.57, 7:0.60, 8:0.61, 16:0.63

--> Best validation loss improved. Saved model to runs\20260917-223843_fusion_abl-minmax_only_3c3812\reference.pth
Pre-train Epoch: 23 [0/40200 (0%)]	Loss: 0.824034	Acc: 76.56%
Pre-train Epoch: 23 [6400/40200 (16%)]	Loss: 1.033078	Acc: 75.70%
Pre-train Epoch: 23 [12800/40200 (32%)]	Loss: 0.693862	Acc: 76.27%
Pre-train Epoch: 23 [19200/40200 (48%)]	Loss: 0.750274	Acc: 76.39%
Pre-train Epoch: 23 [25600/40200 (64%)]	Loss: 0.766038	Acc: 76.50%
Pre-train Epoch: 23 [32000/40200 (79%)]	Loss: 0.632969	Acc: 76.71%
Pre-train Epoch: 23 [38400/40200 (95%)]	Loss: 0.805622	Acc: 76.61%

Validation set: Average loss: 0.6574, Accuracy: 15407/19800 (77.81%)

Validation: acc 77.81%  macro-F1 0.7719  macro-recall 0.7792  (n=19800, classes=30)
Validation: worst-6 recall -> 8:0.30, 2:0.31, 28:0.36, 16:0.39, 7:0.44, 22:0.45

--> No improvement in validation loss. Patience: 1/10
Pre-train Epoch: 24 [0/40200 (0%)]	Loss: 0.869835	Acc: 64.06%
Pre-train Epoch: 24 [6400/40200 (16%)]	Loss: 0.846236	Acc: 75.26%
Pre-train Epoch: 24 [12800/40200 (32%)]	Loss: 0.871661	Acc: 76.24%
Pre-train Epoch: 24 [19200/40200 (48%)]	Loss: 0.847045	Acc: 76.45%
Pre-train Epoch: 24 [25600/40200 (64%)]	Loss: 0.694399	Acc: 76.43%
Pre-train Epoch: 24 [32000/40200 (79%)]	Loss: 0.718343	Acc: 76.32%
Pre-train Epoch: 24 [38400/40200 (95%)]	Loss: 0.649804	Acc: 76.39%

Validation set: Average loss: 0.5946, Accuracy: 16116/19800 (81.39%)

Validation: acc 81.39%  macro-F1 0.8167  macro-recall 0.8146  (n=19800, classes=30)
Validation: worst-6 recall -> 11:0.50, 22:0.53, 16:0.56, 29:0.61, 2:0.62, 28:0.64

--> No improvement in validation loss. Patience: 2/10
Pre-train Epoch: 25 [0/40200 (0%)]	Loss: 0.688551	Acc: 75.00%
Pre-train Epoch: 25 [6400/40200 (16%)]	Loss: 0.751081	Acc: 76.41%
Pre-train Epoch: 25 [12800/40200 (32%)]	Loss: 0.735173	Acc: 76.83%
Pre-train Epoch: 25 [19200/40200 (48%)]	Loss: 0.529294	Acc: 77.21%
Pre-train Epoch: 25 [25600/40200 (64%)]	Loss: 0.930461	Acc: 77.14%
Pre-train Epoch: 25 [32000/40200 (79%)]	Loss: 0.647685	Acc: 77.24%
Pre-train Epoch: 25 [38400/40200 (95%)]	Loss: 0.771206	Acc: 77.27%

Validation set: Average loss: 0.5176, Accuracy: 16477/19800 (83.22%)

Validation: acc 83.22%  macro-F1 0.8249  macro-recall 0.8324  (n=19800, classes=30)
Validation: worst-6 recall -> 16:0.35, 8:0.38, 29:0.50, 7:0.56, 2:0.58, 22:0.59

--> Best validation loss improved. Saved model to runs\20260917-223843_fusion_abl-minmax_only_3c3812\reference.pth
Pre-train Epoch: 26 [0/40200 (0%)]	Loss: 0.704711	Acc: 82.81%
Pre-train Epoch: 26 [6400/40200 (16%)]	Loss: 0.701230	Acc: 76.86%
Pre-train Epoch: 26 [12800/40200 (32%)]	Loss: 0.727421	Acc: 76.51%
Pre-train Epoch: 26 [19200/40200 (48%)]	Loss: 0.742866	Acc: 76.97%
Pre-train Epoch: 26 [25600/40200 (64%)]	Loss: 0.584674	Acc: 76.86%
Pre-train Epoch: 26 [32000/40200 (79%)]	Loss: 0.533542	Acc: 76.85%
Pre-train Epoch: 26 [38400/40200 (95%)]	Loss: 0.771405	Acc: 77.00%

Validation set: Average loss: 0.5564, Accuracy: 16232/19800 (81.98%)

Validation: acc 81.98%  macro-F1 0.8150  macro-recall 0.8206  (n=19800, classes=30)
Validation: worst-6 recall -> 29:0.32, 7:0.37, 16:0.52, 8:0.61, 28:0.65, 22:0.67

--> No improvement in validation loss. Patience: 1/10
Pre-train Epoch: 27 [0/40200 (0%)]	Loss: 0.673047	Acc: 82.81%
Pre-train Epoch: 27 [6400/40200 (16%)]	Loss: 0.995678	Acc: 76.11%
Pre-train Epoch: 27 [12800/40200 (32%)]	Loss: 0.854733	Acc: 76.78%
Pre-train Epoch: 27 [19200/40200 (48%)]	Loss: 0.646918	Acc: 76.68%
Pre-train Epoch: 27 [25600/40200 (64%)]	Loss: 0.730982	Acc: 76.91%
Pre-train Epoch: 27 [32000/40200 (79%)]	Loss: 0.900687	Acc: 76.96%
Pre-train Epoch: 27 [38400/40200 (95%)]	Loss: 0.583695	Acc: 77.25%

Validation set: Average loss: 0.5252, Accuracy: 16649/19800 (84.09%)

Validation: acc 84.09%  macro-F1 0.8429  macro-recall 0.8414  (n=19800, classes=30)
Validation: worst-6 recall -> 6:0.59, 16:0.65, 26:0.66, 29:0.69, 3:0.70, 2:0.72

--> No improvement in validation loss. Patience: 2/10
Pre-train Epoch: 28 [0/40200 (0%)]	Loss: 0.627638	Acc: 87.50%
Pre-train Epoch: 28 [6400/40200 (16%)]	Loss: 0.945855	Acc: 76.55%
Pre-train Epoch: 28 [12800/40200 (32%)]	Loss: 0.906060	Acc: 77.23%
Pre-train Epoch: 28 [19200/40200 (48%)]	Loss: 0.658345	Acc: 77.22%
Pre-train Epoch: 28 [25600/40200 (64%)]	Loss: 0.841218	Acc: 77.15%
Pre-train Epoch: 28 [32000/40200 (79%)]	Loss: 0.729743	Acc: 77.01%
Pre-train Epoch: 28 [38400/40200 (95%)]	Loss: 0.641490	Acc: 77.17%

Validation set: Average loss: 0.5123, Accuracy: 16682/19800 (84.25%)

Validation: acc 84.25%  macro-F1 0.8420  macro-recall 0.8433  (n=19800, classes=30)
Validation: worst-6 recall -> 15:0.47, 2:0.59, 3:0.61, 8:0.62, 5:0.72, 28:0.72

--> Best validation loss improved. Saved model to runs\20260917-223843_fusion_abl-minmax_only_3c3812\reference.pth
Pre-train Epoch: 29 [0/40200 (0%)]	Loss: 0.828167	Acc: 76.56%
Pre-train Epoch: 29 [6400/40200 (16%)]	Loss: 0.716627	Acc: 77.51%
Pre-train Epoch: 29 [12800/40200 (32%)]	Loss: 0.435986	Acc: 77.46%
Pre-train Epoch: 29 [19200/40200 (48%)]	Loss: 0.582601	Acc: 77.60%
Pre-train Epoch: 29 [25600/40200 (64%)]	Loss: 0.715558	Acc: 77.66%
Pre-train Epoch: 29 [32000/40200 (79%)]	Loss: 0.738815	Acc: 77.69%
Pre-train Epoch: 29 [38400/40200 (95%)]	Loss: 0.833580	Acc: 77.63%

Validation set: Average loss: 0.6053, Accuracy: 16003/19800 (80.82%)

Validation: acc 80.82%  macro-F1 0.8087  macro-recall 0.8092  (n=19800, classes=30)
Validation: worst-6 recall -> 22:0.32, 2:0.53, 17:0.58, 26:0.59, 29:0.63, 23:0.66

--> No improvement in validation loss. Patience: 1/10
Pre-train Epoch: 30 [0/40200 (0%)]	Loss: 0.923757	Acc: 64.06%
Pre-train Epoch: 30 [6400/40200 (16%)]	Loss: 0.990499	Acc: 76.87%
Pre-train Epoch: 30 [12800/40200 (32%)]	Loss: 0.679802	Acc: 77.29%
Pre-train Epoch: 30 [19200/40200 (48%)]	Loss: 0.658111	Acc: 77.20%
Pre-train Epoch: 30 [25600/40200 (64%)]	Loss: 0.551510	Acc: 77.40%
Pre-train Epoch: 30 [32000/40200 (79%)]	Loss: 0.877980	Acc: 77.35%
Pre-train Epoch: 30 [38400/40200 (95%)]	Loss: 0.774752	Acc: 77.41%

Validation set: Average loss: 0.5237, Accuracy: 16697/19800 (84.33%)

Validation: acc 84.33%  macro-F1 0.8446  macro-recall 0.8444  (n=19800, classes=30)
Validation: worst-6 recall -> 29:0.56, 2:0.56, 15:0.62, 17:0.67, 3:0.69, 8:0.72

--> No improvement in validation loss. Patience: 2/10
Pre-train Epoch: 31 [0/40200 (0%)]	Loss: 0.653208	Acc: 76.56%
Pre-train Epoch: 31 [6400/40200 (16%)]	Loss: 0.645209	Acc: 77.40%
Pre-train Epoch: 31 [12800/40200 (32%)]	Loss: 0.793103	Acc: 77.10%
Pre-train Epoch: 31 [19200/40200 (48%)]	Loss: 0.593267	Acc: 77.36%
Pre-train Epoch: 31 [25600/40200 (64%)]	Loss: 0.786549	Acc: 77.36%
Pre-train Epoch: 31 [32000/40200 (79%)]	Loss: 0.577103	Acc: 77.38%
Pre-train Epoch: 31 [38400/40200 (95%)]	Loss: 0.802262	Acc: 77.28%

Validation set: Average loss: 0.5537, Accuracy: 16348/19800 (82.57%)

Validation: acc 82.57%  macro-F1 0.8270  macro-recall 0.8263  (n=19800, classes=30)
Validation: worst-6 recall -> 2:0.48, 8:0.50, 6:0.52, 28:0.57, 3:0.62, 4:0.68

--> No improvement in validation loss. Patience: 3/10
Pre-train Epoch: 32 [0/40200 (0%)]	Loss: 0.670839	Acc: 78.12%
Pre-train Epoch: 32 [6400/40200 (16%)]	Loss: 0.780038	Acc: 77.94%
Pre-train Epoch: 32 [12800/40200 (32%)]	Loss: 0.587425	Acc: 78.24%
Pre-train Epoch: 32 [19200/40200 (48%)]	Loss: 0.617705	Acc: 77.88%
Pre-train Epoch: 32 [25600/40200 (64%)]	Loss: 0.648536	Acc: 78.02%
Pre-train Epoch: 32 [32000/40200 (79%)]	Loss: 0.742719	Acc: 77.82%
Pre-train Epoch: 32 [38400/40200 (95%)]	Loss: 0.798557	Acc: 77.86%

Validation set: Average loss: 0.5169, Accuracy: 16606/19800 (83.87%)

Validation: acc 83.87%  macro-F1 0.8364  macro-recall 0.8398  (n=19800, classes=30)
Validation: worst-6 recall -> 8:0.43, 17:0.45, 29:0.55, 6:0.66, 3:0.69, 15:0.69

--> No improvement in validation loss. Patience: 4/10
Pre-train Epoch: 33 [0/40200 (0%)]	Loss: 0.492796	Acc: 85.94%
Pre-train Epoch: 33 [6400/40200 (16%)]	Loss: 0.658705	Acc: 77.71%
Pre-train Epoch: 33 [12800/40200 (32%)]	Loss: 0.561185	Acc: 78.04%
Pre-train Epoch: 33 [19200/40200 (48%)]	Loss: 0.908868	Acc: 78.02%
Pre-train Epoch: 33 [25600/40200 (64%)]	Loss: 0.918856	Acc: 77.89%
Pre-train Epoch: 33 [32000/40200 (79%)]	Loss: 0.677122	Acc: 77.74%
Pre-train Epoch: 33 [38400/40200 (95%)]	Loss: 0.661241	Acc: 77.65%

Validation set: Average loss: 0.5160, Accuracy: 16609/19800 (83.88%)

Validation: acc 83.88%  macro-F1 0.8350  macro-recall 0.8394  (n=19800, classes=30)
Validation: worst-6 recall -> 29:0.42, 7:0.49, 8:0.55, 22:0.55, 2:0.63, 15:0.67

--> No improvement in validation loss. Patience: 5/10
Pre-train Epoch: 34 [0/40200 (0%)]	Loss: 0.587711	Acc: 79.69%
Pre-train Epoch: 34 [6400/40200 (16%)]	Loss: 0.752225	Acc: 78.85%
Pre-train Epoch: 34 [12800/40200 (32%)]	Loss: 1.044050	Acc: 77.93%
Pre-train Epoch: 34 [19200/40200 (48%)]	Loss: 0.760470	Acc: 77.69%
Pre-train Epoch: 34 [25600/40200 (64%)]	Loss: 0.667157	Acc: 77.95%
Pre-train Epoch: 34 [32000/40200 (79%)]	Loss: 0.852872	Acc: 77.84%
Pre-train Epoch: 34 [38400/40200 (95%)]	Loss: 0.826287	Acc: 77.72%

Validation set: Average loss: 0.5315, Accuracy: 16525/19800 (83.46%)

Validation: acc 83.46%  macro-F1 0.8365  macro-recall 0.8359  (n=19800, classes=30)
Validation: worst-6 recall -> 15:0.50, 2:0.55, 6:0.62, 29:0.67, 28:0.69, 17:0.73

--> No improvement in validation loss. Patience: 6/10
Pre-train Epoch: 35 [0/40200 (0%)]	Loss: 0.877955	Acc: 73.44%
Pre-train Epoch: 35 [6400/40200 (16%)]	Loss: 0.672946	Acc: 79.07%
Pre-train Epoch: 35 [12800/40200 (32%)]	Loss: 0.599646	Acc: 78.27%
Pre-train Epoch: 35 [19200/40200 (48%)]	Loss: 0.634192	Acc: 78.27%
Pre-train Epoch: 35 [25600/40200 (64%)]	Loss: 0.629325	Acc: 78.00%
Pre-train Epoch: 35 [32000/40200 (79%)]	Loss: 0.887631	Acc: 77.91%
Pre-train Epoch: 35 [38400/40200 (95%)]	Loss: 0.459547	Acc: 78.00%

Validation set: Average loss: 0.6097, Accuracy: 15950/19800 (80.56%)

Validation: acc 80.56%  macro-F1 0.8016  macro-recall 0.8063  (n=19800, classes=30)
Validation: worst-6 recall -> 8:0.23, 15:0.41, 28:0.50, 29:0.60, 9:0.65, 2:0.66

--> No improvement in validation loss. Patience: 7/10
Pre-train Epoch: 36 [0/40200 (0%)]	Loss: 0.744969	Acc: 78.12%
Pre-train Epoch: 36 [6400/40200 (16%)]	Loss: 0.668542	Acc: 77.51%
Pre-train Epoch: 36 [12800/40200 (32%)]	Loss: 0.551256	Acc: 78.16%
Pre-train Epoch: 36 [19200/40200 (48%)]	Loss: 0.711784	Acc: 78.32%
Pre-train Epoch: 36 [25600/40200 (64%)]	Loss: 0.744085	Acc: 78.32%
Pre-train Epoch: 36 [32000/40200 (79%)]	Loss: 0.621662	Acc: 78.12%
Pre-train Epoch: 36 [38400/40200 (95%)]	Loss: 0.660046	Acc: 78.06%

Validation set: Average loss: 0.4932, Accuracy: 16744/19800 (84.57%)

Validation: acc 84.57%  macro-F1 0.8435  macro-recall 0.8467  (n=19800, classes=30)
Validation: worst-6 recall -> 29:0.50, 15:0.55, 2:0.60, 8:0.63, 22:0.68, 7:0.68

--> Best validation loss improved. Saved model to runs\20260917-223843_fusion_abl-minmax_only_3c3812\reference.pth
Pre-train Epoch: 37 [0/40200 (0%)]	Loss: 0.702095	Acc: 75.00%
Pre-train Epoch: 37 [6400/40200 (16%)]	Loss: 0.772488	Acc: 78.57%
Pre-train Epoch: 37 [12800/40200 (32%)]	Loss: 0.618577	Acc: 78.43%
Pre-train Epoch: 37 [19200/40200 (48%)]	Loss: 0.614397	Acc: 78.20%
Pre-train Epoch: 37 [25600/40200 (64%)]	Loss: 0.880968	Acc: 78.07%
Pre-train Epoch: 37 [32000/40200 (79%)]	Loss: 0.639121	Acc: 77.89%
Pre-train Epoch: 37 [38400/40200 (95%)]	Loss: 0.746756	Acc: 77.78%

Validation set: Average loss: 0.5452, Accuracy: 16358/19800 (82.62%)

Validation: acc 82.62%  macro-F1 0.8257  macro-recall 0.8270  (n=19800, classes=30)
Validation: worst-6 recall -> 8:0.48, 3:0.49, 6:0.50, 17:0.58, 29:0.62, 15:0.69

--> No improvement in validation loss. Patience: 1/10
Pre-train Epoch: 38 [0/40200 (0%)]	Loss: 0.646284	Acc: 75.00%
Pre-train Epoch: 38 [6400/40200 (16%)]	Loss: 0.687104	Acc: 76.87%
Pre-train Epoch: 38 [12800/40200 (32%)]	Loss: 0.636907	Acc: 78.15%
Pre-train Epoch: 38 [19200/40200 (48%)]	Loss: 0.749335	Acc: 78.19%
Pre-train Epoch: 38 [25600/40200 (64%)]	Loss: 0.866350	Acc: 78.16%
Pre-train Epoch: 38 [32000/40200 (79%)]	Loss: 0.618003	Acc: 78.45%
Pre-train Epoch: 38 [38400/40200 (95%)]	Loss: 0.849044	Acc: 78.49%

Validation set: Average loss: 0.5279, Accuracy: 16271/19800 (82.18%)

Validation: acc 82.18%  macro-F1 0.8184  macro-recall 0.8224  (n=19800, classes=30)
Validation: worst-6 recall -> 29:0.34, 7:0.47, 11:0.54, 8:0.58, 3:0.60, 22:0.61

--> No improvement in validation loss. Patience: 2/10
Pre-train Epoch: 39 [0/40200 (0%)]	Loss: 0.670961	Acc: 71.88%
Pre-train Epoch: 39 [6400/40200 (16%)]	Loss: 0.757516	Acc: 77.54%
Pre-train Epoch: 39 [12800/40200 (32%)]	Loss: 0.807526	Acc: 77.95%
Pre-train Epoch: 39 [19200/40200 (48%)]	Loss: 0.879338	Acc: 78.27%
Pre-train Epoch: 39 [25600/40200 (64%)]	Loss: 0.829632	Acc: 78.11%
Pre-train Epoch: 39 [32000/40200 (79%)]	Loss: 0.730009	Acc: 78.20%
Pre-train Epoch: 39 [38400/40200 (95%)]	Loss: 0.685927	Acc: 78.25%

Validation set: Average loss: 0.5696, Accuracy: 15898/19800 (80.29%)

Validation: acc 80.29%  macro-F1 0.7960  macro-recall 0.8043  (n=19800, classes=30)
Validation: worst-6 recall -> 29:0.26, 22:0.43, 8:0.48, 7:0.56, 17:0.60, 28:0.60

--> No improvement in validation loss. Patience: 3/10
Pre-train Epoch: 40 [0/40200 (0%)]	Loss: 0.687392	Acc: 85.94%
Pre-train Epoch: 40 [6400/40200 (16%)]	Loss: 0.659908	Acc: 79.30%
Pre-train Epoch: 40 [12800/40200 (32%)]	Loss: 0.696340	Acc: 78.75%
Pre-train Epoch: 40 [19200/40200 (48%)]	Loss: 0.588292	Acc: 78.75%
Pre-train Epoch: 40 [25600/40200 (64%)]	Loss: 0.709663	Acc: 78.70%
Pre-train Epoch: 40 [32000/40200 (79%)]	Loss: 0.631182	Acc: 78.49%
Pre-train Epoch: 40 [38400/40200 (95%)]	Loss: 0.874989	Acc: 78.46%

Validation set: Average loss: 0.5035, Accuracy: 16724/19800 (84.46%)

Validation: acc 84.46%  macro-F1 0.8432  macro-recall 0.8453  (n=19800, classes=30)
Validation: worst-6 recall -> 6:0.48, 28:0.59, 14:0.63, 8:0.66, 2:0.67, 15:0.71

--> No improvement in validation loss. Patience: 4/10
Pre-train Epoch: 41 [0/40200 (0%)]	Loss: 0.798244	Acc: 68.75%
Pre-train Epoch: 41 [6400/40200 (16%)]	Loss: 0.764017	Acc: 77.85%
Pre-train Epoch: 41 [12800/40200 (32%)]	Loss: 0.704431	Acc: 78.41%
Pre-train Epoch: 41 [19200/40200 (48%)]	Loss: 0.759039	Acc: 78.35%
Pre-train Epoch: 41 [25600/40200 (64%)]	Loss: 0.669778	Acc: 78.64%
Pre-train Epoch: 41 [32000/40200 (79%)]	Loss: 0.743454	Acc: 78.42%
Pre-train Epoch: 41 [38400/40200 (95%)]	Loss: 0.851463	Acc: 78.33%

Validation set: Average loss: 0.5203, Accuracy: 16519/19800 (83.43%)

Validation: acc 83.43%  macro-F1 0.8348  macro-recall 0.8351  (n=19800, classes=30)
Validation: worst-6 recall -> 3:0.58, 6:0.63, 15:0.67, 2:0.67, 10:0.68, 8:0.69

--> No improvement in validation loss. Patience: 5/10
Pre-train Epoch: 42 [0/40200 (0%)]	Loss: 0.633509	Acc: 78.12%
Pre-train Epoch: 42 [6400/40200 (16%)]	Loss: 0.619246	Acc: 79.15%
Pre-train Epoch: 42 [12800/40200 (32%)]	Loss: 0.669990	Acc: 78.76%
Pre-train Epoch: 42 [19200/40200 (48%)]	Loss: 0.696944	Acc: 78.74%
Pre-train Epoch: 42 [25600/40200 (64%)]	Loss: 0.485917	Acc: 78.63%
Pre-train Epoch: 42 [32000/40200 (79%)]	Loss: 0.783468	Acc: 78.73%
Pre-train Epoch: 42 [38400/40200 (95%)]	Loss: 0.690431	Acc: 78.77%

Validation set: Average loss: 0.6048, Accuracy: 15974/19800 (80.68%)

Validation: acc 80.68%  macro-F1 0.8059  macro-recall 0.8082  (n=19800, classes=30)
Validation: worst-6 recall -> 28:0.36, 2:0.40, 3:0.53, 6:0.58, 15:0.64, 4:0.66

--> No improvement in validation loss. Patience: 6/10
Pre-train Epoch: 43 [0/40200 (0%)]	Loss: 0.747546	Acc: 81.25%
Pre-train Epoch: 43 [6400/40200 (16%)]	Loss: 0.723283	Acc: 79.10%
Pre-train Epoch: 43 [12800/40200 (32%)]	Loss: 0.630921	Acc: 78.96%
Pre-train Epoch: 43 [19200/40200 (48%)]	Loss: 0.519611	Acc: 78.91%
Pre-train Epoch: 43 [25600/40200 (64%)]	Loss: 0.690005	Acc: 78.75%
Pre-train Epoch: 43 [32000/40200 (79%)]	Loss: 0.787136	Acc: 78.66%
Pre-train Epoch: 43 [38400/40200 (95%)]	Loss: 0.747553	Acc: 78.67%

Validation set: Average loss: 0.5146, Accuracy: 16538/19800 (83.53%)

Validation: acc 83.53%  macro-F1 0.8336  macro-recall 0.8359  (n=19800, classes=30)
Validation: worst-6 recall -> 22:0.39, 29:0.47, 2:0.58, 16:0.63, 7:0.73, 23:0.76

--> No improvement in validation loss. Patience: 7/10
Pre-train Epoch: 44 [0/40200 (0%)]	Loss: 0.645221	Acc: 84.38%
Pre-train Epoch: 44 [6400/40200 (16%)]	Loss: 0.582038	Acc: 78.65%
Pre-train Epoch: 44 [12800/40200 (32%)]	Loss: 0.691846	Acc: 78.72%
Pre-train Epoch: 44 [19200/40200 (48%)]	Loss: 0.849044	Acc: 78.58%
Pre-train Epoch: 44 [25600/40200 (64%)]	Loss: 0.832914	Acc: 78.33%
Pre-train Epoch: 44 [32000/40200 (79%)]	Loss: 0.891616	Acc: 78.29%
Pre-train Epoch: 44 [38400/40200 (95%)]	Loss: 0.771899	Acc: 78.37%

Validation set: Average loss: 0.6570, Accuracy: 15591/19800 (78.74%)

Validation: acc 78.74%  macro-F1 0.7857  macro-recall 0.7876  (n=19800, classes=30)
Validation: worst-6 recall -> 22:0.27, 7:0.49, 6:0.51, 16:0.53, 29:0.54, 14:0.56

--> No improvement in validation loss. Patience: 8/10
Pre-train Epoch: 45 [0/40200 (0%)]	Loss: 0.903769	Acc: 70.31%
Pre-train Epoch: 45 [6400/40200 (16%)]	Loss: 0.689494	Acc: 78.59%
Pre-train Epoch: 45 [12800/40200 (32%)]	Loss: 0.745159	Acc: 78.19%
Pre-train Epoch: 45 [19200/40200 (48%)]	Loss: 0.622650	Acc: 78.31%
Pre-train Epoch: 45 [25600/40200 (64%)]	Loss: 0.705043	Acc: 78.34%
Pre-train Epoch: 45 [32000/40200 (79%)]	Loss: 0.492183	Acc: 78.55%
Pre-train Epoch: 45 [38400/40200 (95%)]	Loss: 0.667299	Acc: 78.64%

Validation set: Average loss: 0.5289, Accuracy: 16523/19800 (83.45%)

Validation: acc 83.45%  macro-F1 0.8327  macro-recall 0.8351  (n=19800, classes=30)
Validation: worst-6 recall -> 8:0.42, 29:0.49, 16:0.51, 7:0.61, 28:0.62, 3:0.70

--> No improvement in validation loss. Patience: 9/10
Pre-train Epoch: 46 [0/40200 (0%)]	Loss: 0.726743	Acc: 79.69%
Pre-train Epoch: 46 [6400/40200 (16%)]	Loss: 0.539131	Acc: 78.47%
Pre-train Epoch: 46 [12800/40200 (32%)]	Loss: 0.632958	Acc: 78.78%
Pre-train Epoch: 46 [19200/40200 (48%)]	Loss: 0.741763	Acc: 78.71%
Pre-train Epoch: 46 [25600/40200 (64%)]	Loss: 0.584526	Acc: 78.84%
Pre-train Epoch: 46 [32000/40200 (79%)]	Loss: 0.733321	Acc: 78.92%
Pre-train Epoch: 46 [38400/40200 (95%)]	Loss: 0.557758	Acc: 78.73%

Validation set: Average loss: 0.4966, Accuracy: 16758/19800 (84.64%)

Validation: acc 84.64%  macro-F1 0.8457  macro-recall 0.8471  (n=19800, classes=30)
Validation: worst-6 recall -> 2:0.49, 28:0.50, 8:0.58, 16:0.63, 22:0.72, 6:0.75

--> No improvement in validation loss. Patience: 10/10

Early stopping triggered at epoch 46! Reverting to best model.
Loaded best reference model for finetuning.

--- Starting Finetuning ---
[cache] hit 3eb6c0ea (3eb6c0eae750d8232b11e744ca6715d8.npy)
Finetune Epoch: 1 [0/3000 (0%)]	Loss: 2.547620	Acc: 34.38%
Finetune Epoch: 2 [0/3000 (0%)]	Loss: 1.533181	Acc: 46.88%
Finetune Epoch: 3 [0/3000 (0%)]	Loss: 1.580538	Acc: 53.12%
Finetune Epoch: 4 [0/3000 (0%)]	Loss: 1.528545	Acc: 50.00%
Finetune Epoch: 5 [0/3000 (0%)]	Loss: 1.201896	Acc: 65.62%
Finetune Epoch: 6 [0/3000 (0%)]	Loss: 1.384789	Acc: 59.38%
Finetune Epoch: 7 [0/3000 (0%)]	Loss: 1.159080	Acc: 62.50%
Finetune Epoch: 8 [0/3000 (0%)]	Loss: 1.055290	Acc: 60.94%
Finetune Epoch: 9 [0/3000 (0%)]	Loss: 1.212620	Acc: 64.06%
Finetune Epoch: 10 [0/3000 (0%)]	Loss: 0.982583	Acc: 76.56%
Finetune Epoch: 11 [0/3000 (0%)]	Loss: 1.161275	Acc: 62.50%
Finetune Epoch: 12 [0/3000 (0%)]	Loss: 1.290715	Acc: 53.12%
Finetune Epoch: 13 [0/3000 (0%)]	Loss: 1.153470	Acc: 67.19%
Finetune Epoch: 14 [0/3000 (0%)]	Loss: 1.221834	Acc: 62.50%
Finetune Epoch: 15 [0/3000 (0%)]	Loss: 1.181147	Acc: 68.75%
Finetune Epoch: 16 [0/3000 (0%)]	Loss: 0.848534	Acc: 71.88%
Finetune Epoch: 17 [0/3000 (0%)]	Loss: 1.254667	Acc: 62.50%
Finetune Epoch: 18 [0/3000 (0%)]	Loss: 1.164835	Acc: 62.50%
Finetune Epoch: 19 [0/3000 (0%)]	Loss: 1.148381	Acc: 62.50%
Finetune Epoch: 20 [0/3000 (0%)]	Loss: 0.867114	Acc: 71.88%
Finetuned model saved to runs\20260917-223843_fusion_abl-minmax_only_3c3812\finetuned.pth

--- Evaluating on Test Set ---
[cache] hit 02f50fc8 (02f50fc8d7c034d0ab1eb68fd841c135.npy)

Test set: Average loss: 1.0669, Accuracy: 1932/3000 (64.40%)

Test: acc 64.40%  macro-F1 0.6281  macro-recall 0.6440  (n=3000, classes=30)
Test: worst-6 recall -> 8:0.10, 24:0.15, 16:0.16, 9:0.17, 11:0.20, 2:0.24


[run] artifacts in runs\20260917-223843_fusion_abl-minmax_only_3c3812
