Using device: cuda
Run id: 20260917-183711_legacy_cnn_abl-no_savgol_801a01
Preprocessing variant: no_savgol (3 steps)
Loading reference dataset...
[cache] hit ecca4357 (ecca4357791b82773f9a1af38542483f.npy)
Detected 30 classes.
Split reference data: 40200 train / 19800 val
Model parameters: 40,446

--- Starting Reference Training ---
Pre-train Epoch: 1 [0/40200 (0%)]	Loss: 3.507774	Acc: 6.25%
Pre-train Epoch: 1 [6400/40200 (16%)]	Loss: 2.325301	Acc: 19.04%
Pre-train Epoch: 1 [12800/40200 (32%)]	Loss: 1.862226	Acc: 26.25%
Pre-train Epoch: 1 [19200/40200 (48%)]	Loss: 1.774019	Acc: 32.11%
Pre-train Epoch: 1 [25600/40200 (64%)]	Loss: 1.533512	Acc: 36.73%
Pre-train Epoch: 1 [32000/40200 (79%)]	Loss: 1.168197	Acc: 40.49%
Pre-train Epoch: 1 [38400/40200 (95%)]	Loss: 1.552884	Acc: 43.60%

Validation set: Average loss: 1.1823, Accuracy: 12940/19800 (65.35%)

Validation: acc 65.35%  macro-F1 0.6533  macro-recall 0.6556  (n=19800, classes=30)
Validation: worst-6 recall -> 8:0.19, 15:0.30, 2:0.33, 29:0.44, 11:0.47, 6:0.49

--> Best validation loss improved. Saved model to runs\20260917-183711_legacy_cnn_abl-no_savgol_801a01\reference.pth
Pre-train Epoch: 2 [0/40200 (0%)]	Loss: 1.441303	Acc: 57.81%
Pre-train Epoch: 2 [6400/40200 (16%)]	Loss: 1.251031	Acc: 61.96%
Pre-train Epoch: 2 [12800/40200 (32%)]	Loss: 1.006224	Acc: 63.18%
Pre-train Epoch: 2 [19200/40200 (48%)]	Loss: 1.258015	Acc: 64.05%
Pre-train Epoch: 2 [25600/40200 (64%)]	Loss: 1.099343	Acc: 64.83%
Pre-train Epoch: 2 [32000/40200 (79%)]	Loss: 1.105571	Acc: 65.63%
Pre-train Epoch: 2 [38400/40200 (95%)]	Loss: 1.023265	Acc: 66.20%

Validation set: Average loss: 0.9575, Accuracy: 14210/19800 (71.77%)

Validation: acc 71.77%  macro-F1 0.7206  macro-recall 0.7180  (n=19800, classes=30)
Validation: worst-6 recall -> 8:0.36, 22:0.36, 6:0.46, 3:0.49, 2:0.51, 10:0.54

--> Best validation loss improved. Saved model to runs\20260917-183711_legacy_cnn_abl-no_savgol_801a01\reference.pth
Pre-train Epoch: 3 [0/40200 (0%)]	Loss: 0.985607	Acc: 70.31%
Pre-train Epoch: 3 [6400/40200 (16%)]	Loss: 1.027737	Acc: 69.09%
Pre-train Epoch: 3 [12800/40200 (32%)]	Loss: 0.966229	Acc: 69.52%
Pre-train Epoch: 3 [19200/40200 (48%)]	Loss: 1.023123	Acc: 69.96%
Pre-train Epoch: 3 [25600/40200 (64%)]	Loss: 0.846580	Acc: 70.19%
Pre-train Epoch: 3 [32000/40200 (79%)]	Loss: 1.031297	Acc: 70.50%
Pre-train Epoch: 3 [38400/40200 (95%)]	Loss: 1.053491	Acc: 70.61%

Validation set: Average loss: 0.9096, Accuracy: 14225/19800 (71.84%)

Validation: acc 71.84%  macro-F1 0.7218  macro-recall 0.7199  (n=19800, classes=30)
Validation: worst-6 recall -> 2:0.45, 11:0.46, 22:0.47, 7:0.49, 6:0.50, 29:0.51

--> Best validation loss improved. Saved model to runs\20260917-183711_legacy_cnn_abl-no_savgol_801a01\reference.pth
Pre-train Epoch: 4 [0/40200 (0%)]	Loss: 1.050520	Acc: 64.06%
Pre-train Epoch: 4 [6400/40200 (16%)]	Loss: 1.058317	Acc: 72.12%
Pre-train Epoch: 4 [12800/40200 (32%)]	Loss: 0.910553	Acc: 72.28%
Pre-train Epoch: 4 [19200/40200 (48%)]	Loss: 0.936638	Acc: 72.38%
Pre-train Epoch: 4 [25600/40200 (64%)]	Loss: 0.984734	Acc: 72.69%
Pre-train Epoch: 4 [32000/40200 (79%)]	Loss: 1.033019	Acc: 72.69%
Pre-train Epoch: 4 [38400/40200 (95%)]	Loss: 1.315712	Acc: 72.72%

Validation set: Average loss: 0.8479, Accuracy: 14656/19800 (74.02%)

Validation: acc 74.02%  macro-F1 0.7424  macro-recall 0.7409  (n=19800, classes=30)
Validation: worst-6 recall -> 28:0.40, 22:0.43, 6:0.43, 8:0.50, 3:0.53, 15:0.55

--> Best validation loss improved. Saved model to runs\20260917-183711_legacy_cnn_abl-no_savgol_801a01\reference.pth
Pre-train Epoch: 5 [0/40200 (0%)]	Loss: 1.050034	Acc: 62.50%
Pre-train Epoch: 5 [6400/40200 (16%)]	Loss: 0.924312	Acc: 73.27%
Pre-train Epoch: 5 [12800/40200 (32%)]	Loss: 0.852964	Acc: 73.24%
Pre-train Epoch: 5 [19200/40200 (48%)]	Loss: 0.806294	Acc: 73.42%
Pre-train Epoch: 5 [25600/40200 (64%)]	Loss: 0.910786	Acc: 73.41%
Pre-train Epoch: 5 [32000/40200 (79%)]	Loss: 0.860778	Acc: 73.31%
Pre-train Epoch: 5 [38400/40200 (95%)]	Loss: 0.698452	Acc: 73.35%

Validation set: Average loss: 0.8196, Accuracy: 15012/19800 (75.82%)

Validation: acc 75.82%  macro-F1 0.7526  macro-recall 0.7590  (n=19800, classes=30)
Validation: worst-6 recall -> 29:0.34, 8:0.35, 22:0.37, 6:0.52, 7:0.56, 11:0.61

--> Best validation loss improved. Saved model to runs\20260917-183711_legacy_cnn_abl-no_savgol_801a01\reference.pth
Pre-train Epoch: 6 [0/40200 (0%)]	Loss: 0.872183	Acc: 75.00%
Pre-train Epoch: 6 [6400/40200 (16%)]	Loss: 0.797834	Acc: 73.48%
Pre-train Epoch: 6 [12800/40200 (32%)]	Loss: 0.956835	Acc: 74.00%
Pre-train Epoch: 6 [19200/40200 (48%)]	Loss: 1.014020	Acc: 74.04%
Pre-train Epoch: 6 [25600/40200 (64%)]	Loss: 0.849133	Acc: 73.89%
Pre-train Epoch: 6 [32000/40200 (79%)]	Loss: 0.761534	Acc: 73.92%
Pre-train Epoch: 6 [38400/40200 (95%)]	Loss: 0.906963	Acc: 74.02%

Validation set: Average loss: 0.8489, Accuracy: 14705/19800 (74.27%)

Validation: acc 74.27%  macro-F1 0.7437  macro-recall 0.7432  (n=19800, classes=30)
Validation: worst-6 recall -> 8:0.10, 6:0.40, 2:0.51, 13:0.56, 14:0.56, 22:0.63

--> No improvement in validation loss. Patience: 1/10
Pre-train Epoch: 7 [0/40200 (0%)]	Loss: 0.768681	Acc: 78.12%
Pre-train Epoch: 7 [6400/40200 (16%)]	Loss: 1.020887	Acc: 74.46%
Pre-train Epoch: 7 [12800/40200 (32%)]	Loss: 0.743285	Acc: 74.57%
Pre-train Epoch: 7 [19200/40200 (48%)]	Loss: 0.935607	Acc: 74.62%
Pre-train Epoch: 7 [25600/40200 (64%)]	Loss: 0.948104	Acc: 74.92%
Pre-train Epoch: 7 [32000/40200 (79%)]	Loss: 0.758343	Acc: 74.94%
Pre-train Epoch: 7 [38400/40200 (95%)]	Loss: 0.887829	Acc: 74.59%

Validation set: Average loss: 0.8175, Accuracy: 14905/19800 (75.28%)

Validation: acc 75.28%  macro-F1 0.7430  macro-recall 0.7534  (n=19800, classes=30)
Validation: worst-6 recall -> 8:0.21, 29:0.37, 22:0.37, 6:0.41, 7:0.49, 11:0.56

--> Best validation loss improved. Saved model to runs\20260917-183711_legacy_cnn_abl-no_savgol_801a01\reference.pth
Pre-train Epoch: 8 [0/40200 (0%)]	Loss: 0.746954	Acc: 76.56%
Pre-train Epoch: 8 [6400/40200 (16%)]	Loss: 1.044100	Acc: 74.71%
Pre-train Epoch: 8 [12800/40200 (32%)]	Loss: 0.926082	Acc: 75.23%
Pre-train Epoch: 8 [19200/40200 (48%)]	Loss: 0.900081	Acc: 75.26%
Pre-train Epoch: 8 [25600/40200 (64%)]	Loss: 0.882267	Acc: 75.09%
Pre-train Epoch: 8 [32000/40200 (79%)]	Loss: 0.771642	Acc: 75.09%
Pre-train Epoch: 8 [38400/40200 (95%)]	Loss: 0.781285	Acc: 75.03%

Validation set: Average loss: 0.7972, Accuracy: 15021/19800 (75.86%)

Validation: acc 75.86%  macro-F1 0.7563  macro-recall 0.7591  (n=19800, classes=30)
Validation: worst-6 recall -> 8:0.34, 22:0.35, 6:0.45, 29:0.54, 15:0.55, 28:0.56

--> Best validation loss improved. Saved model to runs\20260917-183711_legacy_cnn_abl-no_savgol_801a01\reference.pth
Pre-train Epoch: 9 [0/40200 (0%)]	Loss: 0.906876	Acc: 73.44%
Pre-train Epoch: 9 [6400/40200 (16%)]	Loss: 0.682798	Acc: 76.05%
Pre-train Epoch: 9 [12800/40200 (32%)]	Loss: 0.889087	Acc: 75.65%
Pre-train Epoch: 9 [19200/40200 (48%)]	Loss: 0.971937	Acc: 75.15%
Pre-train Epoch: 9 [25600/40200 (64%)]	Loss: 0.715457	Acc: 75.25%
Pre-train Epoch: 9 [32000/40200 (79%)]	Loss: 0.878450	Acc: 75.28%
Pre-train Epoch: 9 [38400/40200 (95%)]	Loss: 0.854861	Acc: 75.30%

Validation set: Average loss: 0.7968, Accuracy: 14946/19800 (75.48%)

Validation: acc 75.48%  macro-F1 0.7456  macro-recall 0.7546  (n=19800, classes=30)
Validation: worst-6 recall -> 8:0.21, 22:0.28, 16:0.34, 2:0.43, 6:0.43, 7:0.53

--> Best validation loss improved. Saved model to runs\20260917-183711_legacy_cnn_abl-no_savgol_801a01\reference.pth
Pre-train Epoch: 10 [0/40200 (0%)]	Loss: 0.743755	Acc: 78.12%
Pre-train Epoch: 10 [6400/40200 (16%)]	Loss: 0.871273	Acc: 76.47%
Pre-train Epoch: 10 [12800/40200 (32%)]	Loss: 0.729946	Acc: 75.79%
Pre-train Epoch: 10 [19200/40200 (48%)]	Loss: 0.668801	Acc: 75.81%
Pre-train Epoch: 10 [25600/40200 (64%)]	Loss: 0.809579	Acc: 75.70%
Pre-train Epoch: 10 [32000/40200 (79%)]	Loss: 0.827647	Acc: 75.69%
Pre-train Epoch: 10 [38400/40200 (95%)]	Loss: 0.868928	Acc: 75.56%

Validation set: Average loss: 0.7659, Accuracy: 15096/19800 (76.24%)

Validation: acc 76.24%  macro-F1 0.7645  macro-recall 0.7635  (n=19800, classes=30)
Validation: worst-6 recall -> 8:0.28, 7:0.42, 11:0.53, 29:0.55, 3:0.57, 13:0.64

--> Best validation loss improved. Saved model to runs\20260917-183711_legacy_cnn_abl-no_savgol_801a01\reference.pth
Pre-train Epoch: 11 [0/40200 (0%)]	Loss: 0.733583	Acc: 75.00%
Pre-train Epoch: 11 [6400/40200 (16%)]	Loss: 0.609917	Acc: 75.94%
Pre-train Epoch: 11 [12800/40200 (32%)]	Loss: 0.730512	Acc: 75.82%
Pre-train Epoch: 11 [19200/40200 (48%)]	Loss: 0.787224	Acc: 75.90%
Pre-train Epoch: 11 [25600/40200 (64%)]	Loss: 0.835686	Acc: 75.81%
Pre-train Epoch: 11 [32000/40200 (79%)]	Loss: 0.798326	Acc: 76.02%
Pre-train Epoch: 11 [38400/40200 (95%)]	Loss: 0.865287	Acc: 75.80%

Validation set: Average loss: 0.8020, Accuracy: 14857/19800 (75.04%)

Validation: acc 75.04%  macro-F1 0.7430  macro-recall 0.7510  (n=19800, classes=30)
Validation: worst-6 recall -> 8:0.16, 29:0.39, 6:0.40, 22:0.45, 2:0.47, 7:0.48

--> No improvement in validation loss. Patience: 1/10
Pre-train Epoch: 12 [0/40200 (0%)]	Loss: 0.844400	Acc: 75.00%
Pre-train Epoch: 12 [6400/40200 (16%)]	Loss: 0.745534	Acc: 75.97%
Pre-train Epoch: 12 [12800/40200 (32%)]	Loss: 0.709620	Acc: 76.05%
Pre-train Epoch: 12 [19200/40200 (48%)]	Loss: 0.798072	Acc: 75.97%
Pre-train Epoch: 12 [25600/40200 (64%)]	Loss: 0.700510	Acc: 76.01%
Pre-train Epoch: 12 [32000/40200 (79%)]	Loss: 0.797212	Acc: 75.90%
Pre-train Epoch: 12 [38400/40200 (95%)]	Loss: 0.921816	Acc: 75.95%

Validation set: Average loss: 0.8846, Accuracy: 14234/19800 (71.89%)

Validation: acc 71.89%  macro-F1 0.7035  macro-recall 0.7190  (n=19800, classes=30)
Validation: worst-6 recall -> 29:0.15, 22:0.17, 8:0.31, 16:0.32, 6:0.37, 7:0.38

--> No improvement in validation loss. Patience: 2/10
Pre-train Epoch: 13 [0/40200 (0%)]	Loss: 0.657206	Acc: 82.81%
Pre-train Epoch: 13 [6400/40200 (16%)]	Loss: 0.737134	Acc: 76.62%
Pre-train Epoch: 13 [12800/40200 (32%)]	Loss: 0.983047	Acc: 75.74%
Pre-train Epoch: 13 [19200/40200 (48%)]	Loss: 0.748641	Acc: 76.05%
Pre-train Epoch: 13 [25600/40200 (64%)]	Loss: 0.750153	Acc: 75.88%
Pre-train Epoch: 13 [32000/40200 (79%)]	Loss: 0.712167	Acc: 75.98%
Pre-train Epoch: 13 [38400/40200 (95%)]	Loss: 0.763708	Acc: 75.99%

Validation set: Average loss: 0.8661, Accuracy: 14433/19800 (72.89%)

Validation: acc 72.89%  macro-F1 0.7197  macro-recall 0.7298  (n=19800, classes=30)
Validation: worst-6 recall -> 22:0.25, 8:0.27, 29:0.36, 7:0.37, 11:0.39, 6:0.50

--> No improvement in validation loss. Patience: 3/10
Pre-train Epoch: 14 [0/40200 (0%)]	Loss: 0.859086	Acc: 76.56%
Pre-train Epoch: 14 [6400/40200 (16%)]	Loss: 0.658847	Acc: 74.63%
Pre-train Epoch: 14 [12800/40200 (32%)]	Loss: 0.828864	Acc: 75.62%
Pre-train Epoch: 14 [19200/40200 (48%)]	Loss: 0.732639	Acc: 75.71%
Pre-train Epoch: 14 [25600/40200 (64%)]	Loss: 0.794802	Acc: 75.71%
Pre-train Epoch: 14 [32000/40200 (79%)]	Loss: 1.040839	Acc: 75.79%
Pre-train Epoch: 14 [38400/40200 (95%)]	Loss: 0.782312	Acc: 76.02%

Validation set: Average loss: 0.7957, Accuracy: 14878/19800 (75.14%)

Validation: acc 75.14%  macro-F1 0.7460  macro-recall 0.7523  (n=19800, classes=30)
Validation: worst-6 recall -> 11:0.37, 22:0.40, 29:0.41, 6:0.45, 2:0.50, 8:0.51

--> No improvement in validation loss. Patience: 4/10
Pre-train Epoch: 15 [0/40200 (0%)]	Loss: 0.841389	Acc: 76.56%
Pre-train Epoch: 15 [6400/40200 (16%)]	Loss: 0.675437	Acc: 76.89%
Pre-train Epoch: 15 [12800/40200 (32%)]	Loss: 0.950458	Acc: 76.23%
Pre-train Epoch: 15 [19200/40200 (48%)]	Loss: 0.786103	Acc: 76.66%
Pre-train Epoch: 15 [25600/40200 (64%)]	Loss: 1.237048	Acc: 76.42%
Pre-train Epoch: 15 [32000/40200 (79%)]	Loss: 0.774728	Acc: 76.43%
Pre-train Epoch: 15 [38400/40200 (95%)]	Loss: 0.677224	Acc: 76.31%

Validation set: Average loss: 0.7760, Accuracy: 15021/19800 (75.86%)

Validation: acc 75.86%  macro-F1 0.7609  macro-recall 0.7593  (n=19800, classes=30)
Validation: worst-6 recall -> 6:0.42, 22:0.42, 11:0.43, 29:0.50, 8:0.57, 15:0.63

--> No improvement in validation loss. Patience: 5/10
Pre-train Epoch: 16 [0/40200 (0%)]	Loss: 0.709704	Acc: 79.69%
Pre-train Epoch: 16 [6400/40200 (16%)]	Loss: 0.704709	Acc: 76.78%
Pre-train Epoch: 16 [12800/40200 (32%)]	Loss: 0.882159	Acc: 76.63%
Pre-train Epoch: 16 [19200/40200 (48%)]	Loss: 0.677599	Acc: 76.58%
Pre-train Epoch: 16 [25600/40200 (64%)]	Loss: 1.126426	Acc: 76.41%
Pre-train Epoch: 16 [32000/40200 (79%)]	Loss: 0.736641	Acc: 76.28%
Pre-train Epoch: 16 [38400/40200 (95%)]	Loss: 0.823222	Acc: 76.22%

Validation set: Average loss: 0.8167, Accuracy: 14761/19800 (74.55%)

Validation: acc 74.55%  macro-F1 0.7442  macro-recall 0.7457  (n=19800, classes=30)
Validation: worst-6 recall -> 8:0.21, 16:0.46, 6:0.47, 22:0.48, 3:0.54, 2:0.54

--> No improvement in validation loss. Patience: 6/10
Pre-train Epoch: 17 [0/40200 (0%)]	Loss: 0.684592	Acc: 76.56%
Pre-train Epoch: 17 [6400/40200 (16%)]	Loss: 0.619033	Acc: 77.31%
Pre-train Epoch: 17 [12800/40200 (32%)]	Loss: 0.726547	Acc: 76.99%
Pre-train Epoch: 17 [19200/40200 (48%)]	Loss: 0.848530	Acc: 76.89%
Pre-train Epoch: 17 [25600/40200 (64%)]	Loss: 0.964063	Acc: 76.80%
Pre-train Epoch: 17 [32000/40200 (79%)]	Loss: 0.523569	Acc: 76.69%
Pre-train Epoch: 17 [38400/40200 (95%)]	Loss: 0.708630	Acc: 76.65%

Validation set: Average loss: 0.7589, Accuracy: 15193/19800 (76.73%)

Validation: acc 76.73%  macro-F1 0.7712  macro-recall 0.7682  (n=19800, classes=30)
Validation: worst-6 recall -> 8:0.38, 2:0.47, 3:0.48, 6:0.54, 28:0.59, 15:0.63

--> Best validation loss improved. Saved model to runs\20260917-183711_legacy_cnn_abl-no_savgol_801a01\reference.pth
Pre-train Epoch: 18 [0/40200 (0%)]	Loss: 0.735039	Acc: 79.69%
Pre-train Epoch: 18 [6400/40200 (16%)]	Loss: 0.832686	Acc: 76.58%
Pre-train Epoch: 18 [12800/40200 (32%)]	Loss: 0.647711	Acc: 76.43%
Pre-train Epoch: 18 [19200/40200 (48%)]	Loss: 0.842820	Acc: 76.30%
Pre-train Epoch: 18 [25600/40200 (64%)]	Loss: 0.897268	Acc: 76.20%
Pre-train Epoch: 18 [32000/40200 (79%)]	Loss: 0.719446	Acc: 76.33%
Pre-train Epoch: 18 [38400/40200 (95%)]	Loss: 0.626913	Acc: 76.49%

Validation set: Average loss: 0.9842, Accuracy: 13659/19800 (68.98%)

Validation: acc 68.98%  macro-F1 0.6720  macro-recall 0.6905  (n=19800, classes=30)
Validation: worst-6 recall -> 22:0.09, 8:0.20, 29:0.20, 11:0.27, 7:0.29, 6:0.47

--> No improvement in validation loss. Patience: 1/10
Pre-train Epoch: 19 [0/40200 (0%)]	Loss: 0.904757	Acc: 75.00%
Pre-train Epoch: 19 [6400/40200 (16%)]	Loss: 0.760923	Acc: 77.63%
Pre-train Epoch: 19 [12800/40200 (32%)]	Loss: 0.629874	Acc: 77.60%
Pre-train Epoch: 19 [19200/40200 (48%)]	Loss: 0.774410	Acc: 76.95%
Pre-train Epoch: 19 [25600/40200 (64%)]	Loss: 0.740464	Acc: 76.98%
Pre-train Epoch: 19 [32000/40200 (79%)]	Loss: 0.810612	Acc: 76.96%
Pre-train Epoch: 19 [38400/40200 (95%)]	Loss: 0.814750	Acc: 76.77%

Validation set: Average loss: 0.6934, Accuracy: 15567/19800 (78.62%)

Validation: acc 78.62%  macro-F1 0.7878  macro-recall 0.7871  (n=19800, classes=30)
Validation: worst-6 recall -> 8:0.48, 29:0.52, 6:0.54, 3:0.62, 2:0.64, 15:0.64

--> Best validation loss improved. Saved model to runs\20260917-183711_legacy_cnn_abl-no_savgol_801a01\reference.pth
Pre-train Epoch: 20 [0/40200 (0%)]	Loss: 1.004471	Acc: 64.06%
Pre-train Epoch: 20 [6400/40200 (16%)]	Loss: 0.945699	Acc: 76.01%
Pre-train Epoch: 20 [12800/40200 (32%)]	Loss: 0.704943	Acc: 76.52%
Pre-train Epoch: 20 [19200/40200 (48%)]	Loss: 0.729681	Acc: 76.92%
Pre-train Epoch: 20 [25600/40200 (64%)]	Loss: 0.699860	Acc: 77.00%
Pre-train Epoch: 20 [32000/40200 (79%)]	Loss: 0.791071	Acc: 76.96%
Pre-train Epoch: 20 [38400/40200 (95%)]	Loss: 0.832609	Acc: 76.91%

Validation set: Average loss: 0.7637, Accuracy: 15146/19800 (76.49%)

Validation: acc 76.49%  macro-F1 0.7644  macro-recall 0.7654  (n=19800, classes=30)
Validation: worst-6 recall -> 8:0.21, 3:0.44, 6:0.45, 2:0.56, 4:0.57, 28:0.59

--> No improvement in validation loss. Patience: 1/10
Pre-train Epoch: 21 [0/40200 (0%)]	Loss: 0.724148	Acc: 82.81%
Pre-train Epoch: 21 [6400/40200 (16%)]	Loss: 0.645886	Acc: 77.94%
Pre-train Epoch: 21 [12800/40200 (32%)]	Loss: 0.699889	Acc: 77.23%
Pre-train Epoch: 21 [19200/40200 (48%)]	Loss: 0.745596	Acc: 77.02%
Pre-train Epoch: 21 [25600/40200 (64%)]	Loss: 0.770636	Acc: 77.06%
Pre-train Epoch: 21 [32000/40200 (79%)]	Loss: 0.817502	Acc: 76.94%
Pre-train Epoch: 21 [38400/40200 (95%)]	Loss: 0.791086	Acc: 76.85%

Validation set: Average loss: 0.7450, Accuracy: 15244/19800 (76.99%)

Validation: acc 76.99%  macro-F1 0.7624  macro-recall 0.7702  (n=19800, classes=30)
Validation: worst-6 recall -> 8:0.23, 22:0.39, 2:0.44, 6:0.48, 7:0.51, 29:0.56

--> No improvement in validation loss. Patience: 2/10
Pre-train Epoch: 22 [0/40200 (0%)]	Loss: 0.662292	Acc: 84.38%
Pre-train Epoch: 22 [6400/40200 (16%)]	Loss: 0.664092	Acc: 77.31%
Pre-train Epoch: 22 [12800/40200 (32%)]	Loss: 0.737549	Acc: 77.15%
Pre-train Epoch: 22 [19200/40200 (48%)]	Loss: 0.722044	Acc: 76.80%
Pre-train Epoch: 22 [25600/40200 (64%)]	Loss: 0.672703	Acc: 76.73%
Pre-train Epoch: 22 [32000/40200 (79%)]	Loss: 0.990560	Acc: 76.67%
Pre-train Epoch: 22 [38400/40200 (95%)]	Loss: 0.693434	Acc: 76.80%

Validation set: Average loss: 0.7971, Accuracy: 15053/19800 (76.03%)

Validation: acc 76.03%  macro-F1 0.7538  macro-recall 0.7612  (n=19800, classes=30)
Validation: worst-6 recall -> 8:0.26, 6:0.36, 7:0.42, 22:0.52, 2:0.56, 17:0.60

--> No improvement in validation loss. Patience: 3/10
Pre-train Epoch: 23 [0/40200 (0%)]	Loss: 0.886008	Acc: 73.44%
Pre-train Epoch: 23 [6400/40200 (16%)]	Loss: 1.026830	Acc: 76.81%
Pre-train Epoch: 23 [12800/40200 (32%)]	Loss: 0.857896	Acc: 77.12%
Pre-train Epoch: 23 [19200/40200 (48%)]	Loss: 0.700188	Acc: 77.18%
Pre-train Epoch: 23 [25600/40200 (64%)]	Loss: 0.784503	Acc: 77.03%
Pre-train Epoch: 23 [32000/40200 (79%)]	Loss: 0.748013	Acc: 77.14%
Pre-train Epoch: 23 [38400/40200 (95%)]	Loss: 0.879619	Acc: 77.25%

Validation set: Average loss: 0.6835, Accuracy: 15602/19800 (78.80%)

Validation: acc 78.80%  macro-F1 0.7867  macro-recall 0.7886  (n=19800, classes=30)
Validation: worst-6 recall -> 8:0.34, 7:0.53, 6:0.54, 15:0.57, 2:0.62, 22:0.64

--> Best validation loss improved. Saved model to runs\20260917-183711_legacy_cnn_abl-no_savgol_801a01\reference.pth
Pre-train Epoch: 24 [0/40200 (0%)]	Loss: 0.894598	Acc: 76.56%
Pre-train Epoch: 24 [6400/40200 (16%)]	Loss: 0.770031	Acc: 76.83%
Pre-train Epoch: 24 [12800/40200 (32%)]	Loss: 0.812997	Acc: 77.05%
Pre-train Epoch: 24 [19200/40200 (48%)]	Loss: 0.839448	Acc: 77.05%
Pre-train Epoch: 24 [25600/40200 (64%)]	Loss: 0.829570	Acc: 76.96%
Pre-train Epoch: 24 [32000/40200 (79%)]	Loss: 0.771543	Acc: 77.03%
Pre-train Epoch: 24 [38400/40200 (95%)]	Loss: 0.816027	Acc: 77.05%

Validation set: Average loss: 0.7121, Accuracy: 15604/19800 (78.81%)

Validation: acc 78.81%  macro-F1 0.7896  macro-recall 0.7887  (n=19800, classes=30)
Validation: worst-6 recall -> 6:0.51, 22:0.52, 8:0.52, 2:0.62, 15:0.62, 14:0.64

--> No improvement in validation loss. Patience: 1/10
Pre-train Epoch: 25 [0/40200 (0%)]	Loss: 0.794341	Acc: 75.00%
Pre-train Epoch: 25 [6400/40200 (16%)]	Loss: 0.670176	Acc: 77.15%
Pre-train Epoch: 25 [12800/40200 (32%)]	Loss: 1.014576	Acc: 77.26%
Pre-train Epoch: 25 [19200/40200 (48%)]	Loss: 0.816378	Acc: 77.06%
Pre-train Epoch: 25 [25600/40200 (64%)]	Loss: 0.862307	Acc: 77.12%
Pre-train Epoch: 25 [32000/40200 (79%)]	Loss: 0.824847	Acc: 77.12%
Pre-train Epoch: 25 [38400/40200 (95%)]	Loss: 0.736186	Acc: 77.22%

Validation set: Average loss: 0.8328, Accuracy: 14707/19800 (74.28%)

Validation: acc 74.28%  macro-F1 0.7378  macro-recall 0.7439  (n=19800, classes=30)
Validation: worst-6 recall -> 29:0.26, 8:0.37, 22:0.37, 2:0.45, 7:0.46, 11:0.52

--> No improvement in validation loss. Patience: 2/10
Pre-train Epoch: 26 [0/40200 (0%)]	Loss: 0.767273	Acc: 79.69%
Pre-train Epoch: 26 [6400/40200 (16%)]	Loss: 0.766350	Acc: 78.37%
Pre-train Epoch: 26 [12800/40200 (32%)]	Loss: 0.608410	Acc: 77.81%
Pre-train Epoch: 26 [19200/40200 (48%)]	Loss: 0.700604	Acc: 77.63%
Pre-train Epoch: 26 [25600/40200 (64%)]	Loss: 0.639934	Acc: 77.42%
Pre-train Epoch: 26 [32000/40200 (79%)]	Loss: 0.700306	Acc: 77.36%
Pre-train Epoch: 26 [38400/40200 (95%)]	Loss: 0.716529	Acc: 77.33%

Validation set: Average loss: 0.7505, Accuracy: 15190/19800 (76.72%)

Validation: acc 76.72%  macro-F1 0.7679  macro-recall 0.7670  (n=19800, classes=30)
Validation: worst-6 recall -> 6:0.42, 22:0.48, 8:0.48, 4:0.53, 3:0.56, 28:0.56

--> No improvement in validation loss. Patience: 3/10
Pre-train Epoch: 27 [0/40200 (0%)]	Loss: 0.705651	Acc: 81.25%
Pre-train Epoch: 27 [6400/40200 (16%)]	Loss: 0.873540	Acc: 76.73%
Pre-train Epoch: 27 [12800/40200 (32%)]	Loss: 1.149987	Acc: 77.05%
Pre-train Epoch: 27 [19200/40200 (48%)]	Loss: 0.781837	Acc: 77.17%
Pre-train Epoch: 27 [25600/40200 (64%)]	Loss: 0.773599	Acc: 77.39%
Pre-train Epoch: 27 [32000/40200 (79%)]	Loss: 0.708946	Acc: 77.22%
Pre-train Epoch: 27 [38400/40200 (95%)]	Loss: 0.647033	Acc: 77.28%

Validation set: Average loss: 0.7014, Accuracy: 15605/19800 (78.81%)

Validation: acc 78.81%  macro-F1 0.7888  macro-recall 0.7887  (n=19800, classes=30)
Validation: worst-6 recall -> 6:0.50, 22:0.55, 8:0.56, 15:0.58, 29:0.58, 2:0.64

--> No improvement in validation loss. Patience: 4/10
Pre-train Epoch: 28 [0/40200 (0%)]	Loss: 0.709217	Acc: 81.25%
Pre-train Epoch: 28 [6400/40200 (16%)]	Loss: 0.893464	Acc: 77.94%
Pre-train Epoch: 28 [12800/40200 (32%)]	Loss: 0.938034	Acc: 77.18%
Pre-train Epoch: 28 [19200/40200 (48%)]	Loss: 0.558723	Acc: 77.32%
Pre-train Epoch: 28 [25600/40200 (64%)]	Loss: 0.902578	Acc: 77.30%
Pre-train Epoch: 28 [32000/40200 (79%)]	Loss: 0.716126	Acc: 77.34%
Pre-train Epoch: 28 [38400/40200 (95%)]	Loss: 0.583376	Acc: 77.43%

Validation set: Average loss: 0.6674, Accuracy: 15736/19800 (79.47%)

Validation: acc 79.47%  macro-F1 0.7929  macro-recall 0.7952  (n=19800, classes=30)
Validation: worst-6 recall -> 8:0.46, 2:0.51, 6:0.55, 29:0.56, 22:0.57, 7:0.57

--> Best validation loss improved. Saved model to runs\20260917-183711_legacy_cnn_abl-no_savgol_801a01\reference.pth
Pre-train Epoch: 29 [0/40200 (0%)]	Loss: 0.828027	Acc: 78.12%
Pre-train Epoch: 29 [6400/40200 (16%)]	Loss: 0.745594	Acc: 78.08%
Pre-train Epoch: 29 [12800/40200 (32%)]	Loss: 0.611266	Acc: 78.21%
Pre-train Epoch: 29 [19200/40200 (48%)]	Loss: 0.613708	Acc: 78.03%
Pre-train Epoch: 29 [25600/40200 (64%)]	Loss: 0.801283	Acc: 77.80%
Pre-train Epoch: 29 [32000/40200 (79%)]	Loss: 0.712266	Acc: 77.81%
Pre-train Epoch: 29 [38400/40200 (95%)]	Loss: 0.914535	Acc: 77.67%

Validation set: Average loss: 0.7141, Accuracy: 15543/19800 (78.50%)

Validation: acc 78.50%  macro-F1 0.7859  macro-recall 0.7860  (n=19800, classes=30)
Validation: worst-6 recall -> 8:0.48, 3:0.52, 6:0.53, 2:0.56, 7:0.67, 15:0.68

--> No improvement in validation loss. Patience: 1/10
Pre-train Epoch: 30 [0/40200 (0%)]	Loss: 0.831444	Acc: 68.75%
Pre-train Epoch: 30 [6400/40200 (16%)]	Loss: 0.897432	Acc: 77.72%
Pre-train Epoch: 30 [12800/40200 (32%)]	Loss: 0.817300	Acc: 77.49%
Pre-train Epoch: 30 [19200/40200 (48%)]	Loss: 0.811720	Acc: 77.28%
Pre-train Epoch: 30 [25600/40200 (64%)]	Loss: 0.879718	Acc: 77.42%
Pre-train Epoch: 30 [32000/40200 (79%)]	Loss: 0.752694	Acc: 77.23%
Pre-train Epoch: 30 [38400/40200 (95%)]	Loss: 0.898324	Acc: 77.28%

Validation set: Average loss: 0.7029, Accuracy: 15483/19800 (78.20%)

Validation: acc 78.20%  macro-F1 0.7796  macro-recall 0.7827  (n=19800, classes=30)
Validation: worst-6 recall -> 6:0.41, 8:0.45, 2:0.51, 22:0.52, 29:0.56, 15:0.59

--> No improvement in validation loss. Patience: 2/10
Pre-train Epoch: 31 [0/40200 (0%)]	Loss: 0.841732	Acc: 78.12%
Pre-train Epoch: 31 [6400/40200 (16%)]	Loss: 0.745242	Acc: 78.14%
Pre-train Epoch: 31 [12800/40200 (32%)]	Loss: 0.756885	Acc: 77.75%
Pre-train Epoch: 31 [19200/40200 (48%)]	Loss: 0.664703	Acc: 77.60%
Pre-train Epoch: 31 [25600/40200 (64%)]	Loss: 0.758781	Acc: 77.72%
Pre-train Epoch: 31 [32000/40200 (79%)]	Loss: 0.610597	Acc: 77.63%
Pre-train Epoch: 31 [38400/40200 (95%)]	Loss: 1.035262	Acc: 77.76%

Validation set: Average loss: 0.7448, Accuracy: 15179/19800 (76.66%)

Validation: acc 76.66%  macro-F1 0.7691  macro-recall 0.7671  (n=19800, classes=30)
Validation: worst-6 recall -> 8:0.42, 2:0.44, 15:0.53, 6:0.54, 22:0.55, 28:0.57

--> No improvement in validation loss. Patience: 3/10
Pre-train Epoch: 32 [0/40200 (0%)]	Loss: 0.658861	Acc: 79.69%
Pre-train Epoch: 32 [6400/40200 (16%)]	Loss: 0.822378	Acc: 78.47%
Pre-train Epoch: 32 [12800/40200 (32%)]	Loss: 0.570010	Acc: 78.54%
Pre-train Epoch: 32 [19200/40200 (48%)]	Loss: 0.739626	Acc: 78.39%
Pre-train Epoch: 32 [25600/40200 (64%)]	Loss: 0.736766	Acc: 78.26%
Pre-train Epoch: 32 [32000/40200 (79%)]	Loss: 0.675178	Acc: 78.11%
Pre-train Epoch: 32 [38400/40200 (95%)]	Loss: 0.912695	Acc: 78.01%

Validation set: Average loss: 0.7039, Accuracy: 15410/19800 (77.83%)

Validation: acc 77.83%  macro-F1 0.7740  macro-recall 0.7788  (n=19800, classes=30)
Validation: worst-6 recall -> 15:0.33, 6:0.41, 8:0.46, 22:0.52, 2:0.57, 7:0.61

--> No improvement in validation loss. Patience: 4/10
Pre-train Epoch: 33 [0/40200 (0%)]	Loss: 0.741039	Acc: 78.12%
Pre-train Epoch: 33 [6400/40200 (16%)]	Loss: 0.626050	Acc: 78.25%
Pre-train Epoch: 33 [12800/40200 (32%)]	Loss: 0.506912	Acc: 78.41%
Pre-train Epoch: 33 [19200/40200 (48%)]	Loss: 1.134082	Acc: 78.24%
Pre-train Epoch: 33 [25600/40200 (64%)]	Loss: 0.830310	Acc: 78.21%
Pre-train Epoch: 33 [32000/40200 (79%)]	Loss: 0.663850	Acc: 78.01%
Pre-train Epoch: 33 [38400/40200 (95%)]	Loss: 0.986514	Acc: 77.82%

Validation set: Average loss: 0.7362, Accuracy: 15289/19800 (77.22%)

Validation: acc 77.22%  macro-F1 0.7715  macro-recall 0.7725  (n=19800, classes=30)
Validation: worst-6 recall -> 22:0.31, 6:0.43, 29:0.45, 3:0.53, 26:0.60, 2:0.62

--> No improvement in validation loss. Patience: 5/10
Pre-train Epoch: 34 [0/40200 (0%)]	Loss: 0.907134	Acc: 70.31%
Pre-train Epoch: 34 [6400/40200 (16%)]	Loss: 0.639517	Acc: 78.25%
Pre-train Epoch: 34 [12800/40200 (32%)]	Loss: 0.788387	Acc: 78.02%
Pre-train Epoch: 34 [19200/40200 (48%)]	Loss: 0.665100	Acc: 78.01%
Pre-train Epoch: 34 [25600/40200 (64%)]	Loss: 0.767156	Acc: 78.02%
Pre-train Epoch: 34 [32000/40200 (79%)]	Loss: 0.653966	Acc: 78.15%
Pre-train Epoch: 34 [38400/40200 (95%)]	Loss: 0.760489	Acc: 78.08%

Validation set: Average loss: 0.7088, Accuracy: 15536/19800 (78.46%)

Validation: acc 78.46%  macro-F1 0.7866  macro-recall 0.7853  (n=19800, classes=30)
Validation: worst-6 recall -> 6:0.44, 22:0.51, 15:0.55, 8:0.59, 2:0.65, 29:0.65

--> No improvement in validation loss. Patience: 6/10
Pre-train Epoch: 35 [0/40200 (0%)]	Loss: 0.715648	Acc: 81.25%
Pre-train Epoch: 35 [6400/40200 (16%)]	Loss: 0.605851	Acc: 79.39%
Pre-train Epoch: 35 [12800/40200 (32%)]	Loss: 0.652578	Acc: 78.70%
Pre-train Epoch: 35 [19200/40200 (48%)]	Loss: 0.717590	Acc: 78.65%
Pre-train Epoch: 35 [25600/40200 (64%)]	Loss: 0.770498	Acc: 78.48%
Pre-train Epoch: 35 [32000/40200 (79%)]	Loss: 0.973047	Acc: 78.33%
Pre-train Epoch: 35 [38400/40200 (95%)]	Loss: 0.777500	Acc: 78.24%

Validation set: Average loss: 0.6977, Accuracy: 15471/19800 (78.14%)

Validation: acc 78.14%  macro-F1 0.7786  macro-recall 0.7817  (n=19800, classes=30)
Validation: worst-6 recall -> 8:0.42, 29:0.44, 22:0.47, 6:0.52, 4:0.55, 15:0.57

--> No improvement in validation loss. Patience: 7/10
Pre-train Epoch: 36 [0/40200 (0%)]	Loss: 0.657459	Acc: 84.38%
Pre-train Epoch: 36 [6400/40200 (16%)]	Loss: 0.781344	Acc: 77.82%
Pre-train Epoch: 36 [12800/40200 (32%)]	Loss: 0.638900	Acc: 77.98%
Pre-train Epoch: 36 [19200/40200 (48%)]	Loss: 0.579652	Acc: 78.31%
Pre-train Epoch: 36 [25600/40200 (64%)]	Loss: 0.719650	Acc: 78.23%
Pre-train Epoch: 36 [32000/40200 (79%)]	Loss: 0.643551	Acc: 78.05%
Pre-train Epoch: 36 [38400/40200 (95%)]	Loss: 0.591187	Acc: 78.14%

Validation set: Average loss: 0.6882, Accuracy: 15580/19800 (78.69%)

Validation: acc 78.69%  macro-F1 0.7844  macro-recall 0.7875  (n=19800, classes=30)
Validation: worst-6 recall -> 22:0.36, 8:0.44, 15:0.46, 29:0.53, 7:0.57, 2:0.64

--> No improvement in validation loss. Patience: 8/10
Pre-train Epoch: 37 [0/40200 (0%)]	Loss: 0.710849	Acc: 76.56%
Pre-train Epoch: 37 [6400/40200 (16%)]	Loss: 0.666332	Acc: 77.95%
Pre-train Epoch: 37 [12800/40200 (32%)]	Loss: 0.712179	Acc: 78.26%
Pre-train Epoch: 37 [19200/40200 (48%)]	Loss: 0.454116	Acc: 78.23%
Pre-train Epoch: 37 [25600/40200 (64%)]	Loss: 0.756986	Acc: 78.26%
Pre-train Epoch: 37 [32000/40200 (79%)]	Loss: 0.721754	Acc: 78.11%
Pre-train Epoch: 37 [38400/40200 (95%)]	Loss: 0.874893	Acc: 78.03%

Validation set: Average loss: 0.6829, Accuracy: 15624/19800 (78.91%)

Validation: acc 78.91%  macro-F1 0.7835  macro-recall 0.7893  (n=19800, classes=30)
Validation: worst-6 recall -> 8:0.20, 6:0.53, 22:0.57, 7:0.59, 29:0.60, 4:0.63

--> No improvement in validation loss. Patience: 9/10
Pre-train Epoch: 38 [0/40200 (0%)]	Loss: 0.909165	Acc: 75.00%
Pre-train Epoch: 38 [6400/40200 (16%)]	Loss: 0.690206	Acc: 77.41%
Pre-train Epoch: 38 [12800/40200 (32%)]	Loss: 0.669248	Acc: 78.21%
Pre-train Epoch: 38 [19200/40200 (48%)]	Loss: 0.692335	Acc: 78.35%
Pre-train Epoch: 38 [25600/40200 (64%)]	Loss: 0.942848	Acc: 78.07%
Pre-train Epoch: 38 [32000/40200 (79%)]	Loss: 0.685038	Acc: 78.20%
Pre-train Epoch: 38 [38400/40200 (95%)]	Loss: 0.834953	Acc: 78.21%

Validation set: Average loss: 0.6911, Accuracy: 15611/19800 (78.84%)

Validation: acc 78.84%  macro-F1 0.7865  macro-recall 0.7890  (n=19800, classes=30)
Validation: worst-6 recall -> 8:0.37, 29:0.47, 22:0.58, 7:0.58, 6:0.60, 3:0.61

--> No improvement in validation loss. Patience: 10/10

Early stopping triggered at epoch 38! Reverting to best model.
Loaded best reference model for finetuning.

--- Starting Finetuning ---
[cache] hit 1c52118a (1c52118ab92a7f8ff921e096f138e74e.npy)
Finetune Epoch: 1 [0/3000 (0%)]	Loss: 1.686298	Acc: 50.00%
Finetune Epoch: 2 [0/3000 (0%)]	Loss: 0.990513	Acc: 68.75%
Finetune Epoch: 3 [0/3000 (0%)]	Loss: 0.925123	Acc: 75.00%
Finetune Epoch: 4 [0/3000 (0%)]	Loss: 0.864608	Acc: 81.25%
Finetune Epoch: 5 [0/3000 (0%)]	Loss: 0.730076	Acc: 79.69%
Finetune Epoch: 6 [0/3000 (0%)]	Loss: 0.685879	Acc: 81.25%
Finetune Epoch: 7 [0/3000 (0%)]	Loss: 0.645963	Acc: 89.06%
Finetune Epoch: 8 [0/3000 (0%)]	Loss: 0.581634	Acc: 84.38%
Finetune Epoch: 9 [0/3000 (0%)]	Loss: 0.742281	Acc: 81.25%
Finetune Epoch: 10 [0/3000 (0%)]	Loss: 0.659734	Acc: 79.69%
Finetune Epoch: 11 [0/3000 (0%)]	Loss: 0.701759	Acc: 81.25%
Finetune Epoch: 12 [0/3000 (0%)]	Loss: 0.591789	Acc: 84.38%
Finetune Epoch: 13 [0/3000 (0%)]	Loss: 0.674961	Acc: 79.69%
Finetune Epoch: 14 [0/3000 (0%)]	Loss: 0.690349	Acc: 79.69%
Finetune Epoch: 15 [0/3000 (0%)]	Loss: 0.635261	Acc: 84.38%
Finetune Epoch: 16 [0/3000 (0%)]	Loss: 0.553320	Acc: 82.81%
Finetune Epoch: 17 [0/3000 (0%)]	Loss: 0.722950	Acc: 76.56%
Finetune Epoch: 18 [0/3000 (0%)]	Loss: 0.552467	Acc: 87.50%
Finetune Epoch: 19 [0/3000 (0%)]	Loss: 0.675567	Acc: 84.38%
Finetune Epoch: 20 [0/3000 (0%)]	Loss: 0.390276	Acc: 89.06%
Finetuned model saved to runs\20260917-183711_legacy_cnn_abl-no_savgol_801a01\finetuned.pth

--- Evaluating on Test Set ---
[cache] hit fe5f9433 (fe5f94331211f1d66f1efe44f503a812.npy)

Test set: Average loss: 0.7914, Accuracy: 2284/3000 (76.13%)

Test: acc 76.13%  macro-F1 0.7531  macro-recall 0.7613  (n=3000, classes=30)
Test: worst-6 recall -> 11:0.13, 9:0.33, 6:0.37, 8:0.45, 22:0.52, 2:0.57


[run] artifacts in runs\20260917-183711_legacy_cnn_abl-no_savgol_801a01
