Using device: cuda
Run id: 20260917-193935_legacy_cnn_abl-none_8835fc
Preprocessing variant: none (0 steps)
Loading reference dataset...
Detected 30 classes.
Split reference data: 40200 train / 19800 val
Model parameters: 40,446

--- Starting Reference Training ---
Pre-train Epoch: 1 [0/40200 (0%)]	Loss: 3.506554	Acc: 0.00%
Pre-train Epoch: 1 [6400/40200 (16%)]	Loss: 1.695546	Acc: 33.31%
Pre-train Epoch: 1 [12800/40200 (32%)]	Loss: 0.971513	Acc: 48.06%
Pre-train Epoch: 1 [19200/40200 (48%)]	Loss: 0.854930	Acc: 56.58%
Pre-train Epoch: 1 [25600/40200 (64%)]	Loss: 0.551228	Acc: 62.30%
Pre-train Epoch: 1 [32000/40200 (79%)]	Loss: 0.578174	Acc: 66.37%
Pre-train Epoch: 1 [38400/40200 (95%)]	Loss: 0.574494	Acc: 69.19%

Validation set: Average loss: 0.5492, Accuracy: 16933/19800 (85.52%)

Validation: acc 85.52%  macro-F1 0.8525  macro-recall 0.8561  (n=19800, classes=30)
Validation: worst-6 recall -> 15:0.42, 8:0.47, 28:0.57, 2:0.61, 3:0.71, 7:0.74

--> Best validation loss improved. Saved model to runs\20260917-193935_legacy_cnn_abl-none_8835fc\reference.pth
Pre-train Epoch: 2 [0/40200 (0%)]	Loss: 0.627181	Acc: 79.69%
Pre-train Epoch: 2 [6400/40200 (16%)]	Loss: 0.502734	Acc: 83.32%
Pre-train Epoch: 2 [12800/40200 (32%)]	Loss: 0.456694	Acc: 84.52%
Pre-train Epoch: 2 [19200/40200 (48%)]	Loss: 0.555831	Acc: 85.04%
Pre-train Epoch: 2 [25600/40200 (64%)]	Loss: 0.561327	Acc: 85.45%
Pre-train Epoch: 2 [32000/40200 (79%)]	Loss: 0.441833	Acc: 85.73%
Pre-train Epoch: 2 [38400/40200 (95%)]	Loss: 0.423739	Acc: 85.92%

Validation set: Average loss: 0.5069, Accuracy: 16949/19800 (85.60%)

Validation: acc 85.60%  macro-F1 0.8585  macro-recall 0.8565  (n=19800, classes=30)
Validation: worst-6 recall -> 6:0.55, 26:0.60, 3:0.62, 2:0.66, 16:0.70, 28:0.70

--> Best validation loss improved. Saved model to runs\20260917-193935_legacy_cnn_abl-none_8835fc\reference.pth
Pre-train Epoch: 3 [0/40200 (0%)]	Loss: 0.558163	Acc: 82.81%
Pre-train Epoch: 3 [6400/40200 (16%)]	Loss: 0.400995	Acc: 86.97%
Pre-train Epoch: 3 [12800/40200 (32%)]	Loss: 0.473198	Acc: 87.31%
Pre-train Epoch: 3 [19200/40200 (48%)]	Loss: 0.465680	Acc: 87.42%
Pre-train Epoch: 3 [25600/40200 (64%)]	Loss: 0.316501	Acc: 87.59%
Pre-train Epoch: 3 [32000/40200 (79%)]	Loss: 0.396500	Acc: 87.74%
Pre-train Epoch: 3 [38400/40200 (95%)]	Loss: 0.547625	Acc: 87.67%

Validation set: Average loss: 1.6925, Accuracy: 9384/19800 (47.39%)

Validation: acc 47.39%  macro-F1 0.4674  macro-recall 0.4763  (n=19800, classes=30)
Validation: worst-6 recall -> 20:0.04, 29:0.05, 4:0.08, 6:0.09, 22:0.10, 14:0.11

--> No improvement in validation loss. Patience: 1/10
Pre-train Epoch: 4 [0/40200 (0%)]	Loss: 0.416422	Acc: 90.62%
Pre-train Epoch: 4 [6400/40200 (16%)]	Loss: 0.596254	Acc: 88.30%
Pre-train Epoch: 4 [12800/40200 (32%)]	Loss: 0.396985	Acc: 88.11%
Pre-train Epoch: 4 [19200/40200 (48%)]	Loss: 0.473717	Acc: 87.92%
Pre-train Epoch: 4 [25600/40200 (64%)]	Loss: 0.630810	Acc: 88.07%
Pre-train Epoch: 4 [32000/40200 (79%)]	Loss: 0.497705	Acc: 88.10%
Pre-train Epoch: 4 [38400/40200 (95%)]	Loss: 0.724238	Acc: 88.09%

Validation set: Average loss: 0.4211, Accuracy: 17450/19800 (88.13%)

Validation: acc 88.13%  macro-F1 0.8807  macro-recall 0.8820  (n=19800, classes=30)
Validation: worst-6 recall -> 6:0.56, 15:0.60, 3:0.61, 28:0.65, 7:0.76, 8:0.79

--> Best validation loss improved. Saved model to runs\20260917-193935_legacy_cnn_abl-none_8835fc\reference.pth
Pre-train Epoch: 5 [0/40200 (0%)]	Loss: 0.605816	Acc: 84.38%
Pre-train Epoch: 5 [6400/40200 (16%)]	Loss: 0.507065	Acc: 88.55%
Pre-train Epoch: 5 [12800/40200 (32%)]	Loss: 0.376648	Acc: 88.86%
Pre-train Epoch: 5 [19200/40200 (48%)]	Loss: 0.498255	Acc: 88.86%
Pre-train Epoch: 5 [25600/40200 (64%)]	Loss: 0.489048	Acc: 88.70%
Pre-train Epoch: 5 [32000/40200 (79%)]	Loss: 0.440009	Acc: 88.65%
Pre-train Epoch: 5 [38400/40200 (95%)]	Loss: 0.324357	Acc: 88.74%

Validation set: Average loss: 0.4393, Accuracy: 17377/19800 (87.76%)

Validation: acc 87.76%  macro-F1 0.8789  macro-recall 0.8780  (n=19800, classes=30)
Validation: worst-6 recall -> 15:0.56, 11:0.60, 6:0.70, 29:0.73, 22:0.75, 2:0.82

--> No improvement in validation loss. Patience: 1/10
Pre-train Epoch: 6 [0/40200 (0%)]	Loss: 0.528264	Acc: 81.25%
Pre-train Epoch: 6 [6400/40200 (16%)]	Loss: 0.407655	Acc: 88.88%
Pre-train Epoch: 6 [12800/40200 (32%)]	Loss: 0.393915	Acc: 89.05%
Pre-train Epoch: 6 [19200/40200 (48%)]	Loss: 0.405037	Acc: 88.89%
Pre-train Epoch: 6 [25600/40200 (64%)]	Loss: 0.358582	Acc: 88.91%
Pre-train Epoch: 6 [32000/40200 (79%)]	Loss: 0.363242	Acc: 88.90%
Pre-train Epoch: 6 [38400/40200 (95%)]	Loss: 0.360842	Acc: 89.01%

Validation set: Average loss: 0.3968, Accuracy: 17538/19800 (88.58%)

Validation: acc 88.58%  macro-F1 0.8824  macro-recall 0.8855  (n=19800, classes=30)
Validation: worst-6 recall -> 8:0.28, 16:0.63, 28:0.71, 6:0.76, 2:0.79, 22:0.83

--> Best validation loss improved. Saved model to runs\20260917-193935_legacy_cnn_abl-none_8835fc\reference.pth
Pre-train Epoch: 7 [0/40200 (0%)]	Loss: 0.460884	Acc: 90.62%
Pre-train Epoch: 7 [6400/40200 (16%)]	Loss: 0.576474	Acc: 89.25%
Pre-train Epoch: 7 [12800/40200 (32%)]	Loss: 0.376738	Acc: 89.06%
Pre-train Epoch: 7 [19200/40200 (48%)]	Loss: 0.353324	Acc: 88.86%
Pre-train Epoch: 7 [25600/40200 (64%)]	Loss: 0.328412	Acc: 89.04%
Pre-train Epoch: 7 [32000/40200 (79%)]	Loss: 0.457725	Acc: 89.06%
Pre-train Epoch: 7 [38400/40200 (95%)]	Loss: 0.392710	Acc: 89.07%

Validation set: Average loss: 0.3598, Accuracy: 17886/19800 (90.33%)

Validation: acc 90.33%  macro-F1 0.9021  macro-recall 0.9033  (n=19800, classes=30)
Validation: worst-6 recall -> 8:0.64, 6:0.66, 16:0.69, 10:0.73, 7:0.75, 28:0.79

--> Best validation loss improved. Saved model to runs\20260917-193935_legacy_cnn_abl-none_8835fc\reference.pth
Pre-train Epoch: 8 [0/40200 (0%)]	Loss: 0.418285	Acc: 89.06%
Pre-train Epoch: 8 [6400/40200 (16%)]	Loss: 0.550845	Acc: 89.26%
Pre-train Epoch: 8 [12800/40200 (32%)]	Loss: 0.428604	Acc: 89.49%
Pre-train Epoch: 8 [19200/40200 (48%)]	Loss: 0.543221	Acc: 89.34%
Pre-train Epoch: 8 [25600/40200 (64%)]	Loss: 0.471721	Acc: 89.23%
Pre-train Epoch: 8 [32000/40200 (79%)]	Loss: 0.457496	Acc: 89.21%
Pre-train Epoch: 8 [38400/40200 (95%)]	Loss: 0.322814	Acc: 89.26%

Validation set: Average loss: 0.4865, Accuracy: 16871/19800 (85.21%)

Validation: acc 85.21%  macro-F1 0.8524  macro-recall 0.8531  (n=19800, classes=30)
Validation: worst-6 recall -> 3:0.58, 22:0.58, 15:0.60, 11:0.61, 7:0.63, 29:0.66

--> No improvement in validation loss. Patience: 1/10
Pre-train Epoch: 9 [0/40200 (0%)]	Loss: 0.412456	Acc: 90.62%
Pre-train Epoch: 9 [6400/40200 (16%)]	Loss: 0.384379	Acc: 89.42%
Pre-train Epoch: 9 [12800/40200 (32%)]	Loss: 0.327396	Acc: 89.75%
Pre-train Epoch: 9 [19200/40200 (48%)]	Loss: 0.563452	Acc: 89.60%
Pre-train Epoch: 9 [25600/40200 (64%)]	Loss: 0.336890	Acc: 89.65%
Pre-train Epoch: 9 [32000/40200 (79%)]	Loss: 0.554452	Acc: 89.58%
Pre-train Epoch: 9 [38400/40200 (95%)]	Loss: 0.354732	Acc: 89.62%

Validation set: Average loss: 0.3951, Accuracy: 17658/19800 (89.18%)

Validation: acc 89.18%  macro-F1 0.8901  macro-recall 0.8923  (n=19800, classes=30)
Validation: worst-6 recall -> 2:0.59, 6:0.64, 7:0.68, 8:0.73, 16:0.75, 29:0.78

--> No improvement in validation loss. Patience: 2/10
Pre-train Epoch: 10 [0/40200 (0%)]	Loss: 0.326823	Acc: 95.31%
Pre-train Epoch: 10 [6400/40200 (16%)]	Loss: 0.449936	Acc: 89.26%
Pre-train Epoch: 10 [12800/40200 (32%)]	Loss: 0.396585	Acc: 89.26%
Pre-train Epoch: 10 [19200/40200 (48%)]	Loss: 0.354479	Acc: 89.35%
Pre-train Epoch: 10 [25600/40200 (64%)]	Loss: 0.485592	Acc: 89.47%
Pre-train Epoch: 10 [32000/40200 (79%)]	Loss: 0.379947	Acc: 89.34%
Pre-train Epoch: 10 [38400/40200 (95%)]	Loss: 0.375661	Acc: 89.37%

Validation set: Average loss: 0.4226, Accuracy: 17201/19800 (86.87%)

Validation: acc 86.87%  macro-F1 0.8707  macro-recall 0.8694  (n=19800, classes=30)
Validation: worst-6 recall -> 15:0.49, 10:0.63, 3:0.65, 9:0.67, 28:0.70, 8:0.73

--> No improvement in validation loss. Patience: 3/10
Pre-train Epoch: 11 [0/40200 (0%)]	Loss: 0.463015	Acc: 92.19%
Pre-train Epoch: 11 [6400/40200 (16%)]	Loss: 0.334617	Acc: 89.54%
Pre-train Epoch: 11 [12800/40200 (32%)]	Loss: 0.327130	Acc: 89.59%
Pre-train Epoch: 11 [19200/40200 (48%)]	Loss: 0.270215	Acc: 89.48%
Pre-train Epoch: 11 [25600/40200 (64%)]	Loss: 0.399309	Acc: 89.52%
Pre-train Epoch: 11 [32000/40200 (79%)]	Loss: 0.479196	Acc: 89.57%
Pre-train Epoch: 11 [38400/40200 (95%)]	Loss: 0.346538	Acc: 89.55%

Validation set: Average loss: 0.3492, Accuracy: 17925/19800 (90.53%)

Validation: acc 90.53%  macro-F1 0.9032  macro-recall 0.9053  (n=19800, classes=30)
Validation: worst-6 recall -> 8:0.50, 6:0.56, 15:0.66, 29:0.80, 2:0.86, 28:0.87

--> Best validation loss improved. Saved model to runs\20260917-193935_legacy_cnn_abl-none_8835fc\reference.pth
Pre-train Epoch: 12 [0/40200 (0%)]	Loss: 0.371138	Acc: 92.19%
Pre-train Epoch: 12 [6400/40200 (16%)]	Loss: 0.362179	Acc: 90.30%
Pre-train Epoch: 12 [12800/40200 (32%)]	Loss: 0.441318	Acc: 89.79%
Pre-train Epoch: 12 [19200/40200 (48%)]	Loss: 0.467469	Acc: 89.74%
Pre-train Epoch: 12 [25600/40200 (64%)]	Loss: 0.268541	Acc: 89.76%
Pre-train Epoch: 12 [32000/40200 (79%)]	Loss: 0.552645	Acc: 89.73%
Pre-train Epoch: 12 [38400/40200 (95%)]	Loss: 0.445796	Acc: 89.71%

Validation set: Average loss: 0.3512, Accuracy: 17813/19800 (89.96%)

Validation: acc 89.96%  macro-F1 0.8968  macro-recall 0.8996  (n=19800, classes=30)
Validation: worst-6 recall -> 8:0.52, 7:0.62, 16:0.63, 29:0.66, 6:0.76, 22:0.85

--> No improvement in validation loss. Patience: 1/10
Pre-train Epoch: 13 [0/40200 (0%)]	Loss: 0.310150	Acc: 98.44%
Pre-train Epoch: 13 [6400/40200 (16%)]	Loss: 0.394982	Acc: 90.55%
Pre-train Epoch: 13 [12800/40200 (32%)]	Loss: 0.442315	Acc: 90.21%
Pre-train Epoch: 13 [19200/40200 (48%)]	Loss: 0.339670	Acc: 90.11%
Pre-train Epoch: 13 [25600/40200 (64%)]	Loss: 0.401196	Acc: 89.90%
Pre-train Epoch: 13 [32000/40200 (79%)]	Loss: 0.323062	Acc: 90.00%
Pre-train Epoch: 13 [38400/40200 (95%)]	Loss: 0.466918	Acc: 89.97%

Validation set: Average loss: 0.3831, Accuracy: 17743/19800 (89.61%)

Validation: acc 89.61%  macro-F1 0.8960  macro-recall 0.8962  (n=19800, classes=30)
Validation: worst-6 recall -> 16:0.61, 7:0.68, 11:0.70, 22:0.76, 28:0.78, 6:0.80

--> No improvement in validation loss. Patience: 2/10
Pre-train Epoch: 14 [0/40200 (0%)]	Loss: 0.436235	Acc: 87.50%
Pre-train Epoch: 14 [6400/40200 (16%)]	Loss: 0.373911	Acc: 89.40%
Pre-train Epoch: 14 [12800/40200 (32%)]	Loss: 0.442505	Acc: 89.88%
Pre-train Epoch: 14 [19200/40200 (48%)]	Loss: 0.334849	Acc: 89.97%
Pre-train Epoch: 14 [25600/40200 (64%)]	Loss: 0.513789	Acc: 89.88%
Pre-train Epoch: 14 [32000/40200 (79%)]	Loss: 0.480047	Acc: 89.95%
Pre-train Epoch: 14 [38400/40200 (95%)]	Loss: 0.495712	Acc: 89.93%

Validation set: Average loss: 0.3459, Accuracy: 17901/19800 (90.41%)

Validation: acc 90.41%  macro-F1 0.9029  macro-recall 0.9047  (n=19800, classes=30)
Validation: worst-6 recall -> 7:0.50, 29:0.59, 2:0.71, 16:0.76, 4:0.81, 8:0.83

--> Best validation loss improved. Saved model to runs\20260917-193935_legacy_cnn_abl-none_8835fc\reference.pth
Pre-train Epoch: 15 [0/40200 (0%)]	Loss: 0.457063	Acc: 89.06%
Pre-train Epoch: 15 [6400/40200 (16%)]	Loss: 0.269343	Acc: 89.60%
Pre-train Epoch: 15 [12800/40200 (32%)]	Loss: 0.402517	Acc: 89.43%
Pre-train Epoch: 15 [19200/40200 (48%)]	Loss: 0.359822	Acc: 89.71%
Pre-train Epoch: 15 [25600/40200 (64%)]	Loss: 0.474249	Acc: 89.88%
Pre-train Epoch: 15 [32000/40200 (79%)]	Loss: 0.378724	Acc: 89.77%
Pre-train Epoch: 15 [38400/40200 (95%)]	Loss: 0.398296	Acc: 89.81%

Validation set: Average loss: 0.3565, Accuracy: 17837/19800 (90.09%)

Validation: acc 90.09%  macro-F1 0.9017  macro-recall 0.9012  (n=19800, classes=30)
Validation: worst-6 recall -> 15:0.69, 6:0.70, 26:0.70, 29:0.78, 2:0.79, 22:0.79

--> No improvement in validation loss. Patience: 1/10
Pre-train Epoch: 16 [0/40200 (0%)]	Loss: 0.395736	Acc: 89.06%
Pre-train Epoch: 16 [6400/40200 (16%)]	Loss: 0.383352	Acc: 90.42%
Pre-train Epoch: 16 [12800/40200 (32%)]	Loss: 0.413464	Acc: 90.47%
Pre-train Epoch: 16 [19200/40200 (48%)]	Loss: 0.435014	Acc: 90.62%
Pre-train Epoch: 16 [25600/40200 (64%)]	Loss: 0.665123	Acc: 90.42%
Pre-train Epoch: 16 [32000/40200 (79%)]	Loss: 0.372222	Acc: 90.20%
Pre-train Epoch: 16 [38400/40200 (95%)]	Loss: 0.353042	Acc: 90.27%

Validation set: Average loss: 0.3851, Accuracy: 17539/19800 (88.58%)

Validation: acc 88.58%  macro-F1 0.8835  macro-recall 0.8864  (n=19800, classes=30)
Validation: worst-6 recall -> 2:0.37, 6:0.67, 16:0.68, 22:0.71, 8:0.73, 3:0.76

--> No improvement in validation loss. Patience: 2/10
Pre-train Epoch: 17 [0/40200 (0%)]	Loss: 0.347507	Acc: 90.62%
Pre-train Epoch: 17 [6400/40200 (16%)]	Loss: 0.373546	Acc: 89.91%
Pre-train Epoch: 17 [12800/40200 (32%)]	Loss: 0.282123	Acc: 90.17%
Pre-train Epoch: 17 [19200/40200 (48%)]	Loss: 0.613754	Acc: 90.26%
Pre-train Epoch: 17 [25600/40200 (64%)]	Loss: 0.360309	Acc: 90.16%
Pre-train Epoch: 17 [32000/40200 (79%)]	Loss: 0.261250	Acc: 90.14%
Pre-train Epoch: 17 [38400/40200 (95%)]	Loss: 0.300638	Acc: 90.20%

Validation set: Average loss: 0.3912, Accuracy: 17605/19800 (88.91%)

Validation: acc 88.91%  macro-F1 0.8903  macro-recall 0.8891  (n=19800, classes=30)
Validation: worst-6 recall -> 6:0.59, 9:0.74, 11:0.76, 8:0.77, 15:0.79, 26:0.81

--> No improvement in validation loss. Patience: 3/10
Pre-train Epoch: 18 [0/40200 (0%)]	Loss: 0.272360	Acc: 95.31%
Pre-train Epoch: 18 [6400/40200 (16%)]	Loss: 0.472322	Acc: 89.91%
Pre-train Epoch: 18 [12800/40200 (32%)]	Loss: 0.368718	Acc: 89.80%
Pre-train Epoch: 18 [19200/40200 (48%)]	Loss: 0.386016	Acc: 90.01%
Pre-train Epoch: 18 [25600/40200 (64%)]	Loss: 0.346278	Acc: 89.88%
Pre-train Epoch: 18 [32000/40200 (79%)]	Loss: 0.243103	Acc: 89.96%
Pre-train Epoch: 18 [38400/40200 (95%)]	Loss: 0.260574	Acc: 90.09%

Validation set: Average loss: 0.3245, Accuracy: 18015/19800 (90.98%)

Validation: acc 90.98%  macro-F1 0.9108  macro-recall 0.9103  (n=19800, classes=30)
Validation: worst-6 recall -> 2:0.71, 28:0.74, 15:0.81, 7:0.82, 16:0.82, 8:0.82

--> Best validation loss improved. Saved model to runs\20260917-193935_legacy_cnn_abl-none_8835fc\reference.pth
Pre-train Epoch: 19 [0/40200 (0%)]	Loss: 0.367261	Acc: 92.19%
Pre-train Epoch: 19 [6400/40200 (16%)]	Loss: 0.348810	Acc: 90.87%
Pre-train Epoch: 19 [12800/40200 (32%)]	Loss: 0.366356	Acc: 90.75%
Pre-train Epoch: 19 [19200/40200 (48%)]	Loss: 0.381433	Acc: 90.35%
Pre-train Epoch: 19 [25600/40200 (64%)]	Loss: 0.473897	Acc: 90.28%
Pre-train Epoch: 19 [32000/40200 (79%)]	Loss: 0.364460	Acc: 90.19%
Pre-train Epoch: 19 [38400/40200 (95%)]	Loss: 0.380547	Acc: 90.23%

Validation set: Average loss: 0.3439, Accuracy: 17989/19800 (90.85%)

Validation: acc 90.85%  macro-F1 0.9090  macro-recall 0.9090  (n=19800, classes=30)
Validation: worst-6 recall -> 2:0.70, 4:0.71, 6:0.76, 15:0.77, 29:0.81, 8:0.86

--> No improvement in validation loss. Patience: 1/10
Pre-train Epoch: 20 [0/40200 (0%)]	Loss: 0.431988	Acc: 87.50%
Pre-train Epoch: 20 [6400/40200 (16%)]	Loss: 0.449456	Acc: 90.11%
Pre-train Epoch: 20 [12800/40200 (32%)]	Loss: 0.380705	Acc: 90.15%
Pre-train Epoch: 20 [19200/40200 (48%)]	Loss: 0.375606	Acc: 90.14%
Pre-train Epoch: 20 [25600/40200 (64%)]	Loss: 0.252176	Acc: 90.15%
Pre-train Epoch: 20 [32000/40200 (79%)]	Loss: 0.360191	Acc: 90.19%
Pre-train Epoch: 20 [38400/40200 (95%)]	Loss: 0.388069	Acc: 90.12%

Validation set: Average loss: 0.4205, Accuracy: 17373/19800 (87.74%)

Validation: acc 87.74%  macro-F1 0.8760  macro-recall 0.8775  (n=19800, classes=30)
Validation: worst-6 recall -> 6:0.49, 8:0.59, 4:0.59, 14:0.71, 7:0.76, 29:0.77

--> No improvement in validation loss. Patience: 2/10
Pre-train Epoch: 21 [0/40200 (0%)]	Loss: 0.282638	Acc: 95.31%
Pre-train Epoch: 21 [6400/40200 (16%)]	Loss: 0.230772	Acc: 90.02%
Pre-train Epoch: 21 [12800/40200 (32%)]	Loss: 0.297456	Acc: 90.31%
Pre-train Epoch: 21 [19200/40200 (48%)]	Loss: 0.323605	Acc: 90.21%
Pre-train Epoch: 21 [25600/40200 (64%)]	Loss: 0.397485	Acc: 90.29%
Pre-train Epoch: 21 [32000/40200 (79%)]	Loss: 0.414075	Acc: 90.11%
Pre-train Epoch: 21 [38400/40200 (95%)]	Loss: 0.356186	Acc: 90.14%

Validation set: Average loss: 0.4991, Accuracy: 16826/19800 (84.98%)

Validation: acc 84.98%  macro-F1 0.8492  macro-recall 0.8507  (n=19800, classes=30)
Validation: worst-6 recall -> 28:0.39, 2:0.49, 6:0.61, 8:0.67, 15:0.69, 9:0.70

--> No improvement in validation loss. Patience: 3/10
Pre-train Epoch: 22 [0/40200 (0%)]	Loss: 0.483321	Acc: 84.38%
Pre-train Epoch: 22 [6400/40200 (16%)]	Loss: 0.325342	Acc: 90.18%
Pre-train Epoch: 22 [12800/40200 (32%)]	Loss: 0.330731	Acc: 90.20%
Pre-train Epoch: 22 [19200/40200 (48%)]	Loss: 0.320174	Acc: 90.20%
Pre-train Epoch: 22 [25600/40200 (64%)]	Loss: 0.281393	Acc: 90.18%
Pre-train Epoch: 22 [32000/40200 (79%)]	Loss: 0.328470	Acc: 90.24%
Pre-train Epoch: 22 [38400/40200 (95%)]	Loss: 0.311337	Acc: 90.22%

Validation set: Average loss: 0.3433, Accuracy: 17996/19800 (90.89%)

Validation: acc 90.89%  macro-F1 0.9089  macro-recall 0.9094  (n=19800, classes=30)
Validation: worst-6 recall -> 28:0.59, 8:0.72, 6:0.77, 16:0.80, 7:0.81, 3:0.82

--> No improvement in validation loss. Patience: 4/10
Pre-train Epoch: 23 [0/40200 (0%)]	Loss: 0.508493	Acc: 79.69%
Pre-train Epoch: 23 [6400/40200 (16%)]	Loss: 0.609098	Acc: 89.93%
Pre-train Epoch: 23 [12800/40200 (32%)]	Loss: 0.447015	Acc: 90.45%
Pre-train Epoch: 23 [19200/40200 (48%)]	Loss: 0.346437	Acc: 90.40%
Pre-train Epoch: 23 [25600/40200 (64%)]	Loss: 0.424237	Acc: 90.12%
Pre-train Epoch: 23 [32000/40200 (79%)]	Loss: 0.439403	Acc: 90.10%
Pre-train Epoch: 23 [38400/40200 (95%)]	Loss: 0.562908	Acc: 90.11%

Validation set: Average loss: 0.3629, Accuracy: 17806/19800 (89.93%)

Validation: acc 89.93%  macro-F1 0.8999  macro-recall 0.8999  (n=19800, classes=30)
Validation: worst-6 recall -> 28:0.67, 6:0.68, 15:0.72, 26:0.75, 4:0.80, 2:0.81

--> No improvement in validation loss. Patience: 5/10
Pre-train Epoch: 24 [0/40200 (0%)]	Loss: 0.493394	Acc: 82.81%
Pre-train Epoch: 24 [6400/40200 (16%)]	Loss: 0.363662	Acc: 90.19%
Pre-train Epoch: 24 [12800/40200 (32%)]	Loss: 0.317556	Acc: 90.18%
Pre-train Epoch: 24 [19200/40200 (48%)]	Loss: 0.415316	Acc: 90.26%
Pre-train Epoch: 24 [25600/40200 (64%)]	Loss: 0.344442	Acc: 90.18%
Pre-train Epoch: 24 [32000/40200 (79%)]	Loss: 0.397154	Acc: 90.34%
Pre-train Epoch: 24 [38400/40200 (95%)]	Loss: 0.270461	Acc: 90.35%

Validation set: Average loss: 0.3680, Accuracy: 17816/19800 (89.98%)

Validation: acc 89.98%  macro-F1 0.8993  macro-recall 0.9001  (n=19800, classes=30)
Validation: worst-6 recall -> 8:0.65, 29:0.69, 7:0.73, 9:0.75, 16:0.75, 28:0.80

--> No improvement in validation loss. Patience: 6/10
Pre-train Epoch: 25 [0/40200 (0%)]	Loss: 0.414132	Acc: 90.62%
Pre-train Epoch: 25 [6400/40200 (16%)]	Loss: 0.330471	Acc: 90.89%
Pre-train Epoch: 25 [12800/40200 (32%)]	Loss: 0.395052	Acc: 90.66%
Pre-train Epoch: 25 [19200/40200 (48%)]	Loss: 0.369768	Acc: 90.51%
Pre-train Epoch: 25 [25600/40200 (64%)]	Loss: 0.451230	Acc: 90.37%
Pre-train Epoch: 25 [32000/40200 (79%)]	Loss: 0.341154	Acc: 90.36%
Pre-train Epoch: 25 [38400/40200 (95%)]	Loss: 0.391673	Acc: 90.47%

Validation set: Average loss: 0.4364, Accuracy: 17291/19800 (87.33%)

Validation: acc 87.33%  macro-F1 0.8717  macro-recall 0.8739  (n=19800, classes=30)
Validation: worst-6 recall -> 29:0.37, 7:0.59, 16:0.68, 22:0.70, 8:0.70, 6:0.78

--> No improvement in validation loss. Patience: 7/10
Pre-train Epoch: 26 [0/40200 (0%)]	Loss: 0.348297	Acc: 90.62%
Pre-train Epoch: 26 [6400/40200 (16%)]	Loss: 0.383520	Acc: 90.38%
Pre-train Epoch: 26 [12800/40200 (32%)]	Loss: 0.325859	Acc: 90.37%
Pre-train Epoch: 26 [19200/40200 (48%)]	Loss: 0.314047	Acc: 90.45%
Pre-train Epoch: 26 [25600/40200 (64%)]	Loss: 0.276791	Acc: 90.52%
Pre-train Epoch: 26 [32000/40200 (79%)]	Loss: 0.358016	Acc: 90.50%
Pre-train Epoch: 26 [38400/40200 (95%)]	Loss: 0.425068	Acc: 90.48%

Validation set: Average loss: 0.4389, Accuracy: 17250/19800 (87.12%)

Validation: acc 87.12%  macro-F1 0.8761  macro-recall 0.8713  (n=19800, classes=30)
Validation: worst-6 recall -> 22:0.60, 2:0.65, 28:0.67, 9:0.70, 6:0.73, 15:0.75

--> No improvement in validation loss. Patience: 8/10
Pre-train Epoch: 27 [0/40200 (0%)]	Loss: 0.284962	Acc: 95.31%
Pre-train Epoch: 27 [6400/40200 (16%)]	Loss: 0.424547	Acc: 90.42%
Pre-train Epoch: 27 [12800/40200 (32%)]	Loss: 0.460840	Acc: 90.49%
Pre-train Epoch: 27 [19200/40200 (48%)]	Loss: 0.385347	Acc: 90.40%
Pre-train Epoch: 27 [25600/40200 (64%)]	Loss: 0.486348	Acc: 90.43%
Pre-train Epoch: 27 [32000/40200 (79%)]	Loss: 0.406542	Acc: 90.49%
Pre-train Epoch: 27 [38400/40200 (95%)]	Loss: 0.379311	Acc: 90.50%

Validation set: Average loss: 0.3111, Accuracy: 18087/19800 (91.35%)

Validation: acc 91.35%  macro-F1 0.9144  macro-recall 0.9138  (n=19800, classes=30)
Validation: worst-6 recall -> 2:0.68, 6:0.80, 8:0.81, 16:0.81, 15:0.81, 29:0.84

--> Best validation loss improved. Saved model to runs\20260917-193935_legacy_cnn_abl-none_8835fc\reference.pth
Pre-train Epoch: 28 [0/40200 (0%)]	Loss: 0.326485	Acc: 92.19%
Pre-train Epoch: 28 [6400/40200 (16%)]	Loss: 0.441248	Acc: 91.34%
Pre-train Epoch: 28 [12800/40200 (32%)]	Loss: 0.397205	Acc: 90.97%
Pre-train Epoch: 28 [19200/40200 (48%)]	Loss: 0.314164	Acc: 90.83%
Pre-train Epoch: 28 [25600/40200 (64%)]	Loss: 0.524635	Acc: 90.80%
Pre-train Epoch: 28 [32000/40200 (79%)]	Loss: 0.368707	Acc: 90.67%
Pre-train Epoch: 28 [38400/40200 (95%)]	Loss: 0.382347	Acc: 90.75%

Validation set: Average loss: 0.4178, Accuracy: 17420/19800 (87.98%)

Validation: acc 87.98%  macro-F1 0.8790  macro-recall 0.8806  (n=19800, classes=30)
Validation: worst-6 recall -> 7:0.57, 29:0.59, 8:0.62, 2:0.68, 4:0.74, 6:0.76

--> No improvement in validation loss. Patience: 1/10
Pre-train Epoch: 29 [0/40200 (0%)]	Loss: 0.471016	Acc: 87.50%
Pre-train Epoch: 29 [6400/40200 (16%)]	Loss: 0.359233	Acc: 90.70%
Pre-train Epoch: 29 [12800/40200 (32%)]	Loss: 0.302465	Acc: 90.59%
Pre-train Epoch: 29 [19200/40200 (48%)]	Loss: 0.321970	Acc: 90.59%
Pre-train Epoch: 29 [25600/40200 (64%)]	Loss: 0.366013	Acc: 90.65%
Pre-train Epoch: 29 [32000/40200 (79%)]	Loss: 0.346466	Acc: 90.71%
Pre-train Epoch: 29 [38400/40200 (95%)]	Loss: 0.393018	Acc: 90.67%

Validation set: Average loss: 0.3371, Accuracy: 18000/19800 (90.91%)

Validation: acc 90.91%  macro-F1 0.9099  macro-recall 0.9096  (n=19800, classes=30)
Validation: worst-6 recall -> 7:0.74, 15:0.74, 29:0.79, 2:0.79, 6:0.81, 3:0.82

--> No improvement in validation loss. Patience: 2/10
Pre-train Epoch: 30 [0/40200 (0%)]	Loss: 0.417014	Acc: 90.62%
Pre-train Epoch: 30 [6400/40200 (16%)]	Loss: 0.426295	Acc: 90.73%
Pre-train Epoch: 30 [12800/40200 (32%)]	Loss: 0.332455	Acc: 91.04%
Pre-train Epoch: 30 [19200/40200 (48%)]	Loss: 0.387970	Acc: 90.78%
Pre-train Epoch: 30 [25600/40200 (64%)]	Loss: 0.270676	Acc: 90.74%
Pre-train Epoch: 30 [32000/40200 (79%)]	Loss: 0.302413	Acc: 90.60%
Pre-train Epoch: 30 [38400/40200 (95%)]	Loss: 0.391329	Acc: 90.59%

Validation set: Average loss: 0.4378, Accuracy: 17132/19800 (86.53%)

Validation: acc 86.53%  macro-F1 0.8625  macro-recall 0.8660  (n=19800, classes=30)
Validation: worst-6 recall -> 15:0.26, 2:0.61, 28:0.62, 6:0.67, 25:0.75, 9:0.78

--> No improvement in validation loss. Patience: 3/10
Pre-train Epoch: 31 [0/40200 (0%)]	Loss: 0.391578	Acc: 89.06%
Pre-train Epoch: 31 [6400/40200 (16%)]	Loss: 0.412010	Acc: 90.81%
Pre-train Epoch: 31 [12800/40200 (32%)]	Loss: 0.361128	Acc: 90.59%
Pre-train Epoch: 31 [19200/40200 (48%)]	Loss: 0.436017	Acc: 90.74%
Pre-train Epoch: 31 [25600/40200 (64%)]	Loss: 0.374179	Acc: 90.88%
Pre-train Epoch: 31 [32000/40200 (79%)]	Loss: 0.337347	Acc: 90.73%
Pre-train Epoch: 31 [38400/40200 (95%)]	Loss: 0.431460	Acc: 90.68%

Validation set: Average loss: 0.3310, Accuracy: 18105/19800 (91.44%)

Validation: acc 91.44%  macro-F1 0.9144  macro-recall 0.9147  (n=19800, classes=30)
Validation: worst-6 recall -> 15:0.65, 6:0.71, 4:0.75, 2:0.76, 22:0.86, 29:0.86

--> No improvement in validation loss. Patience: 4/10
Pre-train Epoch: 32 [0/40200 (0%)]	Loss: 0.357766	Acc: 90.62%
Pre-train Epoch: 32 [6400/40200 (16%)]	Loss: 0.413673	Acc: 91.10%
Pre-train Epoch: 32 [12800/40200 (32%)]	Loss: 0.242531	Acc: 91.27%
Pre-train Epoch: 32 [19200/40200 (48%)]	Loss: 0.404392	Acc: 90.88%
Pre-train Epoch: 32 [25600/40200 (64%)]	Loss: 0.210415	Acc: 90.87%
Pre-train Epoch: 32 [32000/40200 (79%)]	Loss: 0.343923	Acc: 90.72%
Pre-train Epoch: 32 [38400/40200 (95%)]	Loss: 0.380072	Acc: 90.75%

Validation set: Average loss: 0.3879, Accuracy: 17732/19800 (89.56%)

Validation: acc 89.56%  macro-F1 0.8956  macro-recall 0.8960  (n=19800, classes=30)
Validation: worst-6 recall -> 8:0.65, 15:0.69, 28:0.71, 6:0.76, 25:0.78, 7:0.79

--> No improvement in validation loss. Patience: 5/10
Pre-train Epoch: 33 [0/40200 (0%)]	Loss: 0.324522	Acc: 90.62%
Pre-train Epoch: 33 [6400/40200 (16%)]	Loss: 0.378768	Acc: 91.18%
Pre-train Epoch: 33 [12800/40200 (32%)]	Loss: 0.246508	Acc: 90.84%
Pre-train Epoch: 33 [19200/40200 (48%)]	Loss: 0.565829	Acc: 90.59%
Pre-train Epoch: 33 [25600/40200 (64%)]	Loss: 0.392014	Acc: 90.63%
Pre-train Epoch: 33 [32000/40200 (79%)]	Loss: 0.343233	Acc: 90.59%
Pre-train Epoch: 33 [38400/40200 (95%)]	Loss: 0.502940	Acc: 90.54%

Validation set: Average loss: 0.3197, Accuracy: 18161/19800 (91.72%)

Validation: acc 91.72%  macro-F1 0.9171  macro-recall 0.9170  (n=19800, classes=30)
Validation: worst-6 recall -> 16:0.66, 8:0.73, 6:0.80, 7:0.81, 3:0.82, 10:0.84

--> No improvement in validation loss. Patience: 6/10
Pre-train Epoch: 34 [0/40200 (0%)]	Loss: 0.392272	Acc: 90.62%
Pre-train Epoch: 34 [6400/40200 (16%)]	Loss: 0.399206	Acc: 90.92%
Pre-train Epoch: 34 [12800/40200 (32%)]	Loss: 0.370465	Acc: 90.76%
Pre-train Epoch: 34 [19200/40200 (48%)]	Loss: 0.301833	Acc: 90.83%
Pre-train Epoch: 34 [25600/40200 (64%)]	Loss: 0.377632	Acc: 90.73%
Pre-train Epoch: 34 [32000/40200 (79%)]	Loss: 0.362976	Acc: 90.73%
Pre-train Epoch: 34 [38400/40200 (95%)]	Loss: 0.453370	Acc: 90.72%

Validation set: Average loss: 0.3244, Accuracy: 17918/19800 (90.49%)

Validation: acc 90.49%  macro-F1 0.9046  macro-recall 0.9054  (n=19800, classes=30)
Validation: worst-6 recall -> 15:0.50, 26:0.72, 29:0.72, 2:0.75, 7:0.79, 22:0.83

--> No improvement in validation loss. Patience: 7/10
Pre-train Epoch: 35 [0/40200 (0%)]	Loss: 0.273666	Acc: 93.75%
Pre-train Epoch: 35 [6400/40200 (16%)]	Loss: 0.320742	Acc: 91.54%
Pre-train Epoch: 35 [12800/40200 (32%)]	Loss: 0.328175	Acc: 91.25%
Pre-train Epoch: 35 [19200/40200 (48%)]	Loss: 0.390527	Acc: 91.15%
Pre-train Epoch: 35 [25600/40200 (64%)]	Loss: 0.434612	Acc: 91.03%
Pre-train Epoch: 35 [32000/40200 (79%)]	Loss: 0.476054	Acc: 90.89%
Pre-train Epoch: 35 [38400/40200 (95%)]	Loss: 0.274751	Acc: 90.90%

Validation set: Average loss: 0.3062, Accuracy: 18071/19800 (91.27%)

Validation: acc 91.27%  macro-F1 0.9119  macro-recall 0.9128  (n=19800, classes=30)
Validation: worst-6 recall -> 8:0.62, 15:0.67, 29:0.74, 4:0.79, 7:0.81, 6:0.83

--> Best validation loss improved. Saved model to runs\20260917-193935_legacy_cnn_abl-none_8835fc\reference.pth
Pre-train Epoch: 36 [0/40200 (0%)]	Loss: 0.284791	Acc: 92.19%
Pre-train Epoch: 36 [6400/40200 (16%)]	Loss: 0.394699	Acc: 90.97%
Pre-train Epoch: 36 [12800/40200 (32%)]	Loss: 0.294560	Acc: 90.99%
Pre-train Epoch: 36 [19200/40200 (48%)]	Loss: 0.306991	Acc: 91.18%
Pre-train Epoch: 36 [25600/40200 (64%)]	Loss: 0.302546	Acc: 91.05%
Pre-train Epoch: 36 [32000/40200 (79%)]	Loss: 0.294772	Acc: 90.95%
Pre-train Epoch: 36 [38400/40200 (95%)]	Loss: 0.403691	Acc: 90.93%

Validation set: Average loss: 0.3207, Accuracy: 17896/19800 (90.38%)

Validation: acc 90.38%  macro-F1 0.9025  macro-recall 0.9042  (n=19800, classes=30)
Validation: worst-6 recall -> 8:0.53, 7:0.53, 29:0.72, 15:0.81, 28:0.82, 22:0.84

--> No improvement in validation loss. Patience: 1/10
Pre-train Epoch: 37 [0/40200 (0%)]	Loss: 0.351713	Acc: 92.19%
Pre-train Epoch: 37 [6400/40200 (16%)]	Loss: 0.364671	Acc: 90.73%
Pre-train Epoch: 37 [12800/40200 (32%)]	Loss: 0.303509	Acc: 90.96%
Pre-train Epoch: 37 [19200/40200 (48%)]	Loss: 0.192642	Acc: 90.96%
Pre-train Epoch: 37 [25600/40200 (64%)]	Loss: 0.479176	Acc: 90.88%
Pre-train Epoch: 37 [32000/40200 (79%)]	Loss: 0.330052	Acc: 90.75%
Pre-train Epoch: 37 [38400/40200 (95%)]	Loss: 0.331297	Acc: 90.73%

Validation set: Average loss: 0.3246, Accuracy: 18008/19800 (90.95%)

Validation: acc 90.95%  macro-F1 0.9099  macro-recall 0.9096  (n=19800, classes=30)
Validation: worst-6 recall -> 6:0.45, 2:0.80, 15:0.81, 28:0.82, 22:0.84, 16:0.86

--> No improvement in validation loss. Patience: 2/10
Pre-train Epoch: 38 [0/40200 (0%)]	Loss: 0.475808	Acc: 85.94%
Pre-train Epoch: 38 [6400/40200 (16%)]	Loss: 0.430192	Acc: 90.58%
Pre-train Epoch: 38 [12800/40200 (32%)]	Loss: 0.242357	Acc: 91.20%
Pre-train Epoch: 38 [19200/40200 (48%)]	Loss: 0.416736	Acc: 90.99%
Pre-train Epoch: 38 [25600/40200 (64%)]	Loss: 0.427005	Acc: 90.93%
Pre-train Epoch: 38 [32000/40200 (79%)]	Loss: 0.408731	Acc: 91.07%
Pre-train Epoch: 38 [38400/40200 (95%)]	Loss: 0.450673	Acc: 91.02%

Validation set: Average loss: 0.3379, Accuracy: 17934/19800 (90.58%)

Validation: acc 90.58%  macro-F1 0.9063  macro-recall 0.9060  (n=19800, classes=30)
Validation: worst-6 recall -> 7:0.68, 28:0.69, 8:0.72, 16:0.80, 2:0.81, 9:0.81

--> No improvement in validation loss. Patience: 3/10
Pre-train Epoch: 39 [0/40200 (0%)]	Loss: 0.301102	Acc: 92.19%
Pre-train Epoch: 39 [6400/40200 (16%)]	Loss: 0.411299	Acc: 91.62%
Pre-train Epoch: 39 [12800/40200 (32%)]	Loss: 0.588057	Acc: 91.27%
Pre-train Epoch: 39 [19200/40200 (48%)]	Loss: 0.461877	Acc: 91.21%
Pre-train Epoch: 39 [25600/40200 (64%)]	Loss: 0.548416	Acc: 91.05%
Pre-train Epoch: 39 [32000/40200 (79%)]	Loss: 0.318220	Acc: 91.11%
Pre-train Epoch: 39 [38400/40200 (95%)]	Loss: 0.450089	Acc: 91.05%

Validation set: Average loss: 0.3153, Accuracy: 18104/19800 (91.43%)

Validation: acc 91.43%  macro-F1 0.9146  macro-recall 0.9147  (n=19800, classes=30)
Validation: worst-6 recall -> 8:0.70, 2:0.72, 3:0.76, 16:0.78, 7:0.81, 29:0.83

--> No improvement in validation loss. Patience: 4/10
Pre-train Epoch: 40 [0/40200 (0%)]	Loss: 0.297086	Acc: 93.75%
Pre-train Epoch: 40 [6400/40200 (16%)]	Loss: 0.382101	Acc: 90.75%
Pre-train Epoch: 40 [12800/40200 (32%)]	Loss: 0.362665	Acc: 91.10%
Pre-train Epoch: 40 [19200/40200 (48%)]	Loss: 0.337847	Acc: 91.10%
Pre-train Epoch: 40 [25600/40200 (64%)]	Loss: 0.306726	Acc: 91.07%
Pre-train Epoch: 40 [32000/40200 (79%)]	Loss: 0.296294	Acc: 91.10%
Pre-train Epoch: 40 [38400/40200 (95%)]	Loss: 0.310640	Acc: 91.15%

Validation set: Average loss: 0.3414, Accuracy: 17904/19800 (90.42%)

Validation: acc 90.42%  macro-F1 0.9041  macro-recall 0.9046  (n=19800, classes=30)
Validation: worst-6 recall -> 8:0.64, 15:0.70, 2:0.72, 7:0.76, 28:0.80, 16:0.81

--> No improvement in validation loss. Patience: 5/10
Pre-train Epoch: 41 [0/40200 (0%)]	Loss: 0.287107	Acc: 95.31%
Pre-train Epoch: 41 [6400/40200 (16%)]	Loss: 0.332085	Acc: 91.41%
Pre-train Epoch: 41 [12800/40200 (32%)]	Loss: 0.353856	Acc: 91.11%
Pre-train Epoch: 41 [19200/40200 (48%)]	Loss: 0.284957	Acc: 91.29%
Pre-train Epoch: 41 [25600/40200 (64%)]	Loss: 0.333865	Acc: 91.17%
Pre-train Epoch: 41 [32000/40200 (79%)]	Loss: 0.370658	Acc: 91.05%
Pre-train Epoch: 41 [38400/40200 (95%)]	Loss: 0.347912	Acc: 91.03%

Validation set: Average loss: 0.3122, Accuracy: 18113/19800 (91.48%)

Validation: acc 91.48%  macro-F1 0.9135  macro-recall 0.9151  (n=19800, classes=30)
Validation: worst-6 recall -> 7:0.51, 8:0.76, 16:0.77, 2:0.81, 29:0.85, 3:0.86

--> No improvement in validation loss. Patience: 6/10
Pre-train Epoch: 42 [0/40200 (0%)]	Loss: 0.351667	Acc: 90.62%
Pre-train Epoch: 42 [6400/40200 (16%)]	Loss: 0.394594	Acc: 92.26%
Pre-train Epoch: 42 [12800/40200 (32%)]	Loss: 0.409688	Acc: 91.65%
Pre-train Epoch: 42 [19200/40200 (48%)]	Loss: 0.385948	Acc: 91.44%
Pre-train Epoch: 42 [25600/40200 (64%)]	Loss: 0.282230	Acc: 91.26%
Pre-train Epoch: 42 [32000/40200 (79%)]	Loss: 0.358220	Acc: 91.35%
Pre-train Epoch: 42 [38400/40200 (95%)]	Loss: 0.380876	Acc: 91.35%

Validation set: Average loss: 0.3450, Accuracy: 17831/19800 (90.06%)

Validation: acc 90.06%  macro-F1 0.9026  macro-recall 0.9011  (n=19800, classes=30)
Validation: worst-6 recall -> 6:0.52, 2:0.68, 15:0.76, 3:0.78, 28:0.82, 10:0.85

--> No improvement in validation loss. Patience: 7/10
Pre-train Epoch: 43 [0/40200 (0%)]	Loss: 0.329684	Acc: 90.62%
Pre-train Epoch: 43 [6400/40200 (16%)]	Loss: 0.240681	Acc: 91.52%
Pre-train Epoch: 43 [12800/40200 (32%)]	Loss: 0.387280	Acc: 91.49%
Pre-train Epoch: 43 [19200/40200 (48%)]	Loss: 0.303406	Acc: 91.44%
Pre-train Epoch: 43 [25600/40200 (64%)]	Loss: 0.347537	Acc: 91.48%
Pre-train Epoch: 43 [32000/40200 (79%)]	Loss: 0.378301	Acc: 91.48%
Pre-train Epoch: 43 [38400/40200 (95%)]	Loss: 0.398592	Acc: 91.33%

Validation set: Average loss: 0.3637, Accuracy: 17750/19800 (89.65%)

Validation: acc 89.65%  macro-F1 0.8965  macro-recall 0.8970  (n=19800, classes=30)
Validation: worst-6 recall -> 7:0.65, 2:0.67, 29:0.70, 8:0.74, 15:0.76, 22:0.79

--> No improvement in validation loss. Patience: 8/10
Pre-train Epoch: 44 [0/40200 (0%)]	Loss: 0.288524	Acc: 93.75%
Pre-train Epoch: 44 [6400/40200 (16%)]	Loss: 0.327725	Acc: 91.17%
Pre-train Epoch: 44 [12800/40200 (32%)]	Loss: 0.365401	Acc: 91.32%
Pre-train Epoch: 44 [19200/40200 (48%)]	Loss: 0.407143	Acc: 91.27%
Pre-train Epoch: 44 [25600/40200 (64%)]	Loss: 0.354046	Acc: 91.25%
Pre-train Epoch: 44 [32000/40200 (79%)]	Loss: 0.424234	Acc: 91.23%
Pre-train Epoch: 44 [38400/40200 (95%)]	Loss: 0.311598	Acc: 91.29%

Validation set: Average loss: 0.3207, Accuracy: 18034/19800 (91.08%)

Validation: acc 91.08%  macro-F1 0.9115  macro-recall 0.9108  (n=19800, classes=30)
Validation: worst-6 recall -> 6:0.67, 15:0.70, 22:0.80, 28:0.82, 2:0.83, 8:0.83

--> No improvement in validation loss. Patience: 9/10
Pre-train Epoch: 45 [0/40200 (0%)]	Loss: 0.363941	Acc: 93.75%
Pre-train Epoch: 45 [6400/40200 (16%)]	Loss: 0.271741	Acc: 91.27%
Pre-train Epoch: 45 [12800/40200 (32%)]	Loss: 0.504398	Acc: 90.77%
Pre-train Epoch: 45 [19200/40200 (48%)]	Loss: 0.267028	Acc: 90.93%
Pre-train Epoch: 45 [25600/40200 (64%)]	Loss: 0.389807	Acc: 91.08%
Pre-train Epoch: 45 [32000/40200 (79%)]	Loss: 0.324026	Acc: 91.16%
Pre-train Epoch: 45 [38400/40200 (95%)]	Loss: 0.396513	Acc: 91.24%

Validation set: Average loss: 0.3194, Accuracy: 18115/19800 (91.49%)

Validation: acc 91.49%  macro-F1 0.9153  macro-recall 0.9148  (n=19800, classes=30)
Validation: worst-6 recall -> 8:0.69, 16:0.71, 3:0.78, 6:0.80, 9:0.82, 28:0.85

--> No improvement in validation loss. Patience: 10/10

Early stopping triggered at epoch 45! Reverting to best model.
Loaded best reference model for finetuning.

--- Starting Finetuning ---
Finetune Epoch: 1 [0/3000 (0%)]	Loss: 1.770501	Acc: 46.88%
Finetune Epoch: 2 [0/3000 (0%)]	Loss: 0.852172	Acc: 71.88%
Finetune Epoch: 3 [0/3000 (0%)]	Loss: 0.794049	Acc: 79.69%
Finetune Epoch: 4 [0/3000 (0%)]	Loss: 0.594873	Acc: 85.94%
Finetune Epoch: 5 [0/3000 (0%)]	Loss: 0.452813	Acc: 89.06%
Finetune Epoch: 6 [0/3000 (0%)]	Loss: 0.445225	Acc: 87.50%
Finetune Epoch: 7 [0/3000 (0%)]	Loss: 0.422218	Acc: 93.75%
Finetune Epoch: 8 [0/3000 (0%)]	Loss: 0.444735	Acc: 90.62%
Finetune Epoch: 9 [0/3000 (0%)]	Loss: 0.387617	Acc: 90.62%
Finetune Epoch: 10 [0/3000 (0%)]	Loss: 0.420182	Acc: 92.19%
Finetune Epoch: 11 [0/3000 (0%)]	Loss: 0.303495	Acc: 96.88%
Finetune Epoch: 12 [0/3000 (0%)]	Loss: 0.377131	Acc: 95.31%
Finetune Epoch: 13 [0/3000 (0%)]	Loss: 0.341068	Acc: 93.75%
Finetune Epoch: 14 [0/3000 (0%)]	Loss: 0.393617	Acc: 95.31%
Finetune Epoch: 15 [0/3000 (0%)]	Loss: 0.382136	Acc: 87.50%
Finetune Epoch: 16 [0/3000 (0%)]	Loss: 0.273490	Acc: 93.75%
Finetune Epoch: 17 [0/3000 (0%)]	Loss: 0.349624	Acc: 87.50%
Finetune Epoch: 18 [0/3000 (0%)]	Loss: 0.309273	Acc: 92.19%
Finetune Epoch: 19 [0/3000 (0%)]	Loss: 0.385714	Acc: 90.62%
Finetune Epoch: 20 [0/3000 (0%)]	Loss: 0.210275	Acc: 96.88%
Finetuned model saved to runs\20260917-193935_legacy_cnn_abl-none_8835fc\finetuned.pth

--- Evaluating on Test Set ---

Test set: Average loss: 0.5510, Accuracy: 2525/3000 (84.17%)

Test: acc 84.17%  macro-F1 0.8385  macro-recall 0.8417  (n=3000, classes=30)
Test: worst-6 recall -> 11:0.31, 6:0.52, 4:0.62, 15:0.67, 17:0.70, 2:0.73


[run] artifacts in runs\20260917-193935_legacy_cnn_abl-none_8835fc
