Using device: cuda
Run id: 20260917-181945_legacy_cnn_abl-no_despike_15b0c6
Preprocessing variant: no_despike (3 steps)
Loading reference dataset...
[cache] hit 7c38c61f (7c38c61f6dbc97100efa61cb6d6a4892.npy)
Detected 30 classes.
Split reference data: 40200 train / 19800 val
Model parameters: 40,446

--- Starting Reference Training ---
Pre-train Epoch: 1 [0/40200 (0%)]	Loss: 3.382456	Acc: 4.69%
Pre-train Epoch: 1 [6400/40200 (16%)]	Loss: 2.212612	Acc: 23.21%
Pre-train Epoch: 1 [12800/40200 (32%)]	Loss: 1.593179	Acc: 31.97%
Pre-train Epoch: 1 [19200/40200 (48%)]	Loss: 1.733636	Acc: 38.05%
Pre-train Epoch: 1 [25600/40200 (64%)]	Loss: 1.391197	Acc: 42.41%
Pre-train Epoch: 1 [32000/40200 (79%)]	Loss: 1.038645	Acc: 45.87%
Pre-train Epoch: 1 [38400/40200 (95%)]	Loss: 1.366899	Acc: 48.46%

Validation set: Average loss: 1.1083, Accuracy: 13189/19800 (66.61%)

Validation: acc 66.61%  macro-F1 0.6614  macro-recall 0.6681  (n=19800, classes=30)
Validation: worst-6 recall -> 8:0.23, 29:0.39, 11:0.40, 7:0.41, 15:0.43, 3:0.43

--> Best validation loss improved. Saved model to runs\20260917-181945_legacy_cnn_abl-no_despike_15b0c6\reference.pth
Pre-train Epoch: 2 [0/40200 (0%)]	Loss: 1.395475	Acc: 51.56%
Pre-train Epoch: 2 [6400/40200 (16%)]	Loss: 1.054245	Acc: 63.75%
Pre-train Epoch: 2 [12800/40200 (32%)]	Loss: 1.041364	Acc: 64.74%
Pre-train Epoch: 2 [19200/40200 (48%)]	Loss: 1.180739	Acc: 64.93%
Pre-train Epoch: 2 [25600/40200 (64%)]	Loss: 1.144579	Acc: 65.56%
Pre-train Epoch: 2 [32000/40200 (79%)]	Loss: 1.122482	Acc: 66.17%
Pre-train Epoch: 2 [38400/40200 (95%)]	Loss: 1.004095	Acc: 66.63%

Validation set: Average loss: 0.9725, Accuracy: 13912/19800 (70.26%)

Validation: acc 70.26%  macro-F1 0.7023  macro-recall 0.7036  (n=19800, classes=30)
Validation: worst-6 recall -> 22:0.28, 8:0.44, 6:0.46, 4:0.47, 29:0.48, 11:0.53

--> Best validation loss improved. Saved model to runs\20260917-181945_legacy_cnn_abl-no_despike_15b0c6\reference.pth
Pre-train Epoch: 3 [0/40200 (0%)]	Loss: 0.982504	Acc: 71.88%
Pre-train Epoch: 3 [6400/40200 (16%)]	Loss: 1.056908	Acc: 69.37%
Pre-train Epoch: 3 [12800/40200 (32%)]	Loss: 1.078563	Acc: 69.75%
Pre-train Epoch: 3 [19200/40200 (48%)]	Loss: 1.014154	Acc: 69.94%
Pre-train Epoch: 3 [25600/40200 (64%)]	Loss: 0.863473	Acc: 69.84%
Pre-train Epoch: 3 [32000/40200 (79%)]	Loss: 1.081623	Acc: 70.00%
Pre-train Epoch: 3 [38400/40200 (95%)]	Loss: 1.061647	Acc: 70.00%

Validation set: Average loss: 0.8991, Accuracy: 14302/19800 (72.23%)

Validation: acc 72.23%  macro-F1 0.7105  macro-recall 0.7230  (n=19800, classes=30)
Validation: worst-6 recall -> 8:0.12, 7:0.26, 11:0.42, 16:0.45, 29:0.47, 6:0.51

--> Best validation loss improved. Saved model to runs\20260917-181945_legacy_cnn_abl-no_despike_15b0c6\reference.pth
Pre-train Epoch: 4 [0/40200 (0%)]	Loss: 0.980036	Acc: 70.31%
Pre-train Epoch: 4 [6400/40200 (16%)]	Loss: 1.092027	Acc: 71.18%
Pre-train Epoch: 4 [12800/40200 (32%)]	Loss: 0.892454	Acc: 71.34%
Pre-train Epoch: 4 [19200/40200 (48%)]	Loss: 0.944943	Acc: 71.44%
Pre-train Epoch: 4 [25600/40200 (64%)]	Loss: 1.043658	Acc: 71.43%
Pre-train Epoch: 4 [32000/40200 (79%)]	Loss: 0.909441	Acc: 71.54%
Pre-train Epoch: 4 [38400/40200 (95%)]	Loss: 1.283709	Acc: 71.62%

Validation set: Average loss: 0.8472, Accuracy: 14640/19800 (73.94%)

Validation: acc 73.94%  macro-F1 0.7393  macro-recall 0.7399  (n=19800, classes=30)
Validation: worst-6 recall -> 8:0.28, 3:0.43, 22:0.45, 7:0.46, 6:0.47, 4:0.50

--> Best validation loss improved. Saved model to runs\20260917-181945_legacy_cnn_abl-no_despike_15b0c6\reference.pth
Pre-train Epoch: 5 [0/40200 (0%)]	Loss: 1.170025	Acc: 59.38%
Pre-train Epoch: 5 [6400/40200 (16%)]	Loss: 0.939386	Acc: 72.14%
Pre-train Epoch: 5 [12800/40200 (32%)]	Loss: 0.989578	Acc: 72.25%
Pre-train Epoch: 5 [19200/40200 (48%)]	Loss: 0.856319	Acc: 72.30%
Pre-train Epoch: 5 [25600/40200 (64%)]	Loss: 0.988726	Acc: 72.30%
Pre-train Epoch: 5 [32000/40200 (79%)]	Loss: 0.949727	Acc: 72.39%
Pre-train Epoch: 5 [38400/40200 (95%)]	Loss: 0.653793	Acc: 72.36%

Validation set: Average loss: 0.8248, Accuracy: 14989/19800 (75.70%)

Validation: acc 75.70%  macro-F1 0.7590  macro-recall 0.7581  (n=19800, classes=30)
Validation: worst-6 recall -> 8:0.42, 29:0.55, 7:0.56, 3:0.58, 6:0.60, 11:0.60

--> Best validation loss improved. Saved model to runs\20260917-181945_legacy_cnn_abl-no_despike_15b0c6\reference.pth
Pre-train Epoch: 6 [0/40200 (0%)]	Loss: 0.905711	Acc: 73.44%
Pre-train Epoch: 6 [6400/40200 (16%)]	Loss: 0.791720	Acc: 72.65%
Pre-train Epoch: 6 [12800/40200 (32%)]	Loss: 1.028596	Acc: 72.98%
Pre-train Epoch: 6 [19200/40200 (48%)]	Loss: 0.968871	Acc: 73.01%
Pre-train Epoch: 6 [25600/40200 (64%)]	Loss: 0.876902	Acc: 72.86%
Pre-train Epoch: 6 [32000/40200 (79%)]	Loss: 0.827286	Acc: 72.98%
Pre-train Epoch: 6 [38400/40200 (95%)]	Loss: 0.854181	Acc: 73.11%

Validation set: Average loss: 0.7753, Accuracy: 15100/19800 (76.26%)

Validation: acc 76.26%  macro-F1 0.7585  macro-recall 0.7632  (n=19800, classes=30)
Validation: worst-6 recall -> 8:0.22, 6:0.34, 2:0.49, 29:0.59, 22:0.64, 14:0.64

--> Best validation loss improved. Saved model to runs\20260917-181945_legacy_cnn_abl-no_despike_15b0c6\reference.pth
Pre-train Epoch: 7 [0/40200 (0%)]	Loss: 0.758033	Acc: 79.69%
Pre-train Epoch: 7 [6400/40200 (16%)]	Loss: 1.037703	Acc: 73.84%
Pre-train Epoch: 7 [12800/40200 (32%)]	Loss: 0.851372	Acc: 73.92%
Pre-train Epoch: 7 [19200/40200 (48%)]	Loss: 0.827772	Acc: 73.70%
Pre-train Epoch: 7 [25600/40200 (64%)]	Loss: 0.974548	Acc: 73.70%
Pre-train Epoch: 7 [32000/40200 (79%)]	Loss: 0.742308	Acc: 73.68%
Pre-train Epoch: 7 [38400/40200 (95%)]	Loss: 0.809575	Acc: 73.58%

Validation set: Average loss: 0.7672, Accuracy: 15163/19800 (76.58%)

Validation: acc 76.58%  macro-F1 0.7604  macro-recall 0.7665  (n=19800, classes=30)
Validation: worst-6 recall -> 8:0.21, 6:0.42, 2:0.51, 22:0.55, 28:0.59, 7:0.62

--> Best validation loss improved. Saved model to runs\20260917-181945_legacy_cnn_abl-no_despike_15b0c6\reference.pth
Pre-train Epoch: 8 [0/40200 (0%)]	Loss: 0.833637	Acc: 68.75%
Pre-train Epoch: 8 [6400/40200 (16%)]	Loss: 0.926413	Acc: 74.16%
Pre-train Epoch: 8 [12800/40200 (32%)]	Loss: 0.829022	Acc: 73.81%
Pre-train Epoch: 8 [19200/40200 (48%)]	Loss: 0.932577	Acc: 73.86%
Pre-train Epoch: 8 [25600/40200 (64%)]	Loss: 0.970283	Acc: 73.78%
Pre-train Epoch: 8 [32000/40200 (79%)]	Loss: 0.923382	Acc: 73.80%
Pre-train Epoch: 8 [38400/40200 (95%)]	Loss: 0.900825	Acc: 73.78%

Validation set: Average loss: 0.8420, Accuracy: 14788/19800 (74.69%)

Validation: acc 74.69%  macro-F1 0.7477  macro-recall 0.7484  (n=19800, classes=30)
Validation: worst-6 recall -> 8:0.45, 4:0.46, 29:0.47, 3:0.47, 2:0.52, 7:0.59

--> No improvement in validation loss. Patience: 1/10
Pre-train Epoch: 9 [0/40200 (0%)]	Loss: 0.898457	Acc: 76.56%
Pre-train Epoch: 9 [6400/40200 (16%)]	Loss: 0.596800	Acc: 74.47%
Pre-train Epoch: 9 [12800/40200 (32%)]	Loss: 0.934415	Acc: 73.82%
Pre-train Epoch: 9 [19200/40200 (48%)]	Loss: 0.904241	Acc: 73.65%
Pre-train Epoch: 9 [25600/40200 (64%)]	Loss: 0.710314	Acc: 73.83%
Pre-train Epoch: 9 [32000/40200 (79%)]	Loss: 0.935194	Acc: 74.06%
Pre-train Epoch: 9 [38400/40200 (95%)]	Loss: 0.823422	Acc: 74.06%

Validation set: Average loss: 0.7662, Accuracy: 15031/19800 (75.91%)

Validation: acc 75.91%  macro-F1 0.7529  macro-recall 0.7591  (n=19800, classes=30)
Validation: worst-6 recall -> 8:0.26, 16:0.39, 6:0.48, 22:0.48, 29:0.52, 7:0.54

--> Best validation loss improved. Saved model to runs\20260917-181945_legacy_cnn_abl-no_despike_15b0c6\reference.pth
Pre-train Epoch: 10 [0/40200 (0%)]	Loss: 0.802532	Acc: 76.56%
Pre-train Epoch: 10 [6400/40200 (16%)]	Loss: 0.838896	Acc: 74.50%
Pre-train Epoch: 10 [12800/40200 (32%)]	Loss: 0.820999	Acc: 74.35%
Pre-train Epoch: 10 [19200/40200 (48%)]	Loss: 0.729289	Acc: 74.35%
Pre-train Epoch: 10 [25600/40200 (64%)]	Loss: 0.811935	Acc: 74.36%
Pre-train Epoch: 10 [32000/40200 (79%)]	Loss: 0.890511	Acc: 74.20%
Pre-train Epoch: 10 [38400/40200 (95%)]	Loss: 0.946367	Acc: 74.14%

Validation set: Average loss: 0.7870, Accuracy: 15049/19800 (76.01%)

Validation: acc 76.01%  macro-F1 0.7558  macro-recall 0.7610  (n=19800, classes=30)
Validation: worst-6 recall -> 8:0.32, 7:0.38, 29:0.40, 6:0.54, 11:0.54, 4:0.63

--> No improvement in validation loss. Patience: 1/10
Pre-train Epoch: 11 [0/40200 (0%)]	Loss: 0.710725	Acc: 84.38%
Pre-train Epoch: 11 [6400/40200 (16%)]	Loss: 0.672384	Acc: 74.75%
Pre-train Epoch: 11 [12800/40200 (32%)]	Loss: 0.796325	Acc: 74.71%
Pre-train Epoch: 11 [19200/40200 (48%)]	Loss: 0.775371	Acc: 74.77%
Pre-train Epoch: 11 [25600/40200 (64%)]	Loss: 0.846826	Acc: 74.82%
Pre-train Epoch: 11 [32000/40200 (79%)]	Loss: 0.804620	Acc: 74.69%
Pre-train Epoch: 11 [38400/40200 (95%)]	Loss: 0.954886	Acc: 74.64%

Validation set: Average loss: 0.8602, Accuracy: 14412/19800 (72.79%)

Validation: acc 72.79%  macro-F1 0.7151  macro-recall 0.7289  (n=19800, classes=30)
Validation: worst-6 recall -> 8:0.12, 29:0.28, 6:0.36, 7:0.37, 4:0.48, 22:0.51

--> No improvement in validation loss. Patience: 2/10
Pre-train Epoch: 12 [0/40200 (0%)]	Loss: 0.824041	Acc: 78.12%
Pre-train Epoch: 12 [6400/40200 (16%)]	Loss: 0.878329	Acc: 74.54%
Pre-train Epoch: 12 [12800/40200 (32%)]	Loss: 0.801044	Acc: 74.70%
Pre-train Epoch: 12 [19200/40200 (48%)]	Loss: 0.779566	Acc: 74.70%
Pre-train Epoch: 12 [25600/40200 (64%)]	Loss: 0.631657	Acc: 74.82%
Pre-train Epoch: 12 [32000/40200 (79%)]	Loss: 0.779885	Acc: 74.74%
Pre-train Epoch: 12 [38400/40200 (95%)]	Loss: 0.959217	Acc: 74.64%

Validation set: Average loss: 0.7530, Accuracy: 15137/19800 (76.45%)

Validation: acc 76.45%  macro-F1 0.7613  macro-recall 0.7650  (n=19800, classes=30)
Validation: worst-6 recall -> 8:0.29, 29:0.35, 22:0.47, 6:0.48, 16:0.61, 2:0.69

--> Best validation loss improved. Saved model to runs\20260917-181945_legacy_cnn_abl-no_despike_15b0c6\reference.pth
Pre-train Epoch: 13 [0/40200 (0%)]	Loss: 0.745331	Acc: 76.56%
Pre-train Epoch: 13 [6400/40200 (16%)]	Loss: 0.806700	Acc: 75.74%
Pre-train Epoch: 13 [12800/40200 (32%)]	Loss: 0.955090	Acc: 75.24%
Pre-train Epoch: 13 [19200/40200 (48%)]	Loss: 0.834039	Acc: 75.21%
Pre-train Epoch: 13 [25600/40200 (64%)]	Loss: 0.847777	Acc: 75.12%
Pre-train Epoch: 13 [32000/40200 (79%)]	Loss: 0.716917	Acc: 75.10%
Pre-train Epoch: 13 [38400/40200 (95%)]	Loss: 0.837330	Acc: 74.90%

Validation set: Average loss: 0.7515, Accuracy: 15241/19800 (76.97%)

Validation: acc 76.97%  macro-F1 0.7704  macro-recall 0.7711  (n=19800, classes=30)
Validation: worst-6 recall -> 2:0.45, 8:0.48, 28:0.55, 6:0.56, 22:0.58, 11:0.62

--> Best validation loss improved. Saved model to runs\20260917-181945_legacy_cnn_abl-no_despike_15b0c6\reference.pth
Pre-train Epoch: 14 [0/40200 (0%)]	Loss: 0.872102	Acc: 76.56%
Pre-train Epoch: 14 [6400/40200 (16%)]	Loss: 0.818351	Acc: 75.08%
Pre-train Epoch: 14 [12800/40200 (32%)]	Loss: 0.831209	Acc: 75.36%
Pre-train Epoch: 14 [19200/40200 (48%)]	Loss: 0.806555	Acc: 75.20%
Pre-train Epoch: 14 [25600/40200 (64%)]	Loss: 0.770615	Acc: 75.15%
Pre-train Epoch: 14 [32000/40200 (79%)]	Loss: 1.075882	Acc: 75.21%
Pre-train Epoch: 14 [38400/40200 (95%)]	Loss: 0.798580	Acc: 75.32%

Validation set: Average loss: 0.7590, Accuracy: 15106/19800 (76.29%)

Validation: acc 76.29%  macro-F1 0.7613  macro-recall 0.7633  (n=19800, classes=30)
Validation: worst-6 recall -> 8:0.32, 7:0.46, 16:0.51, 2:0.56, 22:0.56, 6:0.57

--> No improvement in validation loss. Patience: 1/10
Pre-train Epoch: 15 [0/40200 (0%)]	Loss: 0.877565	Acc: 70.31%
Pre-train Epoch: 15 [6400/40200 (16%)]	Loss: 0.755891	Acc: 75.67%
Pre-train Epoch: 15 [12800/40200 (32%)]	Loss: 0.869402	Acc: 75.13%
Pre-train Epoch: 15 [19200/40200 (48%)]	Loss: 0.834141	Acc: 75.36%
Pre-train Epoch: 15 [25600/40200 (64%)]	Loss: 1.040312	Acc: 75.24%
Pre-train Epoch: 15 [32000/40200 (79%)]	Loss: 0.762392	Acc: 75.17%
Pre-train Epoch: 15 [38400/40200 (95%)]	Loss: 0.719429	Acc: 75.18%

Validation set: Average loss: 0.7362, Accuracy: 15262/19800 (77.08%)

Validation: acc 77.08%  macro-F1 0.7696  macro-recall 0.7713  (n=19800, classes=30)
Validation: worst-6 recall -> 8:0.38, 3:0.47, 22:0.53, 6:0.56, 15:0.63, 29:0.63

--> Best validation loss improved. Saved model to runs\20260917-181945_legacy_cnn_abl-no_despike_15b0c6\reference.pth
Pre-train Epoch: 16 [0/40200 (0%)]	Loss: 0.646451	Acc: 84.38%
Pre-train Epoch: 16 [6400/40200 (16%)]	Loss: 0.769855	Acc: 76.13%
Pre-train Epoch: 16 [12800/40200 (32%)]	Loss: 0.888508	Acc: 75.78%
Pre-train Epoch: 16 [19200/40200 (48%)]	Loss: 0.778334	Acc: 75.83%
Pre-train Epoch: 16 [25600/40200 (64%)]	Loss: 1.079345	Acc: 75.60%
Pre-train Epoch: 16 [32000/40200 (79%)]	Loss: 0.630715	Acc: 75.52%
Pre-train Epoch: 16 [38400/40200 (95%)]	Loss: 0.755198	Acc: 75.56%

Validation set: Average loss: 0.7488, Accuracy: 15287/19800 (77.21%)

Validation: acc 77.21%  macro-F1 0.7705  macro-recall 0.7726  (n=19800, classes=30)
Validation: worst-6 recall -> 8:0.23, 3:0.56, 6:0.57, 4:0.61, 2:0.61, 29:0.63

--> No improvement in validation loss. Patience: 1/10
Pre-train Epoch: 17 [0/40200 (0%)]	Loss: 0.727460	Acc: 75.00%
Pre-train Epoch: 17 [6400/40200 (16%)]	Loss: 0.634406	Acc: 75.63%
Pre-train Epoch: 17 [12800/40200 (32%)]	Loss: 0.788013	Acc: 75.54%
Pre-train Epoch: 17 [19200/40200 (48%)]	Loss: 0.899610	Acc: 75.66%
Pre-train Epoch: 17 [25600/40200 (64%)]	Loss: 0.802819	Acc: 75.59%
Pre-train Epoch: 17 [32000/40200 (79%)]	Loss: 0.573702	Acc: 75.66%
Pre-train Epoch: 17 [38400/40200 (95%)]	Loss: 0.782158	Acc: 75.58%

Validation set: Average loss: 0.7600, Accuracy: 15276/19800 (77.15%)

Validation: acc 77.15%  macro-F1 0.7718  macro-recall 0.7725  (n=19800, classes=30)
Validation: worst-6 recall -> 8:0.38, 6:0.55, 3:0.56, 2:0.56, 22:0.59, 29:0.60

--> No improvement in validation loss. Patience: 2/10
Pre-train Epoch: 18 [0/40200 (0%)]	Loss: 0.826154	Acc: 76.56%
Pre-train Epoch: 18 [6400/40200 (16%)]	Loss: 0.917315	Acc: 76.02%
Pre-train Epoch: 18 [12800/40200 (32%)]	Loss: 0.699035	Acc: 75.81%
Pre-train Epoch: 18 [19200/40200 (48%)]	Loss: 0.852289	Acc: 75.58%
Pre-train Epoch: 18 [25600/40200 (64%)]	Loss: 0.971967	Acc: 75.34%
Pre-train Epoch: 18 [32000/40200 (79%)]	Loss: 0.818275	Acc: 75.34%
Pre-train Epoch: 18 [38400/40200 (95%)]	Loss: 0.677252	Acc: 75.38%

Validation set: Average loss: 0.7484, Accuracy: 15203/19800 (76.78%)

Validation: acc 76.78%  macro-F1 0.7622  macro-recall 0.7682  (n=19800, classes=30)
Validation: worst-6 recall -> 8:0.19, 29:0.46, 22:0.49, 16:0.53, 6:0.57, 13:0.61

--> No improvement in validation loss. Patience: 3/10
Pre-train Epoch: 19 [0/40200 (0%)]	Loss: 0.866330	Acc: 71.88%
Pre-train Epoch: 19 [6400/40200 (16%)]	Loss: 0.777130	Acc: 76.31%
Pre-train Epoch: 19 [12800/40200 (32%)]	Loss: 0.690357	Acc: 75.89%
Pre-train Epoch: 19 [19200/40200 (48%)]	Loss: 0.902588	Acc: 75.32%
Pre-train Epoch: 19 [25600/40200 (64%)]	Loss: 0.764520	Acc: 75.35%
Pre-train Epoch: 19 [32000/40200 (79%)]	Loss: 0.757059	Acc: 75.30%
Pre-train Epoch: 19 [38400/40200 (95%)]	Loss: 0.970109	Acc: 75.22%

Validation set: Average loss: 0.7522, Accuracy: 15191/19800 (76.72%)

Validation: acc 76.72%  macro-F1 0.7642  macro-recall 0.7682  (n=19800, classes=30)
Validation: worst-6 recall -> 8:0.31, 3:0.42, 15:0.50, 29:0.55, 6:0.56, 7:0.57

--> No improvement in validation loss. Patience: 4/10
Pre-train Epoch: 20 [0/40200 (0%)]	Loss: 0.822566	Acc: 75.00%
Pre-train Epoch: 20 [6400/40200 (16%)]	Loss: 1.123341	Acc: 75.11%
Pre-train Epoch: 20 [12800/40200 (32%)]	Loss: 0.724429	Acc: 75.72%
Pre-train Epoch: 20 [19200/40200 (48%)]	Loss: 0.724454	Acc: 75.47%
Pre-train Epoch: 20 [25600/40200 (64%)]	Loss: 0.652758	Acc: 75.62%
Pre-train Epoch: 20 [32000/40200 (79%)]	Loss: 0.828384	Acc: 75.70%
Pre-train Epoch: 20 [38400/40200 (95%)]	Loss: 0.866173	Acc: 75.72%

Validation set: Average loss: 0.7377, Accuracy: 15384/19800 (77.70%)

Validation: acc 77.70%  macro-F1 0.7740  macro-recall 0.7781  (n=19800, classes=30)
Validation: worst-6 recall -> 8:0.31, 3:0.39, 6:0.53, 2:0.54, 7:0.55, 29:0.62

--> No improvement in validation loss. Patience: 5/10
Pre-train Epoch: 21 [0/40200 (0%)]	Loss: 0.756009	Acc: 81.25%
Pre-train Epoch: 21 [6400/40200 (16%)]	Loss: 0.557606	Acc: 76.79%
Pre-train Epoch: 21 [12800/40200 (32%)]	Loss: 0.714451	Acc: 76.15%
Pre-train Epoch: 21 [19200/40200 (48%)]	Loss: 0.783872	Acc: 75.94%
Pre-train Epoch: 21 [25600/40200 (64%)]	Loss: 0.830742	Acc: 75.90%
Pre-train Epoch: 21 [32000/40200 (79%)]	Loss: 0.866536	Acc: 75.89%
Pre-train Epoch: 21 [38400/40200 (95%)]	Loss: 0.846841	Acc: 75.80%

Validation set: Average loss: 0.8676, Accuracy: 14240/19800 (71.92%)

Validation: acc 71.92%  macro-F1 0.7121  macro-recall 0.7201  (n=19800, classes=30)
Validation: worst-6 recall -> 8:0.21, 9:0.31, 2:0.39, 15:0.43, 28:0.44, 22:0.48

--> No improvement in validation loss. Patience: 6/10
Pre-train Epoch: 22 [0/40200 (0%)]	Loss: 0.753704	Acc: 76.56%
Pre-train Epoch: 22 [6400/40200 (16%)]	Loss: 0.694018	Acc: 75.79%
Pre-train Epoch: 22 [12800/40200 (32%)]	Loss: 0.703034	Acc: 76.29%
Pre-train Epoch: 22 [19200/40200 (48%)]	Loss: 0.681963	Acc: 75.98%
Pre-train Epoch: 22 [25600/40200 (64%)]	Loss: 0.781976	Acc: 75.85%
Pre-train Epoch: 22 [32000/40200 (79%)]	Loss: 0.860457	Acc: 75.85%
Pre-train Epoch: 22 [38400/40200 (95%)]	Loss: 0.736163	Acc: 75.81%

Validation set: Average loss: 0.7719, Accuracy: 15031/19800 (75.91%)

Validation: acc 75.91%  macro-F1 0.7610  macro-recall 0.7602  (n=19800, classes=30)
Validation: worst-6 recall -> 8:0.38, 2:0.51, 22:0.55, 28:0.57, 9:0.58, 15:0.59

--> No improvement in validation loss. Patience: 7/10
Pre-train Epoch: 23 [0/40200 (0%)]	Loss: 0.811360	Acc: 78.12%
Pre-train Epoch: 23 [6400/40200 (16%)]	Loss: 0.979670	Acc: 76.04%
Pre-train Epoch: 23 [12800/40200 (32%)]	Loss: 0.877892	Acc: 76.55%
Pre-train Epoch: 23 [19200/40200 (48%)]	Loss: 0.729759	Acc: 76.27%
Pre-train Epoch: 23 [25600/40200 (64%)]	Loss: 0.892604	Acc: 76.06%
Pre-train Epoch: 23 [32000/40200 (79%)]	Loss: 0.724156	Acc: 76.03%
Pre-train Epoch: 23 [38400/40200 (95%)]	Loss: 1.037938	Acc: 76.05%

Validation set: Average loss: 0.7286, Accuracy: 15417/19800 (77.86%)

Validation: acc 77.86%  macro-F1 0.7773  macro-recall 0.7799  (n=19800, classes=30)
Validation: worst-6 recall -> 8:0.35, 7:0.52, 3:0.59, 15:0.60, 28:0.62, 29:0.62

--> Best validation loss improved. Saved model to runs\20260917-181945_legacy_cnn_abl-no_despike_15b0c6\reference.pth
Pre-train Epoch: 24 [0/40200 (0%)]	Loss: 0.898189	Acc: 79.69%
Pre-train Epoch: 24 [6400/40200 (16%)]	Loss: 0.832051	Acc: 76.73%
Pre-train Epoch: 24 [12800/40200 (32%)]	Loss: 0.720427	Acc: 76.28%
Pre-train Epoch: 24 [19200/40200 (48%)]	Loss: 0.852015	Acc: 76.18%
Pre-train Epoch: 24 [25600/40200 (64%)]	Loss: 0.849286	Acc: 76.21%
Pre-train Epoch: 24 [32000/40200 (79%)]	Loss: 0.855454	Acc: 76.19%
Pre-train Epoch: 24 [38400/40200 (95%)]	Loss: 0.894112	Acc: 76.22%

Validation set: Average loss: 0.8152, Accuracy: 14807/19800 (74.78%)

Validation: acc 74.78%  macro-F1 0.7442  macro-recall 0.7489  (n=19800, classes=30)
Validation: worst-6 recall -> 8:0.17, 6:0.48, 4:0.50, 29:0.51, 2:0.52, 28:0.55

--> No improvement in validation loss. Patience: 1/10
Pre-train Epoch: 25 [0/40200 (0%)]	Loss: 0.785127	Acc: 73.44%
Pre-train Epoch: 25 [6400/40200 (16%)]	Loss: 0.787800	Acc: 76.21%
Pre-train Epoch: 25 [12800/40200 (32%)]	Loss: 1.063264	Acc: 76.13%
Pre-train Epoch: 25 [19200/40200 (48%)]	Loss: 0.850287	Acc: 76.09%
Pre-train Epoch: 25 [25600/40200 (64%)]	Loss: 0.819176	Acc: 75.98%
Pre-train Epoch: 25 [32000/40200 (79%)]	Loss: 0.846585	Acc: 75.99%
Pre-train Epoch: 25 [38400/40200 (95%)]	Loss: 0.858282	Acc: 76.13%

Validation set: Average loss: 0.7437, Accuracy: 15270/19800 (77.12%)

Validation: acc 77.12%  macro-F1 0.7682  macro-recall 0.7721  (n=19800, classes=30)
Validation: worst-6 recall -> 8:0.31, 29:0.44, 2:0.51, 6:0.53, 7:0.60, 11:0.65

--> No improvement in validation loss. Patience: 2/10
Pre-train Epoch: 26 [0/40200 (0%)]	Loss: 0.734128	Acc: 73.44%
Pre-train Epoch: 26 [6400/40200 (16%)]	Loss: 0.727130	Acc: 76.95%
Pre-train Epoch: 26 [12800/40200 (32%)]	Loss: 0.682538	Acc: 76.18%
Pre-train Epoch: 26 [19200/40200 (48%)]	Loss: 0.748776	Acc: 76.54%
Pre-train Epoch: 26 [25600/40200 (64%)]	Loss: 0.770676	Acc: 76.49%
Pre-train Epoch: 26 [32000/40200 (79%)]	Loss: 0.849237	Acc: 76.32%
Pre-train Epoch: 26 [38400/40200 (95%)]	Loss: 0.741472	Acc: 76.23%

Validation set: Average loss: 0.7511, Accuracy: 15170/19800 (76.62%)

Validation: acc 76.62%  macro-F1 0.7658  macro-recall 0.7664  (n=19800, classes=30)
Validation: worst-6 recall -> 8:0.35, 16:0.45, 29:0.47, 2:0.58, 7:0.60, 4:0.60

--> No improvement in validation loss. Patience: 3/10
Pre-train Epoch: 27 [0/40200 (0%)]	Loss: 0.862598	Acc: 76.56%
Pre-train Epoch: 27 [6400/40200 (16%)]	Loss: 1.065078	Acc: 75.91%
Pre-train Epoch: 27 [12800/40200 (32%)]	Loss: 1.158696	Acc: 76.07%
Pre-train Epoch: 27 [19200/40200 (48%)]	Loss: 0.884465	Acc: 76.03%
Pre-train Epoch: 27 [25600/40200 (64%)]	Loss: 0.823813	Acc: 76.29%
Pre-train Epoch: 27 [32000/40200 (79%)]	Loss: 0.788120	Acc: 76.16%
Pre-train Epoch: 27 [38400/40200 (95%)]	Loss: 0.732676	Acc: 76.27%

Validation set: Average loss: 0.7701, Accuracy: 15047/19800 (75.99%)

Validation: acc 75.99%  macro-F1 0.7635  macro-recall 0.7604  (n=19800, classes=30)
Validation: worst-6 recall -> 8:0.45, 6:0.46, 26:0.48, 22:0.55, 2:0.56, 3:0.62

--> No improvement in validation loss. Patience: 4/10
Pre-train Epoch: 28 [0/40200 (0%)]	Loss: 0.798659	Acc: 75.00%
Pre-train Epoch: 28 [6400/40200 (16%)]	Loss: 0.914370	Acc: 77.03%
Pre-train Epoch: 28 [12800/40200 (32%)]	Loss: 1.104454	Acc: 76.45%
Pre-train Epoch: 28 [19200/40200 (48%)]	Loss: 0.719188	Acc: 76.33%
Pre-train Epoch: 28 [25600/40200 (64%)]	Loss: 0.985308	Acc: 76.38%
Pre-train Epoch: 28 [32000/40200 (79%)]	Loss: 0.676734	Acc: 76.24%
Pre-train Epoch: 28 [38400/40200 (95%)]	Loss: 0.673602	Acc: 76.36%

Validation set: Average loss: 0.7420, Accuracy: 15175/19800 (76.64%)

Validation: acc 76.64%  macro-F1 0.7652  macro-recall 0.7669  (n=19800, classes=30)
Validation: worst-6 recall -> 8:0.30, 29:0.44, 16:0.49, 7:0.54, 2:0.58, 22:0.62

--> No improvement in validation loss. Patience: 5/10
Pre-train Epoch: 29 [0/40200 (0%)]	Loss: 0.787255	Acc: 78.12%
Pre-train Epoch: 29 [6400/40200 (16%)]	Loss: 0.684201	Acc: 76.35%
Pre-train Epoch: 29 [12800/40200 (32%)]	Loss: 0.649661	Acc: 76.69%
Pre-train Epoch: 29 [19200/40200 (48%)]	Loss: 0.612258	Acc: 76.72%
Pre-train Epoch: 29 [25600/40200 (64%)]	Loss: 0.869077	Acc: 76.56%
Pre-train Epoch: 29 [32000/40200 (79%)]	Loss: 0.697449	Acc: 76.63%
Pre-train Epoch: 29 [38400/40200 (95%)]	Loss: 0.862259	Acc: 76.61%

Validation set: Average loss: 0.7448, Accuracy: 15185/19800 (76.69%)

Validation: acc 76.69%  macro-F1 0.7665  macro-recall 0.7684  (n=19800, classes=30)
Validation: worst-6 recall -> 11:0.41, 8:0.45, 2:0.51, 6:0.56, 15:0.57, 29:0.59

--> No improvement in validation loss. Patience: 6/10
Pre-train Epoch: 30 [0/40200 (0%)]	Loss: 0.879687	Acc: 73.44%
Pre-train Epoch: 30 [6400/40200 (16%)]	Loss: 0.969605	Acc: 77.10%
Pre-train Epoch: 30 [12800/40200 (32%)]	Loss: 0.867065	Acc: 76.92%
Pre-train Epoch: 30 [19200/40200 (48%)]	Loss: 0.899417	Acc: 76.59%
Pre-train Epoch: 30 [25600/40200 (64%)]	Loss: 0.771344	Acc: 76.53%
Pre-train Epoch: 30 [32000/40200 (79%)]	Loss: 0.736932	Acc: 76.27%
Pre-train Epoch: 30 [38400/40200 (95%)]	Loss: 0.938329	Acc: 76.45%

Validation set: Average loss: 0.7461, Accuracy: 15144/19800 (76.48%)

Validation: acc 76.48%  macro-F1 0.7581  macro-recall 0.7659  (n=19800, classes=30)
Validation: worst-6 recall -> 8:0.40, 6:0.43, 29:0.44, 7:0.46, 2:0.47, 22:0.49

--> No improvement in validation loss. Patience: 7/10
Pre-train Epoch: 31 [0/40200 (0%)]	Loss: 0.790931	Acc: 73.44%
Pre-train Epoch: 31 [6400/40200 (16%)]	Loss: 0.695423	Acc: 76.90%
Pre-train Epoch: 31 [12800/40200 (32%)]	Loss: 0.734205	Acc: 76.39%
Pre-train Epoch: 31 [19200/40200 (48%)]	Loss: 0.764391	Acc: 76.43%
Pre-train Epoch: 31 [25600/40200 (64%)]	Loss: 0.723185	Acc: 76.48%
Pre-train Epoch: 31 [32000/40200 (79%)]	Loss: 0.713711	Acc: 76.59%
Pre-train Epoch: 31 [38400/40200 (95%)]	Loss: 0.978108	Acc: 76.51%

Validation set: Average loss: 0.7332, Accuracy: 15342/19800 (77.48%)

Validation: acc 77.48%  macro-F1 0.7738  macro-recall 0.7758  (n=19800, classes=30)
Validation: worst-6 recall -> 8:0.24, 6:0.54, 4:0.59, 13:0.60, 26:0.63, 29:0.64

--> No improvement in validation loss. Patience: 8/10
Pre-train Epoch: 32 [0/40200 (0%)]	Loss: 0.682305	Acc: 75.00%
Pre-train Epoch: 32 [6400/40200 (16%)]	Loss: 0.721211	Acc: 76.69%
Pre-train Epoch: 32 [12800/40200 (32%)]	Loss: 0.670579	Acc: 77.27%
Pre-train Epoch: 32 [19200/40200 (48%)]	Loss: 0.756948	Acc: 77.23%
Pre-train Epoch: 32 [25600/40200 (64%)]	Loss: 0.786026	Acc: 77.08%
Pre-train Epoch: 32 [32000/40200 (79%)]	Loss: 0.717933	Acc: 77.04%
Pre-train Epoch: 32 [38400/40200 (95%)]	Loss: 1.037727	Acc: 77.07%

Validation set: Average loss: 0.7394, Accuracy: 15082/19800 (76.17%)

Validation: acc 76.17%  macro-F1 0.7534  macro-recall 0.7626  (n=19800, classes=30)
Validation: worst-6 recall -> 8:0.18, 29:0.36, 6:0.38, 7:0.49, 15:0.52, 4:0.56

--> No improvement in validation loss. Patience: 9/10
Pre-train Epoch: 33 [0/40200 (0%)]	Loss: 0.689426	Acc: 81.25%
Pre-train Epoch: 33 [6400/40200 (16%)]	Loss: 0.758570	Acc: 76.79%
Pre-train Epoch: 33 [12800/40200 (32%)]	Loss: 0.553889	Acc: 77.25%
Pre-train Epoch: 33 [19200/40200 (48%)]	Loss: 1.158589	Acc: 77.08%
Pre-train Epoch: 33 [25600/40200 (64%)]	Loss: 0.732001	Acc: 77.22%
Pre-train Epoch: 33 [32000/40200 (79%)]	Loss: 0.785722	Acc: 76.93%
Pre-train Epoch: 33 [38400/40200 (95%)]	Loss: 0.885539	Acc: 76.84%

Validation set: Average loss: 0.7359, Accuracy: 15336/19800 (77.45%)

Validation: acc 77.45%  macro-F1 0.7741  macro-recall 0.7749  (n=19800, classes=30)
Validation: worst-6 recall -> 6:0.40, 22:0.45, 3:0.48, 8:0.49, 29:0.58, 2:0.65

--> No improvement in validation loss. Patience: 10/10

Early stopping triggered at epoch 33! Reverting to best model.
Loaded best reference model for finetuning.

--- Starting Finetuning ---
[cache] hit 33737c7e (33737c7ec2ff70e0275a8713522bb0e5.npy)
Finetune Epoch: 1 [0/3000 (0%)]	Loss: 1.554559	Acc: 48.44%
Finetune Epoch: 2 [0/3000 (0%)]	Loss: 0.995624	Acc: 64.06%
Finetune Epoch: 3 [0/3000 (0%)]	Loss: 1.056360	Acc: 70.31%
Finetune Epoch: 4 [0/3000 (0%)]	Loss: 0.893802	Acc: 70.31%
Finetune Epoch: 5 [0/3000 (0%)]	Loss: 0.753233	Acc: 81.25%
Finetune Epoch: 6 [0/3000 (0%)]	Loss: 0.712948	Acc: 79.69%
Finetune Epoch: 7 [0/3000 (0%)]	Loss: 0.696988	Acc: 84.38%
Finetune Epoch: 8 [0/3000 (0%)]	Loss: 0.721395	Acc: 81.25%
Finetune Epoch: 9 [0/3000 (0%)]	Loss: 0.599521	Acc: 84.38%
Finetune Epoch: 10 [0/3000 (0%)]	Loss: 0.723361	Acc: 76.56%
Finetune Epoch: 11 [0/3000 (0%)]	Loss: 0.652462	Acc: 84.38%
Finetune Epoch: 12 [0/3000 (0%)]	Loss: 0.640460	Acc: 81.25%
Finetune Epoch: 13 [0/3000 (0%)]	Loss: 0.794701	Acc: 75.00%
Finetune Epoch: 14 [0/3000 (0%)]	Loss: 0.615918	Acc: 84.38%
Finetune Epoch: 15 [0/3000 (0%)]	Loss: 0.714363	Acc: 76.56%
Finetune Epoch: 16 [0/3000 (0%)]	Loss: 0.546304	Acc: 84.38%
Finetune Epoch: 17 [0/3000 (0%)]	Loss: 0.663200	Acc: 87.50%
Finetune Epoch: 18 [0/3000 (0%)]	Loss: 0.582644	Acc: 82.81%
Finetune Epoch: 19 [0/3000 (0%)]	Loss: 0.751739	Acc: 79.69%
Finetune Epoch: 20 [0/3000 (0%)]	Loss: 0.416538	Acc: 90.62%
Finetuned model saved to runs\20260917-181945_legacy_cnn_abl-no_despike_15b0c6\finetuned.pth

--- Evaluating on Test Set ---
[cache] hit a5b049a9 (a5b049a96e8d9b8f92aaad944ce4b415.npy)

Test set: Average loss: 0.8737, Accuracy: 2177/3000 (72.57%)

Test: acc 72.57%  macro-F1 0.7163  macro-recall 0.7257  (n=3000, classes=30)
Test: worst-6 recall -> 11:0.11, 6:0.20, 9:0.38, 8:0.40, 2:0.43, 4:0.47


[run] artifacts in runs\20260917-181945_legacy_cnn_abl-no_despike_15b0c6
