Using device: cuda
Run id: 20260917-220741_multiscale_cnn_abl-minmax_only_d75857
Preprocessing variant: minmax_only (1 steps)
Loading reference dataset...
[cache] hit c10b0fe8 (c10b0fe881bbc7e7fd2580cef4429487.npy)
Detected 30 classes.
Split reference data: 40200 train / 19800 val
Model parameters: 193,358

--- Starting Reference Training ---
Pre-train Epoch: 1 [0/40200 (0%)]	Loss: 3.413144	Acc: 1.56%
Pre-train Epoch: 1 [6400/40200 (16%)]	Loss: 2.598643	Acc: 14.77%
Pre-train Epoch: 1 [12800/40200 (32%)]	Loss: 2.445994	Acc: 19.10%
Pre-train Epoch: 1 [19200/40200 (48%)]	Loss: 2.137516	Acc: 23.08%
Pre-train Epoch: 1 [25600/40200 (64%)]	Loss: 1.503557	Acc: 28.16%
Pre-train Epoch: 1 [32000/40200 (79%)]	Loss: 1.307538	Acc: 32.51%
Pre-train Epoch: 1 [38400/40200 (95%)]	Loss: 1.172311	Acc: 36.43%

Validation set: Average loss: 1.8297, Accuracy: 7980/19800 (40.30%)

Validation: acc 40.30%  macro-F1 0.3751  macro-recall 0.4012  (n=19800, classes=30)
Validation: worst-6 recall -> 3:0.00, 22:0.01, 2:0.01, 14:0.02, 12:0.02, 29:0.04

--> Best validation loss improved. Saved model to runs\20260917-220741_multiscale_cnn_abl-minmax_only_d75857\reference.pth
Pre-train Epoch: 2 [0/40200 (0%)]	Loss: 1.405412	Acc: 56.25%
Pre-train Epoch: 2 [6400/40200 (16%)]	Loss: 1.272630	Acc: 60.33%
Pre-train Epoch: 2 [12800/40200 (32%)]	Loss: 1.266968	Acc: 61.32%
Pre-train Epoch: 2 [19200/40200 (48%)]	Loss: 0.988130	Acc: 62.32%
Pre-train Epoch: 2 [25600/40200 (64%)]	Loss: 1.088755	Acc: 63.31%
Pre-train Epoch: 2 [32000/40200 (79%)]	Loss: 1.020375	Acc: 63.96%
Pre-train Epoch: 2 [38400/40200 (95%)]	Loss: 1.014120	Acc: 64.59%

Validation set: Average loss: 0.9889, Accuracy: 13932/19800 (70.36%)

Validation: acc 70.36%  macro-F1 0.6994  macro-recall 0.7037  (n=19800, classes=30)
Validation: worst-6 recall -> 3:0.21, 8:0.29, 26:0.32, 4:0.34, 14:0.43, 19:0.47

--> Best validation loss improved. Saved model to runs\20260917-220741_multiscale_cnn_abl-minmax_only_d75857\reference.pth
Pre-train Epoch: 3 [0/40200 (0%)]	Loss: 1.049667	Acc: 70.31%
Pre-train Epoch: 3 [6400/40200 (16%)]	Loss: 0.936536	Acc: 69.34%
Pre-train Epoch: 3 [12800/40200 (32%)]	Loss: 1.090463	Acc: 69.32%
Pre-train Epoch: 3 [19200/40200 (48%)]	Loss: 0.877665	Acc: 69.47%
Pre-train Epoch: 3 [25600/40200 (64%)]	Loss: 0.912436	Acc: 70.20%
Pre-train Epoch: 3 [32000/40200 (79%)]	Loss: 1.059772	Acc: 70.70%
Pre-train Epoch: 3 [38400/40200 (95%)]	Loss: 0.858439	Acc: 71.17%

Validation set: Average loss: 0.7710, Accuracy: 15241/19800 (76.97%)

Validation: acc 76.97%  macro-F1 0.7604  macro-recall 0.7698  (n=19800, classes=30)
Validation: worst-6 recall -> 8:0.31, 29:0.37, 6:0.39, 22:0.49, 16:0.54, 17:0.54

--> Best validation loss improved. Saved model to runs\20260917-220741_multiscale_cnn_abl-minmax_only_d75857\reference.pth
Pre-train Epoch: 4 [0/40200 (0%)]	Loss: 0.937326	Acc: 71.88%
Pre-train Epoch: 4 [6400/40200 (16%)]	Loss: 1.074132	Acc: 72.74%
Pre-train Epoch: 4 [12800/40200 (32%)]	Loss: 0.871355	Acc: 73.87%
Pre-train Epoch: 4 [19200/40200 (48%)]	Loss: 0.883268	Acc: 73.90%
Pre-train Epoch: 4 [25600/40200 (64%)]	Loss: 0.723232	Acc: 74.40%
Pre-train Epoch: 4 [32000/40200 (79%)]	Loss: 0.734117	Acc: 74.45%
Pre-train Epoch: 4 [38400/40200 (95%)]	Loss: 0.965438	Acc: 74.53%

Validation set: Average loss: 0.7149, Accuracy: 15766/19800 (79.63%)

Validation: acc 79.63%  macro-F1 0.7980  macro-recall 0.7962  (n=19800, classes=30)
Validation: worst-6 recall -> 29:0.43, 15:0.49, 22:0.56, 2:0.60, 17:0.68, 6:0.68

--> Best validation loss improved. Saved model to runs\20260917-220741_multiscale_cnn_abl-minmax_only_d75857\reference.pth
Pre-train Epoch: 5 [0/40200 (0%)]	Loss: 0.896017	Acc: 73.44%
Pre-train Epoch: 5 [6400/40200 (16%)]	Loss: 0.831019	Acc: 75.11%
Pre-train Epoch: 5 [12800/40200 (32%)]	Loss: 0.652856	Acc: 75.47%
Pre-train Epoch: 5 [19200/40200 (48%)]	Loss: 0.819631	Acc: 75.60%
Pre-train Epoch: 5 [25600/40200 (64%)]	Loss: 0.814123	Acc: 75.98%
Pre-train Epoch: 5 [32000/40200 (79%)]	Loss: 0.776116	Acc: 75.92%
Pre-train Epoch: 5 [38400/40200 (95%)]	Loss: 0.771775	Acc: 75.94%

Validation set: Average loss: 0.6972, Accuracy: 15771/19800 (79.65%)

Validation: acc 79.65%  macro-F1 0.7962  macro-recall 0.7965  (n=19800, classes=30)
Validation: worst-6 recall -> 28:0.39, 8:0.41, 2:0.54, 16:0.59, 10:0.61, 6:0.62

--> Best validation loss improved. Saved model to runs\20260917-220741_multiscale_cnn_abl-minmax_only_d75857\reference.pth
Pre-train Epoch: 6 [0/40200 (0%)]	Loss: 0.755094	Acc: 79.69%
Pre-train Epoch: 6 [6400/40200 (16%)]	Loss: 0.830596	Acc: 76.93%
Pre-train Epoch: 6 [12800/40200 (32%)]	Loss: 0.608596	Acc: 76.70%
Pre-train Epoch: 6 [19200/40200 (48%)]	Loss: 0.724548	Acc: 76.81%
Pre-train Epoch: 6 [25600/40200 (64%)]	Loss: 0.645532	Acc: 77.07%
Pre-train Epoch: 6 [32000/40200 (79%)]	Loss: 0.653915	Acc: 76.97%
Pre-train Epoch: 6 [38400/40200 (95%)]	Loss: 0.754746	Acc: 77.17%

Validation set: Average loss: 0.6919, Accuracy: 15655/19800 (79.07%)

Validation: acc 79.07%  macro-F1 0.7875  macro-recall 0.7914  (n=19800, classes=30)
Validation: worst-6 recall -> 2:0.30, 8:0.36, 9:0.46, 6:0.48, 28:0.60, 16:0.66

--> Best validation loss improved. Saved model to runs\20260917-220741_multiscale_cnn_abl-minmax_only_d75857\reference.pth
Pre-train Epoch: 7 [0/40200 (0%)]	Loss: 0.712920	Acc: 82.81%
Pre-train Epoch: 7 [6400/40200 (16%)]	Loss: 0.854479	Acc: 77.65%
Pre-train Epoch: 7 [12800/40200 (32%)]	Loss: 0.757914	Acc: 77.89%
Pre-train Epoch: 7 [19200/40200 (48%)]	Loss: 0.628505	Acc: 77.75%
Pre-train Epoch: 7 [25600/40200 (64%)]	Loss: 0.706495	Acc: 77.51%
Pre-train Epoch: 7 [32000/40200 (79%)]	Loss: 0.751269	Acc: 77.46%
Pre-train Epoch: 7 [38400/40200 (95%)]	Loss: 0.633028	Acc: 77.67%

Validation set: Average loss: 0.7509, Accuracy: 15055/19800 (76.04%)

Validation: acc 76.04%  macro-F1 0.7487  macro-recall 0.7599  (n=19800, classes=30)
Validation: worst-6 recall -> 28:0.20, 8:0.27, 11:0.28, 29:0.34, 6:0.49, 16:0.56

--> No improvement in validation loss. Patience: 1/10
Pre-train Epoch: 8 [0/40200 (0%)]	Loss: 0.738015	Acc: 79.69%
Pre-train Epoch: 8 [6400/40200 (16%)]	Loss: 0.729834	Acc: 77.77%
Pre-train Epoch: 8 [12800/40200 (32%)]	Loss: 0.664054	Acc: 78.48%
Pre-train Epoch: 8 [19200/40200 (48%)]	Loss: 0.625181	Acc: 78.35%
Pre-train Epoch: 8 [25600/40200 (64%)]	Loss: 0.669934	Acc: 78.36%
Pre-train Epoch: 8 [32000/40200 (79%)]	Loss: 0.935130	Acc: 78.42%
Pre-train Epoch: 8 [38400/40200 (95%)]	Loss: 0.800839	Acc: 78.51%

Validation set: Average loss: 0.8300, Accuracy: 14367/19800 (72.56%)

Validation: acc 72.56%  macro-F1 0.7220  macro-recall 0.7265  (n=19800, classes=30)
Validation: worst-6 recall -> 6:0.19, 8:0.21, 4:0.35, 24:0.51, 5:0.57, 22:0.59

--> No improvement in validation loss. Patience: 2/10
Pre-train Epoch: 9 [0/40200 (0%)]	Loss: 0.865423	Acc: 82.81%
Pre-train Epoch: 9 [6400/40200 (16%)]	Loss: 0.605815	Acc: 77.55%
Pre-train Epoch: 9 [12800/40200 (32%)]	Loss: 0.625741	Acc: 78.33%
Pre-train Epoch: 9 [19200/40200 (48%)]	Loss: 0.838293	Acc: 78.48%
Pre-train Epoch: 9 [25600/40200 (64%)]	Loss: 0.734551	Acc: 78.79%
Pre-train Epoch: 9 [32000/40200 (79%)]	Loss: 0.630607	Acc: 78.80%
Pre-train Epoch: 9 [38400/40200 (95%)]	Loss: 0.572185	Acc: 78.79%

Validation set: Average loss: 0.7404, Accuracy: 15314/19800 (77.34%)

Validation: acc 77.34%  macro-F1 0.7672  macro-recall 0.7730  (n=19800, classes=30)
Validation: worst-6 recall -> 17:0.27, 8:0.35, 11:0.41, 29:0.49, 2:0.55, 22:0.58

--> No improvement in validation loss. Patience: 3/10
Pre-train Epoch: 10 [0/40200 (0%)]	Loss: 0.591918	Acc: 81.25%
Pre-train Epoch: 10 [6400/40200 (16%)]	Loss: 0.604450	Acc: 78.57%
Pre-train Epoch: 10 [12800/40200 (32%)]	Loss: 0.655047	Acc: 79.40%
Pre-train Epoch: 10 [19200/40200 (48%)]	Loss: 0.604006	Acc: 79.33%
Pre-train Epoch: 10 [25600/40200 (64%)]	Loss: 0.653665	Acc: 79.19%
Pre-train Epoch: 10 [32000/40200 (79%)]	Loss: 0.722029	Acc: 79.32%
Pre-train Epoch: 10 [38400/40200 (95%)]	Loss: 0.643248	Acc: 79.44%

Validation set: Average loss: 0.6907, Accuracy: 15400/19800 (77.78%)

Validation: acc 77.78%  macro-F1 0.7786  macro-recall 0.7781  (n=19800, classes=30)
Validation: worst-6 recall -> 6:0.34, 8:0.43, 28:0.43, 3:0.53, 16:0.62, 4:0.65

--> Best validation loss improved. Saved model to runs\20260917-220741_multiscale_cnn_abl-minmax_only_d75857\reference.pth
Pre-train Epoch: 11 [0/40200 (0%)]	Loss: 0.664881	Acc: 81.25%
Pre-train Epoch: 11 [6400/40200 (16%)]	Loss: 0.809665	Acc: 78.98%
Pre-train Epoch: 11 [12800/40200 (32%)]	Loss: 0.627562	Acc: 79.48%
Pre-train Epoch: 11 [19200/40200 (48%)]	Loss: 0.783492	Acc: 79.46%
Pre-train Epoch: 11 [25600/40200 (64%)]	Loss: 0.500218	Acc: 79.60%
Pre-train Epoch: 11 [32000/40200 (79%)]	Loss: 0.749153	Acc: 79.57%
Pre-train Epoch: 11 [38400/40200 (95%)]	Loss: 0.641911	Acc: 79.53%

Validation set: Average loss: 0.7592, Accuracy: 15084/19800 (76.18%)

Validation: acc 76.18%  macro-F1 0.7598  macro-recall 0.7625  (n=19800, classes=30)
Validation: worst-6 recall -> 15:0.31, 2:0.33, 22:0.46, 3:0.46, 19:0.53, 28:0.53

--> No improvement in validation loss. Patience: 1/10
Pre-train Epoch: 12 [0/40200 (0%)]	Loss: 0.559996	Acc: 82.81%
Pre-train Epoch: 12 [6400/40200 (16%)]	Loss: 0.722653	Acc: 80.46%
Pre-train Epoch: 12 [12800/40200 (32%)]	Loss: 0.791030	Acc: 80.14%
Pre-train Epoch: 12 [19200/40200 (48%)]	Loss: 0.653769	Acc: 80.25%
Pre-train Epoch: 12 [25600/40200 (64%)]	Loss: 0.557024	Acc: 80.08%
Pre-train Epoch: 12 [32000/40200 (79%)]	Loss: 0.663664	Acc: 79.96%
Pre-train Epoch: 12 [38400/40200 (95%)]	Loss: 0.660310	Acc: 79.90%

Validation set: Average loss: 0.8501, Accuracy: 14329/19800 (72.37%)

Validation: acc 72.37%  macro-F1 0.7084  macro-recall 0.7232  (n=19800, classes=30)
Validation: worst-6 recall -> 3:0.05, 14:0.26, 10:0.30, 28:0.33, 6:0.33, 26:0.44

--> No improvement in validation loss. Patience: 2/10
Pre-train Epoch: 13 [0/40200 (0%)]	Loss: 0.912272	Acc: 71.88%
Pre-train Epoch: 13 [6400/40200 (16%)]	Loss: 0.678539	Acc: 79.22%
Pre-train Epoch: 13 [12800/40200 (32%)]	Loss: 0.655648	Acc: 79.91%
Pre-train Epoch: 13 [19200/40200 (48%)]	Loss: 0.597687	Acc: 79.69%
Pre-train Epoch: 13 [25600/40200 (64%)]	Loss: 0.649029	Acc: 79.41%
Pre-train Epoch: 13 [32000/40200 (79%)]	Loss: 0.684479	Acc: 79.49%
Pre-train Epoch: 13 [38400/40200 (95%)]	Loss: 0.588948	Acc: 79.62%

Validation set: Average loss: 0.7103, Accuracy: 15329/19800 (77.42%)

Validation: acc 77.42%  macro-F1 0.7689  macro-recall 0.7741  (n=19800, classes=30)
Validation: worst-6 recall -> 16:0.28, 29:0.34, 22:0.45, 8:0.46, 17:0.50, 23:0.58

--> No improvement in validation loss. Patience: 3/10
Pre-train Epoch: 14 [0/40200 (0%)]	Loss: 0.506052	Acc: 90.62%
Pre-train Epoch: 14 [6400/40200 (16%)]	Loss: 0.603718	Acc: 79.16%
Pre-train Epoch: 14 [12800/40200 (32%)]	Loss: 0.899781	Acc: 79.63%
Pre-train Epoch: 14 [19200/40200 (48%)]	Loss: 0.811405	Acc: 80.06%
Pre-train Epoch: 14 [25600/40200 (64%)]	Loss: 0.749112	Acc: 80.10%
Pre-train Epoch: 14 [32000/40200 (79%)]	Loss: 0.901896	Acc: 80.21%
Pre-train Epoch: 14 [38400/40200 (95%)]	Loss: 0.625804	Acc: 80.19%

Validation set: Average loss: 0.6404, Accuracy: 15924/19800 (80.42%)

Validation: acc 80.42%  macro-F1 0.8057  macro-recall 0.8045  (n=19800, classes=30)
Validation: worst-6 recall -> 29:0.55, 6:0.57, 15:0.58, 25:0.59, 28:0.61, 8:0.62

--> Best validation loss improved. Saved model to runs\20260917-220741_multiscale_cnn_abl-minmax_only_d75857\reference.pth
Pre-train Epoch: 15 [0/40200 (0%)]	Loss: 0.865008	Acc: 71.88%
Pre-train Epoch: 15 [6400/40200 (16%)]	Loss: 0.522848	Acc: 80.94%
Pre-train Epoch: 15 [12800/40200 (32%)]	Loss: 0.618795	Acc: 80.68%
Pre-train Epoch: 15 [19200/40200 (48%)]	Loss: 0.569516	Acc: 80.51%
Pre-train Epoch: 15 [25600/40200 (64%)]	Loss: 0.684900	Acc: 80.65%
Pre-train Epoch: 15 [32000/40200 (79%)]	Loss: 0.686507	Acc: 80.63%
Pre-train Epoch: 15 [38400/40200 (95%)]	Loss: 0.822236	Acc: 80.72%

Validation set: Average loss: 0.7470, Accuracy: 14986/19800 (75.69%)

Validation: acc 75.69%  macro-F1 0.7463  macro-recall 0.7576  (n=19800, classes=30)
Validation: worst-6 recall -> 25:0.13, 2:0.34, 28:0.43, 15:0.45, 9:0.48, 6:0.54

--> No improvement in validation loss. Patience: 1/10
Pre-train Epoch: 16 [0/40200 (0%)]	Loss: 0.593705	Acc: 82.81%
Pre-train Epoch: 16 [6400/40200 (16%)]	Loss: 0.589288	Acc: 80.12%
Pre-train Epoch: 16 [12800/40200 (32%)]	Loss: 0.807511	Acc: 80.43%
Pre-train Epoch: 16 [19200/40200 (48%)]	Loss: 0.750706	Acc: 80.41%
Pre-train Epoch: 16 [25600/40200 (64%)]	Loss: 0.603258	Acc: 80.68%
Pre-train Epoch: 16 [32000/40200 (79%)]	Loss: 0.615982	Acc: 80.57%
Pre-train Epoch: 16 [38400/40200 (95%)]	Loss: 0.744915	Acc: 80.59%

Validation set: Average loss: 0.7490, Accuracy: 14908/19800 (75.29%)

Validation: acc 75.29%  macro-F1 0.7392  macro-recall 0.7523  (n=19800, classes=30)
Validation: worst-6 recall -> 29:0.23, 7:0.24, 22:0.30, 11:0.30, 17:0.49, 8:0.52

--> No improvement in validation loss. Patience: 2/10
Pre-train Epoch: 17 [0/40200 (0%)]	Loss: 0.670544	Acc: 79.69%
Pre-train Epoch: 17 [6400/40200 (16%)]	Loss: 0.600192	Acc: 80.71%
Pre-train Epoch: 17 [12800/40200 (32%)]	Loss: 0.775977	Acc: 80.62%
Pre-train Epoch: 17 [19200/40200 (48%)]	Loss: 0.578096	Acc: 80.57%
Pre-train Epoch: 17 [25600/40200 (64%)]	Loss: 0.590715	Acc: 80.63%
Pre-train Epoch: 17 [32000/40200 (79%)]	Loss: 0.707143	Acc: 80.55%
Pre-train Epoch: 17 [38400/40200 (95%)]	Loss: 0.754876	Acc: 80.62%

Validation set: Average loss: 0.6800, Accuracy: 15403/19800 (77.79%)

Validation: acc 77.79%  macro-F1 0.7664  macro-recall 0.7774  (n=19800, classes=30)
Validation: worst-6 recall -> 16:0.19, 29:0.31, 22:0.40, 7:0.43, 8:0.51, 6:0.55

--> No improvement in validation loss. Patience: 3/10
Pre-train Epoch: 18 [0/40200 (0%)]	Loss: 0.831594	Acc: 71.88%
Pre-train Epoch: 18 [6400/40200 (16%)]	Loss: 0.755412	Acc: 80.86%
Pre-train Epoch: 18 [12800/40200 (32%)]	Loss: 0.684294	Acc: 81.32%
Pre-train Epoch: 18 [19200/40200 (48%)]	Loss: 0.738421	Acc: 80.91%
Pre-train Epoch: 18 [25600/40200 (64%)]	Loss: 0.733741	Acc: 80.95%
Pre-train Epoch: 18 [32000/40200 (79%)]	Loss: 0.680232	Acc: 80.86%
Pre-train Epoch: 18 [38400/40200 (95%)]	Loss: 0.602834	Acc: 80.74%

Validation set: Average loss: 0.5586, Accuracy: 16473/19800 (83.20%)

Validation: acc 83.20%  macro-F1 0.8290  macro-recall 0.8321  (n=19800, classes=30)
Validation: worst-6 recall -> 16:0.43, 8:0.44, 6:0.60, 7:0.60, 3:0.62, 29:0.63

--> Best validation loss improved. Saved model to runs\20260917-220741_multiscale_cnn_abl-minmax_only_d75857\reference.pth
Pre-train Epoch: 19 [0/40200 (0%)]	Loss: 0.655988	Acc: 82.81%
Pre-train Epoch: 19 [6400/40200 (16%)]	Loss: 0.701006	Acc: 81.19%
Pre-train Epoch: 19 [12800/40200 (32%)]	Loss: 0.724455	Acc: 80.98%
Pre-train Epoch: 19 [19200/40200 (48%)]	Loss: 0.775049	Acc: 81.08%
Pre-train Epoch: 19 [25600/40200 (64%)]	Loss: 0.690368	Acc: 80.99%
Pre-train Epoch: 19 [32000/40200 (79%)]	Loss: 0.674869	Acc: 80.96%
Pre-train Epoch: 19 [38400/40200 (95%)]	Loss: 0.539538	Acc: 80.87%

Validation set: Average loss: 0.9646, Accuracy: 13245/19800 (66.89%)

Validation: acc 66.89%  macro-F1 0.6461  macro-recall 0.6678  (n=19800, classes=30)
Validation: worst-6 recall -> 29:0.06, 7:0.15, 22:0.16, 4:0.21, 16:0.30, 2:0.38

--> No improvement in validation loss. Patience: 1/10
Pre-train Epoch: 20 [0/40200 (0%)]	Loss: 0.755200	Acc: 73.44%
Pre-train Epoch: 20 [6400/40200 (16%)]	Loss: 0.657349	Acc: 80.97%
Pre-train Epoch: 20 [12800/40200 (32%)]	Loss: 0.571863	Acc: 81.48%
Pre-train Epoch: 20 [19200/40200 (48%)]	Loss: 0.646398	Acc: 81.32%
Pre-train Epoch: 20 [25600/40200 (64%)]	Loss: 0.553823	Acc: 81.46%
Pre-train Epoch: 20 [32000/40200 (79%)]	Loss: 0.773509	Acc: 81.51%
Pre-train Epoch: 20 [38400/40200 (95%)]	Loss: 0.653463	Acc: 81.47%

Validation set: Average loss: 0.7548, Accuracy: 14712/19800 (74.30%)

Validation: acc 74.30%  macro-F1 0.7266  macro-recall 0.7426  (n=19800, classes=30)
Validation: worst-6 recall -> 2:0.22, 16:0.26, 8:0.28, 7:0.29, 29:0.37, 28:0.41

--> No improvement in validation loss. Patience: 2/10
Pre-train Epoch: 21 [0/40200 (0%)]	Loss: 0.524900	Acc: 84.38%
Pre-train Epoch: 21 [6400/40200 (16%)]	Loss: 0.695750	Acc: 80.80%
Pre-train Epoch: 21 [12800/40200 (32%)]	Loss: 0.613826	Acc: 80.92%
Pre-train Epoch: 21 [19200/40200 (48%)]	Loss: 0.683209	Acc: 81.12%
Pre-train Epoch: 21 [25600/40200 (64%)]	Loss: 0.522482	Acc: 81.16%
Pre-train Epoch: 21 [32000/40200 (79%)]	Loss: 0.675399	Acc: 81.15%
Pre-train Epoch: 21 [38400/40200 (95%)]	Loss: 0.739128	Acc: 81.22%

Validation set: Average loss: 0.6761, Accuracy: 15608/19800 (78.83%)

Validation: acc 78.83%  macro-F1 0.7894  macro-recall 0.7882  (n=19800, classes=30)
Validation: worst-6 recall -> 22:0.33, 26:0.42, 15:0.50, 6:0.54, 23:0.56, 29:0.57

--> No improvement in validation loss. Patience: 3/10
Pre-train Epoch: 22 [0/40200 (0%)]	Loss: 0.640896	Acc: 79.69%
Pre-train Epoch: 22 [6400/40200 (16%)]	Loss: 0.717366	Acc: 80.41%
Pre-train Epoch: 22 [12800/40200 (32%)]	Loss: 0.866344	Acc: 80.74%
Pre-train Epoch: 22 [19200/40200 (48%)]	Loss: 0.577359	Acc: 81.00%
Pre-train Epoch: 22 [25600/40200 (64%)]	Loss: 0.665124	Acc: 81.11%
Pre-train Epoch: 22 [32000/40200 (79%)]	Loss: 0.723241	Acc: 81.20%
Pre-train Epoch: 22 [38400/40200 (95%)]	Loss: 0.897682	Acc: 81.30%

Validation set: Average loss: 0.5693, Accuracy: 16473/19800 (83.20%)

Validation: acc 83.20%  macro-F1 0.8287  macro-recall 0.8324  (n=19800, classes=30)
Validation: worst-6 recall -> 8:0.34, 2:0.49, 29:0.57, 22:0.68, 16:0.68, 6:0.69

--> No improvement in validation loss. Patience: 4/10
Pre-train Epoch: 23 [0/40200 (0%)]	Loss: 0.677419	Acc: 73.44%
Pre-train Epoch: 23 [6400/40200 (16%)]	Loss: 0.647122	Acc: 80.77%
Pre-train Epoch: 23 [12800/40200 (32%)]	Loss: 0.729812	Acc: 81.51%
Pre-train Epoch: 23 [19200/40200 (48%)]	Loss: 0.729449	Acc: 81.12%
Pre-train Epoch: 23 [25600/40200 (64%)]	Loss: 0.586081	Acc: 81.27%
Pre-train Epoch: 23 [32000/40200 (79%)]	Loss: 0.590870	Acc: 81.20%
Pre-train Epoch: 23 [38400/40200 (95%)]	Loss: 0.934517	Acc: 81.36%

Validation set: Average loss: 0.6762, Accuracy: 15709/19800 (79.34%)

Validation: acc 79.34%  macro-F1 0.7869  macro-recall 0.7941  (n=19800, classes=30)
Validation: worst-6 recall -> 28:0.27, 8:0.34, 2:0.37, 9:0.60, 29:0.62, 16:0.65

--> No improvement in validation loss. Patience: 5/10
Pre-train Epoch: 24 [0/40200 (0%)]	Loss: 0.627900	Acc: 82.81%
Pre-train Epoch: 24 [6400/40200 (16%)]	Loss: 0.491085	Acc: 81.45%
Pre-train Epoch: 24 [12800/40200 (32%)]	Loss: 0.793657	Acc: 81.49%
Pre-train Epoch: 24 [19200/40200 (48%)]	Loss: 0.757023	Acc: 81.46%
Pre-train Epoch: 24 [25600/40200 (64%)]	Loss: 0.625244	Acc: 81.36%
Pre-train Epoch: 24 [32000/40200 (79%)]	Loss: 0.632321	Acc: 81.57%
Pre-train Epoch: 24 [38400/40200 (95%)]	Loss: 0.624393	Acc: 81.56%

Validation set: Average loss: 0.8549, Accuracy: 14214/19800 (71.79%)

Validation: acc 71.79%  macro-F1 0.7062  macro-recall 0.7171  (n=19800, classes=30)
Validation: worst-6 recall -> 8:0.17, 4:0.29, 16:0.35, 7:0.43, 3:0.44, 29:0.50

--> No improvement in validation loss. Patience: 6/10
Pre-train Epoch: 25 [0/40200 (0%)]	Loss: 0.632863	Acc: 76.56%
Pre-train Epoch: 25 [6400/40200 (16%)]	Loss: 0.581610	Acc: 81.10%
Pre-train Epoch: 25 [12800/40200 (32%)]	Loss: 0.565463	Acc: 81.85%
Pre-train Epoch: 25 [19200/40200 (48%)]	Loss: 0.598999	Acc: 81.80%
Pre-train Epoch: 25 [25600/40200 (64%)]	Loss: 0.696457	Acc: 81.55%
Pre-train Epoch: 25 [32000/40200 (79%)]	Loss: 0.561598	Acc: 81.70%
Pre-train Epoch: 25 [38400/40200 (95%)]	Loss: 0.603760	Acc: 81.60%

Validation set: Average loss: 0.6351, Accuracy: 15829/19800 (79.94%)

Validation: acc 79.94%  macro-F1 0.7900  macro-recall 0.7993  (n=19800, classes=30)
Validation: worst-6 recall -> 29:0.28, 8:0.35, 16:0.41, 7:0.46, 17:0.53, 6:0.54

--> No improvement in validation loss. Patience: 7/10
Pre-train Epoch: 26 [0/40200 (0%)]	Loss: 0.737653	Acc: 84.38%
Pre-train Epoch: 26 [6400/40200 (16%)]	Loss: 0.554871	Acc: 81.22%
Pre-train Epoch: 26 [12800/40200 (32%)]	Loss: 0.740206	Acc: 81.31%
Pre-train Epoch: 26 [19200/40200 (48%)]	Loss: 0.732275	Acc: 81.55%
Pre-train Epoch: 26 [25600/40200 (64%)]	Loss: 0.767977	Acc: 81.70%
Pre-train Epoch: 26 [32000/40200 (79%)]	Loss: 0.536728	Acc: 81.64%
Pre-train Epoch: 26 [38400/40200 (95%)]	Loss: 0.717793	Acc: 81.68%

Validation set: Average loss: 0.5560, Accuracy: 16729/19800 (84.49%)

Validation: acc 84.49%  macro-F1 0.8441  macro-recall 0.8454  (n=19800, classes=30)
Validation: worst-6 recall -> 8:0.47, 6:0.55, 28:0.63, 2:0.66, 22:0.74, 16:0.75

--> Best validation loss improved. Saved model to runs\20260917-220741_multiscale_cnn_abl-minmax_only_d75857\reference.pth
Pre-train Epoch: 27 [0/40200 (0%)]	Loss: 0.718971	Acc: 79.69%
Pre-train Epoch: 27 [6400/40200 (16%)]	Loss: 0.576764	Acc: 81.75%
Pre-train Epoch: 27 [12800/40200 (32%)]	Loss: 0.548228	Acc: 82.28%
Pre-train Epoch: 27 [19200/40200 (48%)]	Loss: 0.624211	Acc: 82.19%
Pre-train Epoch: 27 [25600/40200 (64%)]	Loss: 0.700173	Acc: 82.17%
Pre-train Epoch: 27 [32000/40200 (79%)]	Loss: 0.637491	Acc: 82.12%
Pre-train Epoch: 27 [38400/40200 (95%)]	Loss: 0.642605	Acc: 82.22%

Validation set: Average loss: 0.7077, Accuracy: 15365/19800 (77.60%)

Validation: acc 77.60%  macro-F1 0.7758  macro-recall 0.7761  (n=19800, classes=30)
Validation: worst-6 recall -> 28:0.22, 2:0.36, 15:0.54, 14:0.55, 6:0.57, 26:0.59

--> No improvement in validation loss. Patience: 1/10
Pre-train Epoch: 28 [0/40200 (0%)]	Loss: 0.757438	Acc: 75.00%
Pre-train Epoch: 28 [6400/40200 (16%)]	Loss: 0.610019	Acc: 81.08%
Pre-train Epoch: 28 [12800/40200 (32%)]	Loss: 0.593224	Acc: 81.41%
Pre-train Epoch: 28 [19200/40200 (48%)]	Loss: 0.800121	Acc: 81.82%
Pre-train Epoch: 28 [25600/40200 (64%)]	Loss: 0.601699	Acc: 81.79%
Pre-train Epoch: 28 [32000/40200 (79%)]	Loss: 0.685808	Acc: 81.83%
Pre-train Epoch: 28 [38400/40200 (95%)]	Loss: 0.549482	Acc: 81.82%

Validation set: Average loss: 0.5505, Accuracy: 16763/19800 (84.66%)

Validation: acc 84.66%  macro-F1 0.8443  macro-recall 0.8464  (n=19800, classes=30)
Validation: worst-6 recall -> 2:0.44, 16:0.55, 29:0.63, 11:0.70, 7:0.72, 22:0.74

--> Best validation loss improved. Saved model to runs\20260917-220741_multiscale_cnn_abl-minmax_only_d75857\reference.pth
Pre-train Epoch: 29 [0/40200 (0%)]	Loss: 0.577200	Acc: 81.25%
Pre-train Epoch: 29 [6400/40200 (16%)]	Loss: 0.524628	Acc: 82.36%
Pre-train Epoch: 29 [12800/40200 (32%)]	Loss: 0.518622	Acc: 82.31%
Pre-train Epoch: 29 [19200/40200 (48%)]	Loss: 0.570237	Acc: 82.40%
Pre-train Epoch: 29 [25600/40200 (64%)]	Loss: 0.744556	Acc: 82.42%
Pre-train Epoch: 29 [32000/40200 (79%)]	Loss: 0.679792	Acc: 82.32%
Pre-train Epoch: 29 [38400/40200 (95%)]	Loss: 0.626944	Acc: 82.22%

Validation set: Average loss: 0.6071, Accuracy: 16234/19800 (81.99%)

Validation: acc 81.99%  macro-F1 0.8198  macro-recall 0.8205  (n=19800, classes=30)
Validation: worst-6 recall -> 6:0.46, 2:0.47, 8:0.50, 14:0.59, 28:0.64, 3:0.68

--> No improvement in validation loss. Patience: 1/10
Pre-train Epoch: 30 [0/40200 (0%)]	Loss: 0.647323	Acc: 84.38%
Pre-train Epoch: 30 [6400/40200 (16%)]	Loss: 0.603206	Acc: 82.84%
Pre-train Epoch: 30 [12800/40200 (32%)]	Loss: 0.521950	Acc: 82.56%
Pre-train Epoch: 30 [19200/40200 (48%)]	Loss: 0.740225	Acc: 82.44%
Pre-train Epoch: 30 [25600/40200 (64%)]	Loss: 0.695406	Acc: 82.43%
Pre-train Epoch: 30 [32000/40200 (79%)]	Loss: 0.737965	Acc: 82.44%
Pre-train Epoch: 30 [38400/40200 (95%)]	Loss: 0.673912	Acc: 82.43%

Validation set: Average loss: 0.6738, Accuracy: 15602/19800 (78.80%)

Validation: acc 78.80%  macro-F1 0.7810  macro-recall 0.7867  (n=19800, classes=30)
Validation: worst-6 recall -> 29:0.27, 22:0.42, 4:0.46, 7:0.50, 16:0.59, 11:0.61

--> No improvement in validation loss. Patience: 2/10
Pre-train Epoch: 31 [0/40200 (0%)]	Loss: 0.777729	Acc: 78.12%
Pre-train Epoch: 31 [6400/40200 (16%)]	Loss: 0.623448	Acc: 82.29%
Pre-train Epoch: 31 [12800/40200 (32%)]	Loss: 0.640249	Acc: 82.23%
Pre-train Epoch: 31 [19200/40200 (48%)]	Loss: 0.485310	Acc: 82.27%
Pre-train Epoch: 31 [25600/40200 (64%)]	Loss: 0.603954	Acc: 82.44%
Pre-train Epoch: 31 [32000/40200 (79%)]	Loss: 0.567597	Acc: 82.23%
Pre-train Epoch: 31 [38400/40200 (95%)]	Loss: 0.718413	Acc: 82.18%

Validation set: Average loss: 0.5923, Accuracy: 16281/19800 (82.23%)

Validation: acc 82.23%  macro-F1 0.8222  macro-recall 0.8224  (n=19800, classes=30)
Validation: worst-6 recall -> 6:0.41, 28:0.59, 3:0.64, 14:0.64, 8:0.65, 4:0.65

--> No improvement in validation loss. Patience: 3/10
Pre-train Epoch: 32 [0/40200 (0%)]	Loss: 0.517709	Acc: 82.81%
Pre-train Epoch: 32 [6400/40200 (16%)]	Loss: 0.660047	Acc: 82.55%
Pre-train Epoch: 32 [12800/40200 (32%)]	Loss: 0.528842	Acc: 82.60%
Pre-train Epoch: 32 [19200/40200 (48%)]	Loss: 0.466398	Acc: 82.65%
Pre-train Epoch: 32 [25600/40200 (64%)]	Loss: 0.678409	Acc: 82.47%
Pre-train Epoch: 32 [32000/40200 (79%)]	Loss: 0.585390	Acc: 82.34%
Pre-train Epoch: 32 [38400/40200 (95%)]	Loss: 0.603516	Acc: 82.42%

Validation set: Average loss: 0.5404, Accuracy: 16768/19800 (84.69%)

Validation: acc 84.69%  macro-F1 0.8465  macro-recall 0.8470  (n=19800, classes=30)
Validation: worst-6 recall -> 3:0.46, 6:0.57, 15:0.61, 2:0.62, 29:0.70, 28:0.73

--> Best validation loss improved. Saved model to runs\20260917-220741_multiscale_cnn_abl-minmax_only_d75857\reference.pth
Pre-train Epoch: 33 [0/40200 (0%)]	Loss: 0.608441	Acc: 81.25%
Pre-train Epoch: 33 [6400/40200 (16%)]	Loss: 0.727805	Acc: 81.90%
Pre-train Epoch: 33 [12800/40200 (32%)]	Loss: 0.657658	Acc: 82.75%
Pre-train Epoch: 33 [19200/40200 (48%)]	Loss: 0.693257	Acc: 82.70%
Pre-train Epoch: 33 [25600/40200 (64%)]	Loss: 0.693473	Acc: 82.78%
Pre-train Epoch: 33 [32000/40200 (79%)]	Loss: 0.524543	Acc: 82.63%
Pre-train Epoch: 33 [38400/40200 (95%)]	Loss: 0.565064	Acc: 82.60%

Validation set: Average loss: 0.5651, Accuracy: 16568/19800 (83.68%)

Validation: acc 83.68%  macro-F1 0.8334  macro-recall 0.8365  (n=19800, classes=30)
Validation: worst-6 recall -> 29:0.40, 22:0.48, 2:0.63, 6:0.65, 4:0.65, 8:0.71

--> No improvement in validation loss. Patience: 1/10
Pre-train Epoch: 34 [0/40200 (0%)]	Loss: 0.749119	Acc: 76.56%
Pre-train Epoch: 34 [6400/40200 (16%)]	Loss: 0.519604	Acc: 83.06%
Pre-train Epoch: 34 [12800/40200 (32%)]	Loss: 0.493403	Acc: 82.41%
Pre-train Epoch: 34 [19200/40200 (48%)]	Loss: 0.552396	Acc: 82.61%
Pre-train Epoch: 34 [25600/40200 (64%)]	Loss: 0.618079	Acc: 82.63%
Pre-train Epoch: 34 [32000/40200 (79%)]	Loss: 0.617592	Acc: 82.57%
Pre-train Epoch: 34 [38400/40200 (95%)]	Loss: 0.529076	Acc: 82.57%

Validation set: Average loss: 0.5867, Accuracy: 16476/19800 (83.21%)

Validation: acc 83.21%  macro-F1 0.8323  macro-recall 0.8325  (n=19800, classes=30)
Validation: worst-6 recall -> 6:0.36, 2:0.63, 10:0.65, 14:0.66, 15:0.68, 8:0.70

--> No improvement in validation loss. Patience: 2/10
Pre-train Epoch: 35 [0/40200 (0%)]	Loss: 0.780164	Acc: 70.31%
Pre-train Epoch: 35 [6400/40200 (16%)]	Loss: 0.606989	Acc: 83.20%
Pre-train Epoch: 35 [12800/40200 (32%)]	Loss: 0.684776	Acc: 83.04%
Pre-train Epoch: 35 [19200/40200 (48%)]	Loss: 0.502058	Acc: 83.33%
Pre-train Epoch: 35 [25600/40200 (64%)]	Loss: 0.560381	Acc: 83.18%
Pre-train Epoch: 35 [32000/40200 (79%)]	Loss: 0.708089	Acc: 83.07%
Pre-train Epoch: 35 [38400/40200 (95%)]	Loss: 0.526219	Acc: 82.99%

Validation set: Average loss: 0.5856, Accuracy: 16402/19800 (82.84%)

Validation: acc 82.84%  macro-F1 0.8295  macro-recall 0.8289  (n=19800, classes=30)
Validation: worst-6 recall -> 2:0.45, 8:0.60, 22:0.62, 6:0.65, 9:0.69, 15:0.71

--> No improvement in validation loss. Patience: 3/10
Pre-train Epoch: 36 [0/40200 (0%)]	Loss: 0.612562	Acc: 87.50%
Pre-train Epoch: 36 [6400/40200 (16%)]	Loss: 0.730975	Acc: 82.49%
Pre-train Epoch: 36 [12800/40200 (32%)]	Loss: 0.543315	Acc: 82.46%
Pre-train Epoch: 36 [19200/40200 (48%)]	Loss: 0.471281	Acc: 82.68%
Pre-train Epoch: 36 [25600/40200 (64%)]	Loss: 0.673530	Acc: 82.89%
Pre-train Epoch: 36 [32000/40200 (79%)]	Loss: 0.771777	Acc: 82.91%
Pre-train Epoch: 36 [38400/40200 (95%)]	Loss: 0.762977	Acc: 82.94%

Validation set: Average loss: 0.7321, Accuracy: 14999/19800 (75.75%)

Validation: acc 75.75%  macro-F1 0.7435  macro-recall 0.7568  (n=19800, classes=30)
Validation: worst-6 recall -> 29:0.20, 16:0.27, 7:0.29, 22:0.44, 8:0.48, 4:0.48

--> No improvement in validation loss. Patience: 4/10
Pre-train Epoch: 37 [0/40200 (0%)]	Loss: 0.628422	Acc: 78.12%
Pre-train Epoch: 37 [6400/40200 (16%)]	Loss: 0.601055	Acc: 82.95%
Pre-train Epoch: 37 [12800/40200 (32%)]	Loss: 0.552716	Acc: 82.66%
Pre-train Epoch: 37 [19200/40200 (48%)]	Loss: 0.556897	Acc: 82.36%
Pre-train Epoch: 37 [25600/40200 (64%)]	Loss: 0.720253	Acc: 82.45%
Pre-train Epoch: 37 [32000/40200 (79%)]	Loss: 0.662624	Acc: 82.59%
Pre-train Epoch: 37 [38400/40200 (95%)]	Loss: 0.666887	Acc: 82.74%

Validation set: Average loss: 0.5050, Accuracy: 17029/19800 (86.01%)

Validation: acc 86.01%  macro-F1 0.8589  macro-recall 0.8602  (n=19800, classes=30)
Validation: worst-6 recall -> 29:0.50, 8:0.59, 22:0.64, 3:0.74, 6:0.75, 28:0.77

--> Best validation loss improved. Saved model to runs\20260917-220741_multiscale_cnn_abl-minmax_only_d75857\reference.pth
Pre-train Epoch: 38 [0/40200 (0%)]	Loss: 0.593735	Acc: 82.81%
Pre-train Epoch: 38 [6400/40200 (16%)]	Loss: 0.737777	Acc: 82.64%
Pre-train Epoch: 38 [12800/40200 (32%)]	Loss: 0.658472	Acc: 83.06%
Pre-train Epoch: 38 [19200/40200 (48%)]	Loss: 0.549425	Acc: 83.60%
Pre-train Epoch: 38 [25600/40200 (64%)]	Loss: 0.695918	Acc: 83.32%
Pre-train Epoch: 38 [32000/40200 (79%)]	Loss: 0.683487	Acc: 83.11%
Pre-train Epoch: 38 [38400/40200 (95%)]	Loss: 0.459807	Acc: 83.09%

Validation set: Average loss: 0.5399, Accuracy: 16633/19800 (84.01%)

Validation: acc 84.01%  macro-F1 0.8400  macro-recall 0.8399  (n=19800, classes=30)
Validation: worst-6 recall -> 8:0.55, 29:0.55, 4:0.58, 16:0.64, 22:0.65, 14:0.73

--> No improvement in validation loss. Patience: 1/10
Pre-train Epoch: 39 [0/40200 (0%)]	Loss: 0.695638	Acc: 81.25%
Pre-train Epoch: 39 [6400/40200 (16%)]	Loss: 0.636178	Acc: 83.06%
Pre-train Epoch: 39 [12800/40200 (32%)]	Loss: 0.627566	Acc: 83.34%
Pre-train Epoch: 39 [19200/40200 (48%)]	Loss: 0.641485	Acc: 83.28%
Pre-train Epoch: 39 [25600/40200 (64%)]	Loss: 0.485639	Acc: 83.05%
Pre-train Epoch: 39 [32000/40200 (79%)]	Loss: 0.544665	Acc: 83.30%
Pre-train Epoch: 39 [38400/40200 (95%)]	Loss: 0.705534	Acc: 83.28%

Validation set: Average loss: 0.5432, Accuracy: 16710/19800 (84.39%)

Validation: acc 84.39%  macro-F1 0.8451  macro-recall 0.8444  (n=19800, classes=30)
Validation: worst-6 recall -> 15:0.55, 28:0.58, 22:0.66, 2:0.66, 6:0.68, 8:0.72

--> No improvement in validation loss. Patience: 2/10
Pre-train Epoch: 40 [0/40200 (0%)]	Loss: 0.600853	Acc: 82.81%
Pre-train Epoch: 40 [6400/40200 (16%)]	Loss: 0.431379	Acc: 83.51%
Pre-train Epoch: 40 [12800/40200 (32%)]	Loss: 0.670340	Acc: 83.08%
Pre-train Epoch: 40 [19200/40200 (48%)]	Loss: 0.521463	Acc: 82.99%
Pre-train Epoch: 40 [25600/40200 (64%)]	Loss: 0.548250	Acc: 83.00%
Pre-train Epoch: 40 [32000/40200 (79%)]	Loss: 0.625254	Acc: 82.98%
Pre-train Epoch: 40 [38400/40200 (95%)]	Loss: 0.470505	Acc: 82.97%

Validation set: Average loss: 0.6167, Accuracy: 16002/19800 (80.82%)

Validation: acc 80.82%  macro-F1 0.7986  macro-recall 0.8083  (n=19800, classes=30)
Validation: worst-6 recall -> 8:0.29, 29:0.37, 16:0.40, 7:0.46, 22:0.64, 11:0.65

--> No improvement in validation loss. Patience: 3/10
Pre-train Epoch: 41 [0/40200 (0%)]	Loss: 0.575960	Acc: 81.25%
Pre-train Epoch: 41 [6400/40200 (16%)]	Loss: 0.539974	Acc: 82.80%
Pre-train Epoch: 41 [12800/40200 (32%)]	Loss: 0.547688	Acc: 83.19%
Pre-train Epoch: 41 [19200/40200 (48%)]	Loss: 0.685674	Acc: 83.45%
Pre-train Epoch: 41 [25600/40200 (64%)]	Loss: 0.660348	Acc: 83.32%
Pre-train Epoch: 41 [32000/40200 (79%)]	Loss: 0.477800	Acc: 83.41%
Pre-train Epoch: 41 [38400/40200 (95%)]	Loss: 0.656237	Acc: 83.22%

Validation set: Average loss: 0.5143, Accuracy: 17045/19800 (86.09%)

Validation: acc 86.09%  macro-F1 0.8613  macro-recall 0.8611  (n=19800, classes=30)
Validation: worst-6 recall -> 7:0.64, 15:0.66, 3:0.71, 22:0.72, 2:0.72, 28:0.72

--> No improvement in validation loss. Patience: 4/10
Pre-train Epoch: 42 [0/40200 (0%)]	Loss: 0.454358	Acc: 89.06%
Pre-train Epoch: 42 [6400/40200 (16%)]	Loss: 0.538156	Acc: 84.70%
Pre-train Epoch: 42 [12800/40200 (32%)]	Loss: 0.721765	Acc: 84.09%
Pre-train Epoch: 42 [19200/40200 (48%)]	Loss: 0.560410	Acc: 83.67%
Pre-train Epoch: 42 [25600/40200 (64%)]	Loss: 0.473458	Acc: 83.74%
Pre-train Epoch: 42 [32000/40200 (79%)]	Loss: 0.645338	Acc: 83.68%
Pre-train Epoch: 42 [38400/40200 (95%)]	Loss: 0.673781	Acc: 83.56%

Validation set: Average loss: 0.5895, Accuracy: 16248/19800 (82.06%)

Validation: acc 82.06%  macro-F1 0.8179  macro-recall 0.8211  (n=19800, classes=30)
Validation: worst-6 recall -> 29:0.37, 2:0.42, 8:0.43, 22:0.58, 17:0.70, 6:0.71

--> No improvement in validation loss. Patience: 5/10
Pre-train Epoch: 43 [0/40200 (0%)]	Loss: 0.757217	Acc: 78.12%
Pre-train Epoch: 43 [6400/40200 (16%)]	Loss: 0.598300	Acc: 83.49%
Pre-train Epoch: 43 [12800/40200 (32%)]	Loss: 0.598753	Acc: 83.65%
Pre-train Epoch: 43 [19200/40200 (48%)]	Loss: 0.546030	Acc: 83.63%
Pre-train Epoch: 43 [25600/40200 (64%)]	Loss: 0.761912	Acc: 83.61%
Pre-train Epoch: 43 [32000/40200 (79%)]	Loss: 0.513290	Acc: 83.66%
Pre-train Epoch: 43 [38400/40200 (95%)]	Loss: 0.594512	Acc: 83.73%

Validation set: Average loss: 0.5592, Accuracy: 16745/19800 (84.57%)

Validation: acc 84.57%  macro-F1 0.8467  macro-recall 0.8456  (n=19800, classes=30)
Validation: worst-6 recall -> 2:0.56, 16:0.59, 28:0.65, 6:0.69, 9:0.70, 22:0.72

--> No improvement in validation loss. Patience: 6/10
Pre-train Epoch: 44 [0/40200 (0%)]	Loss: 0.594822	Acc: 81.25%
Pre-train Epoch: 44 [6400/40200 (16%)]	Loss: 0.690425	Acc: 83.25%
Pre-train Epoch: 44 [12800/40200 (32%)]	Loss: 0.513262	Acc: 83.66%
Pre-train Epoch: 44 [19200/40200 (48%)]	Loss: 0.545881	Acc: 83.77%
Pre-train Epoch: 44 [25600/40200 (64%)]	Loss: 0.571746	Acc: 83.81%
Pre-train Epoch: 44 [32000/40200 (79%)]	Loss: 0.646263	Acc: 83.85%
Pre-train Epoch: 44 [38400/40200 (95%)]	Loss: 0.532366	Acc: 83.78%

Validation set: Average loss: 0.6531, Accuracy: 15689/19800 (79.24%)

Validation: acc 79.24%  macro-F1 0.7900  macro-recall 0.7927  (n=19800, classes=30)
Validation: worst-6 recall -> 15:0.33, 28:0.36, 6:0.58, 4:0.61, 2:0.62, 21:0.64

--> No improvement in validation loss. Patience: 7/10
Pre-train Epoch: 45 [0/40200 (0%)]	Loss: 0.684784	Acc: 73.44%
Pre-train Epoch: 45 [6400/40200 (16%)]	Loss: 0.742612	Acc: 83.49%
Pre-train Epoch: 45 [12800/40200 (32%)]	Loss: 0.734143	Acc: 83.86%
Pre-train Epoch: 45 [19200/40200 (48%)]	Loss: 0.546779	Acc: 83.62%
Pre-train Epoch: 45 [25600/40200 (64%)]	Loss: 0.482120	Acc: 83.63%
Pre-train Epoch: 45 [32000/40200 (79%)]	Loss: 0.538850	Acc: 83.50%
Pre-train Epoch: 45 [38400/40200 (95%)]	Loss: 0.511527	Acc: 83.57%

Validation set: Average loss: 0.5272, Accuracy: 16716/19800 (84.42%)

Validation: acc 84.42%  macro-F1 0.8403  macro-recall 0.8441  (n=19800, classes=30)
Validation: worst-6 recall -> 29:0.46, 4:0.53, 22:0.55, 3:0.60, 7:0.62, 8:0.67

--> No improvement in validation loss. Patience: 8/10
Pre-train Epoch: 46 [0/40200 (0%)]	Loss: 0.564994	Acc: 82.81%
Pre-train Epoch: 46 [6400/40200 (16%)]	Loss: 0.404039	Acc: 83.99%
Pre-train Epoch: 46 [12800/40200 (32%)]	Loss: 0.669558	Acc: 83.95%
Pre-train Epoch: 46 [19200/40200 (48%)]	Loss: 0.561415	Acc: 83.78%
Pre-train Epoch: 46 [25600/40200 (64%)]	Loss: 0.594274	Acc: 83.76%
Pre-train Epoch: 46 [32000/40200 (79%)]	Loss: 0.657438	Acc: 83.70%
Pre-train Epoch: 46 [38400/40200 (95%)]	Loss: 0.617591	Acc: 83.68%

Validation set: Average loss: 0.4910, Accuracy: 17101/19800 (86.37%)

Validation: acc 86.37%  macro-F1 0.8623  macro-recall 0.8638  (n=19800, classes=30)
Validation: worst-6 recall -> 16:0.51, 8:0.61, 7:0.66, 2:0.72, 6:0.73, 22:0.73

--> Best validation loss improved. Saved model to runs\20260917-220741_multiscale_cnn_abl-minmax_only_d75857\reference.pth
Pre-train Epoch: 47 [0/40200 (0%)]	Loss: 0.428383	Acc: 92.19%
Pre-train Epoch: 47 [6400/40200 (16%)]	Loss: 0.484988	Acc: 85.67%
Pre-train Epoch: 47 [12800/40200 (32%)]	Loss: 0.513467	Acc: 84.72%
Pre-train Epoch: 47 [19200/40200 (48%)]	Loss: 0.498067	Acc: 84.70%
Pre-train Epoch: 47 [25600/40200 (64%)]	Loss: 0.748647	Acc: 84.30%
Pre-train Epoch: 47 [32000/40200 (79%)]	Loss: 0.726958	Acc: 83.87%
Pre-train Epoch: 47 [38400/40200 (95%)]	Loss: 0.544137	Acc: 84.01%

Validation set: Average loss: 0.5693, Accuracy: 16431/19800 (82.98%)

Validation: acc 82.98%  macro-F1 0.8255  macro-recall 0.8295  (n=19800, classes=30)
Validation: worst-6 recall -> 7:0.49, 29:0.52, 22:0.54, 8:0.55, 2:0.64, 16:0.65

--> No improvement in validation loss. Patience: 1/10
Pre-train Epoch: 48 [0/40200 (0%)]	Loss: 0.688931	Acc: 81.25%
Pre-train Epoch: 48 [6400/40200 (16%)]	Loss: 0.619954	Acc: 84.81%
Pre-train Epoch: 48 [12800/40200 (32%)]	Loss: 0.663529	Acc: 84.38%
Pre-train Epoch: 48 [19200/40200 (48%)]	Loss: 0.894969	Acc: 83.98%
Pre-train Epoch: 48 [25600/40200 (64%)]	Loss: 0.761504	Acc: 84.00%
Pre-train Epoch: 48 [32000/40200 (79%)]	Loss: 0.587149	Acc: 84.03%
Pre-train Epoch: 48 [38400/40200 (95%)]	Loss: 0.672365	Acc: 83.97%

Validation set: Average loss: 0.5315, Accuracy: 16665/19800 (84.17%)

Validation: acc 84.17%  macro-F1 0.8415  macro-recall 0.8423  (n=19800, classes=30)
Validation: worst-6 recall -> 28:0.46, 8:0.51, 15:0.56, 6:0.61, 3:0.68, 2:0.77

--> No improvement in validation loss. Patience: 2/10
Pre-train Epoch: 49 [0/40200 (0%)]	Loss: 0.544685	Acc: 84.38%
Pre-train Epoch: 49 [6400/40200 (16%)]	Loss: 0.652998	Acc: 84.08%
Pre-train Epoch: 49 [12800/40200 (32%)]	Loss: 0.539928	Acc: 84.26%
Pre-train Epoch: 49 [19200/40200 (48%)]	Loss: 0.532375	Acc: 84.30%
Pre-train Epoch: 49 [25600/40200 (64%)]	Loss: 0.615553	Acc: 84.25%
Pre-train Epoch: 49 [32000/40200 (79%)]	Loss: 0.531013	Acc: 84.35%
Pre-train Epoch: 49 [38400/40200 (95%)]	Loss: 0.586429	Acc: 84.19%

Validation set: Average loss: 0.5254, Accuracy: 16914/19800 (85.42%)

Validation: acc 85.42%  macro-F1 0.8567  macro-recall 0.8542  (n=19800, classes=30)
Validation: worst-6 recall -> 28:0.57, 2:0.64, 16:0.69, 22:0.69, 6:0.72, 9:0.77

--> No improvement in validation loss. Patience: 3/10
Pre-train Epoch: 50 [0/40200 (0%)]	Loss: 0.711115	Acc: 81.25%
Pre-train Epoch: 50 [6400/40200 (16%)]	Loss: 0.679897	Acc: 84.07%
Pre-train Epoch: 50 [12800/40200 (32%)]	Loss: 0.563358	Acc: 84.24%
Pre-train Epoch: 50 [19200/40200 (48%)]	Loss: 0.538054	Acc: 84.44%
Pre-train Epoch: 50 [25600/40200 (64%)]	Loss: 0.522737	Acc: 84.25%
Pre-train Epoch: 50 [32000/40200 (79%)]	Loss: 0.673718	Acc: 83.98%
Pre-train Epoch: 50 [38400/40200 (95%)]	Loss: 0.544637	Acc: 84.06%

Validation set: Average loss: 0.5320, Accuracy: 16894/19800 (85.32%)

Validation: acc 85.32%  macro-F1 0.8531  macro-recall 0.8531  (n=19800, classes=30)
Validation: worst-6 recall -> 8:0.60, 16:0.63, 22:0.64, 29:0.65, 2:0.67, 4:0.71

--> No improvement in validation loss. Patience: 4/10
Pre-train Epoch: 51 [0/40200 (0%)]	Loss: 0.652610	Acc: 87.50%
Pre-train Epoch: 51 [6400/40200 (16%)]	Loss: 0.565612	Acc: 84.73%
Pre-train Epoch: 51 [12800/40200 (32%)]	Loss: 0.555570	Acc: 84.11%
Pre-train Epoch: 51 [19200/40200 (48%)]	Loss: 0.383907	Acc: 84.16%
Pre-train Epoch: 51 [25600/40200 (64%)]	Loss: 0.636922	Acc: 84.46%
Pre-train Epoch: 51 [32000/40200 (79%)]	Loss: 0.651646	Acc: 84.18%
Pre-train Epoch: 51 [38400/40200 (95%)]	Loss: 0.730542	Acc: 84.11%

Validation set: Average loss: 0.5063, Accuracy: 16913/19800 (85.42%)

Validation: acc 85.42%  macro-F1 0.8520  macro-recall 0.8546  (n=19800, classes=30)
Validation: worst-6 recall -> 8:0.31, 16:0.63, 6:0.68, 7:0.75, 2:0.76, 17:0.78

--> No improvement in validation loss. Patience: 5/10
Pre-train Epoch: 52 [0/40200 (0%)]	Loss: 0.449008	Acc: 90.62%
Pre-train Epoch: 52 [6400/40200 (16%)]	Loss: 0.435146	Acc: 83.88%
Pre-train Epoch: 52 [12800/40200 (32%)]	Loss: 0.538933	Acc: 83.87%
Pre-train Epoch: 52 [19200/40200 (48%)]	Loss: 0.557858	Acc: 84.08%
Pre-train Epoch: 52 [25600/40200 (64%)]	Loss: 0.621117	Acc: 84.11%
Pre-train Epoch: 52 [32000/40200 (79%)]	Loss: 0.739919	Acc: 84.13%
Pre-train Epoch: 52 [38400/40200 (95%)]	Loss: 0.599197	Acc: 84.10%

Validation set: Average loss: 0.4758, Accuracy: 17118/19800 (86.45%)

Validation: acc 86.45%  macro-F1 0.8654  macro-recall 0.8647  (n=19800, classes=30)
Validation: worst-6 recall -> 22:0.65, 8:0.65, 6:0.69, 29:0.69, 15:0.77, 3:0.77

--> Best validation loss improved. Saved model to runs\20260917-220741_multiscale_cnn_abl-minmax_only_d75857\reference.pth
Pre-train Epoch: 53 [0/40200 (0%)]	Loss: 0.482342	Acc: 90.62%
Pre-train Epoch: 53 [6400/40200 (16%)]	Loss: 0.494100	Acc: 84.47%
Pre-train Epoch: 53 [12800/40200 (32%)]	Loss: 0.484986	Acc: 84.55%
Pre-train Epoch: 53 [19200/40200 (48%)]	Loss: 0.544792	Acc: 84.69%
Pre-train Epoch: 53 [25600/40200 (64%)]	Loss: 0.613200	Acc: 84.55%
Pre-train Epoch: 53 [32000/40200 (79%)]	Loss: 0.704715	Acc: 84.40%
Pre-train Epoch: 53 [38400/40200 (95%)]	Loss: 0.551983	Acc: 84.42%

Validation set: Average loss: 0.5463, Accuracy: 16592/19800 (83.80%)

Validation: acc 83.80%  macro-F1 0.8363  macro-recall 0.8383  (n=19800, classes=30)
Validation: worst-6 recall -> 29:0.45, 15:0.51, 8:0.53, 22:0.63, 6:0.68, 4:0.72

--> No improvement in validation loss. Patience: 1/10
Pre-train Epoch: 54 [0/40200 (0%)]	Loss: 0.508788	Acc: 90.62%
Pre-train Epoch: 54 [6400/40200 (16%)]	Loss: 0.578220	Acc: 84.61%
Pre-train Epoch: 54 [12800/40200 (32%)]	Loss: 0.647235	Acc: 84.31%
Pre-train Epoch: 54 [19200/40200 (48%)]	Loss: 0.612758	Acc: 84.46%
Pre-train Epoch: 54 [25600/40200 (64%)]	Loss: 0.382012	Acc: 84.52%
Pre-train Epoch: 54 [32000/40200 (79%)]	Loss: 0.460752	Acc: 84.56%
Pre-train Epoch: 54 [38400/40200 (95%)]	Loss: 0.631375	Acc: 84.60%

Validation set: Average loss: 0.4947, Accuracy: 17072/19800 (86.22%)

Validation: acc 86.22%  macro-F1 0.8632  macro-recall 0.8621  (n=19800, classes=30)
Validation: worst-6 recall -> 2:0.63, 6:0.68, 22:0.71, 3:0.72, 29:0.72, 28:0.74

--> No improvement in validation loss. Patience: 2/10
Pre-train Epoch: 55 [0/40200 (0%)]	Loss: 0.503751	Acc: 87.50%
Pre-train Epoch: 55 [6400/40200 (16%)]	Loss: 0.608758	Acc: 85.30%
Pre-train Epoch: 55 [12800/40200 (32%)]	Loss: 0.466746	Acc: 84.62%
Pre-train Epoch: 55 [19200/40200 (48%)]	Loss: 0.540326	Acc: 84.75%
Pre-train Epoch: 55 [25600/40200 (64%)]	Loss: 0.538246	Acc: 84.69%
Pre-train Epoch: 55 [32000/40200 (79%)]	Loss: 0.768552	Acc: 84.71%
Pre-train Epoch: 55 [38400/40200 (95%)]	Loss: 0.856288	Acc: 84.69%

Validation set: Average loss: 0.8231, Accuracy: 14214/19800 (71.79%)

Validation: acc 71.79%  macro-F1 0.7143  macro-recall 0.7184  (n=19800, classes=30)
Validation: worst-6 recall -> 28:0.10, 6:0.25, 15:0.39, 26:0.39, 14:0.44, 3:0.51

--> No improvement in validation loss. Patience: 3/10
Pre-train Epoch: 56 [0/40200 (0%)]	Loss: 0.544404	Acc: 85.94%
Pre-train Epoch: 56 [6400/40200 (16%)]	Loss: 0.435530	Acc: 84.61%
Pre-train Epoch: 56 [12800/40200 (32%)]	Loss: 0.657594	Acc: 84.87%
Pre-train Epoch: 56 [19200/40200 (48%)]	Loss: 0.542897	Acc: 84.92%
Pre-train Epoch: 56 [25600/40200 (64%)]	Loss: 0.613441	Acc: 84.95%
Pre-train Epoch: 56 [32000/40200 (79%)]	Loss: 0.601022	Acc: 84.80%
Pre-train Epoch: 56 [38400/40200 (95%)]	Loss: 0.650979	Acc: 84.81%

Validation set: Average loss: 0.5056, Accuracy: 17009/19800 (85.90%)

Validation: acc 85.90%  macro-F1 0.8593  macro-recall 0.8592  (n=19800, classes=30)
Validation: worst-6 recall -> 29:0.52, 22:0.61, 8:0.69, 15:0.70, 7:0.73, 2:0.78

--> No improvement in validation loss. Patience: 4/10
Pre-train Epoch: 57 [0/40200 (0%)]	Loss: 0.566407	Acc: 81.25%
Pre-train Epoch: 57 [6400/40200 (16%)]	Loss: 0.506022	Acc: 85.95%
Pre-train Epoch: 57 [12800/40200 (32%)]	Loss: 0.551852	Acc: 85.77%
Pre-train Epoch: 57 [19200/40200 (48%)]	Loss: 0.523153	Acc: 85.44%
Pre-train Epoch: 57 [25600/40200 (64%)]	Loss: 0.422488	Acc: 85.14%
Pre-train Epoch: 57 [32000/40200 (79%)]	Loss: 0.508875	Acc: 85.12%
Pre-train Epoch: 57 [38400/40200 (95%)]	Loss: 0.470248	Acc: 85.01%

Validation set: Average loss: 0.5591, Accuracy: 16412/19800 (82.89%)

Validation: acc 82.89%  macro-F1 0.8293  macro-recall 0.8298  (n=19800, classes=30)
Validation: worst-6 recall -> 8:0.45, 6:0.46, 28:0.56, 15:0.57, 2:0.69, 9:0.71

--> No improvement in validation loss. Patience: 5/10
Pre-train Epoch: 58 [0/40200 (0%)]	Loss: 0.512834	Acc: 92.19%
Pre-train Epoch: 58 [6400/40200 (16%)]	Loss: 0.419618	Acc: 84.33%
Pre-train Epoch: 58 [12800/40200 (32%)]	Loss: 0.627113	Acc: 84.18%
Pre-train Epoch: 58 [19200/40200 (48%)]	Loss: 0.541511	Acc: 84.26%
Pre-train Epoch: 58 [25600/40200 (64%)]	Loss: 0.538722	Acc: 84.52%
Pre-train Epoch: 58 [32000/40200 (79%)]	Loss: 0.449368	Acc: 84.59%
Pre-train Epoch: 58 [38400/40200 (95%)]	Loss: 0.472826	Acc: 84.81%

Validation set: Average loss: 0.4877, Accuracy: 17033/19800 (86.03%)

Validation: acc 86.03%  macro-F1 0.8590  macro-recall 0.8606  (n=19800, classes=30)
Validation: worst-6 recall -> 8:0.56, 2:0.58, 16:0.60, 6:0.68, 28:0.75, 7:0.75

--> No improvement in validation loss. Patience: 6/10
Pre-train Epoch: 59 [0/40200 (0%)]	Loss: 0.492050	Acc: 87.50%
Pre-train Epoch: 59 [6400/40200 (16%)]	Loss: 0.447108	Acc: 85.32%
Pre-train Epoch: 59 [12800/40200 (32%)]	Loss: 0.553351	Acc: 85.26%
Pre-train Epoch: 59 [19200/40200 (48%)]	Loss: 0.291506	Acc: 85.35%
Pre-train Epoch: 59 [25600/40200 (64%)]	Loss: 0.572097	Acc: 84.99%
Pre-train Epoch: 59 [32000/40200 (79%)]	Loss: 0.566980	Acc: 84.89%
Pre-train Epoch: 59 [38400/40200 (95%)]	Loss: 0.429589	Acc: 84.93%

Validation set: Average loss: 0.5035, Accuracy: 16907/19800 (85.39%)

Validation: acc 85.39%  macro-F1 0.8550  macro-recall 0.8540  (n=19800, classes=30)
Validation: worst-6 recall -> 28:0.48, 8:0.57, 6:0.68, 14:0.73, 26:0.76, 3:0.76

--> No improvement in validation loss. Patience: 7/10
Pre-train Epoch: 60 [0/40200 (0%)]	Loss: 0.675710	Acc: 81.25%
Pre-train Epoch: 60 [6400/40200 (16%)]	Loss: 0.511337	Acc: 85.30%
Pre-train Epoch: 60 [12800/40200 (32%)]	Loss: 0.533025	Acc: 85.19%
Pre-train Epoch: 60 [19200/40200 (48%)]	Loss: 0.699259	Acc: 85.15%
Pre-train Epoch: 60 [25600/40200 (64%)]	Loss: 0.535295	Acc: 85.23%
Pre-train Epoch: 60 [32000/40200 (79%)]	Loss: 0.558929	Acc: 85.27%
Pre-train Epoch: 60 [38400/40200 (95%)]	Loss: 0.472243	Acc: 85.14%

Validation set: Average loss: 0.4617, Accuracy: 17247/19800 (87.11%)

Validation: acc 87.11%  macro-F1 0.8702  macro-recall 0.8709  (n=19800, classes=30)
Validation: worst-6 recall -> 22:0.65, 2:0.66, 7:0.69, 29:0.70, 16:0.71, 8:0.72

--> Best validation loss improved. Saved model to runs\20260917-220741_multiscale_cnn_abl-minmax_only_d75857\reference.pth
Pre-train Epoch: 61 [0/40200 (0%)]	Loss: 0.429944	Acc: 93.75%
Pre-train Epoch: 61 [6400/40200 (16%)]	Loss: 0.512344	Acc: 86.15%
Pre-train Epoch: 61 [12800/40200 (32%)]	Loss: 0.690491	Acc: 85.74%
Pre-train Epoch: 61 [19200/40200 (48%)]	Loss: 0.559883	Acc: 85.65%
Pre-train Epoch: 61 [25600/40200 (64%)]	Loss: 0.464356	Acc: 85.68%
Pre-train Epoch: 61 [32000/40200 (79%)]	Loss: 0.590760	Acc: 85.70%
Pre-train Epoch: 61 [38400/40200 (95%)]	Loss: 0.614393	Acc: 85.60%

Validation set: Average loss: 0.4564, Accuracy: 17292/19800 (87.33%)

Validation: acc 87.33%  macro-F1 0.8737  macro-recall 0.8734  (n=19800, classes=30)
Validation: worst-6 recall -> 2:0.56, 29:0.72, 22:0.75, 6:0.75, 8:0.76, 28:0.78

--> Best validation loss improved. Saved model to runs\20260917-220741_multiscale_cnn_abl-minmax_only_d75857\reference.pth
Pre-train Epoch: 62 [0/40200 (0%)]	Loss: 0.483912	Acc: 89.06%
Pre-train Epoch: 62 [6400/40200 (16%)]	Loss: 0.522398	Acc: 84.96%
Pre-train Epoch: 62 [12800/40200 (32%)]	Loss: 0.459009	Acc: 85.28%
Pre-train Epoch: 62 [19200/40200 (48%)]	Loss: 0.575546	Acc: 85.27%
Pre-train Epoch: 62 [25600/40200 (64%)]	Loss: 0.673455	Acc: 85.36%
Pre-train Epoch: 62 [32000/40200 (79%)]	Loss: 0.430123	Acc: 85.41%
Pre-train Epoch: 62 [38400/40200 (95%)]	Loss: 0.566970	Acc: 85.44%

Validation set: Average loss: 0.4797, Accuracy: 17087/19800 (86.30%)

Validation: acc 86.30%  macro-F1 0.8610  macro-recall 0.8629  (n=19800, classes=30)
Validation: worst-6 recall -> 29:0.52, 22:0.62, 7:0.66, 8:0.68, 4:0.76, 2:0.78

--> No improvement in validation loss. Patience: 1/10
Pre-train Epoch: 63 [0/40200 (0%)]	Loss: 0.539589	Acc: 89.06%
Pre-train Epoch: 63 [6400/40200 (16%)]	Loss: 0.559718	Acc: 85.67%
Pre-train Epoch: 63 [12800/40200 (32%)]	Loss: 0.619790	Acc: 85.91%
Pre-train Epoch: 63 [19200/40200 (48%)]	Loss: 0.576888	Acc: 85.81%
Pre-train Epoch: 63 [25600/40200 (64%)]	Loss: 0.421299	Acc: 85.67%
Pre-train Epoch: 63 [32000/40200 (79%)]	Loss: 0.446178	Acc: 85.53%
Pre-train Epoch: 63 [38400/40200 (95%)]	Loss: 0.508466	Acc: 85.51%

Validation set: Average loss: 0.4532, Accuracy: 17261/19800 (87.18%)

Validation: acc 87.18%  macro-F1 0.8720  macro-recall 0.8719  (n=19800, classes=30)
Validation: worst-6 recall -> 22:0.64, 15:0.64, 2:0.68, 29:0.70, 6:0.76, 8:0.76

--> Best validation loss improved. Saved model to runs\20260917-220741_multiscale_cnn_abl-minmax_only_d75857\reference.pth
Pre-train Epoch: 64 [0/40200 (0%)]	Loss: 0.628313	Acc: 81.25%
Pre-train Epoch: 64 [6400/40200 (16%)]	Loss: 0.551142	Acc: 85.26%
Pre-train Epoch: 64 [12800/40200 (32%)]	Loss: 0.656721	Acc: 85.36%
Pre-train Epoch: 64 [19200/40200 (48%)]	Loss: 0.596910	Acc: 85.47%
Pre-train Epoch: 64 [25600/40200 (64%)]	Loss: 0.576427	Acc: 85.62%
Pre-train Epoch: 64 [32000/40200 (79%)]	Loss: 0.568110	Acc: 85.69%
Pre-train Epoch: 64 [38400/40200 (95%)]	Loss: 0.435710	Acc: 85.70%

Validation set: Average loss: 0.4651, Accuracy: 17287/19800 (87.31%)

Validation: acc 87.31%  macro-F1 0.8731  macro-recall 0.8731  (n=19800, classes=30)
Validation: worst-6 recall -> 2:0.62, 16:0.66, 29:0.71, 22:0.76, 7:0.76, 3:0.77

--> No improvement in validation loss. Patience: 1/10
Pre-train Epoch: 65 [0/40200 (0%)]	Loss: 0.490942	Acc: 90.62%
Pre-train Epoch: 65 [6400/40200 (16%)]	Loss: 0.493963	Acc: 86.57%
Pre-train Epoch: 65 [12800/40200 (32%)]	Loss: 0.597433	Acc: 86.26%
Pre-train Epoch: 65 [19200/40200 (48%)]	Loss: 0.557160	Acc: 86.06%
Pre-train Epoch: 65 [25600/40200 (64%)]	Loss: 0.651136	Acc: 86.04%
Pre-train Epoch: 65 [32000/40200 (79%)]	Loss: 0.540725	Acc: 86.06%
Pre-train Epoch: 65 [38400/40200 (95%)]	Loss: 0.700796	Acc: 85.92%

Validation set: Average loss: 0.4686, Accuracy: 17135/19800 (86.54%)

Validation: acc 86.54%  macro-F1 0.8633  macro-recall 0.8654  (n=19800, classes=30)
Validation: worst-6 recall -> 16:0.50, 7:0.65, 2:0.68, 29:0.71, 8:0.71, 28:0.72

--> No improvement in validation loss. Patience: 2/10
Pre-train Epoch: 66 [0/40200 (0%)]	Loss: 0.579591	Acc: 85.94%
Pre-train Epoch: 66 [6400/40200 (16%)]	Loss: 0.547790	Acc: 85.91%
Pre-train Epoch: 66 [12800/40200 (32%)]	Loss: 0.437413	Acc: 85.91%
Pre-train Epoch: 66 [19200/40200 (48%)]	Loss: 0.551908	Acc: 86.04%
Pre-train Epoch: 66 [25600/40200 (64%)]	Loss: 0.487788	Acc: 85.97%
Pre-train Epoch: 66 [32000/40200 (79%)]	Loss: 0.545797	Acc: 85.79%
Pre-train Epoch: 66 [38400/40200 (95%)]	Loss: 0.584672	Acc: 85.90%

Validation set: Average loss: 0.4405, Accuracy: 17441/19800 (88.09%)

Validation: acc 88.09%  macro-F1 0.8815  macro-recall 0.8811  (n=19800, classes=30)
Validation: worst-6 recall -> 22:0.69, 2:0.69, 29:0.74, 8:0.78, 15:0.79, 7:0.79

--> Best validation loss improved. Saved model to runs\20260917-220741_multiscale_cnn_abl-minmax_only_d75857\reference.pth
Pre-train Epoch: 67 [0/40200 (0%)]	Loss: 0.587157	Acc: 82.81%
Pre-train Epoch: 67 [6400/40200 (16%)]	Loss: 0.419651	Acc: 85.91%
Pre-train Epoch: 67 [12800/40200 (32%)]	Loss: 0.652656	Acc: 85.87%
Pre-train Epoch: 67 [19200/40200 (48%)]	Loss: 0.514735	Acc: 85.70%
Pre-train Epoch: 67 [25600/40200 (64%)]	Loss: 0.568684	Acc: 85.81%
Pre-train Epoch: 67 [32000/40200 (79%)]	Loss: 0.523367	Acc: 85.83%
Pre-train Epoch: 67 [38400/40200 (95%)]	Loss: 0.510525	Acc: 85.87%

Validation set: Average loss: 0.4654, Accuracy: 17208/19800 (86.91%)

Validation: acc 86.91%  macro-F1 0.8687  macro-recall 0.8694  (n=19800, classes=30)
Validation: worst-6 recall -> 8:0.56, 16:0.62, 2:0.66, 6:0.67, 28:0.70, 22:0.77

--> No improvement in validation loss. Patience: 1/10
Pre-train Epoch: 68 [0/40200 (0%)]	Loss: 0.518754	Acc: 85.94%
Pre-train Epoch: 68 [6400/40200 (16%)]	Loss: 0.432170	Acc: 86.60%
Pre-train Epoch: 68 [12800/40200 (32%)]	Loss: 0.434334	Acc: 86.57%
Pre-train Epoch: 68 [19200/40200 (48%)]	Loss: 0.450981	Acc: 86.48%
Pre-train Epoch: 68 [25600/40200 (64%)]	Loss: 0.609514	Acc: 86.42%
Pre-train Epoch: 68 [32000/40200 (79%)]	Loss: 0.616726	Acc: 86.28%
Pre-train Epoch: 68 [38400/40200 (95%)]	Loss: 0.496254	Acc: 86.17%

Validation set: Average loss: 0.4557, Accuracy: 17278/19800 (87.26%)

Validation: acc 87.26%  macro-F1 0.8705  macro-recall 0.8728  (n=19800, classes=30)
Validation: worst-6 recall -> 8:0.44, 7:0.65, 29:0.65, 16:0.72, 22:0.73, 4:0.81

--> No improvement in validation loss. Patience: 2/10
Pre-train Epoch: 69 [0/40200 (0%)]	Loss: 0.379997	Acc: 93.75%
Pre-train Epoch: 69 [6400/40200 (16%)]	Loss: 0.510750	Acc: 86.66%
Pre-train Epoch: 69 [12800/40200 (32%)]	Loss: 0.490699	Acc: 86.46%
Pre-train Epoch: 69 [19200/40200 (48%)]	Loss: 0.485385	Acc: 86.44%
Pre-train Epoch: 69 [25600/40200 (64%)]	Loss: 0.468947	Acc: 86.51%
Pre-train Epoch: 69 [32000/40200 (79%)]	Loss: 0.514500	Acc: 86.40%
Pre-train Epoch: 69 [38400/40200 (95%)]	Loss: 0.481778	Acc: 86.29%

Validation set: Average loss: 0.4446, Accuracy: 17293/19800 (87.34%)

Validation: acc 87.34%  macro-F1 0.8729  macro-recall 0.8739  (n=19800, classes=30)
Validation: worst-6 recall -> 8:0.57, 28:0.63, 6:0.64, 15:0.66, 2:0.74, 3:0.75

--> No improvement in validation loss. Patience: 3/10
Pre-train Epoch: 70 [0/40200 (0%)]	Loss: 0.557459	Acc: 87.50%
Pre-train Epoch: 70 [6400/40200 (16%)]	Loss: 0.511189	Acc: 87.19%
Pre-train Epoch: 70 [12800/40200 (32%)]	Loss: 0.453596	Acc: 87.02%
Pre-train Epoch: 70 [19200/40200 (48%)]	Loss: 0.488067	Acc: 86.51%
Pre-train Epoch: 70 [25600/40200 (64%)]	Loss: 0.672477	Acc: 86.37%
Pre-train Epoch: 70 [32000/40200 (79%)]	Loss: 0.389079	Acc: 86.31%
Pre-train Epoch: 70 [38400/40200 (95%)]	Loss: 0.564879	Acc: 86.29%

Validation set: Average loss: 0.4393, Accuracy: 17411/19800 (87.93%)

Validation: acc 87.93%  macro-F1 0.8801  macro-recall 0.8796  (n=19800, classes=30)
Validation: worst-6 recall -> 2:0.67, 8:0.72, 28:0.73, 22:0.76, 6:0.77, 16:0.78

--> Best validation loss improved. Saved model to runs\20260917-220741_multiscale_cnn_abl-minmax_only_d75857\reference.pth
Pre-train Epoch: 71 [0/40200 (0%)]	Loss: 0.502620	Acc: 85.94%
Pre-train Epoch: 71 [6400/40200 (16%)]	Loss: 0.589671	Acc: 85.69%
Pre-train Epoch: 71 [12800/40200 (32%)]	Loss: 0.598056	Acc: 85.63%
Pre-train Epoch: 71 [19200/40200 (48%)]	Loss: 0.468169	Acc: 86.15%
Pre-train Epoch: 71 [25600/40200 (64%)]	Loss: 0.623275	Acc: 86.21%
Pre-train Epoch: 71 [32000/40200 (79%)]	Loss: 0.438146	Acc: 86.41%
Pre-train Epoch: 71 [38400/40200 (95%)]	Loss: 0.427545	Acc: 86.45%

Validation set: Average loss: 0.4192, Accuracy: 17603/19800 (88.90%)

Validation: acc 88.90%  macro-F1 0.8892  macro-recall 0.8892  (n=19800, classes=30)
Validation: worst-6 recall -> 8:0.71, 6:0.73, 2:0.73, 22:0.74, 28:0.76, 16:0.77

--> Best validation loss improved. Saved model to runs\20260917-220741_multiscale_cnn_abl-minmax_only_d75857\reference.pth
Pre-train Epoch: 72 [0/40200 (0%)]	Loss: 0.450389	Acc: 85.94%
Pre-train Epoch: 72 [6400/40200 (16%)]	Loss: 0.445169	Acc: 86.63%
Pre-train Epoch: 72 [12800/40200 (32%)]	Loss: 0.504984	Acc: 86.68%
Pre-train Epoch: 72 [19200/40200 (48%)]	Loss: 0.457751	Acc: 86.81%
Pre-train Epoch: 72 [25600/40200 (64%)]	Loss: 0.518210	Acc: 86.81%
Pre-train Epoch: 72 [32000/40200 (79%)]	Loss: 0.663979	Acc: 86.75%
Pre-train Epoch: 72 [38400/40200 (95%)]	Loss: 0.472830	Acc: 86.54%

Validation set: Average loss: 0.4370, Accuracy: 17506/19800 (88.41%)

Validation: acc 88.41%  macro-F1 0.8837  macro-recall 0.8843  (n=19800, classes=30)
Validation: worst-6 recall -> 8:0.66, 6:0.74, 7:0.74, 2:0.76, 16:0.76, 28:0.78

--> No improvement in validation loss. Patience: 1/10
Pre-train Epoch: 73 [0/40200 (0%)]	Loss: 0.575135	Acc: 82.81%
Pre-train Epoch: 73 [6400/40200 (16%)]	Loss: 0.446584	Acc: 87.02%
Pre-train Epoch: 73 [12800/40200 (32%)]	Loss: 0.442188	Acc: 86.64%
Pre-train Epoch: 73 [19200/40200 (48%)]	Loss: 0.574811	Acc: 86.74%
Pre-train Epoch: 73 [25600/40200 (64%)]	Loss: 0.450734	Acc: 86.67%
Pre-train Epoch: 73 [32000/40200 (79%)]	Loss: 0.485692	Acc: 86.70%
Pre-train Epoch: 73 [38400/40200 (95%)]	Loss: 0.455057	Acc: 86.65%

Validation set: Average loss: 0.4175, Accuracy: 17564/19800 (88.71%)

Validation: acc 88.71%  macro-F1 0.8878  macro-recall 0.8873  (n=19800, classes=30)
Validation: worst-6 recall -> 6:0.72, 8:0.74, 15:0.77, 28:0.78, 2:0.78, 29:0.78

--> Best validation loss improved. Saved model to runs\20260917-220741_multiscale_cnn_abl-minmax_only_d75857\reference.pth
Pre-train Epoch: 74 [0/40200 (0%)]	Loss: 0.650645	Acc: 78.12%
Pre-train Epoch: 74 [6400/40200 (16%)]	Loss: 0.499167	Acc: 87.95%
Pre-train Epoch: 74 [12800/40200 (32%)]	Loss: 0.687147	Acc: 87.05%
Pre-train Epoch: 74 [19200/40200 (48%)]	Loss: 0.628759	Acc: 87.14%
Pre-train Epoch: 74 [25600/40200 (64%)]	Loss: 0.544940	Acc: 87.05%
Pre-train Epoch: 74 [32000/40200 (79%)]	Loss: 0.399940	Acc: 87.04%
Pre-train Epoch: 74 [38400/40200 (95%)]	Loss: 0.471071	Acc: 86.93%

Validation set: Average loss: 0.4395, Accuracy: 17453/19800 (88.15%)

Validation: acc 88.15%  macro-F1 0.8814  macro-recall 0.8815  (n=19800, classes=30)
Validation: worst-6 recall -> 29:0.67, 6:0.71, 8:0.72, 22:0.73, 3:0.79, 16:0.81

--> No improvement in validation loss. Patience: 1/10
Pre-train Epoch: 75 [0/40200 (0%)]	Loss: 0.565096	Acc: 75.00%
Pre-train Epoch: 75 [6400/40200 (16%)]	Loss: 0.376512	Acc: 86.96%
Pre-train Epoch: 75 [12800/40200 (32%)]	Loss: 0.543831	Acc: 86.82%
Pre-train Epoch: 75 [19200/40200 (48%)]	Loss: 0.436707	Acc: 86.95%
Pre-train Epoch: 75 [25600/40200 (64%)]	Loss: 0.528437	Acc: 86.90%
Pre-train Epoch: 75 [32000/40200 (79%)]	Loss: 0.390261	Acc: 86.86%
Pre-train Epoch: 75 [38400/40200 (95%)]	Loss: 0.484981	Acc: 86.93%

Validation set: Average loss: 0.4193, Accuracy: 17512/19800 (88.44%)

Validation: acc 88.44%  macro-F1 0.8842  macro-recall 0.8848  (n=19800, classes=30)
Validation: worst-6 recall -> 29:0.68, 8:0.69, 22:0.69, 6:0.71, 2:0.77, 15:0.79

--> No improvement in validation loss. Patience: 2/10
Pre-train Epoch: 76 [0/40200 (0%)]	Loss: 0.522614	Acc: 84.38%
Pre-train Epoch: 76 [6400/40200 (16%)]	Loss: 0.446821	Acc: 87.38%
Pre-train Epoch: 76 [12800/40200 (32%)]	Loss: 0.453749	Acc: 87.42%
Pre-train Epoch: 76 [19200/40200 (48%)]	Loss: 0.382971	Acc: 87.06%
Pre-train Epoch: 76 [25600/40200 (64%)]	Loss: 0.430798	Acc: 86.97%
Pre-train Epoch: 76 [32000/40200 (79%)]	Loss: 0.499011	Acc: 86.93%
Pre-train Epoch: 76 [38400/40200 (95%)]	Loss: 0.499601	Acc: 86.92%

Validation set: Average loss: 0.4266, Accuracy: 17560/19800 (88.69%)

Validation: acc 88.69%  macro-F1 0.8871  macro-recall 0.8871  (n=19800, classes=30)
Validation: worst-6 recall -> 8:0.67, 22:0.72, 6:0.74, 16:0.77, 29:0.78, 3:0.79

--> No improvement in validation loss. Patience: 3/10
Pre-train Epoch: 77 [0/40200 (0%)]	Loss: 0.520983	Acc: 82.81%
Pre-train Epoch: 77 [6400/40200 (16%)]	Loss: 0.433061	Acc: 87.25%
Pre-train Epoch: 77 [12800/40200 (32%)]	Loss: 0.527851	Acc: 86.93%
Pre-train Epoch: 77 [19200/40200 (48%)]	Loss: 0.540882	Acc: 86.89%
Pre-train Epoch: 77 [25600/40200 (64%)]	Loss: 0.527539	Acc: 87.02%
Pre-train Epoch: 77 [32000/40200 (79%)]	Loss: 0.651128	Acc: 86.99%
Pre-train Epoch: 77 [38400/40200 (95%)]	Loss: 0.534769	Acc: 87.05%

Validation set: Average loss: 0.4112, Accuracy: 17594/19800 (88.86%)

Validation: acc 88.86%  macro-F1 0.8883  macro-recall 0.8888  (n=19800, classes=30)
Validation: worst-6 recall -> 6:0.68, 29:0.70, 8:0.72, 22:0.75, 16:0.76, 2:0.77

--> Best validation loss improved. Saved model to runs\20260917-220741_multiscale_cnn_abl-minmax_only_d75857\reference.pth
Pre-train Epoch: 78 [0/40200 (0%)]	Loss: 0.465103	Acc: 90.62%
Pre-train Epoch: 78 [6400/40200 (16%)]	Loss: 0.454732	Acc: 87.41%
Pre-train Epoch: 78 [12800/40200 (32%)]	Loss: 0.383037	Acc: 87.07%
Pre-train Epoch: 78 [19200/40200 (48%)]	Loss: 0.523097	Acc: 87.18%
Pre-train Epoch: 78 [25600/40200 (64%)]	Loss: 0.304394	Acc: 87.17%
Pre-train Epoch: 78 [32000/40200 (79%)]	Loss: 0.387812	Acc: 87.19%
Pre-train Epoch: 78 [38400/40200 (95%)]	Loss: 0.435961	Acc: 87.29%

Validation set: Average loss: 0.4312, Accuracy: 17491/19800 (88.34%)

Validation: acc 88.34%  macro-F1 0.8831  macro-recall 0.8836  (n=19800, classes=30)
Validation: worst-6 recall -> 29:0.60, 8:0.62, 22:0.72, 6:0.78, 7:0.78, 15:0.81

--> No improvement in validation loss. Patience: 1/10
Pre-train Epoch: 79 [0/40200 (0%)]	Loss: 0.460196	Acc: 92.19%
Pre-train Epoch: 79 [6400/40200 (16%)]	Loss: 0.477657	Acc: 87.42%
Pre-train Epoch: 79 [12800/40200 (32%)]	Loss: 0.509230	Acc: 87.18%
Pre-train Epoch: 79 [19200/40200 (48%)]	Loss: 0.454277	Acc: 87.32%
Pre-train Epoch: 79 [25600/40200 (64%)]	Loss: 0.579358	Acc: 87.20%
Pre-train Epoch: 79 [32000/40200 (79%)]	Loss: 0.459013	Acc: 87.21%
Pre-train Epoch: 79 [38400/40200 (95%)]	Loss: 0.407709	Acc: 87.19%

Validation set: Average loss: 0.4231, Accuracy: 17583/19800 (88.80%)

Validation: acc 88.80%  macro-F1 0.8888  macro-recall 0.8881  (n=19800, classes=30)
Validation: worst-6 recall -> 6:0.67, 2:0.75, 28:0.78, 3:0.79, 8:0.80, 22:0.81

--> No improvement in validation loss. Patience: 2/10
Pre-train Epoch: 80 [0/40200 (0%)]	Loss: 0.418594	Acc: 90.62%
Pre-train Epoch: 80 [6400/40200 (16%)]	Loss: 0.310743	Acc: 86.82%
Pre-train Epoch: 80 [12800/40200 (32%)]	Loss: 0.656461	Acc: 86.90%
Pre-train Epoch: 80 [19200/40200 (48%)]	Loss: 0.381764	Acc: 87.05%
Pre-train Epoch: 80 [25600/40200 (64%)]	Loss: 0.499244	Acc: 87.30%
Pre-train Epoch: 80 [32000/40200 (79%)]	Loss: 0.518170	Acc: 87.29%
Pre-train Epoch: 80 [38400/40200 (95%)]	Loss: 0.354479	Acc: 87.28%

Validation set: Average loss: 0.4218, Accuracy: 17617/19800 (88.97%)

Validation: acc 88.97%  macro-F1 0.8898  macro-recall 0.8900  (n=19800, classes=30)
Validation: worst-6 recall -> 8:0.71, 6:0.72, 2:0.77, 29:0.79, 22:0.79, 3:0.81

--> No improvement in validation loss. Patience: 3/10
Pre-train Epoch: 81 [0/40200 (0%)]	Loss: 0.393025	Acc: 92.19%
Pre-train Epoch: 81 [6400/40200 (16%)]	Loss: 0.465125	Acc: 87.13%
Pre-train Epoch: 81 [12800/40200 (32%)]	Loss: 0.535621	Acc: 87.37%
Pre-train Epoch: 81 [19200/40200 (48%)]	Loss: 0.497929	Acc: 87.48%
Pre-train Epoch: 81 [25600/40200 (64%)]	Loss: 0.401838	Acc: 87.45%
Pre-train Epoch: 81 [32000/40200 (79%)]	Loss: 0.414044	Acc: 87.50%
Pre-train Epoch: 81 [38400/40200 (95%)]	Loss: 0.492057	Acc: 87.39%

Validation set: Average loss: 0.4176, Accuracy: 17544/19800 (88.61%)

Validation: acc 88.61%  macro-F1 0.8866  macro-recall 0.8864  (n=19800, classes=30)
Validation: worst-6 recall -> 15:0.63, 8:0.71, 6:0.72, 22:0.76, 28:0.79, 2:0.81

--> No improvement in validation loss. Patience: 4/10
Pre-train Epoch: 82 [0/40200 (0%)]	Loss: 0.520064	Acc: 85.94%
Pre-train Epoch: 82 [6400/40200 (16%)]	Loss: 0.526933	Acc: 87.33%
Pre-train Epoch: 82 [12800/40200 (32%)]	Loss: 0.631062	Acc: 87.49%
Pre-train Epoch: 82 [19200/40200 (48%)]	Loss: 0.492507	Acc: 87.50%
Pre-train Epoch: 82 [25600/40200 (64%)]	Loss: 0.497153	Acc: 87.51%
Pre-train Epoch: 82 [32000/40200 (79%)]	Loss: 0.460752	Acc: 87.54%
Pre-train Epoch: 82 [38400/40200 (95%)]	Loss: 0.551044	Acc: 87.49%

Validation set: Average loss: 0.4192, Accuracy: 17621/19800 (88.99%)

Validation: acc 88.99%  macro-F1 0.8901  macro-recall 0.8902  (n=19800, classes=30)
Validation: worst-6 recall -> 6:0.72, 8:0.72, 29:0.74, 22:0.77, 2:0.79, 7:0.81

--> No improvement in validation loss. Patience: 5/10
Pre-train Epoch: 83 [0/40200 (0%)]	Loss: 0.359090	Acc: 90.62%
Pre-train Epoch: 83 [6400/40200 (16%)]	Loss: 0.599975	Acc: 87.10%
Pre-train Epoch: 83 [12800/40200 (32%)]	Loss: 0.514341	Acc: 87.30%
Pre-train Epoch: 83 [19200/40200 (48%)]	Loss: 0.432127	Acc: 87.46%
Pre-train Epoch: 83 [25600/40200 (64%)]	Loss: 0.471914	Acc: 87.60%
Pre-train Epoch: 83 [32000/40200 (79%)]	Loss: 0.542679	Acc: 87.56%
Pre-train Epoch: 83 [38400/40200 (95%)]	Loss: 0.418026	Acc: 87.52%

Validation set: Average loss: 0.4071, Accuracy: 17625/19800 (89.02%)

Validation: acc 89.02%  macro-F1 0.8903  macro-recall 0.8904  (n=19800, classes=30)
Validation: worst-6 recall -> 8:0.67, 6:0.72, 28:0.75, 2:0.78, 22:0.80, 16:0.82

--> Best validation loss improved. Saved model to runs\20260917-220741_multiscale_cnn_abl-minmax_only_d75857\reference.pth
Pre-train Epoch: 84 [0/40200 (0%)]	Loss: 0.505184	Acc: 89.06%
Pre-train Epoch: 84 [6400/40200 (16%)]	Loss: 0.460219	Acc: 87.45%
Pre-train Epoch: 84 [12800/40200 (32%)]	Loss: 0.497868	Acc: 87.59%
Pre-train Epoch: 84 [19200/40200 (48%)]	Loss: 0.433328	Acc: 87.64%
Pre-train Epoch: 84 [25600/40200 (64%)]	Loss: 0.420072	Acc: 87.67%
Pre-train Epoch: 84 [32000/40200 (79%)]	Loss: 0.521034	Acc: 87.80%
Pre-train Epoch: 84 [38400/40200 (95%)]	Loss: 0.380944	Acc: 87.77%

Validation set: Average loss: 0.4138, Accuracy: 17619/19800 (88.98%)

Validation: acc 88.98%  macro-F1 0.8895  macro-recall 0.8899  (n=19800, classes=30)
Validation: worst-6 recall -> 29:0.68, 22:0.69, 8:0.73, 2:0.75, 7:0.79, 6:0.80

--> No improvement in validation loss. Patience: 1/10
Pre-train Epoch: 85 [0/40200 (0%)]	Loss: 0.344173	Acc: 93.75%
Pre-train Epoch: 85 [6400/40200 (16%)]	Loss: 0.363828	Acc: 88.34%
Pre-train Epoch: 85 [12800/40200 (32%)]	Loss: 0.573985	Acc: 88.24%
Pre-train Epoch: 85 [19200/40200 (48%)]	Loss: 0.530875	Acc: 88.23%
Pre-train Epoch: 85 [25600/40200 (64%)]	Loss: 0.418187	Acc: 88.09%
Pre-train Epoch: 85 [32000/40200 (79%)]	Loss: 0.508496	Acc: 88.03%
Pre-train Epoch: 85 [38400/40200 (95%)]	Loss: 0.423693	Acc: 88.00%

Validation set: Average loss: 0.4039, Accuracy: 17687/19800 (89.33%)

Validation: acc 89.33%  macro-F1 0.8925  macro-recall 0.8935  (n=19800, classes=30)
Validation: worst-6 recall -> 8:0.64, 6:0.75, 2:0.76, 16:0.76, 22:0.77, 29:0.78

--> Best validation loss improved. Saved model to runs\20260917-220741_multiscale_cnn_abl-minmax_only_d75857\reference.pth
Pre-train Epoch: 86 [0/40200 (0%)]	Loss: 0.544764	Acc: 84.38%
Pre-train Epoch: 86 [6400/40200 (16%)]	Loss: 0.347206	Acc: 88.44%
Pre-train Epoch: 86 [12800/40200 (32%)]	Loss: 0.450516	Acc: 88.08%
Pre-train Epoch: 86 [19200/40200 (48%)]	Loss: 0.458379	Acc: 88.28%
Pre-train Epoch: 86 [25600/40200 (64%)]	Loss: 0.392753	Acc: 88.15%
Pre-train Epoch: 86 [32000/40200 (79%)]	Loss: 0.381818	Acc: 88.01%
Pre-train Epoch: 86 [38400/40200 (95%)]	Loss: 0.379368	Acc: 88.00%

Validation set: Average loss: 0.4089, Accuracy: 17604/19800 (88.91%)

Validation: acc 88.91%  macro-F1 0.8889  macro-recall 0.8894  (n=19800, classes=30)
Validation: worst-6 recall -> 8:0.69, 22:0.70, 29:0.73, 2:0.76, 15:0.77, 6:0.80

--> No improvement in validation loss. Patience: 1/10
Pre-train Epoch: 87 [0/40200 (0%)]	Loss: 0.474703	Acc: 85.94%
Pre-train Epoch: 87 [6400/40200 (16%)]	Loss: 0.455986	Acc: 88.51%
Pre-train Epoch: 87 [12800/40200 (32%)]	Loss: 0.382986	Acc: 88.40%
Pre-train Epoch: 87 [19200/40200 (48%)]	Loss: 0.644246	Acc: 88.51%
Pre-train Epoch: 87 [25600/40200 (64%)]	Loss: 0.386220	Acc: 88.52%
Pre-train Epoch: 87 [32000/40200 (79%)]	Loss: 0.533234	Acc: 88.31%
Pre-train Epoch: 87 [38400/40200 (95%)]	Loss: 0.386245	Acc: 88.31%

Validation set: Average loss: 0.4020, Accuracy: 17681/19800 (89.30%)

Validation: acc 89.30%  macro-F1 0.8930  macro-recall 0.8932  (n=19800, classes=30)
Validation: worst-6 recall -> 8:0.72, 6:0.72, 2:0.78, 22:0.78, 16:0.80, 29:0.80

--> Best validation loss improved. Saved model to runs\20260917-220741_multiscale_cnn_abl-minmax_only_d75857\reference.pth
Pre-train Epoch: 88 [0/40200 (0%)]	Loss: 0.448680	Acc: 85.94%
Pre-train Epoch: 88 [6400/40200 (16%)]	Loss: 0.473614	Acc: 88.55%
Pre-train Epoch: 88 [12800/40200 (32%)]	Loss: 0.493120	Acc: 88.22%
Pre-train Epoch: 88 [19200/40200 (48%)]	Loss: 0.545140	Acc: 87.97%
Pre-train Epoch: 88 [25600/40200 (64%)]	Loss: 0.371661	Acc: 88.19%
Pre-train Epoch: 88 [32000/40200 (79%)]	Loss: 0.599396	Acc: 88.21%
Pre-train Epoch: 88 [38400/40200 (95%)]	Loss: 0.508259	Acc: 88.16%

Validation set: Average loss: 0.4023, Accuracy: 17663/19800 (89.21%)

Validation: acc 89.21%  macro-F1 0.8916  macro-recall 0.8923  (n=19800, classes=30)
Validation: worst-6 recall -> 8:0.66, 16:0.75, 29:0.76, 6:0.78, 2:0.78, 7:0.78

--> No improvement in validation loss. Patience: 1/10
Pre-train Epoch: 89 [0/40200 (0%)]	Loss: 0.406490	Acc: 85.94%
Pre-train Epoch: 89 [6400/40200 (16%)]	Loss: 0.550107	Acc: 88.18%
Pre-train Epoch: 89 [12800/40200 (32%)]	Loss: 0.443467	Acc: 88.46%
Pre-train Epoch: 89 [19200/40200 (48%)]	Loss: 0.436028	Acc: 88.44%
Pre-train Epoch: 89 [25600/40200 (64%)]	Loss: 0.496623	Acc: 88.32%
Pre-train Epoch: 89 [32000/40200 (79%)]	Loss: 0.334969	Acc: 88.31%
Pre-train Epoch: 89 [38400/40200 (95%)]	Loss: 0.549158	Acc: 88.32%

Validation set: Average loss: 0.4008, Accuracy: 17662/19800 (89.20%)

Validation: acc 89.20%  macro-F1 0.8926  macro-recall 0.8922  (n=19800, classes=30)
Validation: worst-6 recall -> 6:0.71, 8:0.72, 29:0.79, 2:0.79, 15:0.80, 22:0.80

--> Best validation loss improved. Saved model to runs\20260917-220741_multiscale_cnn_abl-minmax_only_d75857\reference.pth
Pre-train Epoch: 90 [0/40200 (0%)]	Loss: 0.530655	Acc: 89.06%
Pre-train Epoch: 90 [6400/40200 (16%)]	Loss: 0.386565	Acc: 88.71%
Pre-train Epoch: 90 [12800/40200 (32%)]	Loss: 0.527893	Acc: 88.28%
Pre-train Epoch: 90 [19200/40200 (48%)]	Loss: 0.461507	Acc: 88.40%
Pre-train Epoch: 90 [25600/40200 (64%)]	Loss: 0.376638	Acc: 88.29%
Pre-train Epoch: 90 [32000/40200 (79%)]	Loss: 0.486785	Acc: 88.28%
Pre-train Epoch: 90 [38400/40200 (95%)]	Loss: 0.498614	Acc: 88.20%

Validation set: Average loss: 0.3980, Accuracy: 17678/19800 (89.28%)

Validation: acc 89.28%  macro-F1 0.8928  macro-recall 0.8930  (n=19800, classes=30)
Validation: worst-6 recall -> 8:0.70, 2:0.75, 16:0.77, 6:0.77, 22:0.77, 29:0.79

--> Best validation loss improved. Saved model to runs\20260917-220741_multiscale_cnn_abl-minmax_only_d75857\reference.pth
Pre-train Epoch: 91 [0/40200 (0%)]	Loss: 0.451516	Acc: 92.19%
Pre-train Epoch: 91 [6400/40200 (16%)]	Loss: 0.458613	Acc: 88.35%
Pre-train Epoch: 91 [12800/40200 (32%)]	Loss: 0.419489	Acc: 88.46%
Pre-train Epoch: 91 [19200/40200 (48%)]	Loss: 0.476744	Acc: 88.48%
Pre-train Epoch: 91 [25600/40200 (64%)]	Loss: 0.451906	Acc: 88.48%
Pre-train Epoch: 91 [32000/40200 (79%)]	Loss: 0.384248	Acc: 88.44%
Pre-train Epoch: 91 [38400/40200 (95%)]	Loss: 0.394755	Acc: 88.41%

Validation set: Average loss: 0.3950, Accuracy: 17711/19800 (89.45%)

Validation: acc 89.45%  macro-F1 0.8945  macro-recall 0.8947  (n=19800, classes=30)
Validation: worst-6 recall -> 8:0.68, 22:0.76, 29:0.77, 6:0.79, 16:0.80, 2:0.80

--> Best validation loss improved. Saved model to runs\20260917-220741_multiscale_cnn_abl-minmax_only_d75857\reference.pth
Pre-train Epoch: 92 [0/40200 (0%)]	Loss: 0.440628	Acc: 89.06%
Pre-train Epoch: 92 [6400/40200 (16%)]	Loss: 0.411660	Acc: 88.51%
Pre-train Epoch: 92 [12800/40200 (32%)]	Loss: 0.392877	Acc: 88.29%
Pre-train Epoch: 92 [19200/40200 (48%)]	Loss: 0.419137	Acc: 88.30%
Pre-train Epoch: 92 [25600/40200 (64%)]	Loss: 0.421312	Acc: 88.25%
Pre-train Epoch: 92 [32000/40200 (79%)]	Loss: 0.551339	Acc: 88.29%
Pre-train Epoch: 92 [38400/40200 (95%)]	Loss: 0.504323	Acc: 88.29%

Validation set: Average loss: 0.3998, Accuracy: 17671/19800 (89.25%)

Validation: acc 89.25%  macro-F1 0.8926  macro-recall 0.8926  (n=19800, classes=30)
Validation: worst-6 recall -> 2:0.73, 6:0.74, 8:0.75, 28:0.77, 16:0.77, 22:0.80

--> No improvement in validation loss. Patience: 1/10
Pre-train Epoch: 93 [0/40200 (0%)]	Loss: 0.441005	Acc: 87.50%
Pre-train Epoch: 93 [6400/40200 (16%)]	Loss: 0.427682	Acc: 88.00%
Pre-train Epoch: 93 [12800/40200 (32%)]	Loss: 0.491040	Acc: 88.34%
Pre-train Epoch: 93 [19200/40200 (48%)]	Loss: 0.450140	Acc: 88.39%
Pre-train Epoch: 93 [25600/40200 (64%)]	Loss: 0.443823	Acc: 88.51%
Pre-train Epoch: 93 [32000/40200 (79%)]	Loss: 0.613392	Acc: 88.43%
Pre-train Epoch: 93 [38400/40200 (95%)]	Loss: 0.555165	Acc: 88.38%

Validation set: Average loss: 0.3968, Accuracy: 17699/19800 (89.39%)

Validation: acc 89.39%  macro-F1 0.8937  macro-recall 0.8941  (n=19800, classes=30)
Validation: worst-6 recall -> 8:0.69, 2:0.76, 6:0.77, 22:0.78, 29:0.79, 28:0.81

--> No improvement in validation loss. Patience: 2/10
Pre-train Epoch: 94 [0/40200 (0%)]	Loss: 0.555765	Acc: 84.38%
Pre-train Epoch: 94 [6400/40200 (16%)]	Loss: 0.439862	Acc: 88.58%
Pre-train Epoch: 94 [12800/40200 (32%)]	Loss: 0.464347	Acc: 88.24%
Pre-train Epoch: 94 [19200/40200 (48%)]	Loss: 0.460271	Acc: 88.24%
Pre-train Epoch: 94 [25600/40200 (64%)]	Loss: 0.485322	Acc: 88.40%
Pre-train Epoch: 94 [32000/40200 (79%)]	Loss: 0.566292	Acc: 88.43%
Pre-train Epoch: 94 [38400/40200 (95%)]	Loss: 0.340660	Acc: 88.45%

Validation set: Average loss: 0.3935, Accuracy: 17722/19800 (89.51%)

Validation: acc 89.51%  macro-F1 0.8949  macro-recall 0.8953  (n=19800, classes=30)
Validation: worst-6 recall -> 8:0.68, 22:0.75, 29:0.77, 6:0.77, 16:0.79, 2:0.80

--> Best validation loss improved. Saved model to runs\20260917-220741_multiscale_cnn_abl-minmax_only_d75857\reference.pth
Pre-train Epoch: 95 [0/40200 (0%)]	Loss: 0.457895	Acc: 87.50%
Pre-train Epoch: 95 [6400/40200 (16%)]	Loss: 0.369282	Acc: 88.72%
Pre-train Epoch: 95 [12800/40200 (32%)]	Loss: 0.333914	Acc: 88.43%
Pre-train Epoch: 95 [19200/40200 (48%)]	Loss: 0.350213	Acc: 88.64%
Pre-train Epoch: 95 [25600/40200 (64%)]	Loss: 0.493485	Acc: 88.62%
Pre-train Epoch: 95 [32000/40200 (79%)]	Loss: 0.423256	Acc: 88.58%
Pre-train Epoch: 95 [38400/40200 (95%)]	Loss: 0.651090	Acc: 88.60%

Validation set: Average loss: 0.3974, Accuracy: 17680/19800 (89.29%)

Validation: acc 89.29%  macro-F1 0.8933  macro-recall 0.8932  (n=19800, classes=30)
Validation: worst-6 recall -> 8:0.70, 6:0.72, 2:0.77, 22:0.78, 28:0.78, 15:0.82

--> No improvement in validation loss. Patience: 1/10
Pre-train Epoch: 96 [0/40200 (0%)]	Loss: 0.452650	Acc: 87.50%
Pre-train Epoch: 96 [6400/40200 (16%)]	Loss: 0.357538	Acc: 88.21%
Pre-train Epoch: 96 [12800/40200 (32%)]	Loss: 0.459497	Acc: 88.43%
Pre-train Epoch: 96 [19200/40200 (48%)]	Loss: 0.314232	Acc: 88.52%
Pre-train Epoch: 96 [25600/40200 (64%)]	Loss: 0.575229	Acc: 88.55%
Pre-train Epoch: 96 [32000/40200 (79%)]	Loss: 0.599570	Acc: 88.42%
Pre-train Epoch: 96 [38400/40200 (95%)]	Loss: 0.537650	Acc: 88.37%

Validation set: Average loss: 0.4000, Accuracy: 17683/19800 (89.31%)

Validation: acc 89.31%  macro-F1 0.8935  macro-recall 0.8933  (n=19800, classes=30)
Validation: worst-6 recall -> 8:0.71, 6:0.72, 2:0.76, 22:0.80, 28:0.80, 29:0.80

--> No improvement in validation loss. Patience: 2/10
Pre-train Epoch: 97 [0/40200 (0%)]	Loss: 0.395653	Acc: 90.62%
Pre-train Epoch: 97 [6400/40200 (16%)]	Loss: 0.425374	Acc: 88.63%
Pre-train Epoch: 97 [12800/40200 (32%)]	Loss: 0.373341	Acc: 88.83%
Pre-train Epoch: 97 [19200/40200 (48%)]	Loss: 0.552542	Acc: 88.76%
Pre-train Epoch: 97 [25600/40200 (64%)]	Loss: 0.349495	Acc: 88.69%
Pre-train Epoch: 97 [32000/40200 (79%)]	Loss: 0.442407	Acc: 88.62%
Pre-train Epoch: 97 [38400/40200 (95%)]	Loss: 0.558069	Acc: 88.63%

Validation set: Average loss: 0.3951, Accuracy: 17722/19800 (89.51%)

Validation: acc 89.51%  macro-F1 0.8953  macro-recall 0.8953  (n=19800, classes=30)
Validation: worst-6 recall -> 8:0.71, 6:0.75, 29:0.77, 22:0.78, 2:0.79, 16:0.81

--> No improvement in validation loss. Patience: 3/10
Pre-train Epoch: 98 [0/40200 (0%)]	Loss: 0.521916	Acc: 89.06%
Pre-train Epoch: 98 [6400/40200 (16%)]	Loss: 0.444668	Acc: 88.29%
Pre-train Epoch: 98 [12800/40200 (32%)]	Loss: 0.481148	Acc: 88.33%
Pre-train Epoch: 98 [19200/40200 (48%)]	Loss: 0.493424	Acc: 88.36%
Pre-train Epoch: 98 [25600/40200 (64%)]	Loss: 0.446507	Acc: 88.57%
Pre-train Epoch: 98 [32000/40200 (79%)]	Loss: 0.463389	Acc: 88.48%
Pre-train Epoch: 98 [38400/40200 (95%)]	Loss: 0.462006	Acc: 88.57%

Validation set: Average loss: 0.3922, Accuracy: 17730/19800 (89.55%)

Validation: acc 89.55%  macro-F1 0.8954  macro-recall 0.8956  (n=19800, classes=30)
Validation: worst-6 recall -> 8:0.72, 6:0.76, 29:0.76, 22:0.78, 2:0.78, 16:0.82

--> Best validation loss improved. Saved model to runs\20260917-220741_multiscale_cnn_abl-minmax_only_d75857\reference.pth
Pre-train Epoch: 99 [0/40200 (0%)]	Loss: 0.404915	Acc: 87.50%
Pre-train Epoch: 99 [6400/40200 (16%)]	Loss: 0.501563	Acc: 88.66%
Pre-train Epoch: 99 [12800/40200 (32%)]	Loss: 0.360824	Acc: 88.28%
Pre-train Epoch: 99 [19200/40200 (48%)]	Loss: 0.472165	Acc: 88.27%
Pre-train Epoch: 99 [25600/40200 (64%)]	Loss: 0.424836	Acc: 88.39%
Pre-train Epoch: 99 [32000/40200 (79%)]	Loss: 0.375171	Acc: 88.40%
Pre-train Epoch: 99 [38400/40200 (95%)]	Loss: 0.524803	Acc: 88.33%

Validation set: Average loss: 0.3980, Accuracy: 17697/19800 (89.38%)

Validation: acc 89.38%  macro-F1 0.8939  macro-recall 0.8941  (n=19800, classes=30)
Validation: worst-6 recall -> 8:0.68, 6:0.71, 2:0.75, 28:0.77, 22:0.80, 16:0.81

--> No improvement in validation loss. Patience: 1/10
Pre-train Epoch: 100 [0/40200 (0%)]	Loss: 0.338670	Acc: 93.75%
Pre-train Epoch: 100 [6400/40200 (16%)]	Loss: 0.461971	Acc: 88.86%
Pre-train Epoch: 100 [12800/40200 (32%)]	Loss: 0.294473	Acc: 88.99%
Pre-train Epoch: 100 [19200/40200 (48%)]	Loss: 0.387688	Acc: 88.87%
Pre-train Epoch: 100 [25600/40200 (64%)]	Loss: 0.568323	Acc: 88.63%
Pre-train Epoch: 100 [32000/40200 (79%)]	Loss: 0.523213	Acc: 88.62%
Pre-train Epoch: 100 [38400/40200 (95%)]	Loss: 0.506073	Acc: 88.52%

Validation set: Average loss: 0.3927, Accuracy: 17720/19800 (89.49%)

Validation: acc 89.49%  macro-F1 0.8950  macro-recall 0.8952  (n=19800, classes=30)
Validation: worst-6 recall -> 8:0.69, 6:0.73, 2:0.78, 28:0.79, 29:0.79, 16:0.80

--> No improvement in validation loss. Patience: 2/10
Loaded best reference model for finetuning.

--- Starting Finetuning ---
[cache] hit 3eb6c0ea (3eb6c0eae750d8232b11e744ca6715d8.npy)
Finetune Epoch: 1 [0/3000 (0%)]	Loss: 1.741091	Acc: 48.44%
Finetune Epoch: 2 [0/3000 (0%)]	Loss: 1.070041	Acc: 68.75%
Finetune Epoch: 3 [0/3000 (0%)]	Loss: 0.997082	Acc: 70.31%
Finetune Epoch: 4 [0/3000 (0%)]	Loss: 0.901805	Acc: 70.31%
Finetune Epoch: 5 [0/3000 (0%)]	Loss: 0.767934	Acc: 82.81%
Finetune Epoch: 6 [0/3000 (0%)]	Loss: 0.627503	Acc: 84.38%
Finetune Epoch: 7 [0/3000 (0%)]	Loss: 0.661759	Acc: 85.94%
Finetune Epoch: 8 [0/3000 (0%)]	Loss: 0.636845	Acc: 79.69%
Finetune Epoch: 9 [0/3000 (0%)]	Loss: 0.591547	Acc: 89.06%
Finetune Epoch: 10 [0/3000 (0%)]	Loss: 0.722611	Acc: 82.81%
Finetune Epoch: 11 [0/3000 (0%)]	Loss: 0.605213	Acc: 82.81%
Finetune Epoch: 12 [0/3000 (0%)]	Loss: 0.441616	Acc: 90.62%
Finetune Epoch: 13 [0/3000 (0%)]	Loss: 0.505776	Acc: 85.94%
Finetune Epoch: 14 [0/3000 (0%)]	Loss: 0.387833	Acc: 90.62%
Finetune Epoch: 15 [0/3000 (0%)]	Loss: 0.538007	Acc: 84.38%
Finetune Epoch: 16 [0/3000 (0%)]	Loss: 0.558361	Acc: 84.38%
Finetune Epoch: 17 [0/3000 (0%)]	Loss: 0.572425	Acc: 84.38%
Finetune Epoch: 18 [0/3000 (0%)]	Loss: 0.503632	Acc: 92.19%
Finetune Epoch: 19 [0/3000 (0%)]	Loss: 0.290711	Acc: 98.44%
Finetune Epoch: 20 [0/3000 (0%)]	Loss: 0.562363	Acc: 85.94%
Finetuned model saved to runs\20260917-220741_multiscale_cnn_abl-minmax_only_d75857\finetuned.pth

--- Evaluating on Test Set ---
[cache] hit 02f50fc8 (02f50fc8d7c034d0ab1eb68fd841c135.npy)

Test set: Average loss: 0.8535, Accuracy: 2252/3000 (75.07%)

Test: acc 75.07%  macro-F1 0.7510  macro-recall 0.7507  (n=3000, classes=30)
Test: worst-6 recall -> 11:0.35, 2:0.43, 8:0.46, 17:0.48, 13:0.50, 9:0.56


[run] artifacts in runs\20260917-220741_multiscale_cnn_abl-minmax_only_d75857
