Using device: cuda
Run id: 20260917-213310_multiscale_cnn_abl-minmax_only_6957bf
Preprocessing variant: minmax_only (1 steps)
Loading reference dataset...
[cache] hit c10b0fe8 (c10b0fe881bbc7e7fd2580cef4429487.npy)
Detected 30 classes.
Split reference data: 40200 train / 19800 val
Model parameters: 193,358

--- Starting Reference Training ---
Pre-train Epoch: 1 [0/40200 (0%)]	Loss: 3.436678	Acc: 3.12%
Pre-train Epoch: 1 [6400/40200 (16%)]	Loss: 2.691067	Acc: 16.62%
Pre-train Epoch: 1 [12800/40200 (32%)]	Loss: 2.406363	Acc: 20.71%
Pre-train Epoch: 1 [19200/40200 (48%)]	Loss: 1.787196	Acc: 25.17%
Pre-train Epoch: 1 [25600/40200 (64%)]	Loss: 1.627393	Acc: 29.70%
Pre-train Epoch: 1 [32000/40200 (79%)]	Loss: 1.258590	Acc: 34.03%
Pre-train Epoch: 1 [38400/40200 (95%)]	Loss: 1.348943	Acc: 37.63%

Validation set: Average loss: 2.0003, Accuracy: 6575/19800 (33.21%)

Validation: acc 33.21%  macro-F1 0.2737  macro-recall 0.3345  (n=19800, classes=30)
Validation: worst-6 recall -> 2:0.00, 4:0.00, 3:0.00, 28:0.00, 29:0.01, 16:0.01

--> Best validation loss improved. Saved model to runs\20260917-213310_multiscale_cnn_abl-minmax_only_6957bf\reference.pth
Pre-train Epoch: 2 [0/40200 (0%)]	Loss: 1.542733	Acc: 48.44%
Pre-train Epoch: 2 [6400/40200 (16%)]	Loss: 1.131819	Acc: 58.03%
Pre-train Epoch: 2 [12800/40200 (32%)]	Loss: 1.255329	Acc: 59.44%
Pre-train Epoch: 2 [19200/40200 (48%)]	Loss: 1.219096	Acc: 60.17%
Pre-train Epoch: 2 [25600/40200 (64%)]	Loss: 1.023594	Acc: 60.93%
Pre-train Epoch: 2 [32000/40200 (79%)]	Loss: 1.156345	Acc: 61.54%
Pre-train Epoch: 2 [38400/40200 (95%)]	Loss: 0.819620	Acc: 62.21%

Validation set: Average loss: 1.2007, Accuracy: 11786/19800 (59.53%)

Validation: acc 59.53%  macro-F1 0.5858  macro-recall 0.5984  (n=19800, classes=30)
Validation: worst-6 recall -> 3:0.06, 22:0.12, 19:0.15, 6:0.15, 14:0.18, 2:0.21

--> Best validation loss improved. Saved model to runs\20260917-213310_multiscale_cnn_abl-minmax_only_6957bf\reference.pth
Pre-train Epoch: 3 [0/40200 (0%)]	Loss: 1.054671	Acc: 67.19%
Pre-train Epoch: 3 [6400/40200 (16%)]	Loss: 0.995677	Acc: 67.09%
Pre-train Epoch: 3 [12800/40200 (32%)]	Loss: 0.998250	Acc: 67.82%
Pre-train Epoch: 3 [19200/40200 (48%)]	Loss: 0.944077	Acc: 67.85%
Pre-train Epoch: 3 [25600/40200 (64%)]	Loss: 0.848059	Acc: 68.16%
Pre-train Epoch: 3 [32000/40200 (79%)]	Loss: 0.839266	Acc: 68.67%
Pre-train Epoch: 3 [38400/40200 (95%)]	Loss: 0.782284	Acc: 68.89%

Validation set: Average loss: 0.9485, Accuracy: 13757/19800 (69.48%)

Validation: acc 69.48%  macro-F1 0.6746  macro-recall 0.6951  (n=19800, classes=30)
Validation: worst-6 recall -> 8:0.04, 29:0.17, 4:0.30, 28:0.31, 2:0.33, 7:0.34

--> Best validation loss improved. Saved model to runs\20260917-213310_multiscale_cnn_abl-minmax_only_6957bf\reference.pth
Pre-train Epoch: 4 [0/40200 (0%)]	Loss: 1.092813	Acc: 67.19%
Pre-train Epoch: 4 [6400/40200 (16%)]	Loss: 1.033080	Acc: 69.79%
Pre-train Epoch: 4 [12800/40200 (32%)]	Loss: 0.999041	Acc: 70.60%
Pre-train Epoch: 4 [19200/40200 (48%)]	Loss: 0.964540	Acc: 71.31%
Pre-train Epoch: 4 [25600/40200 (64%)]	Loss: 1.057447	Acc: 71.59%
Pre-train Epoch: 4 [32000/40200 (79%)]	Loss: 0.862916	Acc: 71.82%
Pre-train Epoch: 4 [38400/40200 (95%)]	Loss: 0.839009	Acc: 71.97%

Validation set: Average loss: 0.9602, Accuracy: 13197/19800 (66.65%)

Validation: acc 66.65%  macro-F1 0.6432  macro-recall 0.6673  (n=19800, classes=30)
Validation: worst-6 recall -> 29:0.13, 22:0.16, 7:0.16, 23:0.24, 15:0.28, 8:0.40

--> No improvement in validation loss. Patience: 1/10
Pre-train Epoch: 5 [0/40200 (0%)]	Loss: 1.056907	Acc: 62.50%
Pre-train Epoch: 5 [6400/40200 (16%)]	Loss: 0.890249	Acc: 72.60%
Pre-train Epoch: 5 [12800/40200 (32%)]	Loss: 0.959164	Acc: 73.15%
Pre-train Epoch: 5 [19200/40200 (48%)]	Loss: 0.861150	Acc: 73.48%
Pre-train Epoch: 5 [25600/40200 (64%)]	Loss: 0.627678	Acc: 73.77%
Pre-train Epoch: 5 [32000/40200 (79%)]	Loss: 0.806803	Acc: 73.76%
Pre-train Epoch: 5 [38400/40200 (95%)]	Loss: 0.761963	Acc: 73.67%

Validation set: Average loss: 0.9790, Accuracy: 13014/19800 (65.73%)

Validation: acc 65.73%  macro-F1 0.6447  macro-recall 0.6596  (n=19800, classes=30)
Validation: worst-6 recall -> 29:0.15, 3:0.21, 22:0.27, 6:0.30, 4:0.31, 14:0.31

--> No improvement in validation loss. Patience: 2/10
Pre-train Epoch: 6 [0/40200 (0%)]	Loss: 0.738028	Acc: 79.69%
Pre-train Epoch: 6 [6400/40200 (16%)]	Loss: 0.817430	Acc: 73.99%
Pre-train Epoch: 6 [12800/40200 (32%)]	Loss: 0.776633	Acc: 74.51%
Pre-train Epoch: 6 [19200/40200 (48%)]	Loss: 0.786224	Acc: 74.80%
Pre-train Epoch: 6 [25600/40200 (64%)]	Loss: 0.697196	Acc: 74.87%
Pre-train Epoch: 6 [32000/40200 (79%)]	Loss: 0.771722	Acc: 74.95%
Pre-train Epoch: 6 [38400/40200 (95%)]	Loss: 0.804187	Acc: 74.95%

Validation set: Average loss: 0.7111, Accuracy: 15634/19800 (78.96%)

Validation: acc 78.96%  macro-F1 0.7885  macro-recall 0.7897  (n=19800, classes=30)
Validation: worst-6 recall -> 8:0.46, 22:0.47, 29:0.49, 16:0.50, 23:0.62, 7:0.65

--> Best validation loss improved. Saved model to runs\20260917-213310_multiscale_cnn_abl-minmax_only_6957bf\reference.pth
Pre-train Epoch: 7 [0/40200 (0%)]	Loss: 0.848067	Acc: 78.12%
Pre-train Epoch: 7 [6400/40200 (16%)]	Loss: 0.982387	Acc: 75.53%
Pre-train Epoch: 7 [12800/40200 (32%)]	Loss: 0.752492	Acc: 75.36%
Pre-train Epoch: 7 [19200/40200 (48%)]	Loss: 0.856388	Acc: 75.55%
Pre-train Epoch: 7 [25600/40200 (64%)]	Loss: 0.920532	Acc: 75.85%
Pre-train Epoch: 7 [32000/40200 (79%)]	Loss: 0.819640	Acc: 75.85%
Pre-train Epoch: 7 [38400/40200 (95%)]	Loss: 0.949013	Acc: 75.87%

Validation set: Average loss: 0.9263, Accuracy: 13849/19800 (69.94%)

Validation: acc 69.94%  macro-F1 0.6836  macro-recall 0.7009  (n=19800, classes=30)
Validation: worst-6 recall -> 4:0.03, 8:0.18, 2:0.21, 28:0.32, 22:0.36, 6:0.40

--> No improvement in validation loss. Patience: 1/10
Pre-train Epoch: 8 [0/40200 (0%)]	Loss: 0.763281	Acc: 76.56%
Pre-train Epoch: 8 [6400/40200 (16%)]	Loss: 0.621333	Acc: 76.36%
Pre-train Epoch: 8 [12800/40200 (32%)]	Loss: 0.902553	Acc: 76.04%
Pre-train Epoch: 8 [19200/40200 (48%)]	Loss: 0.709430	Acc: 76.31%
Pre-train Epoch: 8 [25600/40200 (64%)]	Loss: 0.792821	Acc: 76.66%
Pre-train Epoch: 8 [32000/40200 (79%)]	Loss: 1.034559	Acc: 76.69%
Pre-train Epoch: 8 [38400/40200 (95%)]	Loss: 0.578486	Acc: 76.70%

Validation set: Average loss: 0.7549, Accuracy: 15215/19800 (76.84%)

Validation: acc 76.84%  macro-F1 0.7654  macro-recall 0.7686  (n=19800, classes=30)
Validation: worst-6 recall -> 8:0.34, 6:0.45, 15:0.46, 29:0.47, 17:0.51, 22:0.54

--> No improvement in validation loss. Patience: 2/10
Pre-train Epoch: 9 [0/40200 (0%)]	Loss: 0.730855	Acc: 73.44%
Pre-train Epoch: 9 [6400/40200 (16%)]	Loss: 0.627071	Acc: 77.32%
Pre-train Epoch: 9 [12800/40200 (32%)]	Loss: 0.776739	Acc: 77.35%
Pre-train Epoch: 9 [19200/40200 (48%)]	Loss: 0.750998	Acc: 77.06%
Pre-train Epoch: 9 [25600/40200 (64%)]	Loss: 0.709355	Acc: 76.90%
Pre-train Epoch: 9 [32000/40200 (79%)]	Loss: 0.874020	Acc: 76.75%
Pre-train Epoch: 9 [38400/40200 (95%)]	Loss: 0.746933	Acc: 76.65%

Validation set: Average loss: 0.7401, Accuracy: 15000/19800 (75.76%)

Validation: acc 75.76%  macro-F1 0.7465  macro-recall 0.7586  (n=19800, classes=30)
Validation: worst-6 recall -> 16:0.23, 22:0.28, 8:0.33, 29:0.37, 3:0.52, 14:0.55

--> No improvement in validation loss. Patience: 3/10
Pre-train Epoch: 10 [0/40200 (0%)]	Loss: 0.849708	Acc: 70.31%
Pre-train Epoch: 10 [6400/40200 (16%)]	Loss: 0.878727	Acc: 77.09%
Pre-train Epoch: 10 [12800/40200 (32%)]	Loss: 0.709465	Acc: 77.06%
Pre-train Epoch: 10 [19200/40200 (48%)]	Loss: 0.779943	Acc: 77.59%
Pre-train Epoch: 10 [25600/40200 (64%)]	Loss: 0.731474	Acc: 77.37%
Pre-train Epoch: 10 [32000/40200 (79%)]	Loss: 0.775372	Acc: 77.38%
Pre-train Epoch: 10 [38400/40200 (95%)]	Loss: 0.851935	Acc: 77.31%

Validation set: Average loss: 0.7615, Accuracy: 15118/19800 (76.35%)

Validation: acc 76.35%  macro-F1 0.7626  macro-recall 0.7633  (n=19800, classes=30)
Validation: worst-6 recall -> 8:0.39, 22:0.45, 29:0.47, 28:0.48, 15:0.51, 26:0.52

--> No improvement in validation loss. Patience: 4/10
Pre-train Epoch: 11 [0/40200 (0%)]	Loss: 0.792077	Acc: 67.19%
Pre-train Epoch: 11 [6400/40200 (16%)]	Loss: 0.691352	Acc: 77.63%
Pre-train Epoch: 11 [12800/40200 (32%)]	Loss: 0.737603	Acc: 78.43%
Pre-train Epoch: 11 [19200/40200 (48%)]	Loss: 0.592136	Acc: 78.25%
Pre-train Epoch: 11 [25600/40200 (64%)]	Loss: 0.733576	Acc: 78.04%
Pre-train Epoch: 11 [32000/40200 (79%)]	Loss: 0.811765	Acc: 77.98%
Pre-train Epoch: 11 [38400/40200 (95%)]	Loss: 0.897250	Acc: 78.03%

Validation set: Average loss: 0.7419, Accuracy: 15072/19800 (76.12%)

Validation: acc 76.12%  macro-F1 0.7632  macro-recall 0.7626  (n=19800, classes=30)
Validation: worst-6 recall -> 15:0.22, 6:0.42, 10:0.55, 26:0.56, 14:0.57, 22:0.58

--> No improvement in validation loss. Patience: 5/10
Pre-train Epoch: 12 [0/40200 (0%)]	Loss: 0.850269	Acc: 82.81%
Pre-train Epoch: 12 [6400/40200 (16%)]	Loss: 0.676722	Acc: 79.08%
Pre-train Epoch: 12 [12800/40200 (32%)]	Loss: 0.674743	Acc: 78.68%
Pre-train Epoch: 12 [19200/40200 (48%)]	Loss: 0.724849	Acc: 78.62%
Pre-train Epoch: 12 [25600/40200 (64%)]	Loss: 0.803563	Acc: 78.58%
Pre-train Epoch: 12 [32000/40200 (79%)]	Loss: 0.762006	Acc: 78.46%
Pre-train Epoch: 12 [38400/40200 (95%)]	Loss: 0.655671	Acc: 78.41%

Validation set: Average loss: 0.6975, Accuracy: 15580/19800 (78.69%)

Validation: acc 78.69%  macro-F1 0.7875  macro-recall 0.7878  (n=19800, classes=30)
Validation: worst-6 recall -> 22:0.33, 4:0.40, 15:0.47, 8:0.52, 19:0.59, 2:0.66

--> Best validation loss improved. Saved model to runs\20260917-213310_multiscale_cnn_abl-minmax_only_6957bf\reference.pth
Pre-train Epoch: 13 [0/40200 (0%)]	Loss: 0.983907	Acc: 70.31%
Pre-train Epoch: 13 [6400/40200 (16%)]	Loss: 0.881333	Acc: 79.56%
Pre-train Epoch: 13 [12800/40200 (32%)]	Loss: 0.729818	Acc: 78.77%
Pre-train Epoch: 13 [19200/40200 (48%)]	Loss: 0.586562	Acc: 78.82%
Pre-train Epoch: 13 [25600/40200 (64%)]	Loss: 0.822848	Acc: 79.01%
Pre-train Epoch: 13 [32000/40200 (79%)]	Loss: 0.696707	Acc: 78.93%
Pre-train Epoch: 13 [38400/40200 (95%)]	Loss: 0.741429	Acc: 79.08%

Validation set: Average loss: 0.6547, Accuracy: 15819/19800 (79.89%)

Validation: acc 79.89%  macro-F1 0.7992  macro-recall 0.7997  (n=19800, classes=30)
Validation: worst-6 recall -> 6:0.40, 2:0.44, 15:0.48, 8:0.56, 26:0.61, 9:0.64

--> Best validation loss improved. Saved model to runs\20260917-213310_multiscale_cnn_abl-minmax_only_6957bf\reference.pth
Pre-train Epoch: 14 [0/40200 (0%)]	Loss: 0.705268	Acc: 76.56%
Pre-train Epoch: 14 [6400/40200 (16%)]	Loss: 0.907454	Acc: 78.60%
Pre-train Epoch: 14 [12800/40200 (32%)]	Loss: 0.752992	Acc: 79.35%
Pre-train Epoch: 14 [19200/40200 (48%)]	Loss: 0.909616	Acc: 79.58%
Pre-train Epoch: 14 [25600/40200 (64%)]	Loss: 0.701223	Acc: 79.72%
Pre-train Epoch: 14 [32000/40200 (79%)]	Loss: 0.543665	Acc: 79.64%
Pre-train Epoch: 14 [38400/40200 (95%)]	Loss: 0.551181	Acc: 79.67%

Validation set: Average loss: 0.6914, Accuracy: 15537/19800 (78.47%)

Validation: acc 78.47%  macro-F1 0.7847  macro-recall 0.7852  (n=19800, classes=30)
Validation: worst-6 recall -> 29:0.45, 22:0.46, 7:0.49, 11:0.54, 3:0.57, 26:0.62

--> No improvement in validation loss. Patience: 1/10
Pre-train Epoch: 15 [0/40200 (0%)]	Loss: 0.836367	Acc: 73.44%
Pre-train Epoch: 15 [6400/40200 (16%)]	Loss: 0.599072	Acc: 79.87%
Pre-train Epoch: 15 [12800/40200 (32%)]	Loss: 0.835375	Acc: 79.95%
Pre-train Epoch: 15 [19200/40200 (48%)]	Loss: 0.631921	Acc: 79.97%
Pre-train Epoch: 15 [25600/40200 (64%)]	Loss: 0.639878	Acc: 79.78%
Pre-train Epoch: 15 [32000/40200 (79%)]	Loss: 0.747769	Acc: 79.99%
Pre-train Epoch: 15 [38400/40200 (95%)]	Loss: 0.574257	Acc: 80.07%

Validation set: Average loss: 0.6561, Accuracy: 16066/19800 (81.14%)

Validation: acc 81.14%  macro-F1 0.8101  macro-recall 0.8117  (n=19800, classes=30)
Validation: worst-6 recall -> 8:0.47, 6:0.50, 14:0.56, 28:0.60, 3:0.61, 16:0.64

--> No improvement in validation loss. Patience: 2/10
Pre-train Epoch: 16 [0/40200 (0%)]	Loss: 0.747936	Acc: 76.56%
Pre-train Epoch: 16 [6400/40200 (16%)]	Loss: 0.702106	Acc: 79.55%
Pre-train Epoch: 16 [12800/40200 (32%)]	Loss: 0.684520	Acc: 80.25%
Pre-train Epoch: 16 [19200/40200 (48%)]	Loss: 0.711986	Acc: 80.32%
Pre-train Epoch: 16 [25600/40200 (64%)]	Loss: 0.739933	Acc: 80.02%
Pre-train Epoch: 16 [32000/40200 (79%)]	Loss: 0.743145	Acc: 79.97%
Pre-train Epoch: 16 [38400/40200 (95%)]	Loss: 0.672054	Acc: 80.20%

Validation set: Average loss: 0.6179, Accuracy: 16025/19800 (80.93%)

Validation: acc 80.93%  macro-F1 0.8112  macro-recall 0.8107  (n=19800, classes=30)
Validation: worst-6 recall -> 28:0.41, 6:0.52, 14:0.53, 2:0.55, 3:0.58, 15:0.61

--> Best validation loss improved. Saved model to runs\20260917-213310_multiscale_cnn_abl-minmax_only_6957bf\reference.pth
Pre-train Epoch: 17 [0/40200 (0%)]	Loss: 0.551326	Acc: 87.50%
Pre-train Epoch: 17 [6400/40200 (16%)]	Loss: 0.614461	Acc: 79.63%
Pre-train Epoch: 17 [12800/40200 (32%)]	Loss: 0.619359	Acc: 80.26%
Pre-train Epoch: 17 [19200/40200 (48%)]	Loss: 0.664230	Acc: 80.45%
Pre-train Epoch: 17 [25600/40200 (64%)]	Loss: 0.492686	Acc: 80.53%
Pre-train Epoch: 17 [32000/40200 (79%)]	Loss: 0.746986	Acc: 80.56%
Pre-train Epoch: 17 [38400/40200 (95%)]	Loss: 0.850978	Acc: 80.36%

Validation set: Average loss: 0.6487, Accuracy: 15741/19800 (79.50%)

Validation: acc 79.50%  macro-F1 0.7953  macro-recall 0.7956  (n=19800, classes=30)
Validation: worst-6 recall -> 15:0.38, 3:0.47, 2:0.50, 7:0.52, 22:0.55, 28:0.63

--> No improvement in validation loss. Patience: 1/10
Pre-train Epoch: 18 [0/40200 (0%)]	Loss: 0.755229	Acc: 79.69%
Pre-train Epoch: 18 [6400/40200 (16%)]	Loss: 0.580298	Acc: 79.90%
Pre-train Epoch: 18 [12800/40200 (32%)]	Loss: 0.677355	Acc: 80.46%
Pre-train Epoch: 18 [19200/40200 (48%)]	Loss: 0.718981	Acc: 80.71%
Pre-train Epoch: 18 [25600/40200 (64%)]	Loss: 0.754347	Acc: 80.74%
Pre-train Epoch: 18 [32000/40200 (79%)]	Loss: 0.623331	Acc: 80.68%
Pre-train Epoch: 18 [38400/40200 (95%)]	Loss: 0.564080	Acc: 80.57%

Validation set: Average loss: 0.5886, Accuracy: 16298/19800 (82.31%)

Validation: acc 82.31%  macro-F1 0.8233  macro-recall 0.8233  (n=19800, classes=30)
Validation: worst-6 recall -> 28:0.51, 29:0.61, 8:0.62, 22:0.63, 15:0.63, 2:0.66

--> Best validation loss improved. Saved model to runs\20260917-213310_multiscale_cnn_abl-minmax_only_6957bf\reference.pth
Pre-train Epoch: 19 [0/40200 (0%)]	Loss: 0.616189	Acc: 84.38%
Pre-train Epoch: 19 [6400/40200 (16%)]	Loss: 0.638540	Acc: 80.71%
Pre-train Epoch: 19 [12800/40200 (32%)]	Loss: 0.561594	Acc: 80.65%
Pre-train Epoch: 19 [19200/40200 (48%)]	Loss: 0.478371	Acc: 80.88%
Pre-train Epoch: 19 [25600/40200 (64%)]	Loss: 0.660748	Acc: 80.72%
Pre-train Epoch: 19 [32000/40200 (79%)]	Loss: 0.526669	Acc: 80.82%
Pre-train Epoch: 19 [38400/40200 (95%)]	Loss: 0.497099	Acc: 80.86%

Validation set: Average loss: 0.7159, Accuracy: 15262/19800 (77.08%)

Validation: acc 77.08%  macro-F1 0.7631  macro-recall 0.7713  (n=19800, classes=30)
Validation: worst-6 recall -> 7:0.23, 22:0.29, 29:0.30, 14:0.51, 10:0.51, 17:0.55

--> No improvement in validation loss. Patience: 1/10
Pre-train Epoch: 20 [0/40200 (0%)]	Loss: 0.617877	Acc: 81.25%
Pre-train Epoch: 20 [6400/40200 (16%)]	Loss: 0.540991	Acc: 80.88%
Pre-train Epoch: 20 [12800/40200 (32%)]	Loss: 0.622964	Acc: 80.82%
Pre-train Epoch: 20 [19200/40200 (48%)]	Loss: 0.700768	Acc: 81.02%
Pre-train Epoch: 20 [25600/40200 (64%)]	Loss: 0.507450	Acc: 81.09%
Pre-train Epoch: 20 [32000/40200 (79%)]	Loss: 0.726613	Acc: 81.31%
Pre-train Epoch: 20 [38400/40200 (95%)]	Loss: 0.628112	Acc: 81.21%

Validation set: Average loss: 0.6435, Accuracy: 15741/19800 (79.50%)

Validation: acc 79.50%  macro-F1 0.7878  macro-recall 0.7961  (n=19800, classes=30)
Validation: worst-6 recall -> 29:0.30, 2:0.32, 16:0.49, 6:0.56, 11:0.57, 8:0.60

--> No improvement in validation loss. Patience: 2/10
Pre-train Epoch: 21 [0/40200 (0%)]	Loss: 0.565733	Acc: 84.38%
Pre-train Epoch: 21 [6400/40200 (16%)]	Loss: 0.702291	Acc: 80.93%
Pre-train Epoch: 21 [12800/40200 (32%)]	Loss: 0.858205	Acc: 81.16%
Pre-train Epoch: 21 [19200/40200 (48%)]	Loss: 0.725656	Acc: 80.99%
Pre-train Epoch: 21 [25600/40200 (64%)]	Loss: 0.656832	Acc: 80.99%
Pre-train Epoch: 21 [32000/40200 (79%)]	Loss: 0.631010	Acc: 80.79%
Pre-train Epoch: 21 [38400/40200 (95%)]	Loss: 0.744994	Acc: 80.94%

Validation set: Average loss: 0.6280, Accuracy: 15859/19800 (80.10%)

Validation: acc 80.10%  macro-F1 0.8053  macro-recall 0.8025  (n=19800, classes=30)
Validation: worst-6 recall -> 15:0.38, 22:0.41, 3:0.42, 4:0.48, 29:0.59, 6:0.72

--> No improvement in validation loss. Patience: 3/10
Pre-train Epoch: 22 [0/40200 (0%)]	Loss: 0.669490	Acc: 79.69%
Pre-train Epoch: 22 [6400/40200 (16%)]	Loss: 0.674996	Acc: 80.79%
Pre-train Epoch: 22 [12800/40200 (32%)]	Loss: 0.547040	Acc: 81.50%
Pre-train Epoch: 22 [19200/40200 (48%)]	Loss: 0.526909	Acc: 81.75%
Pre-train Epoch: 22 [25600/40200 (64%)]	Loss: 0.640148	Acc: 82.02%
Pre-train Epoch: 22 [32000/40200 (79%)]	Loss: 0.472424	Acc: 81.86%
Pre-train Epoch: 22 [38400/40200 (95%)]	Loss: 0.670060	Acc: 81.65%

Validation set: Average loss: 0.6793, Accuracy: 15713/19800 (79.36%)

Validation: acc 79.36%  macro-F1 0.7827  macro-recall 0.7941  (n=19800, classes=30)
Validation: worst-6 recall -> 29:0.30, 16:0.34, 8:0.42, 7:0.46, 22:0.47, 6:0.60

--> No improvement in validation loss. Patience: 4/10
Pre-train Epoch: 23 [0/40200 (0%)]	Loss: 0.581844	Acc: 82.81%
Pre-train Epoch: 23 [6400/40200 (16%)]	Loss: 0.714506	Acc: 81.48%
Pre-train Epoch: 23 [12800/40200 (32%)]	Loss: 0.729530	Acc: 81.31%
Pre-train Epoch: 23 [19200/40200 (48%)]	Loss: 0.615841	Acc: 81.51%
Pre-train Epoch: 23 [25600/40200 (64%)]	Loss: 0.598164	Acc: 81.64%
Pre-train Epoch: 23 [32000/40200 (79%)]	Loss: 0.594506	Acc: 81.71%
Pre-train Epoch: 23 [38400/40200 (95%)]	Loss: 0.590996	Acc: 81.62%

Validation set: Average loss: 0.7677, Accuracy: 15030/19800 (75.91%)

Validation: acc 75.91%  macro-F1 0.7538  macro-recall 0.7609  (n=19800, classes=30)
Validation: worst-6 recall -> 22:0.18, 29:0.20, 4:0.26, 3:0.47, 17:0.54, 26:0.60

--> No improvement in validation loss. Patience: 5/10
Pre-train Epoch: 24 [0/40200 (0%)]	Loss: 0.518173	Acc: 89.06%
Pre-train Epoch: 24 [6400/40200 (16%)]	Loss: 0.563187	Acc: 81.56%
Pre-train Epoch: 24 [12800/40200 (32%)]	Loss: 0.656460	Acc: 81.62%
Pre-train Epoch: 24 [19200/40200 (48%)]	Loss: 0.677357	Acc: 81.51%
Pre-train Epoch: 24 [25600/40200 (64%)]	Loss: 0.534342	Acc: 81.59%
Pre-train Epoch: 24 [32000/40200 (79%)]	Loss: 0.591471	Acc: 81.54%
Pre-train Epoch: 24 [38400/40200 (95%)]	Loss: 0.597544	Acc: 81.64%

Validation set: Average loss: 0.8116, Accuracy: 14374/19800 (72.60%)

Validation: acc 72.60%  macro-F1 0.7205  macro-recall 0.7273  (n=19800, classes=30)
Validation: worst-6 recall -> 6:0.29, 29:0.33, 16:0.36, 22:0.38, 8:0.39, 7:0.41

--> No improvement in validation loss. Patience: 6/10
Pre-train Epoch: 25 [0/40200 (0%)]	Loss: 0.616783	Acc: 81.25%
Pre-train Epoch: 25 [6400/40200 (16%)]	Loss: 0.561720	Acc: 81.45%
Pre-train Epoch: 25 [12800/40200 (32%)]	Loss: 0.683611	Acc: 81.74%
Pre-train Epoch: 25 [19200/40200 (48%)]	Loss: 0.620670	Acc: 81.75%
Pre-train Epoch: 25 [25600/40200 (64%)]	Loss: 0.714719	Acc: 81.76%
Pre-train Epoch: 25 [32000/40200 (79%)]	Loss: 0.494958	Acc: 81.67%
Pre-train Epoch: 25 [38400/40200 (95%)]	Loss: 0.638825	Acc: 81.73%

Validation set: Average loss: 0.6558, Accuracy: 15881/19800 (80.21%)

Validation: acc 80.21%  macro-F1 0.7997  macro-recall 0.8031  (n=19800, classes=30)
Validation: worst-6 recall -> 15:0.35, 28:0.37, 2:0.43, 29:0.58, 9:0.63, 22:0.64

--> No improvement in validation loss. Patience: 7/10
Pre-train Epoch: 26 [0/40200 (0%)]	Loss: 0.653696	Acc: 82.81%
Pre-train Epoch: 26 [6400/40200 (16%)]	Loss: 0.640944	Acc: 81.64%
Pre-train Epoch: 26 [12800/40200 (32%)]	Loss: 0.627259	Acc: 81.88%
Pre-train Epoch: 26 [19200/40200 (48%)]	Loss: 0.850920	Acc: 81.89%
Pre-train Epoch: 26 [25600/40200 (64%)]	Loss: 0.719667	Acc: 81.81%
Pre-train Epoch: 26 [32000/40200 (79%)]	Loss: 0.653398	Acc: 81.71%
Pre-train Epoch: 26 [38400/40200 (95%)]	Loss: 0.577150	Acc: 81.79%

Validation set: Average loss: 0.6458, Accuracy: 15649/19800 (79.04%)

Validation: acc 79.04%  macro-F1 0.7946  macro-recall 0.7909  (n=19800, classes=30)
Validation: worst-6 recall -> 15:0.39, 28:0.45, 6:0.45, 22:0.57, 2:0.60, 26:0.64

--> No improvement in validation loss. Patience: 8/10
Pre-train Epoch: 27 [0/40200 (0%)]	Loss: 0.567147	Acc: 84.38%
Pre-train Epoch: 27 [6400/40200 (16%)]	Loss: 0.656825	Acc: 82.47%
Pre-train Epoch: 27 [12800/40200 (32%)]	Loss: 0.765242	Acc: 82.56%
Pre-train Epoch: 27 [19200/40200 (48%)]	Loss: 0.546818	Acc: 82.14%
Pre-train Epoch: 27 [25600/40200 (64%)]	Loss: 0.628667	Acc: 81.94%
Pre-train Epoch: 27 [32000/40200 (79%)]	Loss: 0.511510	Acc: 82.02%
Pre-train Epoch: 27 [38400/40200 (95%)]	Loss: 0.730118	Acc: 82.04%

Validation set: Average loss: 0.5421, Accuracy: 16713/19800 (84.41%)

Validation: acc 84.41%  macro-F1 0.8456  macro-recall 0.8447  (n=19800, classes=30)
Validation: worst-6 recall -> 28:0.54, 16:0.63, 8:0.64, 3:0.66, 4:0.68, 6:0.68

--> Best validation loss improved. Saved model to runs\20260917-213310_multiscale_cnn_abl-minmax_only_6957bf\reference.pth
Pre-train Epoch: 28 [0/40200 (0%)]	Loss: 0.691603	Acc: 78.12%
Pre-train Epoch: 28 [6400/40200 (16%)]	Loss: 0.675163	Acc: 82.64%
Pre-train Epoch: 28 [12800/40200 (32%)]	Loss: 0.646327	Acc: 82.80%
Pre-train Epoch: 28 [19200/40200 (48%)]	Loss: 0.746517	Acc: 82.61%
Pre-train Epoch: 28 [25600/40200 (64%)]	Loss: 0.583647	Acc: 82.69%
Pre-train Epoch: 28 [32000/40200 (79%)]	Loss: 0.580474	Acc: 82.40%
Pre-train Epoch: 28 [38400/40200 (95%)]	Loss: 0.691209	Acc: 82.40%

Validation set: Average loss: 0.6609, Accuracy: 15724/19800 (79.41%)

Validation: acc 79.41%  macro-F1 0.7929  macro-recall 0.7953  (n=19800, classes=30)
Validation: worst-6 recall -> 15:0.23, 6:0.45, 28:0.48, 3:0.51, 14:0.62, 26:0.62

--> No improvement in validation loss. Patience: 1/10
Pre-train Epoch: 29 [0/40200 (0%)]	Loss: 0.699463	Acc: 78.12%
Pre-train Epoch: 29 [6400/40200 (16%)]	Loss: 0.563120	Acc: 82.32%
Pre-train Epoch: 29 [12800/40200 (32%)]	Loss: 0.494465	Acc: 82.35%
Pre-train Epoch: 29 [19200/40200 (48%)]	Loss: 0.577608	Acc: 82.28%
Pre-train Epoch: 29 [25600/40200 (64%)]	Loss: 0.443713	Acc: 82.43%
Pre-train Epoch: 29 [32000/40200 (79%)]	Loss: 0.496367	Acc: 82.39%
Pre-train Epoch: 29 [38400/40200 (95%)]	Loss: 0.598997	Acc: 82.40%

Validation set: Average loss: 0.6355, Accuracy: 15996/19800 (80.79%)

Validation: acc 80.79%  macro-F1 0.8065  macro-recall 0.8083  (n=19800, classes=30)
Validation: worst-6 recall -> 29:0.47, 7:0.54, 22:0.55, 3:0.57, 17:0.57, 8:0.58

--> No improvement in validation loss. Patience: 2/10
Pre-train Epoch: 30 [0/40200 (0%)]	Loss: 0.611183	Acc: 79.69%
Pre-train Epoch: 30 [6400/40200 (16%)]	Loss: 0.672266	Acc: 82.26%
Pre-train Epoch: 30 [12800/40200 (32%)]	Loss: 0.736156	Acc: 82.11%
Pre-train Epoch: 30 [19200/40200 (48%)]	Loss: 0.587931	Acc: 81.89%
Pre-train Epoch: 30 [25600/40200 (64%)]	Loss: 0.552784	Acc: 82.01%
Pre-train Epoch: 30 [32000/40200 (79%)]	Loss: 0.765336	Acc: 82.07%
Pre-train Epoch: 30 [38400/40200 (95%)]	Loss: 0.678178	Acc: 81.99%

Validation set: Average loss: 0.5863, Accuracy: 16351/19800 (82.58%)

Validation: acc 82.58%  macro-F1 0.8280  macro-recall 0.8258  (n=19800, classes=30)
Validation: worst-6 recall -> 15:0.44, 26:0.59, 8:0.60, 2:0.66, 3:0.67, 22:0.68

--> No improvement in validation loss. Patience: 3/10
Pre-train Epoch: 31 [0/40200 (0%)]	Loss: 0.534632	Acc: 81.25%
Pre-train Epoch: 31 [6400/40200 (16%)]	Loss: 0.614492	Acc: 82.67%
Pre-train Epoch: 31 [12800/40200 (32%)]	Loss: 0.572307	Acc: 82.46%
Pre-train Epoch: 31 [19200/40200 (48%)]	Loss: 0.554557	Acc: 82.23%
Pre-train Epoch: 31 [25600/40200 (64%)]	Loss: 0.720875	Acc: 82.28%
Pre-train Epoch: 31 [32000/40200 (79%)]	Loss: 0.650655	Acc: 82.13%
Pre-train Epoch: 31 [38400/40200 (95%)]	Loss: 0.632922	Acc: 82.23%

Validation set: Average loss: 0.5570, Accuracy: 16658/19800 (84.13%)

Validation: acc 84.13%  macro-F1 0.8420  macro-recall 0.8418  (n=19800, classes=30)
Validation: worst-6 recall -> 28:0.50, 8:0.60, 2:0.63, 6:0.67, 15:0.68, 3:0.71

--> No improvement in validation loss. Patience: 4/10
Pre-train Epoch: 32 [0/40200 (0%)]	Loss: 0.688473	Acc: 84.38%
Pre-train Epoch: 32 [6400/40200 (16%)]	Loss: 0.680416	Acc: 82.27%
Pre-train Epoch: 32 [12800/40200 (32%)]	Loss: 0.624257	Acc: 82.57%
Pre-train Epoch: 32 [19200/40200 (48%)]	Loss: 0.640956	Acc: 82.84%
Pre-train Epoch: 32 [25600/40200 (64%)]	Loss: 0.590635	Acc: 82.84%
Pre-train Epoch: 32 [32000/40200 (79%)]	Loss: 0.472929	Acc: 82.86%
Pre-train Epoch: 32 [38400/40200 (95%)]	Loss: 0.679877	Acc: 82.67%

Validation set: Average loss: 0.5653, Accuracy: 16541/19800 (83.54%)

Validation: acc 83.54%  macro-F1 0.8372  macro-recall 0.8354  (n=19800, classes=30)
Validation: worst-6 recall -> 29:0.59, 15:0.62, 22:0.63, 8:0.64, 2:0.70, 11:0.70

--> No improvement in validation loss. Patience: 5/10
Pre-train Epoch: 33 [0/40200 (0%)]	Loss: 0.535654	Acc: 87.50%
Pre-train Epoch: 33 [6400/40200 (16%)]	Loss: 0.707691	Acc: 82.27%
Pre-train Epoch: 33 [12800/40200 (32%)]	Loss: 0.615957	Acc: 82.44%
Pre-train Epoch: 33 [19200/40200 (48%)]	Loss: 0.628184	Acc: 82.50%
Pre-train Epoch: 33 [25600/40200 (64%)]	Loss: 0.652180	Acc: 82.33%
Pre-train Epoch: 33 [32000/40200 (79%)]	Loss: 0.628815	Acc: 82.36%
Pre-train Epoch: 33 [38400/40200 (95%)]	Loss: 0.493127	Acc: 82.42%

Validation set: Average loss: 0.5204, Accuracy: 16983/19800 (85.77%)

Validation: acc 85.77%  macro-F1 0.8562  macro-recall 0.8577  (n=19800, classes=30)
Validation: worst-6 recall -> 8:0.51, 2:0.53, 7:0.60, 28:0.71, 3:0.73, 22:0.74

--> Best validation loss improved. Saved model to runs\20260917-213310_multiscale_cnn_abl-minmax_only_6957bf\reference.pth
Pre-train Epoch: 34 [0/40200 (0%)]	Loss: 0.546560	Acc: 85.94%
Pre-train Epoch: 34 [6400/40200 (16%)]	Loss: 0.545302	Acc: 82.86%
Pre-train Epoch: 34 [12800/40200 (32%)]	Loss: 0.502964	Acc: 82.73%
Pre-train Epoch: 34 [19200/40200 (48%)]	Loss: 0.610723	Acc: 82.48%
Pre-train Epoch: 34 [25600/40200 (64%)]	Loss: 0.390035	Acc: 82.56%
Pre-train Epoch: 34 [32000/40200 (79%)]	Loss: 0.517023	Acc: 82.59%
Pre-train Epoch: 34 [38400/40200 (95%)]	Loss: 0.640034	Acc: 82.85%

Validation set: Average loss: 0.5366, Accuracy: 16639/19800 (84.04%)

Validation: acc 84.04%  macro-F1 0.8391  macro-recall 0.8404  (n=19800, classes=30)
Validation: worst-6 recall -> 8:0.51, 7:0.51, 2:0.66, 11:0.67, 28:0.67, 16:0.69

--> No improvement in validation loss. Patience: 1/10
Pre-train Epoch: 35 [0/40200 (0%)]	Loss: 0.675914	Acc: 76.56%
Pre-train Epoch: 35 [6400/40200 (16%)]	Loss: 0.598409	Acc: 83.76%
Pre-train Epoch: 35 [12800/40200 (32%)]	Loss: 0.641213	Acc: 83.21%
Pre-train Epoch: 35 [19200/40200 (48%)]	Loss: 0.718722	Acc: 82.93%
Pre-train Epoch: 35 [25600/40200 (64%)]	Loss: 0.714162	Acc: 82.93%
Pre-train Epoch: 35 [32000/40200 (79%)]	Loss: 0.656653	Acc: 82.80%
Pre-train Epoch: 35 [38400/40200 (95%)]	Loss: 0.584321	Acc: 82.92%

Validation set: Average loss: 0.5785, Accuracy: 16323/19800 (82.44%)

Validation: acc 82.44%  macro-F1 0.8192  macro-recall 0.8244  (n=19800, classes=30)
Validation: worst-6 recall -> 8:0.25, 2:0.50, 16:0.55, 6:0.56, 29:0.58, 22:0.68

--> No improvement in validation loss. Patience: 2/10
Pre-train Epoch: 36 [0/40200 (0%)]	Loss: 0.589823	Acc: 84.38%
Pre-train Epoch: 36 [6400/40200 (16%)]	Loss: 0.673392	Acc: 83.49%
Pre-train Epoch: 36 [12800/40200 (32%)]	Loss: 0.616237	Acc: 83.13%
Pre-train Epoch: 36 [19200/40200 (48%)]	Loss: 0.609570	Acc: 83.00%
Pre-train Epoch: 36 [25600/40200 (64%)]	Loss: 0.774984	Acc: 83.15%
Pre-train Epoch: 36 [32000/40200 (79%)]	Loss: 0.534822	Acc: 83.09%
Pre-train Epoch: 36 [38400/40200 (95%)]	Loss: 0.587481	Acc: 83.18%

Validation set: Average loss: 0.5780, Accuracy: 16330/19800 (82.47%)

Validation: acc 82.47%  macro-F1 0.8213  macro-recall 0.8259  (n=19800, classes=30)
Validation: worst-6 recall -> 2:0.30, 3:0.39, 28:0.43, 16:0.71, 10:0.71, 8:0.72

--> No improvement in validation loss. Patience: 3/10
Pre-train Epoch: 37 [0/40200 (0%)]	Loss: 0.556216	Acc: 90.62%
Pre-train Epoch: 37 [6400/40200 (16%)]	Loss: 0.575922	Acc: 82.35%
Pre-train Epoch: 37 [12800/40200 (32%)]	Loss: 0.539693	Acc: 83.16%
Pre-train Epoch: 37 [19200/40200 (48%)]	Loss: 0.586666	Acc: 83.16%
Pre-train Epoch: 37 [25600/40200 (64%)]	Loss: 0.539113	Acc: 83.20%
Pre-train Epoch: 37 [32000/40200 (79%)]	Loss: 0.523464	Acc: 83.22%
Pre-train Epoch: 37 [38400/40200 (95%)]	Loss: 0.571628	Acc: 83.31%

Validation set: Average loss: 0.5077, Accuracy: 16838/19800 (85.04%)

Validation: acc 85.04%  macro-F1 0.8486  macro-recall 0.8506  (n=19800, classes=30)
Validation: worst-6 recall -> 15:0.47, 8:0.47, 6:0.54, 2:0.70, 26:0.75, 14:0.76

--> Best validation loss improved. Saved model to runs\20260917-213310_multiscale_cnn_abl-minmax_only_6957bf\reference.pth
Pre-train Epoch: 38 [0/40200 (0%)]	Loss: 0.659751	Acc: 78.12%
Pre-train Epoch: 38 [6400/40200 (16%)]	Loss: 0.649240	Acc: 83.12%
Pre-train Epoch: 38 [12800/40200 (32%)]	Loss: 0.682706	Acc: 83.18%
Pre-train Epoch: 38 [19200/40200 (48%)]	Loss: 0.414825	Acc: 83.42%
Pre-train Epoch: 38 [25600/40200 (64%)]	Loss: 0.570109	Acc: 83.26%
Pre-train Epoch: 38 [32000/40200 (79%)]	Loss: 0.694964	Acc: 83.33%
Pre-train Epoch: 38 [38400/40200 (95%)]	Loss: 0.382367	Acc: 83.27%

Validation set: Average loss: 0.5692, Accuracy: 16647/19800 (84.08%)

Validation: acc 84.08%  macro-F1 0.8398  macro-recall 0.8407  (n=19800, classes=30)
Validation: worst-6 recall -> 8:0.50, 22:0.59, 29:0.64, 16:0.64, 17:0.67, 7:0.70

--> No improvement in validation loss. Patience: 1/10
Pre-train Epoch: 39 [0/40200 (0%)]	Loss: 0.500812	Acc: 89.06%
Pre-train Epoch: 39 [6400/40200 (16%)]	Loss: 0.479583	Acc: 82.69%
Pre-train Epoch: 39 [12800/40200 (32%)]	Loss: 0.492726	Acc: 82.94%
Pre-train Epoch: 39 [19200/40200 (48%)]	Loss: 0.533035	Acc: 83.04%
Pre-train Epoch: 39 [25600/40200 (64%)]	Loss: 0.656731	Acc: 83.06%
Pre-train Epoch: 39 [32000/40200 (79%)]	Loss: 0.651361	Acc: 83.17%
Pre-train Epoch: 39 [38400/40200 (95%)]	Loss: 0.697965	Acc: 83.09%

Validation set: Average loss: 0.5528, Accuracy: 16611/19800 (83.89%)

Validation: acc 83.89%  macro-F1 0.8392  macro-recall 0.8397  (n=19800, classes=30)
Validation: worst-6 recall -> 28:0.45, 6:0.49, 15:0.53, 8:0.64, 2:0.68, 3:0.71

--> No improvement in validation loss. Patience: 2/10
Pre-train Epoch: 40 [0/40200 (0%)]	Loss: 0.790906	Acc: 75.00%
Pre-train Epoch: 40 [6400/40200 (16%)]	Loss: 0.567308	Acc: 83.48%
Pre-train Epoch: 40 [12800/40200 (32%)]	Loss: 0.420551	Acc: 83.35%
Pre-train Epoch: 40 [19200/40200 (48%)]	Loss: 0.646780	Acc: 83.49%
Pre-train Epoch: 40 [25600/40200 (64%)]	Loss: 0.521459	Acc: 83.45%
Pre-train Epoch: 40 [32000/40200 (79%)]	Loss: 0.499083	Acc: 83.43%
Pre-train Epoch: 40 [38400/40200 (95%)]	Loss: 0.688054	Acc: 83.34%

Validation set: Average loss: 0.4905, Accuracy: 17033/19800 (86.03%)

Validation: acc 86.03%  macro-F1 0.8594  macro-recall 0.8604  (n=19800, classes=30)
Validation: worst-6 recall -> 8:0.55, 2:0.60, 22:0.69, 6:0.69, 17:0.69, 29:0.72

--> Best validation loss improved. Saved model to runs\20260917-213310_multiscale_cnn_abl-minmax_only_6957bf\reference.pth
Pre-train Epoch: 41 [0/40200 (0%)]	Loss: 0.492786	Acc: 89.06%
Pre-train Epoch: 41 [6400/40200 (16%)]	Loss: 0.624022	Acc: 83.91%
Pre-train Epoch: 41 [12800/40200 (32%)]	Loss: 0.646498	Acc: 84.14%
Pre-train Epoch: 41 [19200/40200 (48%)]	Loss: 0.465927	Acc: 84.09%
Pre-train Epoch: 41 [25600/40200 (64%)]	Loss: 0.488162	Acc: 83.98%
Pre-train Epoch: 41 [32000/40200 (79%)]	Loss: 0.601179	Acc: 83.84%
Pre-train Epoch: 41 [38400/40200 (95%)]	Loss: 0.583358	Acc: 83.78%

Validation set: Average loss: 0.5500, Accuracy: 16749/19800 (84.59%)

Validation: acc 84.59%  macro-F1 0.8469  macro-recall 0.8465  (n=19800, classes=30)
Validation: worst-6 recall -> 6:0.55, 8:0.56, 16:0.57, 28:0.72, 2:0.73, 29:0.74

--> No improvement in validation loss. Patience: 1/10
Pre-train Epoch: 42 [0/40200 (0%)]	Loss: 0.665939	Acc: 82.81%
Pre-train Epoch: 42 [6400/40200 (16%)]	Loss: 0.529140	Acc: 83.09%
Pre-train Epoch: 42 [12800/40200 (32%)]	Loss: 0.665768	Acc: 83.44%
Pre-train Epoch: 42 [19200/40200 (48%)]	Loss: 0.635431	Acc: 83.66%
Pre-train Epoch: 42 [25600/40200 (64%)]	Loss: 0.681842	Acc: 83.61%
Pre-train Epoch: 42 [32000/40200 (79%)]	Loss: 0.642825	Acc: 83.63%
Pre-train Epoch: 42 [38400/40200 (95%)]	Loss: 0.611349	Acc: 83.51%

Validation set: Average loss: 0.5247, Accuracy: 16728/19800 (84.48%)

Validation: acc 84.48%  macro-F1 0.8423  macro-recall 0.8446  (n=19800, classes=30)
Validation: worst-6 recall -> 8:0.39, 6:0.55, 29:0.60, 16:0.68, 22:0.68, 7:0.71

--> No improvement in validation loss. Patience: 2/10
Pre-train Epoch: 43 [0/40200 (0%)]	Loss: 0.581893	Acc: 81.25%
Pre-train Epoch: 43 [6400/40200 (16%)]	Loss: 0.507626	Acc: 83.14%
Pre-train Epoch: 43 [12800/40200 (32%)]	Loss: 0.579468	Acc: 83.85%
Pre-train Epoch: 43 [19200/40200 (48%)]	Loss: 0.846660	Acc: 83.85%
Pre-train Epoch: 43 [25600/40200 (64%)]	Loss: 0.612118	Acc: 83.64%
Pre-train Epoch: 43 [32000/40200 (79%)]	Loss: 0.550931	Acc: 83.72%
Pre-train Epoch: 43 [38400/40200 (95%)]	Loss: 0.767922	Acc: 83.56%

Validation set: Average loss: 0.5529, Accuracy: 16676/19800 (84.22%)

Validation: acc 84.22%  macro-F1 0.8438  macro-recall 0.8427  (n=19800, classes=30)
Validation: worst-6 recall -> 6:0.51, 8:0.64, 15:0.64, 22:0.66, 29:0.70, 23:0.77

--> No improvement in validation loss. Patience: 3/10
Pre-train Epoch: 44 [0/40200 (0%)]	Loss: 0.711054	Acc: 71.88%
Pre-train Epoch: 44 [6400/40200 (16%)]	Loss: 0.619352	Acc: 83.82%
Pre-train Epoch: 44 [12800/40200 (32%)]	Loss: 0.711577	Acc: 84.22%
Pre-train Epoch: 44 [19200/40200 (48%)]	Loss: 0.658572	Acc: 83.91%
Pre-train Epoch: 44 [25600/40200 (64%)]	Loss: 0.568707	Acc: 83.85%
Pre-train Epoch: 44 [32000/40200 (79%)]	Loss: 0.527696	Acc: 83.78%
Pre-train Epoch: 44 [38400/40200 (95%)]	Loss: 0.598034	Acc: 83.79%

Validation set: Average loss: 0.5450, Accuracy: 16701/19800 (84.35%)

Validation: acc 84.35%  macro-F1 0.8415  macro-recall 0.8441  (n=19800, classes=30)
Validation: worst-6 recall -> 8:0.52, 7:0.61, 14:0.62, 17:0.69, 3:0.69, 29:0.70

--> No improvement in validation loss. Patience: 4/10
Pre-train Epoch: 45 [0/40200 (0%)]	Loss: 0.455323	Acc: 92.19%
Pre-train Epoch: 45 [6400/40200 (16%)]	Loss: 0.515384	Acc: 84.61%
Pre-train Epoch: 45 [12800/40200 (32%)]	Loss: 0.539787	Acc: 84.04%
Pre-train Epoch: 45 [19200/40200 (48%)]	Loss: 0.703986	Acc: 83.74%
Pre-train Epoch: 45 [25600/40200 (64%)]	Loss: 0.604736	Acc: 83.80%
Pre-train Epoch: 45 [32000/40200 (79%)]	Loss: 0.650892	Acc: 83.85%
Pre-train Epoch: 45 [38400/40200 (95%)]	Loss: 0.589718	Acc: 83.83%

Validation set: Average loss: 0.4888, Accuracy: 17062/19800 (86.17%)

Validation: acc 86.17%  macro-F1 0.8613  macro-recall 0.8623  (n=19800, classes=30)
Validation: worst-6 recall -> 8:0.55, 6:0.55, 2:0.63, 16:0.70, 3:0.72, 28:0.74

--> Best validation loss improved. Saved model to runs\20260917-213310_multiscale_cnn_abl-minmax_only_6957bf\reference.pth
Pre-train Epoch: 46 [0/40200 (0%)]	Loss: 0.633268	Acc: 81.25%
Pre-train Epoch: 46 [6400/40200 (16%)]	Loss: 0.584898	Acc: 83.57%
Pre-train Epoch: 46 [12800/40200 (32%)]	Loss: 0.676458	Acc: 84.23%
Pre-train Epoch: 46 [19200/40200 (48%)]	Loss: 0.732878	Acc: 83.84%
Pre-train Epoch: 46 [25600/40200 (64%)]	Loss: 0.523200	Acc: 84.00%
Pre-train Epoch: 46 [32000/40200 (79%)]	Loss: 0.494567	Acc: 83.85%
Pre-train Epoch: 46 [38400/40200 (95%)]	Loss: 0.472935	Acc: 83.86%

Validation set: Average loss: 0.5087, Accuracy: 16955/19800 (85.63%)

Validation: acc 85.63%  macro-F1 0.8543  macro-recall 0.8564  (n=19800, classes=30)
Validation: worst-6 recall -> 8:0.48, 7:0.62, 16:0.64, 22:0.67, 2:0.68, 29:0.71

--> No improvement in validation loss. Patience: 1/10
Pre-train Epoch: 47 [0/40200 (0%)]	Loss: 0.601285	Acc: 85.94%
Pre-train Epoch: 47 [6400/40200 (16%)]	Loss: 0.631298	Acc: 83.99%
Pre-train Epoch: 47 [12800/40200 (32%)]	Loss: 0.560447	Acc: 84.07%
Pre-train Epoch: 47 [19200/40200 (48%)]	Loss: 0.532749	Acc: 84.16%
Pre-train Epoch: 47 [25600/40200 (64%)]	Loss: 0.557878	Acc: 84.30%
Pre-train Epoch: 47 [32000/40200 (79%)]	Loss: 0.559304	Acc: 84.16%
Pre-train Epoch: 47 [38400/40200 (95%)]	Loss: 0.668043	Acc: 84.05%

Validation set: Average loss: 0.4835, Accuracy: 17137/19800 (86.55%)

Validation: acc 86.55%  macro-F1 0.8664  macro-recall 0.8661  (n=19800, classes=30)
Validation: worst-6 recall -> 2:0.68, 3:0.69, 7:0.69, 8:0.71, 16:0.77, 29:0.77

--> Best validation loss improved. Saved model to runs\20260917-213310_multiscale_cnn_abl-minmax_only_6957bf\reference.pth
Pre-train Epoch: 48 [0/40200 (0%)]	Loss: 0.635064	Acc: 75.00%
Pre-train Epoch: 48 [6400/40200 (16%)]	Loss: 0.613313	Acc: 84.55%
Pre-train Epoch: 48 [12800/40200 (32%)]	Loss: 0.591104	Acc: 84.24%
Pre-train Epoch: 48 [19200/40200 (48%)]	Loss: 0.554773	Acc: 84.26%
Pre-train Epoch: 48 [25600/40200 (64%)]	Loss: 0.431535	Acc: 84.08%
Pre-train Epoch: 48 [32000/40200 (79%)]	Loss: 0.524970	Acc: 83.87%
Pre-train Epoch: 48 [38400/40200 (95%)]	Loss: 0.605295	Acc: 83.94%

Validation set: Average loss: 0.4864, Accuracy: 16952/19800 (85.62%)

Validation: acc 85.62%  macro-F1 0.8542  macro-recall 0.8563  (n=19800, classes=30)
Validation: worst-6 recall -> 15:0.33, 8:0.59, 28:0.66, 2:0.70, 7:0.72, 6:0.74

--> No improvement in validation loss. Patience: 1/10
Pre-train Epoch: 49 [0/40200 (0%)]	Loss: 0.383033	Acc: 95.31%
Pre-train Epoch: 49 [6400/40200 (16%)]	Loss: 0.498477	Acc: 84.90%
Pre-train Epoch: 49 [12800/40200 (32%)]	Loss: 0.495075	Acc: 84.80%
Pre-train Epoch: 49 [19200/40200 (48%)]	Loss: 0.603716	Acc: 84.75%
Pre-train Epoch: 49 [25600/40200 (64%)]	Loss: 0.496223	Acc: 84.75%
Pre-train Epoch: 49 [32000/40200 (79%)]	Loss: 0.562054	Acc: 84.66%
Pre-train Epoch: 49 [38400/40200 (95%)]	Loss: 0.649324	Acc: 84.72%

Validation set: Average loss: 0.5589, Accuracy: 16590/19800 (83.79%)

Validation: acc 83.79%  macro-F1 0.8365  macro-recall 0.8381  (n=19800, classes=30)
Validation: worst-6 recall -> 22:0.44, 29:0.54, 8:0.61, 28:0.62, 6:0.65, 2:0.66

--> No improvement in validation loss. Patience: 2/10
Pre-train Epoch: 50 [0/40200 (0%)]	Loss: 0.654409	Acc: 79.69%
Pre-train Epoch: 50 [6400/40200 (16%)]	Loss: 0.491945	Acc: 84.59%
Pre-train Epoch: 50 [12800/40200 (32%)]	Loss: 0.670760	Acc: 84.76%
Pre-train Epoch: 50 [19200/40200 (48%)]	Loss: 0.435831	Acc: 84.82%
Pre-train Epoch: 50 [25600/40200 (64%)]	Loss: 0.548756	Acc: 84.74%
Pre-train Epoch: 50 [32000/40200 (79%)]	Loss: 0.507727	Acc: 84.68%
Pre-train Epoch: 50 [38400/40200 (95%)]	Loss: 0.560748	Acc: 84.71%

Validation set: Average loss: 0.5238, Accuracy: 16810/19800 (84.90%)

Validation: acc 84.90%  macro-F1 0.8472  macro-recall 0.8488  (n=19800, classes=30)
Validation: worst-6 recall -> 8:0.40, 29:0.46, 16:0.64, 22:0.64, 4:0.66, 7:0.72

--> No improvement in validation loss. Patience: 3/10
Pre-train Epoch: 51 [0/40200 (0%)]	Loss: 0.479146	Acc: 92.19%
Pre-train Epoch: 51 [6400/40200 (16%)]	Loss: 0.650189	Acc: 84.99%
Pre-train Epoch: 51 [12800/40200 (32%)]	Loss: 0.593685	Acc: 84.83%
Pre-train Epoch: 51 [19200/40200 (48%)]	Loss: 0.612501	Acc: 84.92%
Pre-train Epoch: 51 [25600/40200 (64%)]	Loss: 0.411904	Acc: 84.78%
Pre-train Epoch: 51 [32000/40200 (79%)]	Loss: 0.495617	Acc: 84.68%
Pre-train Epoch: 51 [38400/40200 (95%)]	Loss: 0.684936	Acc: 84.70%

Validation set: Average loss: 0.4987, Accuracy: 16959/19800 (85.65%)

Validation: acc 85.65%  macro-F1 0.8581  macro-recall 0.8575  (n=19800, classes=30)
Validation: worst-6 recall -> 28:0.60, 6:0.61, 2:0.65, 14:0.66, 15:0.74, 3:0.76

--> No improvement in validation loss. Patience: 4/10
Pre-train Epoch: 52 [0/40200 (0%)]	Loss: 0.685703	Acc: 85.94%
Pre-train Epoch: 52 [6400/40200 (16%)]	Loss: 0.534264	Acc: 83.99%
Pre-train Epoch: 52 [12800/40200 (32%)]	Loss: 0.481861	Acc: 84.72%
Pre-train Epoch: 52 [19200/40200 (48%)]	Loss: 0.599979	Acc: 84.84%
Pre-train Epoch: 52 [25600/40200 (64%)]	Loss: 0.350595	Acc: 84.76%
Pre-train Epoch: 52 [32000/40200 (79%)]	Loss: 0.518401	Acc: 84.77%
Pre-train Epoch: 52 [38400/40200 (95%)]	Loss: 0.535876	Acc: 84.78%

Validation set: Average loss: 0.5576, Accuracy: 16635/19800 (84.02%)

Validation: acc 84.02%  macro-F1 0.8394  macro-recall 0.8404  (n=19800, classes=30)
Validation: worst-6 recall -> 22:0.55, 8:0.61, 29:0.64, 17:0.67, 6:0.67, 7:0.69

--> No improvement in validation loss. Patience: 5/10
Pre-train Epoch: 53 [0/40200 (0%)]	Loss: 0.584407	Acc: 82.81%
Pre-train Epoch: 53 [6400/40200 (16%)]	Loss: 0.566234	Acc: 84.73%
Pre-train Epoch: 53 [12800/40200 (32%)]	Loss: 0.533502	Acc: 84.96%
Pre-train Epoch: 53 [19200/40200 (48%)]	Loss: 0.574865	Acc: 84.99%
Pre-train Epoch: 53 [25600/40200 (64%)]	Loss: 0.608514	Acc: 85.02%
Pre-train Epoch: 53 [32000/40200 (79%)]	Loss: 0.481180	Acc: 85.08%
Pre-train Epoch: 53 [38400/40200 (95%)]	Loss: 0.511640	Acc: 84.98%

Validation set: Average loss: 0.5042, Accuracy: 17013/19800 (85.92%)

Validation: acc 85.92%  macro-F1 0.8591  macro-recall 0.8593  (n=19800, classes=30)
Validation: worst-6 recall -> 8:0.52, 22:0.64, 2:0.68, 29:0.70, 15:0.75, 28:0.76

--> No improvement in validation loss. Patience: 6/10
Pre-train Epoch: 54 [0/40200 (0%)]	Loss: 0.636320	Acc: 82.81%
Pre-train Epoch: 54 [6400/40200 (16%)]	Loss: 0.623225	Acc: 85.32%
Pre-train Epoch: 54 [12800/40200 (32%)]	Loss: 0.497759	Acc: 85.15%
Pre-train Epoch: 54 [19200/40200 (48%)]	Loss: 0.495687	Acc: 84.87%
Pre-train Epoch: 54 [25600/40200 (64%)]	Loss: 0.523411	Acc: 84.84%
Pre-train Epoch: 54 [32000/40200 (79%)]	Loss: 0.422088	Acc: 84.61%
Pre-train Epoch: 54 [38400/40200 (95%)]	Loss: 0.385917	Acc: 84.70%

Validation set: Average loss: 0.4611, Accuracy: 17231/19800 (87.03%)

Validation: acc 87.03%  macro-F1 0.8708  macro-recall 0.8709  (n=19800, classes=30)
Validation: worst-6 recall -> 15:0.63, 6:0.68, 22:0.69, 2:0.73, 8:0.74, 7:0.77

--> Best validation loss improved. Saved model to runs\20260917-213310_multiscale_cnn_abl-minmax_only_6957bf\reference.pth
Pre-train Epoch: 55 [0/40200 (0%)]	Loss: 0.605098	Acc: 84.38%
Pre-train Epoch: 55 [6400/40200 (16%)]	Loss: 0.473842	Acc: 85.01%
Pre-train Epoch: 55 [12800/40200 (32%)]	Loss: 0.511921	Acc: 84.92%
Pre-train Epoch: 55 [19200/40200 (48%)]	Loss: 0.493028	Acc: 85.12%
Pre-train Epoch: 55 [25600/40200 (64%)]	Loss: 0.493412	Acc: 85.05%
Pre-train Epoch: 55 [32000/40200 (79%)]	Loss: 0.678621	Acc: 85.10%
Pre-train Epoch: 55 [38400/40200 (95%)]	Loss: 0.454667	Acc: 85.05%

Validation set: Average loss: 0.4839, Accuracy: 17058/19800 (86.15%)

Validation: acc 86.15%  macro-F1 0.8619  macro-recall 0.8618  (n=19800, classes=30)
Validation: worst-6 recall -> 15:0.57, 8:0.60, 2:0.60, 28:0.65, 6:0.72, 3:0.77

--> No improvement in validation loss. Patience: 1/10
Pre-train Epoch: 56 [0/40200 (0%)]	Loss: 0.411279	Acc: 87.50%
Pre-train Epoch: 56 [6400/40200 (16%)]	Loss: 0.614108	Acc: 85.10%
Pre-train Epoch: 56 [12800/40200 (32%)]	Loss: 0.474837	Acc: 85.51%
Pre-train Epoch: 56 [19200/40200 (48%)]	Loss: 0.520113	Acc: 85.16%
Pre-train Epoch: 56 [25600/40200 (64%)]	Loss: 0.517902	Acc: 85.27%
Pre-train Epoch: 56 [32000/40200 (79%)]	Loss: 0.544530	Acc: 85.18%
Pre-train Epoch: 56 [38400/40200 (95%)]	Loss: 0.555786	Acc: 85.12%

Validation set: Average loss: 0.4793, Accuracy: 17088/19800 (86.30%)

Validation: acc 86.30%  macro-F1 0.8639  macro-recall 0.8637  (n=19800, classes=30)
Validation: worst-6 recall -> 15:0.56, 28:0.59, 2:0.61, 6:0.68, 22:0.74, 3:0.76

--> No improvement in validation loss. Patience: 2/10
Pre-train Epoch: 57 [0/40200 (0%)]	Loss: 0.427737	Acc: 87.50%
Pre-train Epoch: 57 [6400/40200 (16%)]	Loss: 0.527540	Acc: 85.43%
Pre-train Epoch: 57 [12800/40200 (32%)]	Loss: 0.527225	Acc: 85.14%
Pre-train Epoch: 57 [19200/40200 (48%)]	Loss: 0.409870	Acc: 85.29%
Pre-train Epoch: 57 [25600/40200 (64%)]	Loss: 0.573720	Acc: 85.11%
Pre-train Epoch: 57 [32000/40200 (79%)]	Loss: 0.458801	Acc: 85.11%
Pre-train Epoch: 57 [38400/40200 (95%)]	Loss: 0.542821	Acc: 84.91%

Validation set: Average loss: 0.5068, Accuracy: 17040/19800 (86.06%)

Validation: acc 86.06%  macro-F1 0.8608  macro-recall 0.8610  (n=19800, classes=30)
Validation: worst-6 recall -> 8:0.54, 6:0.54, 22:0.69, 29:0.75, 2:0.79, 15:0.79

--> No improvement in validation loss. Patience: 3/10
Pre-train Epoch: 58 [0/40200 (0%)]	Loss: 0.429433	Acc: 92.19%
Pre-train Epoch: 58 [6400/40200 (16%)]	Loss: 0.390823	Acc: 85.69%
Pre-train Epoch: 58 [12800/40200 (32%)]	Loss: 0.543223	Acc: 85.63%
Pre-train Epoch: 58 [19200/40200 (48%)]	Loss: 0.569894	Acc: 85.54%
Pre-train Epoch: 58 [25600/40200 (64%)]	Loss: 0.559172	Acc: 85.44%
Pre-train Epoch: 58 [32000/40200 (79%)]	Loss: 0.496429	Acc: 85.36%
Pre-train Epoch: 58 [38400/40200 (95%)]	Loss: 0.592826	Acc: 85.28%

Validation set: Average loss: 0.4882, Accuracy: 16931/19800 (85.51%)

Validation: acc 85.51%  macro-F1 0.8565  macro-recall 0.8559  (n=19800, classes=30)
Validation: worst-6 recall -> 28:0.52, 6:0.53, 15:0.58, 2:0.66, 14:0.76, 26:0.77

--> No improvement in validation loss. Patience: 4/10
Pre-train Epoch: 59 [0/40200 (0%)]	Loss: 0.591497	Acc: 84.38%
Pre-train Epoch: 59 [6400/40200 (16%)]	Loss: 0.735819	Acc: 85.15%
Pre-train Epoch: 59 [12800/40200 (32%)]	Loss: 0.417267	Acc: 85.23%
Pre-train Epoch: 59 [19200/40200 (48%)]	Loss: 0.595698	Acc: 85.14%
Pre-train Epoch: 59 [25600/40200 (64%)]	Loss: 0.547890	Acc: 85.22%
Pre-train Epoch: 59 [32000/40200 (79%)]	Loss: 0.472794	Acc: 85.18%
Pre-train Epoch: 59 [38400/40200 (95%)]	Loss: 0.586978	Acc: 85.18%

Validation set: Average loss: 0.4645, Accuracy: 17239/19800 (87.07%)

Validation: acc 87.07%  macro-F1 0.8705  macro-recall 0.8707  (n=19800, classes=30)
Validation: worst-6 recall -> 22:0.60, 8:0.62, 29:0.68, 7:0.74, 2:0.75, 6:0.77

--> No improvement in validation loss. Patience: 5/10
Pre-train Epoch: 60 [0/40200 (0%)]	Loss: 0.656384	Acc: 82.81%
Pre-train Epoch: 60 [6400/40200 (16%)]	Loss: 0.577823	Acc: 85.19%
Pre-train Epoch: 60 [12800/40200 (32%)]	Loss: 0.617965	Acc: 85.23%
Pre-train Epoch: 60 [19200/40200 (48%)]	Loss: 0.506847	Acc: 85.23%
Pre-train Epoch: 60 [25600/40200 (64%)]	Loss: 0.452578	Acc: 85.42%
Pre-train Epoch: 60 [32000/40200 (79%)]	Loss: 0.577536	Acc: 85.35%
Pre-train Epoch: 60 [38400/40200 (95%)]	Loss: 0.431336	Acc: 85.48%

Validation set: Average loss: 0.4918, Accuracy: 17039/19800 (86.06%)

Validation: acc 86.06%  macro-F1 0.8585  macro-recall 0.8609  (n=19800, classes=30)
Validation: worst-6 recall -> 2:0.60, 7:0.61, 16:0.61, 8:0.62, 22:0.70, 28:0.72

--> No improvement in validation loss. Patience: 6/10
Pre-train Epoch: 61 [0/40200 (0%)]	Loss: 0.550869	Acc: 85.94%
Pre-train Epoch: 61 [6400/40200 (16%)]	Loss: 0.562776	Acc: 85.35%
Pre-train Epoch: 61 [12800/40200 (32%)]	Loss: 0.522748	Acc: 85.29%
Pre-train Epoch: 61 [19200/40200 (48%)]	Loss: 0.637537	Acc: 85.40%
Pre-train Epoch: 61 [25600/40200 (64%)]	Loss: 0.545773	Acc: 85.30%
Pre-train Epoch: 61 [32000/40200 (79%)]	Loss: 0.431394	Acc: 85.43%
Pre-train Epoch: 61 [38400/40200 (95%)]	Loss: 0.576153	Acc: 85.31%

Validation set: Average loss: 0.4658, Accuracy: 17232/19800 (87.03%)

Validation: acc 87.03%  macro-F1 0.8702  macro-recall 0.8709  (n=19800, classes=30)
Validation: worst-6 recall -> 15:0.69, 29:0.70, 3:0.71, 8:0.71, 22:0.73, 7:0.74

--> No improvement in validation loss. Patience: 7/10
Pre-train Epoch: 62 [0/40200 (0%)]	Loss: 0.491817	Acc: 87.50%
Pre-train Epoch: 62 [6400/40200 (16%)]	Loss: 0.593365	Acc: 86.19%
Pre-train Epoch: 62 [12800/40200 (32%)]	Loss: 0.395853	Acc: 86.12%
Pre-train Epoch: 62 [19200/40200 (48%)]	Loss: 0.470552	Acc: 85.70%
Pre-train Epoch: 62 [25600/40200 (64%)]	Loss: 0.438182	Acc: 85.67%
Pre-train Epoch: 62 [32000/40200 (79%)]	Loss: 0.491213	Acc: 85.57%
Pre-train Epoch: 62 [38400/40200 (95%)]	Loss: 0.342163	Acc: 85.55%

Validation set: Average loss: 0.5617, Accuracy: 16425/19800 (82.95%)

Validation: acc 82.95%  macro-F1 0.8316  macro-recall 0.8305  (n=19800, classes=30)
Validation: worst-6 recall -> 28:0.44, 6:0.55, 15:0.55, 3:0.61, 14:0.64, 2:0.68

--> No improvement in validation loss. Patience: 8/10
Pre-train Epoch: 63 [0/40200 (0%)]	Loss: 0.545397	Acc: 84.38%
Pre-train Epoch: 63 [6400/40200 (16%)]	Loss: 0.490355	Acc: 85.77%
Pre-train Epoch: 63 [12800/40200 (32%)]	Loss: 0.502567	Acc: 85.97%
Pre-train Epoch: 63 [19200/40200 (48%)]	Loss: 0.470120	Acc: 85.74%
Pre-train Epoch: 63 [25600/40200 (64%)]	Loss: 0.493617	Acc: 86.09%
Pre-train Epoch: 63 [32000/40200 (79%)]	Loss: 0.406278	Acc: 85.96%
Pre-train Epoch: 63 [38400/40200 (95%)]	Loss: 0.483973	Acc: 85.80%

Validation set: Average loss: 0.4469, Accuracy: 17354/19800 (87.65%)

Validation: acc 87.65%  macro-F1 0.8773  macro-recall 0.8770  (n=19800, classes=30)
Validation: worst-6 recall -> 22:0.61, 2:0.69, 15:0.74, 6:0.74, 8:0.75, 28:0.78

--> Best validation loss improved. Saved model to runs\20260917-213310_multiscale_cnn_abl-minmax_only_6957bf\reference.pth
Pre-train Epoch: 64 [0/40200 (0%)]	Loss: 0.429129	Acc: 84.38%
Pre-train Epoch: 64 [6400/40200 (16%)]	Loss: 0.546430	Acc: 86.11%
Pre-train Epoch: 64 [12800/40200 (32%)]	Loss: 0.489329	Acc: 86.40%
Pre-train Epoch: 64 [19200/40200 (48%)]	Loss: 0.541197	Acc: 86.11%
Pre-train Epoch: 64 [25600/40200 (64%)]	Loss: 0.485005	Acc: 86.25%
Pre-train Epoch: 64 [32000/40200 (79%)]	Loss: 0.494533	Acc: 86.30%
Pre-train Epoch: 64 [38400/40200 (95%)]	Loss: 0.555032	Acc: 86.37%

Validation set: Average loss: 0.4570, Accuracy: 17292/19800 (87.33%)

Validation: acc 87.33%  macro-F1 0.8737  macro-recall 0.8737  (n=19800, classes=30)
Validation: worst-6 recall -> 8:0.59, 6:0.60, 15:0.64, 28:0.73, 3:0.75, 2:0.79

--> No improvement in validation loss. Patience: 1/10
Pre-train Epoch: 65 [0/40200 (0%)]	Loss: 0.463727	Acc: 85.94%
Pre-train Epoch: 65 [6400/40200 (16%)]	Loss: 0.467886	Acc: 86.05%
Pre-train Epoch: 65 [12800/40200 (32%)]	Loss: 0.622206	Acc: 86.01%
Pre-train Epoch: 65 [19200/40200 (48%)]	Loss: 0.466650	Acc: 85.92%
Pre-train Epoch: 65 [25600/40200 (64%)]	Loss: 0.465697	Acc: 86.11%
Pre-train Epoch: 65 [32000/40200 (79%)]	Loss: 0.634703	Acc: 85.94%
Pre-train Epoch: 65 [38400/40200 (95%)]	Loss: 0.672475	Acc: 85.85%

Validation set: Average loss: 0.4873, Accuracy: 17164/19800 (86.69%)

Validation: acc 86.69%  macro-F1 0.8661  macro-recall 0.8673  (n=19800, classes=30)
Validation: worst-6 recall -> 29:0.60, 8:0.70, 15:0.71, 22:0.73, 7:0.73, 6:0.74

--> No improvement in validation loss. Patience: 2/10
Pre-train Epoch: 66 [0/40200 (0%)]	Loss: 0.488873	Acc: 89.06%
Pre-train Epoch: 66 [6400/40200 (16%)]	Loss: 0.592328	Acc: 86.71%
Pre-train Epoch: 66 [12800/40200 (32%)]	Loss: 0.447775	Acc: 86.59%
Pre-train Epoch: 66 [19200/40200 (48%)]	Loss: 0.472573	Acc: 86.32%
Pre-train Epoch: 66 [25600/40200 (64%)]	Loss: 0.421223	Acc: 86.16%
Pre-train Epoch: 66 [32000/40200 (79%)]	Loss: 0.572140	Acc: 86.07%
Pre-train Epoch: 66 [38400/40200 (95%)]	Loss: 0.675473	Acc: 86.07%

Validation set: Average loss: 0.4507, Accuracy: 17317/19800 (87.46%)

Validation: acc 87.46%  macro-F1 0.8750  macro-recall 0.8751  (n=19800, classes=30)
Validation: worst-6 recall -> 6:0.69, 8:0.70, 22:0.72, 2:0.72, 15:0.73, 14:0.78

--> No improvement in validation loss. Patience: 3/10
Pre-train Epoch: 67 [0/40200 (0%)]	Loss: 0.441111	Acc: 87.50%
Pre-train Epoch: 67 [6400/40200 (16%)]	Loss: 0.470396	Acc: 85.47%
Pre-train Epoch: 67 [12800/40200 (32%)]	Loss: 0.410716	Acc: 85.98%
Pre-train Epoch: 67 [19200/40200 (48%)]	Loss: 0.563598	Acc: 86.09%
Pre-train Epoch: 67 [25600/40200 (64%)]	Loss: 0.570648	Acc: 85.98%
Pre-train Epoch: 67 [32000/40200 (79%)]	Loss: 0.507801	Acc: 86.03%
Pre-train Epoch: 67 [38400/40200 (95%)]	Loss: 0.431077	Acc: 86.02%

Validation set: Average loss: 0.4507, Accuracy: 17344/19800 (87.60%)

Validation: acc 87.60%  macro-F1 0.8776  macro-recall 0.8763  (n=19800, classes=30)
Validation: worst-6 recall -> 15:0.70, 3:0.71, 28:0.73, 2:0.73, 7:0.77, 8:0.78

--> No improvement in validation loss. Patience: 4/10
Pre-train Epoch: 68 [0/40200 (0%)]	Loss: 0.533200	Acc: 89.06%
Pre-train Epoch: 68 [6400/40200 (16%)]	Loss: 0.677211	Acc: 86.26%
Pre-train Epoch: 68 [12800/40200 (32%)]	Loss: 0.468895	Acc: 86.06%
Pre-train Epoch: 68 [19200/40200 (48%)]	Loss: 0.581636	Acc: 86.30%
Pre-train Epoch: 68 [25600/40200 (64%)]	Loss: 0.573457	Acc: 86.27%
Pre-train Epoch: 68 [32000/40200 (79%)]	Loss: 0.540399	Acc: 86.26%
Pre-train Epoch: 68 [38400/40200 (95%)]	Loss: 0.448741	Acc: 86.18%

Validation set: Average loss: 0.4637, Accuracy: 17291/19800 (87.33%)

Validation: acc 87.33%  macro-F1 0.8749  macro-recall 0.8740  (n=19800, classes=30)
Validation: worst-6 recall -> 6:0.70, 3:0.73, 22:0.74, 8:0.74, 29:0.75, 4:0.75

--> No improvement in validation loss. Patience: 5/10
Pre-train Epoch: 69 [0/40200 (0%)]	Loss: 0.493938	Acc: 85.94%
Pre-train Epoch: 69 [6400/40200 (16%)]	Loss: 0.633042	Acc: 86.32%
Pre-train Epoch: 69 [12800/40200 (32%)]	Loss: 0.429113	Acc: 86.31%
Pre-train Epoch: 69 [19200/40200 (48%)]	Loss: 0.422694	Acc: 86.50%
Pre-train Epoch: 69 [25600/40200 (64%)]	Loss: 0.516857	Acc: 86.42%
Pre-train Epoch: 69 [32000/40200 (79%)]	Loss: 0.531553	Acc: 86.43%
Pre-train Epoch: 69 [38400/40200 (95%)]	Loss: 0.523743	Acc: 86.32%

Validation set: Average loss: 0.4538, Accuracy: 17372/19800 (87.74%)

Validation: acc 87.74%  macro-F1 0.8773  macro-recall 0.8778  (n=19800, classes=30)
Validation: worst-6 recall -> 2:0.64, 8:0.64, 16:0.70, 6:0.72, 22:0.76, 28:0.76

--> No improvement in validation loss. Patience: 6/10
Pre-train Epoch: 70 [0/40200 (0%)]	Loss: 0.502787	Acc: 87.50%
Pre-train Epoch: 70 [6400/40200 (16%)]	Loss: 0.458384	Acc: 86.68%
Pre-train Epoch: 70 [12800/40200 (32%)]	Loss: 0.373154	Acc: 86.21%
Pre-train Epoch: 70 [19200/40200 (48%)]	Loss: 0.434473	Acc: 86.37%
Pre-train Epoch: 70 [25600/40200 (64%)]	Loss: 0.542972	Acc: 86.43%
Pre-train Epoch: 70 [32000/40200 (79%)]	Loss: 0.656693	Acc: 86.43%
Pre-train Epoch: 70 [38400/40200 (95%)]	Loss: 0.610828	Acc: 86.40%

Validation set: Average loss: 0.4590, Accuracy: 17249/19800 (87.12%)

Validation: acc 87.12%  macro-F1 0.8710  macro-recall 0.8719  (n=19800, classes=30)
Validation: worst-6 recall -> 16:0.63, 6:0.68, 3:0.68, 29:0.72, 8:0.73, 2:0.76

--> No improvement in validation loss. Patience: 7/10
Pre-train Epoch: 71 [0/40200 (0%)]	Loss: 0.470658	Acc: 89.06%
Pre-train Epoch: 71 [6400/40200 (16%)]	Loss: 0.377113	Acc: 87.52%
Pre-train Epoch: 71 [12800/40200 (32%)]	Loss: 0.550853	Acc: 87.24%
Pre-train Epoch: 71 [19200/40200 (48%)]	Loss: 0.476649	Acc: 87.04%
Pre-train Epoch: 71 [25600/40200 (64%)]	Loss: 0.396648	Acc: 86.89%
Pre-train Epoch: 71 [32000/40200 (79%)]	Loss: 0.530607	Acc: 86.69%
Pre-train Epoch: 71 [38400/40200 (95%)]	Loss: 0.537507	Acc: 86.68%

Validation set: Average loss: 0.4215, Accuracy: 17514/19800 (88.45%)

Validation: acc 88.45%  macro-F1 0.8844  macro-recall 0.8850  (n=19800, classes=30)
Validation: worst-6 recall -> 8:0.69, 2:0.70, 6:0.71, 22:0.76, 7:0.77, 29:0.78

--> Best validation loss improved. Saved model to runs\20260917-213310_multiscale_cnn_abl-minmax_only_6957bf\reference.pth
Pre-train Epoch: 72 [0/40200 (0%)]	Loss: 0.505259	Acc: 82.81%
Pre-train Epoch: 72 [6400/40200 (16%)]	Loss: 0.449746	Acc: 86.76%
Pre-train Epoch: 72 [12800/40200 (32%)]	Loss: 0.798009	Acc: 86.47%
Pre-train Epoch: 72 [19200/40200 (48%)]	Loss: 0.424548	Acc: 86.87%
Pre-train Epoch: 72 [25600/40200 (64%)]	Loss: 0.693542	Acc: 86.81%
Pre-train Epoch: 72 [32000/40200 (79%)]	Loss: 0.534137	Acc: 86.75%
Pre-train Epoch: 72 [38400/40200 (95%)]	Loss: 0.438934	Acc: 86.81%

Validation set: Average loss: 0.4887, Accuracy: 17099/19800 (86.36%)

Validation: acc 86.36%  macro-F1 0.8642  macro-recall 0.8636  (n=19800, classes=30)
Validation: worst-6 recall -> 22:0.64, 29:0.64, 8:0.65, 15:0.72, 6:0.74, 17:0.76

--> No improvement in validation loss. Patience: 1/10
Pre-train Epoch: 73 [0/40200 (0%)]	Loss: 0.482724	Acc: 90.62%
Pre-train Epoch: 73 [6400/40200 (16%)]	Loss: 0.480124	Acc: 86.73%
Pre-train Epoch: 73 [12800/40200 (32%)]	Loss: 0.483676	Acc: 86.83%
Pre-train Epoch: 73 [19200/40200 (48%)]	Loss: 0.497716	Acc: 86.97%
Pre-train Epoch: 73 [25600/40200 (64%)]	Loss: 0.411425	Acc: 87.01%
Pre-train Epoch: 73 [32000/40200 (79%)]	Loss: 0.516440	Acc: 86.96%
Pre-train Epoch: 73 [38400/40200 (95%)]	Loss: 0.516238	Acc: 86.90%

Validation set: Average loss: 0.4463, Accuracy: 17301/19800 (87.38%)

Validation: acc 87.38%  macro-F1 0.8753  macro-recall 0.8742  (n=19800, classes=30)
Validation: worst-6 recall -> 28:0.64, 2:0.70, 6:0.70, 8:0.72, 15:0.73, 22:0.79

--> No improvement in validation loss. Patience: 2/10
Pre-train Epoch: 74 [0/40200 (0%)]	Loss: 0.378055	Acc: 93.75%
Pre-train Epoch: 74 [6400/40200 (16%)]	Loss: 0.471718	Acc: 86.96%
Pre-train Epoch: 74 [12800/40200 (32%)]	Loss: 0.536488	Acc: 86.96%
Pre-train Epoch: 74 [19200/40200 (48%)]	Loss: 0.558682	Acc: 87.08%
Pre-train Epoch: 74 [25600/40200 (64%)]	Loss: 0.505753	Acc: 87.00%
Pre-train Epoch: 74 [32000/40200 (79%)]	Loss: 0.433745	Acc: 86.93%
Pre-train Epoch: 74 [38400/40200 (95%)]	Loss: 0.580032	Acc: 86.91%

Validation set: Average loss: 0.4323, Accuracy: 17468/19800 (88.22%)

Validation: acc 88.22%  macro-F1 0.8821  macro-recall 0.8823  (n=19800, classes=30)
Validation: worst-6 recall -> 8:0.67, 2:0.70, 22:0.72, 16:0.72, 29:0.74, 7:0.75

--> No improvement in validation loss. Patience: 3/10
Pre-train Epoch: 75 [0/40200 (0%)]	Loss: 0.560250	Acc: 82.81%
Pre-train Epoch: 75 [6400/40200 (16%)]	Loss: 0.549346	Acc: 87.11%
Pre-train Epoch: 75 [12800/40200 (32%)]	Loss: 0.507344	Acc: 87.09%
Pre-train Epoch: 75 [19200/40200 (48%)]	Loss: 0.499923	Acc: 87.23%
Pre-train Epoch: 75 [25600/40200 (64%)]	Loss: 0.454790	Acc: 87.23%
Pre-train Epoch: 75 [32000/40200 (79%)]	Loss: 0.592772	Acc: 87.07%
Pre-train Epoch: 75 [38400/40200 (95%)]	Loss: 0.466173	Acc: 87.04%

Validation set: Average loss: 0.4281, Accuracy: 17471/19800 (88.24%)

Validation: acc 88.24%  macro-F1 0.8827  macro-recall 0.8825  (n=19800, classes=30)
Validation: worst-6 recall -> 8:0.59, 6:0.68, 28:0.76, 22:0.76, 3:0.79, 2:0.79

--> No improvement in validation loss. Patience: 4/10
Pre-train Epoch: 76 [0/40200 (0%)]	Loss: 0.488265	Acc: 85.94%
Pre-train Epoch: 76 [6400/40200 (16%)]	Loss: 0.518497	Acc: 88.17%
Pre-train Epoch: 76 [12800/40200 (32%)]	Loss: 0.444113	Acc: 87.75%
Pre-train Epoch: 76 [19200/40200 (48%)]	Loss: 0.600317	Acc: 87.34%
Pre-train Epoch: 76 [25600/40200 (64%)]	Loss: 0.507866	Acc: 87.41%
Pre-train Epoch: 76 [32000/40200 (79%)]	Loss: 0.468382	Acc: 87.34%
Pre-train Epoch: 76 [38400/40200 (95%)]	Loss: 0.541537	Acc: 87.26%

Validation set: Average loss: 0.4260, Accuracy: 17509/19800 (88.43%)

Validation: acc 88.43%  macro-F1 0.8852  macro-recall 0.8847  (n=19800, classes=30)
Validation: worst-6 recall -> 22:0.66, 2:0.67, 6:0.77, 8:0.78, 7:0.80, 29:0.80

--> No improvement in validation loss. Patience: 5/10
Pre-train Epoch: 77 [0/40200 (0%)]	Loss: 0.562533	Acc: 85.94%
Pre-train Epoch: 77 [6400/40200 (16%)]	Loss: 0.496743	Acc: 86.65%
Pre-train Epoch: 77 [12800/40200 (32%)]	Loss: 0.382185	Acc: 86.63%
Pre-train Epoch: 77 [19200/40200 (48%)]	Loss: 0.453724	Acc: 86.95%
Pre-train Epoch: 77 [25600/40200 (64%)]	Loss: 0.494769	Acc: 87.10%
Pre-train Epoch: 77 [32000/40200 (79%)]	Loss: 0.496773	Acc: 87.21%
Pre-train Epoch: 77 [38400/40200 (95%)]	Loss: 0.597284	Acc: 87.16%

Validation set: Average loss: 0.4205, Accuracy: 17498/19800 (88.37%)

Validation: acc 88.37%  macro-F1 0.8841  macro-recall 0.8840  (n=19800, classes=30)
Validation: worst-6 recall -> 2:0.65, 28:0.69, 8:0.71, 15:0.73, 6:0.75, 22:0.77

--> Best validation loss improved. Saved model to runs\20260917-213310_multiscale_cnn_abl-minmax_only_6957bf\reference.pth
Pre-train Epoch: 78 [0/40200 (0%)]	Loss: 0.443347	Acc: 92.19%
Pre-train Epoch: 78 [6400/40200 (16%)]	Loss: 0.491343	Acc: 87.69%
Pre-train Epoch: 78 [12800/40200 (32%)]	Loss: 0.560606	Acc: 87.48%
Pre-train Epoch: 78 [19200/40200 (48%)]	Loss: 0.468990	Acc: 87.59%
Pre-train Epoch: 78 [25600/40200 (64%)]	Loss: 0.696879	Acc: 87.43%
Pre-train Epoch: 78 [32000/40200 (79%)]	Loss: 0.447440	Acc: 87.39%
Pre-train Epoch: 78 [38400/40200 (95%)]	Loss: 0.617474	Acc: 87.45%

Validation set: Average loss: 0.4413, Accuracy: 17431/19800 (88.04%)

Validation: acc 88.04%  macro-F1 0.8800  macro-recall 0.8808  (n=19800, classes=30)
Validation: worst-6 recall -> 2:0.69, 6:0.71, 8:0.72, 29:0.73, 17:0.75, 22:0.75

--> No improvement in validation loss. Patience: 1/10
Pre-train Epoch: 79 [0/40200 (0%)]	Loss: 0.525362	Acc: 82.81%
Pre-train Epoch: 79 [6400/40200 (16%)]	Loss: 0.599365	Acc: 87.14%
Pre-train Epoch: 79 [12800/40200 (32%)]	Loss: 0.475376	Acc: 87.21%
Pre-train Epoch: 79 [19200/40200 (48%)]	Loss: 0.497206	Acc: 87.55%
Pre-train Epoch: 79 [25600/40200 (64%)]	Loss: 0.553662	Acc: 87.49%
Pre-train Epoch: 79 [32000/40200 (79%)]	Loss: 0.562080	Acc: 87.46%
Pre-train Epoch: 79 [38400/40200 (95%)]	Loss: 0.503139	Acc: 87.49%

Validation set: Average loss: 0.4179, Accuracy: 17490/19800 (88.33%)

Validation: acc 88.33%  macro-F1 0.8845  macro-recall 0.8837  (n=19800, classes=30)
Validation: worst-6 recall -> 2:0.70, 8:0.73, 22:0.73, 6:0.75, 15:0.79, 28:0.80

--> Best validation loss improved. Saved model to runs\20260917-213310_multiscale_cnn_abl-minmax_only_6957bf\reference.pth
Pre-train Epoch: 80 [0/40200 (0%)]	Loss: 0.446954	Acc: 81.25%
Pre-train Epoch: 80 [6400/40200 (16%)]	Loss: 0.465681	Acc: 87.61%
Pre-train Epoch: 80 [12800/40200 (32%)]	Loss: 0.502687	Acc: 87.37%
Pre-train Epoch: 80 [19200/40200 (48%)]	Loss: 0.489036	Acc: 87.38%
Pre-train Epoch: 80 [25600/40200 (64%)]	Loss: 0.413476	Acc: 87.54%
Pre-train Epoch: 80 [32000/40200 (79%)]	Loss: 0.390930	Acc: 87.61%
Pre-train Epoch: 80 [38400/40200 (95%)]	Loss: 0.478577	Acc: 87.57%

Validation set: Average loss: 0.4211, Accuracy: 17475/19800 (88.26%)

Validation: acc 88.26%  macro-F1 0.8836  macro-recall 0.8831  (n=19800, classes=30)
Validation: worst-6 recall -> 2:0.67, 15:0.67, 6:0.69, 28:0.72, 8:0.78, 22:0.79

--> No improvement in validation loss. Patience: 1/10
Pre-train Epoch: 81 [0/40200 (0%)]	Loss: 0.480110	Acc: 92.19%
Pre-train Epoch: 81 [6400/40200 (16%)]	Loss: 0.441837	Acc: 88.51%
Pre-train Epoch: 81 [12800/40200 (32%)]	Loss: 0.417367	Acc: 87.89%
Pre-train Epoch: 81 [19200/40200 (48%)]	Loss: 0.479127	Acc: 88.03%
Pre-train Epoch: 81 [25600/40200 (64%)]	Loss: 0.573058	Acc: 87.92%
Pre-train Epoch: 81 [32000/40200 (79%)]	Loss: 0.462306	Acc: 87.87%
Pre-train Epoch: 81 [38400/40200 (95%)]	Loss: 0.659527	Acc: 87.82%

Validation set: Average loss: 0.4122, Accuracy: 17577/19800 (88.77%)

Validation: acc 88.77%  macro-F1 0.8879  macro-recall 0.8880  (n=19800, classes=30)
Validation: worst-6 recall -> 8:0.60, 6:0.70, 2:0.74, 28:0.75, 16:0.79, 22:0.80

--> Best validation loss improved. Saved model to runs\20260917-213310_multiscale_cnn_abl-minmax_only_6957bf\reference.pth
Pre-train Epoch: 82 [0/40200 (0%)]	Loss: 0.481631	Acc: 89.06%
Pre-train Epoch: 82 [6400/40200 (16%)]	Loss: 0.587880	Acc: 88.29%
Pre-train Epoch: 82 [12800/40200 (32%)]	Loss: 0.300504	Acc: 87.91%
Pre-train Epoch: 82 [19200/40200 (48%)]	Loss: 0.418981	Acc: 87.73%
Pre-train Epoch: 82 [25600/40200 (64%)]	Loss: 0.376771	Acc: 87.80%
Pre-train Epoch: 82 [32000/40200 (79%)]	Loss: 0.507675	Acc: 87.73%
Pre-train Epoch: 82 [38400/40200 (95%)]	Loss: 0.422277	Acc: 87.73%

Validation set: Average loss: 0.4099, Accuracy: 17571/19800 (88.74%)

Validation: acc 88.74%  macro-F1 0.8882  macro-recall 0.8877  (n=19800, classes=30)
Validation: worst-6 recall -> 2:0.70, 28:0.72, 8:0.72, 6:0.78, 7:0.79, 16:0.80

--> Best validation loss improved. Saved model to runs\20260917-213310_multiscale_cnn_abl-minmax_only_6957bf\reference.pth
Pre-train Epoch: 83 [0/40200 (0%)]	Loss: 0.531601	Acc: 85.94%
Pre-train Epoch: 83 [6400/40200 (16%)]	Loss: 0.402173	Acc: 88.20%
Pre-train Epoch: 83 [12800/40200 (32%)]	Loss: 0.399001	Acc: 87.91%
Pre-train Epoch: 83 [19200/40200 (48%)]	Loss: 0.308956	Acc: 88.02%
Pre-train Epoch: 83 [25600/40200 (64%)]	Loss: 0.560441	Acc: 87.99%
Pre-train Epoch: 83 [32000/40200 (79%)]	Loss: 0.441037	Acc: 87.89%
Pre-train Epoch: 83 [38400/40200 (95%)]	Loss: 0.393401	Acc: 87.86%

Validation set: Average loss: 0.4097, Accuracy: 17648/19800 (89.13%)

Validation: acc 89.13%  macro-F1 0.8921  macro-recall 0.8918  (n=19800, classes=30)
Validation: worst-6 recall -> 2:0.68, 22:0.75, 6:0.77, 28:0.80, 8:0.80, 15:0.81

--> Best validation loss improved. Saved model to runs\20260917-213310_multiscale_cnn_abl-minmax_only_6957bf\reference.pth
Pre-train Epoch: 84 [0/40200 (0%)]	Loss: 0.448667	Acc: 92.19%
Pre-train Epoch: 84 [6400/40200 (16%)]	Loss: 0.355728	Acc: 88.57%
Pre-train Epoch: 84 [12800/40200 (32%)]	Loss: 0.410291	Acc: 88.13%
Pre-train Epoch: 84 [19200/40200 (48%)]	Loss: 0.461634	Acc: 88.10%
Pre-train Epoch: 84 [25600/40200 (64%)]	Loss: 0.464893	Acc: 87.97%
Pre-train Epoch: 84 [32000/40200 (79%)]	Loss: 0.322270	Acc: 88.06%
Pre-train Epoch: 84 [38400/40200 (95%)]	Loss: 0.510432	Acc: 88.03%

Validation set: Average loss: 0.4091, Accuracy: 17584/19800 (88.81%)

Validation: acc 88.81%  macro-F1 0.8888  macro-recall 0.8886  (n=19800, classes=30)
Validation: worst-6 recall -> 6:0.72, 2:0.74, 15:0.76, 8:0.76, 29:0.78, 22:0.78

--> Best validation loss improved. Saved model to runs\20260917-213310_multiscale_cnn_abl-minmax_only_6957bf\reference.pth
Pre-train Epoch: 85 [0/40200 (0%)]	Loss: 0.465723	Acc: 89.06%
Pre-train Epoch: 85 [6400/40200 (16%)]	Loss: 0.532891	Acc: 87.81%
Pre-train Epoch: 85 [12800/40200 (32%)]	Loss: 0.421523	Acc: 87.94%
Pre-train Epoch: 85 [19200/40200 (48%)]	Loss: 0.451335	Acc: 87.96%
Pre-train Epoch: 85 [25600/40200 (64%)]	Loss: 0.549818	Acc: 87.97%
Pre-train Epoch: 85 [32000/40200 (79%)]	Loss: 0.393927	Acc: 87.95%
Pre-train Epoch: 85 [38400/40200 (95%)]	Loss: 0.479719	Acc: 87.98%

Validation set: Average loss: 0.4144, Accuracy: 17557/19800 (88.67%)

Validation: acc 88.67%  macro-F1 0.8867  macro-recall 0.8868  (n=19800, classes=30)
Validation: worst-6 recall -> 8:0.63, 22:0.73, 2:0.75, 16:0.76, 7:0.77, 6:0.78

--> No improvement in validation loss. Patience: 1/10
Pre-train Epoch: 86 [0/40200 (0%)]	Loss: 0.412452	Acc: 92.19%
Pre-train Epoch: 86 [6400/40200 (16%)]	Loss: 0.568441	Acc: 88.47%
Pre-train Epoch: 86 [12800/40200 (32%)]	Loss: 0.453240	Acc: 88.22%
Pre-train Epoch: 86 [19200/40200 (48%)]	Loss: 0.379471	Acc: 88.21%
Pre-train Epoch: 86 [25600/40200 (64%)]	Loss: 0.525443	Acc: 88.10%
Pre-train Epoch: 86 [32000/40200 (79%)]	Loss: 0.441106	Acc: 88.02%
Pre-train Epoch: 86 [38400/40200 (95%)]	Loss: 0.396370	Acc: 88.00%

Validation set: Average loss: 0.4016, Accuracy: 17670/19800 (89.24%)

Validation: acc 89.24%  macro-F1 0.8926  macro-recall 0.8928  (n=19800, classes=30)
Validation: worst-6 recall -> 8:0.71, 2:0.72, 6:0.75, 22:0.77, 7:0.80, 29:0.80

--> Best validation loss improved. Saved model to runs\20260917-213310_multiscale_cnn_abl-minmax_only_6957bf\reference.pth
Pre-train Epoch: 87 [0/40200 (0%)]	Loss: 0.367103	Acc: 95.31%
Pre-train Epoch: 87 [6400/40200 (16%)]	Loss: 0.446544	Acc: 88.47%
Pre-train Epoch: 87 [12800/40200 (32%)]	Loss: 0.479541	Acc: 88.43%
Pre-train Epoch: 87 [19200/40200 (48%)]	Loss: 0.431721	Acc: 88.31%
Pre-train Epoch: 87 [25600/40200 (64%)]	Loss: 0.533253	Acc: 88.26%
Pre-train Epoch: 87 [32000/40200 (79%)]	Loss: 0.533924	Acc: 88.33%
Pre-train Epoch: 87 [38400/40200 (95%)]	Loss: 0.464982	Acc: 88.34%

Validation set: Average loss: 0.4115, Accuracy: 17566/19800 (88.72%)

Validation: acc 88.72%  macro-F1 0.8863  macro-recall 0.8872  (n=19800, classes=30)
Validation: worst-6 recall -> 8:0.59, 7:0.70, 16:0.71, 2:0.73, 22:0.77, 29:0.78

--> No improvement in validation loss. Patience: 1/10
Pre-train Epoch: 88 [0/40200 (0%)]	Loss: 0.411737	Acc: 85.94%
Pre-train Epoch: 88 [6400/40200 (16%)]	Loss: 0.370380	Acc: 87.89%
Pre-train Epoch: 88 [12800/40200 (32%)]	Loss: 0.421941	Acc: 88.13%
Pre-train Epoch: 88 [19200/40200 (48%)]	Loss: 0.456999	Acc: 88.17%
Pre-train Epoch: 88 [25600/40200 (64%)]	Loss: 0.528265	Acc: 88.03%
Pre-train Epoch: 88 [32000/40200 (79%)]	Loss: 0.509921	Acc: 88.13%
Pre-train Epoch: 88 [38400/40200 (95%)]	Loss: 0.459883	Acc: 88.07%

Validation set: Average loss: 0.4029, Accuracy: 17644/19800 (89.11%)

Validation: acc 89.11%  macro-F1 0.8911  macro-recall 0.8914  (n=19800, classes=30)
Validation: worst-6 recall -> 8:0.65, 6:0.73, 2:0.74, 16:0.75, 22:0.80, 29:0.80

--> No improvement in validation loss. Patience: 2/10
Pre-train Epoch: 89 [0/40200 (0%)]	Loss: 0.462174	Acc: 89.06%
Pre-train Epoch: 89 [6400/40200 (16%)]	Loss: 0.442219	Acc: 88.41%
Pre-train Epoch: 89 [12800/40200 (32%)]	Loss: 0.510761	Acc: 88.62%
Pre-train Epoch: 89 [19200/40200 (48%)]	Loss: 0.422840	Acc: 88.64%
Pre-train Epoch: 89 [25600/40200 (64%)]	Loss: 0.435927	Acc: 88.51%
Pre-train Epoch: 89 [32000/40200 (79%)]	Loss: 0.410487	Acc: 88.43%
Pre-train Epoch: 89 [38400/40200 (95%)]	Loss: 0.441041	Acc: 88.43%

Validation set: Average loss: 0.4012, Accuracy: 17625/19800 (89.02%)

Validation: acc 89.02%  macro-F1 0.8903  macro-recall 0.8905  (n=19800, classes=30)
Validation: worst-6 recall -> 8:0.69, 2:0.71, 6:0.74, 16:0.77, 22:0.78, 29:0.79

--> Best validation loss improved. Saved model to runs\20260917-213310_multiscale_cnn_abl-minmax_only_6957bf\reference.pth
Pre-train Epoch: 90 [0/40200 (0%)]	Loss: 0.501914	Acc: 87.50%
Pre-train Epoch: 90 [6400/40200 (16%)]	Loss: 0.456816	Acc: 88.85%
Pre-train Epoch: 90 [12800/40200 (32%)]	Loss: 0.335497	Acc: 88.46%
Pre-train Epoch: 90 [19200/40200 (48%)]	Loss: 0.323078	Acc: 88.40%
Pre-train Epoch: 90 [25600/40200 (64%)]	Loss: 0.427677	Acc: 88.51%
Pre-train Epoch: 90 [32000/40200 (79%)]	Loss: 0.482775	Acc: 88.36%
Pre-train Epoch: 90 [38400/40200 (95%)]	Loss: 0.465447	Acc: 88.37%

Validation set: Average loss: 0.4042, Accuracy: 17621/19800 (88.99%)

Validation: acc 88.99%  macro-F1 0.8909  macro-recall 0.8904  (n=19800, classes=30)
Validation: worst-6 recall -> 2:0.73, 6:0.73, 8:0.75, 15:0.76, 28:0.78, 22:0.81

--> No improvement in validation loss. Patience: 1/10
Pre-train Epoch: 91 [0/40200 (0%)]	Loss: 0.447536	Acc: 85.94%
Pre-train Epoch: 91 [6400/40200 (16%)]	Loss: 0.448477	Acc: 88.63%
Pre-train Epoch: 91 [12800/40200 (32%)]	Loss: 0.536191	Acc: 88.54%
Pre-train Epoch: 91 [19200/40200 (48%)]	Loss: 0.516966	Acc: 88.61%
Pre-train Epoch: 91 [25600/40200 (64%)]	Loss: 0.432976	Acc: 88.49%
Pre-train Epoch: 91 [32000/40200 (79%)]	Loss: 0.656466	Acc: 88.38%
Pre-train Epoch: 91 [38400/40200 (95%)]	Loss: 0.373211	Acc: 88.49%

Validation set: Average loss: 0.3981, Accuracy: 17674/19800 (89.26%)

Validation: acc 89.26%  macro-F1 0.8933  macro-recall 0.8931  (n=19800, classes=30)
Validation: worst-6 recall -> 2:0.73, 6:0.76, 8:0.78, 29:0.78, 22:0.80, 7:0.80

--> Best validation loss improved. Saved model to runs\20260917-213310_multiscale_cnn_abl-minmax_only_6957bf\reference.pth
Pre-train Epoch: 92 [0/40200 (0%)]	Loss: 0.428142	Acc: 92.19%
Pre-train Epoch: 92 [6400/40200 (16%)]	Loss: 0.422236	Acc: 88.58%
Pre-train Epoch: 92 [12800/40200 (32%)]	Loss: 0.544167	Acc: 88.50%
Pre-train Epoch: 92 [19200/40200 (48%)]	Loss: 0.468552	Acc: 88.37%
Pre-train Epoch: 92 [25600/40200 (64%)]	Loss: 0.375793	Acc: 88.28%
Pre-train Epoch: 92 [32000/40200 (79%)]	Loss: 0.455966	Acc: 88.35%
Pre-train Epoch: 92 [38400/40200 (95%)]	Loss: 0.421543	Acc: 88.42%

Validation set: Average loss: 0.3997, Accuracy: 17650/19800 (89.14%)

Validation: acc 89.14%  macro-F1 0.8921  macro-recall 0.8919  (n=19800, classes=30)
Validation: worst-6 recall -> 2:0.73, 8:0.74, 6:0.75, 15:0.78, 28:0.80, 29:0.81

--> No improvement in validation loss. Patience: 1/10
Pre-train Epoch: 93 [0/40200 (0%)]	Loss: 0.614205	Acc: 85.94%
Pre-train Epoch: 93 [6400/40200 (16%)]	Loss: 0.444598	Acc: 89.03%
Pre-train Epoch: 93 [12800/40200 (32%)]	Loss: 0.555729	Acc: 88.55%
Pre-train Epoch: 93 [19200/40200 (48%)]	Loss: 0.489083	Acc: 88.43%
Pre-train Epoch: 93 [25600/40200 (64%)]	Loss: 0.414298	Acc: 88.65%
Pre-train Epoch: 93 [32000/40200 (79%)]	Loss: 0.453195	Acc: 88.64%
Pre-train Epoch: 93 [38400/40200 (95%)]	Loss: 0.328926	Acc: 88.77%

Validation set: Average loss: 0.3971, Accuracy: 17670/19800 (89.24%)

Validation: acc 89.24%  macro-F1 0.8931  macro-recall 0.8928  (n=19800, classes=30)
Validation: worst-6 recall -> 8:0.71, 2:0.74, 6:0.75, 22:0.79, 28:0.81, 29:0.81

--> Best validation loss improved. Saved model to runs\20260917-213310_multiscale_cnn_abl-minmax_only_6957bf\reference.pth
Pre-train Epoch: 94 [0/40200 (0%)]	Loss: 0.416890	Acc: 89.06%
Pre-train Epoch: 94 [6400/40200 (16%)]	Loss: 0.389672	Acc: 88.66%
Pre-train Epoch: 94 [12800/40200 (32%)]	Loss: 0.597123	Acc: 88.91%
Pre-train Epoch: 94 [19200/40200 (48%)]	Loss: 0.558857	Acc: 88.93%
Pre-train Epoch: 94 [25600/40200 (64%)]	Loss: 0.494882	Acc: 88.93%
Pre-train Epoch: 94 [32000/40200 (79%)]	Loss: 0.491509	Acc: 88.79%
Pre-train Epoch: 94 [38400/40200 (95%)]	Loss: 0.391527	Acc: 88.76%

Validation set: Average loss: 0.3944, Accuracy: 17699/19800 (89.39%)

Validation: acc 89.39%  macro-F1 0.8944  macro-recall 0.8942  (n=19800, classes=30)
Validation: worst-6 recall -> 8:0.72, 6:0.75, 2:0.75, 22:0.80, 7:0.80, 16:0.81

--> Best validation loss improved. Saved model to runs\20260917-213310_multiscale_cnn_abl-minmax_only_6957bf\reference.pth
Pre-train Epoch: 95 [0/40200 (0%)]	Loss: 0.379932	Acc: 84.38%
Pre-train Epoch: 95 [6400/40200 (16%)]	Loss: 0.628219	Acc: 88.27%
Pre-train Epoch: 95 [12800/40200 (32%)]	Loss: 0.439625	Acc: 88.66%
Pre-train Epoch: 95 [19200/40200 (48%)]	Loss: 0.369038	Acc: 88.82%
Pre-train Epoch: 95 [25600/40200 (64%)]	Loss: 0.519648	Acc: 88.72%
Pre-train Epoch: 95 [32000/40200 (79%)]	Loss: 0.453007	Acc: 88.78%
Pre-train Epoch: 95 [38400/40200 (95%)]	Loss: 0.501143	Acc: 88.81%

Validation set: Average loss: 0.3965, Accuracy: 17682/19800 (89.30%)

Validation: acc 89.30%  macro-F1 0.8937  macro-recall 0.8933  (n=19800, classes=30)
Validation: worst-6 recall -> 8:0.69, 6:0.74, 2:0.77, 22:0.80, 28:0.80, 15:0.81

--> No improvement in validation loss. Patience: 1/10
Pre-train Epoch: 96 [0/40200 (0%)]	Loss: 0.593804	Acc: 82.81%
Pre-train Epoch: 96 [6400/40200 (16%)]	Loss: 0.514673	Acc: 88.55%
Pre-train Epoch: 96 [12800/40200 (32%)]	Loss: 0.449868	Acc: 88.56%
Pre-train Epoch: 96 [19200/40200 (48%)]	Loss: 0.356123	Acc: 88.56%
Pre-train Epoch: 96 [25600/40200 (64%)]	Loss: 0.478311	Acc: 88.56%
Pre-train Epoch: 96 [32000/40200 (79%)]	Loss: 0.542979	Acc: 88.54%
Pre-train Epoch: 96 [38400/40200 (95%)]	Loss: 0.594316	Acc: 88.63%

Validation set: Average loss: 0.3963, Accuracy: 17689/19800 (89.34%)

Validation: acc 89.34%  macro-F1 0.8940  macro-recall 0.8937  (n=19800, classes=30)
Validation: worst-6 recall -> 8:0.70, 6:0.75, 2:0.75, 28:0.80, 22:0.80, 7:0.81

--> No improvement in validation loss. Patience: 2/10
Pre-train Epoch: 97 [0/40200 (0%)]	Loss: 0.433558	Acc: 89.06%
Pre-train Epoch: 97 [6400/40200 (16%)]	Loss: 0.502849	Acc: 88.91%
Pre-train Epoch: 97 [12800/40200 (32%)]	Loss: 0.441261	Acc: 89.02%
Pre-train Epoch: 97 [19200/40200 (48%)]	Loss: 0.353701	Acc: 88.98%
Pre-train Epoch: 97 [25600/40200 (64%)]	Loss: 0.428170	Acc: 88.77%
Pre-train Epoch: 97 [32000/40200 (79%)]	Loss: 0.472170	Acc: 88.70%
Pre-train Epoch: 97 [38400/40200 (95%)]	Loss: 0.439657	Acc: 88.71%

Validation set: Average loss: 0.3972, Accuracy: 17659/19800 (89.19%)

Validation: acc 89.19%  macro-F1 0.8925  macro-recall 0.8923  (n=19800, classes=30)
Validation: worst-6 recall -> 8:0.73, 6:0.74, 2:0.74, 15:0.76, 28:0.76, 22:0.81

--> No improvement in validation loss. Patience: 3/10
Pre-train Epoch: 98 [0/40200 (0%)]	Loss: 0.500416	Acc: 85.94%
Pre-train Epoch: 98 [6400/40200 (16%)]	Loss: 0.416967	Acc: 88.68%
Pre-train Epoch: 98 [12800/40200 (32%)]	Loss: 0.384887	Acc: 88.67%
Pre-train Epoch: 98 [19200/40200 (48%)]	Loss: 0.503429	Acc: 88.57%
Pre-train Epoch: 98 [25600/40200 (64%)]	Loss: 0.584239	Acc: 88.63%
Pre-train Epoch: 98 [32000/40200 (79%)]	Loss: 0.527289	Acc: 88.69%
Pre-train Epoch: 98 [38400/40200 (95%)]	Loss: 0.389183	Acc: 88.69%

Validation set: Average loss: 0.3944, Accuracy: 17677/19800 (89.28%)

Validation: acc 89.28%  macro-F1 0.8932  macro-recall 0.8931  (n=19800, classes=30)
Validation: worst-6 recall -> 8:0.71, 2:0.72, 6:0.77, 22:0.77, 16:0.80, 7:0.81

--> Best validation loss improved. Saved model to runs\20260917-213310_multiscale_cnn_abl-minmax_only_6957bf\reference.pth
Pre-train Epoch: 99 [0/40200 (0%)]	Loss: 0.441324	Acc: 89.06%
Pre-train Epoch: 99 [6400/40200 (16%)]	Loss: 0.333262	Acc: 88.29%
Pre-train Epoch: 99 [12800/40200 (32%)]	Loss: 0.411752	Acc: 88.69%
Pre-train Epoch: 99 [19200/40200 (48%)]	Loss: 0.403132	Acc: 88.81%
Pre-train Epoch: 99 [25600/40200 (64%)]	Loss: 0.499088	Acc: 88.86%
Pre-train Epoch: 99 [32000/40200 (79%)]	Loss: 0.381778	Acc: 88.79%
Pre-train Epoch: 99 [38400/40200 (95%)]	Loss: 0.496794	Acc: 88.76%

Validation set: Average loss: 0.3947, Accuracy: 17678/19800 (89.28%)

Validation: acc 89.28%  macro-F1 0.8928  macro-recall 0.8931  (n=19800, classes=30)
Validation: worst-6 recall -> 8:0.68, 2:0.75, 6:0.76, 7:0.78, 16:0.79, 29:0.79

--> No improvement in validation loss. Patience: 1/10
Pre-train Epoch: 100 [0/40200 (0%)]	Loss: 0.558197	Acc: 89.06%
Pre-train Epoch: 100 [6400/40200 (16%)]	Loss: 0.389812	Acc: 88.88%
Pre-train Epoch: 100 [12800/40200 (32%)]	Loss: 0.363322	Acc: 89.02%
Pre-train Epoch: 100 [19200/40200 (48%)]	Loss: 0.426470	Acc: 89.07%
Pre-train Epoch: 100 [25600/40200 (64%)]	Loss: 0.351875	Acc: 89.05%
Pre-train Epoch: 100 [32000/40200 (79%)]	Loss: 0.421034	Acc: 88.99%
Pre-train Epoch: 100 [38400/40200 (95%)]	Loss: 0.483455	Acc: 88.96%

Validation set: Average loss: 0.3958, Accuracy: 17650/19800 (89.14%)

Validation: acc 89.14%  macro-F1 0.8921  macro-recall 0.8917  (n=19800, classes=30)
Validation: worst-6 recall -> 8:0.70, 2:0.71, 6:0.75, 28:0.77, 22:0.79, 16:0.80

--> No improvement in validation loss. Patience: 2/10
Loaded best reference model for finetuning.

--- Starting Finetuning ---
[cache] hit 3eb6c0ea (3eb6c0eae750d8232b11e744ca6715d8.npy)
Finetune Epoch: 1 [0/3000 (0%)]	Loss: 2.303647	Acc: 48.44%
Finetune Epoch: 2 [0/3000 (0%)]	Loss: 1.067224	Acc: 65.62%
Finetune Epoch: 3 [0/3000 (0%)]	Loss: 0.951867	Acc: 70.31%
Finetune Epoch: 4 [0/3000 (0%)]	Loss: 1.010652	Acc: 73.44%
Finetune Epoch: 5 [0/3000 (0%)]	Loss: 0.719922	Acc: 87.50%
Finetune Epoch: 6 [0/3000 (0%)]	Loss: 0.652072	Acc: 82.81%
Finetune Epoch: 7 [0/3000 (0%)]	Loss: 0.739261	Acc: 82.81%
Finetune Epoch: 8 [0/3000 (0%)]	Loss: 0.717274	Acc: 79.69%
Finetune Epoch: 9 [0/3000 (0%)]	Loss: 0.578396	Acc: 85.94%
Finetune Epoch: 10 [0/3000 (0%)]	Loss: 0.668132	Acc: 84.38%
Finetune Epoch: 11 [0/3000 (0%)]	Loss: 0.526277	Acc: 85.94%
Finetune Epoch: 12 [0/3000 (0%)]	Loss: 0.529432	Acc: 87.50%
Finetune Epoch: 13 [0/3000 (0%)]	Loss: 0.531369	Acc: 90.62%
Finetune Epoch: 14 [0/3000 (0%)]	Loss: 0.360215	Acc: 96.88%
Finetune Epoch: 15 [0/3000 (0%)]	Loss: 0.495279	Acc: 87.50%
Finetune Epoch: 16 [0/3000 (0%)]	Loss: 0.511210	Acc: 89.06%
Finetune Epoch: 17 [0/3000 (0%)]	Loss: 0.491457	Acc: 92.19%
Finetune Epoch: 18 [0/3000 (0%)]	Loss: 0.289619	Acc: 98.44%
Finetune Epoch: 19 [0/3000 (0%)]	Loss: 0.565788	Acc: 87.50%
Finetune Epoch: 20 [0/3000 (0%)]	Loss: 0.395549	Acc: 98.44%
Finetuned model saved to runs\20260917-213310_multiscale_cnn_abl-minmax_only_6957bf\finetuned.pth

--- Evaluating on Test Set ---
[cache] hit 02f50fc8 (02f50fc8d7c034d0ab1eb68fd841c135.npy)

Test set: Average loss: 0.8830, Accuracy: 2256/3000 (75.20%)

Test: acc 75.20%  macro-F1 0.7507  macro-recall 0.7520  (n=3000, classes=30)
Test: worst-6 recall -> 17:0.36, 11:0.40, 6:0.50, 2:0.54, 7:0.54, 8:0.57


[run] artifacts in runs\20260917-213310_multiscale_cnn_abl-minmax_only_6957bf
