Using device: cuda
Run id: 20260917-233632_transformer_abl-minmax_only_798e28
Preprocessing variant: minmax_only (1 steps)
Loading reference dataset...
[cache] hit c10b0fe8 (c10b0fe881bbc7e7fd2580cef4429487.npy)
Detected 30 classes.
Split reference data: 40200 train / 19800 val
Model parameters: 109,726

--- Starting Reference Training ---
Pre-train Epoch: 1 [0/40200 (0%)]	Loss: 3.480158	Acc: 4.69%
Pre-train Epoch: 1 [6400/40200 (16%)]	Loss: 3.095873	Acc: 6.06%
Pre-train Epoch: 1 [12800/40200 (32%)]	Loss: 2.938567	Acc: 8.38%
Pre-train Epoch: 1 [19200/40200 (48%)]	Loss: 2.781546	Acc: 10.38%
Pre-train Epoch: 1 [25600/40200 (64%)]	Loss: 2.678716	Acc: 12.22%
Pre-train Epoch: 1 [32000/40200 (79%)]	Loss: 2.342198	Acc: 13.73%
Pre-train Epoch: 1 [38400/40200 (95%)]	Loss: 2.374037	Acc: 15.54%

Validation set: Average loss: 2.1564, Accuracy: 6582/19800 (33.24%)

Validation: acc 33.24%  macro-F1 0.2898  macro-recall 0.3323  (n=19800, classes=30)
Validation: worst-6 recall -> 8:0.00, 16:0.00, 23:0.00, 26:0.00, 29:0.00, 22:0.00

--> Best validation loss improved. Saved model to runs\20260917-233632_transformer_abl-minmax_only_798e28\reference.pth
Pre-train Epoch: 2 [0/40200 (0%)]	Loss: 2.399072	Acc: 34.38%
Pre-train Epoch: 2 [6400/40200 (16%)]	Loss: 2.177979	Acc: 31.06%
Pre-train Epoch: 2 [12800/40200 (32%)]	Loss: 2.214183	Acc: 32.57%
Pre-train Epoch: 2 [19200/40200 (48%)]	Loss: 1.904293	Acc: 34.06%
Pre-train Epoch: 2 [25600/40200 (64%)]	Loss: 1.654037	Acc: 35.90%
Pre-train Epoch: 2 [32000/40200 (79%)]	Loss: 1.718850	Acc: 37.37%
Pre-train Epoch: 2 [38400/40200 (95%)]	Loss: 1.618475	Acc: 38.81%

Validation set: Average loss: 1.5274, Accuracy: 9594/19800 (48.45%)

Validation: acc 48.45%  macro-F1 0.4469  macro-recall 0.4838  (n=19800, classes=30)
Validation: worst-6 recall -> 28:0.02, 16:0.03, 6:0.03, 8:0.03, 3:0.14, 4:0.16

--> Best validation loss improved. Saved model to runs\20260917-233632_transformer_abl-minmax_only_798e28\reference.pth
Pre-train Epoch: 3 [0/40200 (0%)]	Loss: 1.562204	Acc: 51.56%
Pre-train Epoch: 3 [6400/40200 (16%)]	Loss: 1.442257	Acc: 47.80%
Pre-train Epoch: 3 [12800/40200 (32%)]	Loss: 1.398600	Acc: 49.19%
Pre-train Epoch: 3 [19200/40200 (48%)]	Loss: 1.404385	Acc: 49.90%
Pre-train Epoch: 3 [25600/40200 (64%)]	Loss: 1.495875	Acc: 51.28%
Pre-train Epoch: 3 [32000/40200 (79%)]	Loss: 1.426980	Acc: 52.25%
Pre-train Epoch: 3 [38400/40200 (95%)]	Loss: 1.307365	Acc: 52.88%

Validation set: Average loss: 1.1597, Accuracy: 12203/19800 (61.63%)

Validation: acc 61.63%  macro-F1 0.5923  macro-recall 0.6156  (n=19800, classes=30)
Validation: worst-6 recall -> 29:0.09, 17:0.13, 7:0.16, 16:0.20, 22:0.20, 28:0.22

--> Best validation loss improved. Saved model to runs\20260917-233632_transformer_abl-minmax_only_798e28\reference.pth
Pre-train Epoch: 4 [0/40200 (0%)]	Loss: 1.303080	Acc: 57.81%
Pre-train Epoch: 4 [6400/40200 (16%)]	Loss: 1.364248	Acc: 56.82%
Pre-train Epoch: 4 [12800/40200 (32%)]	Loss: 1.273879	Acc: 58.05%
Pre-train Epoch: 4 [19200/40200 (48%)]	Loss: 1.301156	Acc: 59.41%
Pre-train Epoch: 4 [25600/40200 (64%)]	Loss: 1.183639	Acc: 60.45%
Pre-train Epoch: 4 [32000/40200 (79%)]	Loss: 0.915523	Acc: 61.02%
Pre-train Epoch: 4 [38400/40200 (95%)]	Loss: 1.051117	Acc: 61.79%

Validation set: Average loss: 1.0520, Accuracy: 12818/19800 (64.74%)

Validation: acc 64.74%  macro-F1 0.6442  macro-recall 0.6471  (n=19800, classes=30)
Validation: worst-6 recall -> 3:0.23, 6:0.27, 29:0.28, 28:0.31, 22:0.33, 15:0.41

--> Best validation loss improved. Saved model to runs\20260917-233632_transformer_abl-minmax_only_798e28\reference.pth
Pre-train Epoch: 5 [0/40200 (0%)]	Loss: 1.322966	Acc: 53.12%
Pre-train Epoch: 5 [6400/40200 (16%)]	Loss: 1.022443	Acc: 64.48%
Pre-train Epoch: 5 [12800/40200 (32%)]	Loss: 0.985511	Acc: 65.52%
Pre-train Epoch: 5 [19200/40200 (48%)]	Loss: 1.092708	Acc: 65.36%
Pre-train Epoch: 5 [25600/40200 (64%)]	Loss: 0.872238	Acc: 65.88%
Pre-train Epoch: 5 [32000/40200 (79%)]	Loss: 0.942997	Acc: 66.13%
Pre-train Epoch: 5 [38400/40200 (95%)]	Loss: 0.959329	Acc: 66.20%

Validation set: Average loss: 0.9373, Accuracy: 13676/19800 (69.07%)

Validation: acc 69.07%  macro-F1 0.6850  macro-recall 0.6905  (n=19800, classes=30)
Validation: worst-6 recall -> 3:0.17, 6:0.34, 29:0.40, 22:0.40, 28:0.43, 17:0.45

--> Best validation loss improved. Saved model to runs\20260917-233632_transformer_abl-minmax_only_798e28\reference.pth
Pre-train Epoch: 6 [0/40200 (0%)]	Loss: 1.042719	Acc: 70.31%
Pre-train Epoch: 6 [6400/40200 (16%)]	Loss: 0.991962	Acc: 68.46%
Pre-train Epoch: 6 [12800/40200 (32%)]	Loss: 0.716222	Acc: 69.12%
Pre-train Epoch: 6 [19200/40200 (48%)]	Loss: 0.889576	Acc: 69.08%
Pre-train Epoch: 6 [25600/40200 (64%)]	Loss: 0.945492	Acc: 69.14%
Pre-train Epoch: 6 [32000/40200 (79%)]	Loss: 0.984069	Acc: 69.19%
Pre-train Epoch: 6 [38400/40200 (95%)]	Loss: 1.143879	Acc: 69.38%

Validation set: Average loss: 0.7582, Accuracy: 14863/19800 (75.07%)

Validation: acc 75.07%  macro-F1 0.7464  macro-recall 0.7499  (n=19800, classes=30)
Validation: worst-6 recall -> 22:0.29, 3:0.33, 17:0.44, 11:0.52, 14:0.53, 8:0.54

--> Best validation loss improved. Saved model to runs\20260917-233632_transformer_abl-minmax_only_798e28\reference.pth
Pre-train Epoch: 7 [0/40200 (0%)]	Loss: 0.892336	Acc: 68.75%
Pre-train Epoch: 7 [6400/40200 (16%)]	Loss: 1.058253	Acc: 69.96%
Pre-train Epoch: 7 [12800/40200 (32%)]	Loss: 0.795054	Acc: 69.84%
Pre-train Epoch: 7 [19200/40200 (48%)]	Loss: 0.987488	Acc: 70.19%
Pre-train Epoch: 7 [25600/40200 (64%)]	Loss: 0.829882	Acc: 70.80%
Pre-train Epoch: 7 [32000/40200 (79%)]	Loss: 0.843320	Acc: 71.16%
Pre-train Epoch: 7 [38400/40200 (95%)]	Loss: 0.655339	Acc: 71.57%

Validation set: Average loss: 0.7067, Accuracy: 15378/19800 (77.67%)

Validation: acc 77.67%  macro-F1 0.7744  macro-recall 0.7771  (n=19800, classes=30)
Validation: worst-6 recall -> 8:0.36, 22:0.44, 15:0.53, 2:0.55, 3:0.58, 29:0.59

--> Best validation loss improved. Saved model to runs\20260917-233632_transformer_abl-minmax_only_798e28\reference.pth
Pre-train Epoch: 8 [0/40200 (0%)]	Loss: 0.826455	Acc: 75.00%
Pre-train Epoch: 8 [6400/40200 (16%)]	Loss: 0.933766	Acc: 71.66%
Pre-train Epoch: 8 [12800/40200 (32%)]	Loss: 0.958067	Acc: 72.54%
Pre-train Epoch: 8 [19200/40200 (48%)]	Loss: 0.876744	Acc: 72.51%
Pre-train Epoch: 8 [25600/40200 (64%)]	Loss: 0.818593	Acc: 72.67%
Pre-train Epoch: 8 [32000/40200 (79%)]	Loss: 0.994280	Acc: 72.68%
Pre-train Epoch: 8 [38400/40200 (95%)]	Loss: 0.926768	Acc: 72.84%

Validation set: Average loss: 0.6967, Accuracy: 15456/19800 (78.06%)

Validation: acc 78.06%  macro-F1 0.7752  macro-recall 0.7802  (n=19800, classes=30)
Validation: worst-6 recall -> 22:0.27, 4:0.35, 8:0.42, 29:0.55, 3:0.64, 16:0.65

--> Best validation loss improved. Saved model to runs\20260917-233632_transformer_abl-minmax_only_798e28\reference.pth
Pre-train Epoch: 9 [0/40200 (0%)]	Loss: 0.866593	Acc: 73.44%
Pre-train Epoch: 9 [6400/40200 (16%)]	Loss: 0.867789	Acc: 72.66%
Pre-train Epoch: 9 [12800/40200 (32%)]	Loss: 0.949040	Acc: 73.03%
Pre-train Epoch: 9 [19200/40200 (48%)]	Loss: 1.073355	Acc: 72.97%
Pre-train Epoch: 9 [25600/40200 (64%)]	Loss: 0.942026	Acc: 73.27%
Pre-train Epoch: 9 [32000/40200 (79%)]	Loss: 0.722733	Acc: 73.50%
Pre-train Epoch: 9 [38400/40200 (95%)]	Loss: 0.751624	Acc: 73.29%

Validation set: Average loss: 0.7384, Accuracy: 14846/19800 (74.98%)

Validation: acc 74.98%  macro-F1 0.7397  macro-recall 0.7501  (n=19800, classes=30)
Validation: worst-6 recall -> 8:0.18, 28:0.33, 17:0.39, 3:0.41, 7:0.48, 11:0.49

--> No improvement in validation loss. Patience: 1/10
Pre-train Epoch: 10 [0/40200 (0%)]	Loss: 0.766585	Acc: 73.44%
Pre-train Epoch: 10 [6400/40200 (16%)]	Loss: 0.815803	Acc: 72.69%
Pre-train Epoch: 10 [12800/40200 (32%)]	Loss: 0.727287	Acc: 73.21%
Pre-train Epoch: 10 [19200/40200 (48%)]	Loss: 0.672726	Acc: 73.33%
Pre-train Epoch: 10 [25600/40200 (64%)]	Loss: 0.960427	Acc: 73.57%
Pre-train Epoch: 10 [32000/40200 (79%)]	Loss: 0.588407	Acc: 73.68%
Pre-train Epoch: 10 [38400/40200 (95%)]	Loss: 0.691291	Acc: 73.98%

Validation set: Average loss: 0.6126, Accuracy: 15879/19800 (80.20%)

Validation: acc 80.20%  macro-F1 0.7995  macro-recall 0.8017  (n=19800, classes=30)
Validation: worst-6 recall -> 22:0.46, 8:0.50, 29:0.52, 3:0.58, 4:0.58, 16:0.62

--> Best validation loss improved. Saved model to runs\20260917-233632_transformer_abl-minmax_only_798e28\reference.pth
Pre-train Epoch: 11 [0/40200 (0%)]	Loss: 0.633747	Acc: 84.38%
Pre-train Epoch: 11 [6400/40200 (16%)]	Loss: 0.888457	Acc: 74.32%
Pre-train Epoch: 11 [12800/40200 (32%)]	Loss: 0.825703	Acc: 74.65%
Pre-train Epoch: 11 [19200/40200 (48%)]	Loss: 0.759859	Acc: 74.70%
Pre-train Epoch: 11 [25600/40200 (64%)]	Loss: 0.550337	Acc: 74.88%
Pre-train Epoch: 11 [32000/40200 (79%)]	Loss: 0.762072	Acc: 74.70%
Pre-train Epoch: 11 [38400/40200 (95%)]	Loss: 0.744762	Acc: 74.71%

Validation set: Average loss: 0.6156, Accuracy: 15984/19800 (80.73%)

Validation: acc 80.73%  macro-F1 0.8057  macro-recall 0.8081  (n=19800, classes=30)
Validation: worst-6 recall -> 22:0.41, 9:0.51, 15:0.52, 2:0.60, 28:0.62, 6:0.63

--> No improvement in validation loss. Patience: 1/10
Pre-train Epoch: 12 [0/40200 (0%)]	Loss: 0.735453	Acc: 75.00%
Pre-train Epoch: 12 [6400/40200 (16%)]	Loss: 0.762438	Acc: 74.55%
Pre-train Epoch: 12 [12800/40200 (32%)]	Loss: 0.786345	Acc: 74.39%
Pre-train Epoch: 12 [19200/40200 (48%)]	Loss: 0.808892	Acc: 74.67%
Pre-train Epoch: 12 [25600/40200 (64%)]	Loss: 0.718330	Acc: 74.83%
Pre-train Epoch: 12 [32000/40200 (79%)]	Loss: 0.719983	Acc: 74.98%
Pre-train Epoch: 12 [38400/40200 (95%)]	Loss: 0.744611	Acc: 75.36%

Validation set: Average loss: 0.5686, Accuracy: 16219/19800 (81.91%)

Validation: acc 81.91%  macro-F1 0.8150  macro-recall 0.8194  (n=19800, classes=30)
Validation: worst-6 recall -> 8:0.37, 28:0.45, 29:0.49, 3:0.61, 2:0.69, 22:0.72

--> Best validation loss improved. Saved model to runs\20260917-233632_transformer_abl-minmax_only_798e28\reference.pth
Pre-train Epoch: 13 [0/40200 (0%)]	Loss: 0.792299	Acc: 76.56%
Pre-train Epoch: 13 [6400/40200 (16%)]	Loss: 0.697920	Acc: 76.35%
Pre-train Epoch: 13 [12800/40200 (32%)]	Loss: 0.593238	Acc: 76.43%
Pre-train Epoch: 13 [19200/40200 (48%)]	Loss: 0.626209	Acc: 76.51%
Pre-train Epoch: 13 [25600/40200 (64%)]	Loss: 0.866994	Acc: 76.36%
Pre-train Epoch: 13 [32000/40200 (79%)]	Loss: 0.916032	Acc: 76.30%
Pre-train Epoch: 13 [38400/40200 (95%)]	Loss: 0.632706	Acc: 76.26%

Validation set: Average loss: 0.5628, Accuracy: 16368/19800 (82.67%)

Validation: acc 82.67%  macro-F1 0.8269  macro-recall 0.8270  (n=19800, classes=30)
Validation: worst-6 recall -> 22:0.53, 6:0.55, 2:0.62, 16:0.69, 26:0.70, 29:0.71

--> Best validation loss improved. Saved model to runs\20260917-233632_transformer_abl-minmax_only_798e28\reference.pth
Pre-train Epoch: 14 [0/40200 (0%)]	Loss: 0.562290	Acc: 84.38%
Pre-train Epoch: 14 [6400/40200 (16%)]	Loss: 0.656568	Acc: 75.65%
Pre-train Epoch: 14 [12800/40200 (32%)]	Loss: 0.730994	Acc: 76.87%
Pre-train Epoch: 14 [19200/40200 (48%)]	Loss: 0.761116	Acc: 77.14%
Pre-train Epoch: 14 [25600/40200 (64%)]	Loss: 0.886618	Acc: 76.92%
Pre-train Epoch: 14 [32000/40200 (79%)]	Loss: 0.916396	Acc: 76.98%
Pre-train Epoch: 14 [38400/40200 (95%)]	Loss: 0.719689	Acc: 76.87%

Validation set: Average loss: 0.5605, Accuracy: 16299/19800 (82.32%)

Validation: acc 82.32%  macro-F1 0.8230  macro-recall 0.8234  (n=19800, classes=30)
Validation: worst-6 recall -> 29:0.46, 26:0.51, 3:0.56, 15:0.61, 2:0.62, 10:0.69

--> Best validation loss improved. Saved model to runs\20260917-233632_transformer_abl-minmax_only_798e28\reference.pth
Pre-train Epoch: 15 [0/40200 (0%)]	Loss: 0.955192	Acc: 59.38%
Pre-train Epoch: 15 [6400/40200 (16%)]	Loss: 0.623476	Acc: 77.35%
Pre-train Epoch: 15 [12800/40200 (32%)]	Loss: 0.694393	Acc: 77.21%
Pre-train Epoch: 15 [19200/40200 (48%)]	Loss: 0.683110	Acc: 77.07%
Pre-train Epoch: 15 [25600/40200 (64%)]	Loss: 0.780046	Acc: 77.09%
Pre-train Epoch: 15 [32000/40200 (79%)]	Loss: 0.663168	Acc: 77.20%
Pre-train Epoch: 15 [38400/40200 (95%)]	Loss: 0.866632	Acc: 77.41%

Validation set: Average loss: 0.5290, Accuracy: 16375/19800 (82.70%)

Validation: acc 82.70%  macro-F1 0.8229  macro-recall 0.8270  (n=19800, classes=30)
Validation: worst-6 recall -> 29:0.43, 8:0.44, 22:0.52, 7:0.54, 28:0.67, 16:0.72

--> Best validation loss improved. Saved model to runs\20260917-233632_transformer_abl-minmax_only_798e28\reference.pth
Pre-train Epoch: 16 [0/40200 (0%)]	Loss: 0.594526	Acc: 79.69%
Pre-train Epoch: 16 [6400/40200 (16%)]	Loss: 0.524953	Acc: 76.89%
Pre-train Epoch: 16 [12800/40200 (32%)]	Loss: 0.666790	Acc: 77.14%
Pre-train Epoch: 16 [19200/40200 (48%)]	Loss: 0.651053	Acc: 77.55%
Pre-train Epoch: 16 [25600/40200 (64%)]	Loss: 0.554955	Acc: 77.70%
Pre-train Epoch: 16 [32000/40200 (79%)]	Loss: 0.592982	Acc: 77.64%
Pre-train Epoch: 16 [38400/40200 (95%)]	Loss: 0.674307	Acc: 77.66%

Validation set: Average loss: 0.5522, Accuracy: 16296/19800 (82.30%)

Validation: acc 82.30%  macro-F1 0.8211  macro-recall 0.8232  (n=19800, classes=30)
Validation: worst-6 recall -> 8:0.43, 2:0.48, 29:0.60, 22:0.61, 7:0.67, 17:0.71

--> No improvement in validation loss. Patience: 1/10
Pre-train Epoch: 17 [0/40200 (0%)]	Loss: 0.661529	Acc: 79.69%
Pre-train Epoch: 17 [6400/40200 (16%)]	Loss: 0.695385	Acc: 77.09%
Pre-train Epoch: 17 [12800/40200 (32%)]	Loss: 0.729999	Acc: 76.95%
Pre-train Epoch: 17 [19200/40200 (48%)]	Loss: 0.576481	Acc: 77.06%
Pre-train Epoch: 17 [25600/40200 (64%)]	Loss: 0.722317	Acc: 77.19%
Pre-train Epoch: 17 [32000/40200 (79%)]	Loss: 0.543930	Acc: 77.29%
Pre-train Epoch: 17 [38400/40200 (95%)]	Loss: 0.747249	Acc: 77.51%

Validation set: Average loss: 0.5903, Accuracy: 15953/19800 (80.57%)

Validation: acc 80.57%  macro-F1 0.8003  macro-recall 0.8062  (n=19800, classes=30)
Validation: worst-6 recall -> 8:0.32, 16:0.45, 6:0.49, 7:0.52, 2:0.64, 22:0.65

--> No improvement in validation loss. Patience: 2/10
Pre-train Epoch: 18 [0/40200 (0%)]	Loss: 0.895290	Acc: 70.31%
Pre-train Epoch: 18 [6400/40200 (16%)]	Loss: 0.780092	Acc: 77.69%
Pre-train Epoch: 18 [12800/40200 (32%)]	Loss: 0.741651	Acc: 78.19%
Pre-train Epoch: 18 [19200/40200 (48%)]	Loss: 0.802200	Acc: 78.10%
Pre-train Epoch: 18 [25600/40200 (64%)]	Loss: 0.568567	Acc: 78.16%
Pre-train Epoch: 18 [32000/40200 (79%)]	Loss: 0.713371	Acc: 78.07%
Pre-train Epoch: 18 [38400/40200 (95%)]	Loss: 0.541265	Acc: 78.04%

Validation set: Average loss: 0.5915, Accuracy: 15867/19800 (80.14%)

Validation: acc 80.14%  macro-F1 0.7947  macro-recall 0.8009  (n=19800, classes=30)
Validation: worst-6 recall -> 3:0.24, 11:0.28, 29:0.41, 22:0.49, 7:0.56, 16:0.72

--> No improvement in validation loss. Patience: 3/10
Pre-train Epoch: 19 [0/40200 (0%)]	Loss: 0.697005	Acc: 70.31%
Pre-train Epoch: 19 [6400/40200 (16%)]	Loss: 0.586908	Acc: 76.55%
Pre-train Epoch: 19 [12800/40200 (32%)]	Loss: 0.903995	Acc: 77.70%
Pre-train Epoch: 19 [19200/40200 (48%)]	Loss: 0.997548	Acc: 78.11%
Pre-train Epoch: 19 [25600/40200 (64%)]	Loss: 0.751850	Acc: 78.06%
Pre-train Epoch: 19 [32000/40200 (79%)]	Loss: 0.609354	Acc: 78.21%
Pre-train Epoch: 19 [38400/40200 (95%)]	Loss: 0.628790	Acc: 78.20%

Validation set: Average loss: 0.5786, Accuracy: 15958/19800 (80.60%)

Validation: acc 80.60%  macro-F1 0.8038  macro-recall 0.8054  (n=19800, classes=30)
Validation: worst-6 recall -> 3:0.38, 4:0.42, 2:0.45, 29:0.47, 11:0.54, 15:0.57

--> No improvement in validation loss. Patience: 4/10
Pre-train Epoch: 20 [0/40200 (0%)]	Loss: 0.747759	Acc: 76.56%
Pre-train Epoch: 20 [6400/40200 (16%)]	Loss: 0.725177	Acc: 77.86%
Pre-train Epoch: 20 [12800/40200 (32%)]	Loss: 0.584358	Acc: 78.31%
Pre-train Epoch: 20 [19200/40200 (48%)]	Loss: 0.805143	Acc: 78.50%
Pre-train Epoch: 20 [25600/40200 (64%)]	Loss: 0.848792	Acc: 78.50%
Pre-train Epoch: 20 [32000/40200 (79%)]	Loss: 0.692480	Acc: 78.60%
Pre-train Epoch: 20 [38400/40200 (95%)]	Loss: 0.634088	Acc: 78.53%

Validation set: Average loss: 0.5456, Accuracy: 16314/19800 (82.39%)

Validation: acc 82.39%  macro-F1 0.8184  macro-recall 0.8241  (n=19800, classes=30)
Validation: worst-6 recall -> 8:0.25, 28:0.47, 29:0.48, 3:0.63, 2:0.64, 11:0.66

--> No improvement in validation loss. Patience: 5/10
Pre-train Epoch: 21 [0/40200 (0%)]	Loss: 0.765129	Acc: 70.31%
Pre-train Epoch: 21 [6400/40200 (16%)]	Loss: 0.536514	Acc: 79.46%
Pre-train Epoch: 21 [12800/40200 (32%)]	Loss: 0.684219	Acc: 79.04%
Pre-train Epoch: 21 [19200/40200 (48%)]	Loss: 0.691866	Acc: 78.99%
Pre-train Epoch: 21 [25600/40200 (64%)]	Loss: 0.629134	Acc: 79.00%
Pre-train Epoch: 21 [32000/40200 (79%)]	Loss: 0.732495	Acc: 78.81%
Pre-train Epoch: 21 [38400/40200 (95%)]	Loss: 0.536232	Acc: 78.88%

Validation set: Average loss: 0.4961, Accuracy: 16782/19800 (84.76%)

Validation: acc 84.76%  macro-F1 0.8462  macro-recall 0.8478  (n=19800, classes=30)
Validation: worst-6 recall -> 3:0.48, 2:0.55, 22:0.65, 29:0.67, 7:0.69, 8:0.70

--> Best validation loss improved. Saved model to runs\20260917-233632_transformer_abl-minmax_only_798e28\reference.pth
Pre-train Epoch: 22 [0/40200 (0%)]	Loss: 0.639763	Acc: 76.56%
Pre-train Epoch: 22 [6400/40200 (16%)]	Loss: 0.527904	Acc: 77.94%
Pre-train Epoch: 22 [12800/40200 (32%)]	Loss: 0.647209	Acc: 77.92%
Pre-train Epoch: 22 [19200/40200 (48%)]	Loss: 0.558222	Acc: 78.41%
Pre-train Epoch: 22 [25600/40200 (64%)]	Loss: 0.611811	Acc: 78.43%
Pre-train Epoch: 22 [32000/40200 (79%)]	Loss: 0.749816	Acc: 78.51%
Pre-train Epoch: 22 [38400/40200 (95%)]	Loss: 0.885062	Acc: 78.40%

Validation set: Average loss: 0.4990, Accuracy: 16783/19800 (84.76%)

Validation: acc 84.76%  macro-F1 0.8478  macro-recall 0.8477  (n=19800, classes=30)
Validation: worst-6 recall -> 22:0.60, 16:0.60, 8:0.64, 17:0.65, 9:0.65, 2:0.67

--> No improvement in validation loss. Patience: 1/10
Pre-train Epoch: 23 [0/40200 (0%)]	Loss: 0.557355	Acc: 81.25%
Pre-train Epoch: 23 [6400/40200 (16%)]	Loss: 0.781698	Acc: 78.20%
Pre-train Epoch: 23 [12800/40200 (32%)]	Loss: 0.567799	Acc: 79.23%
Pre-train Epoch: 23 [19200/40200 (48%)]	Loss: 0.586629	Acc: 78.96%
Pre-train Epoch: 23 [25600/40200 (64%)]	Loss: 0.633863	Acc: 79.10%
Pre-train Epoch: 23 [32000/40200 (79%)]	Loss: 0.721153	Acc: 79.02%
Pre-train Epoch: 23 [38400/40200 (95%)]	Loss: 0.861804	Acc: 79.02%

Validation set: Average loss: 0.4845, Accuracy: 16815/19800 (84.92%)

Validation: acc 84.92%  macro-F1 0.8502  macro-recall 0.8496  (n=19800, classes=30)
Validation: worst-6 recall -> 8:0.59, 29:0.62, 2:0.63, 3:0.66, 15:0.69, 28:0.73

--> Best validation loss improved. Saved model to runs\20260917-233632_transformer_abl-minmax_only_798e28\reference.pth
Pre-train Epoch: 24 [0/40200 (0%)]	Loss: 0.664674	Acc: 76.56%
Pre-train Epoch: 24 [6400/40200 (16%)]	Loss: 0.608134	Acc: 79.19%
Pre-train Epoch: 24 [12800/40200 (32%)]	Loss: 0.825829	Acc: 79.06%
Pre-train Epoch: 24 [19200/40200 (48%)]	Loss: 0.816766	Acc: 79.31%
Pre-train Epoch: 24 [25600/40200 (64%)]	Loss: 0.690917	Acc: 79.10%
Pre-train Epoch: 24 [32000/40200 (79%)]	Loss: 0.703417	Acc: 79.16%
Pre-train Epoch: 24 [38400/40200 (95%)]	Loss: 0.536537	Acc: 79.20%

Validation set: Average loss: 0.4846, Accuracy: 16805/19800 (84.87%)

Validation: acc 84.87%  macro-F1 0.8494  macro-recall 0.8489  (n=19800, classes=30)
Validation: worst-6 recall -> 8:0.47, 29:0.61, 16:0.67, 22:0.70, 6:0.71, 3:0.72

--> No improvement in validation loss. Patience: 1/10
Pre-train Epoch: 25 [0/40200 (0%)]	Loss: 0.666354	Acc: 76.56%
Pre-train Epoch: 25 [6400/40200 (16%)]	Loss: 0.532926	Acc: 79.86%
Pre-train Epoch: 25 [12800/40200 (32%)]	Loss: 0.550614	Acc: 79.71%
Pre-train Epoch: 25 [19200/40200 (48%)]	Loss: 0.558518	Acc: 79.46%
Pre-train Epoch: 25 [25600/40200 (64%)]	Loss: 0.608083	Acc: 79.55%
Pre-train Epoch: 25 [32000/40200 (79%)]	Loss: 0.544602	Acc: 79.56%
Pre-train Epoch: 25 [38400/40200 (95%)]	Loss: 0.566427	Acc: 79.39%

Validation set: Average loss: 0.5512, Accuracy: 16277/19800 (82.21%)

Validation: acc 82.21%  macro-F1 0.8189  macro-recall 0.8227  (n=19800, classes=30)
Validation: worst-6 recall -> 8:0.35, 6:0.49, 28:0.50, 3:0.54, 14:0.64, 29:0.70

--> No improvement in validation loss. Patience: 2/10
Pre-train Epoch: 26 [0/40200 (0%)]	Loss: 0.683499	Acc: 81.25%
Pre-train Epoch: 26 [6400/40200 (16%)]	Loss: 0.641799	Acc: 79.78%
Pre-train Epoch: 26 [12800/40200 (32%)]	Loss: 0.583278	Acc: 79.66%
Pre-train Epoch: 26 [19200/40200 (48%)]	Loss: 0.675769	Acc: 79.61%
Pre-train Epoch: 26 [25600/40200 (64%)]	Loss: 0.651519	Acc: 79.73%
Pre-train Epoch: 26 [32000/40200 (79%)]	Loss: 0.641190	Acc: 79.63%
Pre-train Epoch: 26 [38400/40200 (95%)]	Loss: 0.698903	Acc: 79.50%

Validation set: Average loss: 0.5802, Accuracy: 15930/19800 (80.45%)

Validation: acc 80.45%  macro-F1 0.8088  macro-recall 0.8043  (n=19800, classes=30)
Validation: worst-6 recall -> 3:0.31, 29:0.40, 8:0.47, 4:0.61, 11:0.61, 22:0.68

--> No improvement in validation loss. Patience: 3/10
Pre-train Epoch: 27 [0/40200 (0%)]	Loss: 0.801514	Acc: 76.56%
Pre-train Epoch: 27 [6400/40200 (16%)]	Loss: 0.652153	Acc: 78.05%
Pre-train Epoch: 27 [12800/40200 (32%)]	Loss: 0.460122	Acc: 79.24%
Pre-train Epoch: 27 [19200/40200 (48%)]	Loss: 0.629341	Acc: 79.58%
Pre-train Epoch: 27 [25600/40200 (64%)]	Loss: 0.666990	Acc: 79.54%
Pre-train Epoch: 27 [32000/40200 (79%)]	Loss: 0.573070	Acc: 79.56%
Pre-train Epoch: 27 [38400/40200 (95%)]	Loss: 0.701795	Acc: 79.58%

Validation set: Average loss: 0.5739, Accuracy: 15930/19800 (80.45%)

Validation: acc 80.45%  macro-F1 0.8016  macro-recall 0.8046  (n=19800, classes=30)
Validation: worst-6 recall -> 8:0.41, 22:0.41, 2:0.42, 7:0.50, 16:0.51, 14:0.63

--> No improvement in validation loss. Patience: 4/10
Pre-train Epoch: 28 [0/40200 (0%)]	Loss: 0.836379	Acc: 73.44%
Pre-train Epoch: 28 [6400/40200 (16%)]	Loss: 0.566461	Acc: 79.50%
Pre-train Epoch: 28 [12800/40200 (32%)]	Loss: 0.547458	Acc: 79.40%
Pre-train Epoch: 28 [19200/40200 (48%)]	Loss: 0.776023	Acc: 79.71%
Pre-train Epoch: 28 [25600/40200 (64%)]	Loss: 0.780446	Acc: 79.73%
Pre-train Epoch: 28 [32000/40200 (79%)]	Loss: 0.547686	Acc: 79.74%
Pre-train Epoch: 28 [38400/40200 (95%)]	Loss: 0.644651	Acc: 79.81%

Validation set: Average loss: 0.4784, Accuracy: 16854/19800 (85.12%)

Validation: acc 85.12%  macro-F1 0.8507  macro-recall 0.8512  (n=19800, classes=30)
Validation: worst-6 recall -> 22:0.45, 29:0.54, 3:0.67, 7:0.72, 8:0.72, 2:0.77

--> Best validation loss improved. Saved model to runs\20260917-233632_transformer_abl-minmax_only_798e28\reference.pth
Pre-train Epoch: 29 [0/40200 (0%)]	Loss: 0.694441	Acc: 76.56%
Pre-train Epoch: 29 [6400/40200 (16%)]	Loss: 0.556351	Acc: 78.84%
Pre-train Epoch: 29 [12800/40200 (32%)]	Loss: 0.499531	Acc: 78.82%
Pre-train Epoch: 29 [19200/40200 (48%)]	Loss: 0.657399	Acc: 79.05%
Pre-train Epoch: 29 [25600/40200 (64%)]	Loss: 0.835370	Acc: 79.06%
Pre-train Epoch: 29 [32000/40200 (79%)]	Loss: 0.772347	Acc: 79.30%
Pre-train Epoch: 29 [38400/40200 (95%)]	Loss: 0.669209	Acc: 79.34%

Validation set: Average loss: 0.4872, Accuracy: 16737/19800 (84.53%)

Validation: acc 84.53%  macro-F1 0.8423  macro-recall 0.8456  (n=19800, classes=30)
Validation: worst-6 recall -> 8:0.34, 29:0.51, 2:0.64, 16:0.70, 11:0.72, 22:0.73

--> No improvement in validation loss. Patience: 1/10
Pre-train Epoch: 30 [0/40200 (0%)]	Loss: 0.601710	Acc: 79.69%
Pre-train Epoch: 30 [6400/40200 (16%)]	Loss: 0.552000	Acc: 79.29%
Pre-train Epoch: 30 [12800/40200 (32%)]	Loss: 0.488297	Acc: 79.41%
Pre-train Epoch: 30 [19200/40200 (48%)]	Loss: 0.822272	Acc: 79.06%
Pre-train Epoch: 30 [25600/40200 (64%)]	Loss: 0.603742	Acc: 79.43%
Pre-train Epoch: 30 [32000/40200 (79%)]	Loss: 0.777367	Acc: 79.47%
Pre-train Epoch: 30 [38400/40200 (95%)]	Loss: 0.559056	Acc: 79.49%

Validation set: Average loss: 0.4777, Accuracy: 16796/19800 (84.83%)

Validation: acc 84.83%  macro-F1 0.8470  macro-recall 0.8485  (n=19800, classes=30)
Validation: worst-6 recall -> 8:0.45, 3:0.51, 29:0.63, 16:0.64, 28:0.71, 7:0.73

--> Best validation loss improved. Saved model to runs\20260917-233632_transformer_abl-minmax_only_798e28\reference.pth
Pre-train Epoch: 31 [0/40200 (0%)]	Loss: 0.794618	Acc: 71.88%
Pre-train Epoch: 31 [6400/40200 (16%)]	Loss: 0.774423	Acc: 79.27%
Pre-train Epoch: 31 [12800/40200 (32%)]	Loss: 0.618659	Acc: 79.43%
Pre-train Epoch: 31 [19200/40200 (48%)]	Loss: 0.410529	Acc: 79.47%
Pre-train Epoch: 31 [25600/40200 (64%)]	Loss: 0.642765	Acc: 79.77%
Pre-train Epoch: 31 [32000/40200 (79%)]	Loss: 0.538627	Acc: 79.75%
Pre-train Epoch: 31 [38400/40200 (95%)]	Loss: 0.515857	Acc: 79.78%

Validation set: Average loss: 0.4788, Accuracy: 16754/19800 (84.62%)

Validation: acc 84.62%  macro-F1 0.8438  macro-recall 0.8459  (n=19800, classes=30)
Validation: worst-6 recall -> 29:0.56, 8:0.61, 22:0.62, 3:0.65, 4:0.65, 2:0.67

--> No improvement in validation loss. Patience: 1/10
Pre-train Epoch: 32 [0/40200 (0%)]	Loss: 0.535601	Acc: 85.94%
Pre-train Epoch: 32 [6400/40200 (16%)]	Loss: 0.652401	Acc: 79.94%
Pre-train Epoch: 32 [12800/40200 (32%)]	Loss: 0.563747	Acc: 80.00%
Pre-train Epoch: 32 [19200/40200 (48%)]	Loss: 0.551169	Acc: 80.05%
Pre-train Epoch: 32 [25600/40200 (64%)]	Loss: 0.698324	Acc: 80.10%
Pre-train Epoch: 32 [32000/40200 (79%)]	Loss: 0.545189	Acc: 80.21%
Pre-train Epoch: 32 [38400/40200 (95%)]	Loss: 0.594926	Acc: 80.15%

Validation set: Average loss: 0.4885, Accuracy: 16660/19800 (84.14%)

Validation: acc 84.14%  macro-F1 0.8384  macro-recall 0.8415  (n=19800, classes=30)
Validation: worst-6 recall -> 8:0.28, 29:0.50, 11:0.64, 6:0.70, 2:0.71, 28:0.73

--> No improvement in validation loss. Patience: 2/10
Pre-train Epoch: 33 [0/40200 (0%)]	Loss: 0.583216	Acc: 82.81%
Pre-train Epoch: 33 [6400/40200 (16%)]	Loss: 0.821929	Acc: 79.87%
Pre-train Epoch: 33 [12800/40200 (32%)]	Loss: 0.645967	Acc: 80.49%
Pre-train Epoch: 33 [19200/40200 (48%)]	Loss: 0.598062	Acc: 80.56%
Pre-train Epoch: 33 [25600/40200 (64%)]	Loss: 0.737257	Acc: 80.59%
Pre-train Epoch: 33 [32000/40200 (79%)]	Loss: 0.419413	Acc: 80.72%
Pre-train Epoch: 33 [38400/40200 (95%)]	Loss: 0.548690	Acc: 80.52%

Validation set: Average loss: 0.4509, Accuracy: 17044/19800 (86.08%)

Validation: acc 86.08%  macro-F1 0.8605  macro-recall 0.8611  (n=19800, classes=30)
Validation: worst-6 recall -> 22:0.57, 2:0.57, 6:0.65, 28:0.75, 3:0.75, 29:0.76

--> Best validation loss improved. Saved model to runs\20260917-233632_transformer_abl-minmax_only_798e28\reference.pth
Pre-train Epoch: 34 [0/40200 (0%)]	Loss: 0.705757	Acc: 79.69%
Pre-train Epoch: 34 [6400/40200 (16%)]	Loss: 0.570445	Acc: 81.67%
Pre-train Epoch: 34 [12800/40200 (32%)]	Loss: 0.614646	Acc: 81.02%
Pre-train Epoch: 34 [19200/40200 (48%)]	Loss: 0.557107	Acc: 81.14%
Pre-train Epoch: 34 [25600/40200 (64%)]	Loss: 0.660053	Acc: 81.09%
Pre-train Epoch: 34 [32000/40200 (79%)]	Loss: 0.558881	Acc: 80.96%
Pre-train Epoch: 34 [38400/40200 (95%)]	Loss: 0.518131	Acc: 80.90%

Validation set: Average loss: 0.5286, Accuracy: 16352/19800 (82.59%)

Validation: acc 82.59%  macro-F1 0.8215  macro-recall 0.8258  (n=19800, classes=30)
Validation: worst-6 recall -> 29:0.48, 2:0.48, 8:0.51, 3:0.59, 28:0.64, 15:0.65

--> No improvement in validation loss. Patience: 1/10
Pre-train Epoch: 35 [0/40200 (0%)]	Loss: 0.690712	Acc: 81.25%
Pre-train Epoch: 35 [6400/40200 (16%)]	Loss: 0.521339	Acc: 79.76%
Pre-train Epoch: 35 [12800/40200 (32%)]	Loss: 0.571604	Acc: 79.85%
Pre-train Epoch: 35 [19200/40200 (48%)]	Loss: 0.499861	Acc: 80.13%
Pre-train Epoch: 35 [25600/40200 (64%)]	Loss: 0.607783	Acc: 80.17%
Pre-train Epoch: 35 [32000/40200 (79%)]	Loss: 0.817711	Acc: 80.29%
Pre-train Epoch: 35 [38400/40200 (95%)]	Loss: 0.597339	Acc: 80.30%

Validation set: Average loss: 0.4559, Accuracy: 17070/19800 (86.21%)

Validation: acc 86.21%  macro-F1 0.8592  macro-recall 0.8624  (n=19800, classes=30)
Validation: worst-6 recall -> 8:0.36, 2:0.65, 29:0.65, 6:0.72, 28:0.75, 22:0.76

--> No improvement in validation loss. Patience: 2/10
Pre-train Epoch: 36 [0/40200 (0%)]	Loss: 0.684596	Acc: 75.00%
Pre-train Epoch: 36 [6400/40200 (16%)]	Loss: 0.824502	Acc: 79.81%
Pre-train Epoch: 36 [12800/40200 (32%)]	Loss: 0.570847	Acc: 80.03%
Pre-train Epoch: 36 [19200/40200 (48%)]	Loss: 0.638920	Acc: 80.47%
Pre-train Epoch: 36 [25600/40200 (64%)]	Loss: 0.763219	Acc: 80.50%
Pre-train Epoch: 36 [32000/40200 (79%)]	Loss: 0.572307	Acc: 80.40%
Pre-train Epoch: 36 [38400/40200 (95%)]	Loss: 0.651238	Acc: 80.40%

Validation set: Average loss: 0.4611, Accuracy: 16998/19800 (85.85%)

Validation: acc 85.85%  macro-F1 0.8596  macro-recall 0.8587  (n=19800, classes=30)
Validation: worst-6 recall -> 6:0.64, 8:0.65, 3:0.66, 16:0.70, 4:0.72, 28:0.72

--> No improvement in validation loss. Patience: 3/10
Pre-train Epoch: 37 [0/40200 (0%)]	Loss: 0.612517	Acc: 84.38%
Pre-train Epoch: 37 [6400/40200 (16%)]	Loss: 0.523533	Acc: 82.15%
Pre-train Epoch: 37 [12800/40200 (32%)]	Loss: 0.654258	Acc: 81.37%
Pre-train Epoch: 37 [19200/40200 (48%)]	Loss: 0.486619	Acc: 81.03%
Pre-train Epoch: 37 [25600/40200 (64%)]	Loss: 0.626303	Acc: 80.95%
Pre-train Epoch: 37 [32000/40200 (79%)]	Loss: 0.852461	Acc: 80.82%
Pre-train Epoch: 37 [38400/40200 (95%)]	Loss: 0.704580	Acc: 80.64%

Validation set: Average loss: 0.4904, Accuracy: 16680/19800 (84.24%)

Validation: acc 84.24%  macro-F1 0.8426  macro-recall 0.8424  (n=19800, classes=30)
Validation: worst-6 recall -> 29:0.44, 6:0.52, 3:0.61, 8:0.63, 4:0.68, 15:0.70

--> No improvement in validation loss. Patience: 4/10
Pre-train Epoch: 38 [0/40200 (0%)]	Loss: 0.715660	Acc: 71.88%
Pre-train Epoch: 38 [6400/40200 (16%)]	Loss: 0.552248	Acc: 80.66%
Pre-train Epoch: 38 [12800/40200 (32%)]	Loss: 0.691104	Acc: 80.75%
Pre-train Epoch: 38 [19200/40200 (48%)]	Loss: 0.626359	Acc: 80.87%
Pre-train Epoch: 38 [25600/40200 (64%)]	Loss: 0.683831	Acc: 80.53%
Pre-train Epoch: 38 [32000/40200 (79%)]	Loss: 0.566429	Acc: 80.53%
Pre-train Epoch: 38 [38400/40200 (95%)]	Loss: 0.485693	Acc: 80.50%

Validation set: Average loss: 0.4297, Accuracy: 17123/19800 (86.48%)

Validation: acc 86.48%  macro-F1 0.8626  macro-recall 0.8649  (n=19800, classes=30)
Validation: worst-6 recall -> 16:0.53, 8:0.57, 29:0.57, 7:0.67, 22:0.71, 6:0.72

--> Best validation loss improved. Saved model to runs\20260917-233632_transformer_abl-minmax_only_798e28\reference.pth
Pre-train Epoch: 39 [0/40200 (0%)]	Loss: 0.673762	Acc: 78.12%
Pre-train Epoch: 39 [6400/40200 (16%)]	Loss: 0.574117	Acc: 80.91%
Pre-train Epoch: 39 [12800/40200 (32%)]	Loss: 0.766163	Acc: 80.34%
Pre-train Epoch: 39 [19200/40200 (48%)]	Loss: 0.472878	Acc: 80.62%
Pre-train Epoch: 39 [25600/40200 (64%)]	Loss: 0.405305	Acc: 80.67%
Pre-train Epoch: 39 [32000/40200 (79%)]	Loss: 0.609834	Acc: 80.96%
Pre-train Epoch: 39 [38400/40200 (95%)]	Loss: 0.800105	Acc: 80.80%

Validation set: Average loss: 0.4634, Accuracy: 16861/19800 (85.16%)

Validation: acc 85.16%  macro-F1 0.8515  macro-recall 0.8520  (n=19800, classes=30)
Validation: worst-6 recall -> 22:0.55, 15:0.56, 6:0.59, 2:0.60, 9:0.72, 26:0.73

--> No improvement in validation loss. Patience: 1/10
Pre-train Epoch: 40 [0/40200 (0%)]	Loss: 0.734489	Acc: 78.12%
Pre-train Epoch: 40 [6400/40200 (16%)]	Loss: 0.692142	Acc: 81.90%
Pre-train Epoch: 40 [12800/40200 (32%)]	Loss: 0.758108	Acc: 80.92%
Pre-train Epoch: 40 [19200/40200 (48%)]	Loss: 0.569715	Acc: 81.02%
Pre-train Epoch: 40 [25600/40200 (64%)]	Loss: 0.443706	Acc: 81.01%
Pre-train Epoch: 40 [32000/40200 (79%)]	Loss: 0.595580	Acc: 80.92%
Pre-train Epoch: 40 [38400/40200 (95%)]	Loss: 0.499899	Acc: 80.96%

Validation set: Average loss: 0.4858, Accuracy: 16645/19800 (84.07%)

Validation: acc 84.07%  macro-F1 0.8373  macro-recall 0.8403  (n=19800, classes=30)
Validation: worst-6 recall -> 11:0.47, 8:0.49, 29:0.52, 22:0.67, 2:0.68, 17:0.70

--> No improvement in validation loss. Patience: 2/10
Pre-train Epoch: 41 [0/40200 (0%)]	Loss: 0.693388	Acc: 70.31%
Pre-train Epoch: 41 [6400/40200 (16%)]	Loss: 0.406757	Acc: 80.37%
Pre-train Epoch: 41 [12800/40200 (32%)]	Loss: 0.502006	Acc: 80.80%
Pre-train Epoch: 41 [19200/40200 (48%)]	Loss: 0.604235	Acc: 81.26%
Pre-train Epoch: 41 [25600/40200 (64%)]	Loss: 0.700940	Acc: 81.23%
Pre-train Epoch: 41 [32000/40200 (79%)]	Loss: 0.698551	Acc: 81.21%
Pre-train Epoch: 41 [38400/40200 (95%)]	Loss: 0.725726	Acc: 80.95%

Validation set: Average loss: 0.5056, Accuracy: 16573/19800 (83.70%)

Validation: acc 83.70%  macro-F1 0.8359  macro-recall 0.8367  (n=19800, classes=30)
Validation: worst-6 recall -> 3:0.44, 15:0.48, 29:0.49, 4:0.51, 6:0.73, 11:0.74

--> No improvement in validation loss. Patience: 3/10
Pre-train Epoch: 42 [0/40200 (0%)]	Loss: 0.582136	Acc: 82.81%
Pre-train Epoch: 42 [6400/40200 (16%)]	Loss: 0.459846	Acc: 81.53%
Pre-train Epoch: 42 [12800/40200 (32%)]	Loss: 0.686825	Acc: 81.42%
Pre-train Epoch: 42 [19200/40200 (48%)]	Loss: 0.568548	Acc: 80.95%
Pre-train Epoch: 42 [25600/40200 (64%)]	Loss: 0.519827	Acc: 80.99%
Pre-train Epoch: 42 [32000/40200 (79%)]	Loss: 0.602308	Acc: 81.00%
Pre-train Epoch: 42 [38400/40200 (95%)]	Loss: 0.605117	Acc: 81.00%

Validation set: Average loss: 0.4696, Accuracy: 16917/19800 (85.44%)

Validation: acc 85.44%  macro-F1 0.8526  macro-recall 0.8544  (n=19800, classes=30)
Validation: worst-6 recall -> 22:0.46, 29:0.59, 2:0.65, 8:0.66, 6:0.69, 4:0.72

--> No improvement in validation loss. Patience: 4/10
Pre-train Epoch: 43 [0/40200 (0%)]	Loss: 0.615827	Acc: 76.56%
Pre-train Epoch: 43 [6400/40200 (16%)]	Loss: 0.695163	Acc: 80.99%
Pre-train Epoch: 43 [12800/40200 (32%)]	Loss: 0.656953	Acc: 81.23%
Pre-train Epoch: 43 [19200/40200 (48%)]	Loss: 0.468338	Acc: 81.50%
Pre-train Epoch: 43 [25600/40200 (64%)]	Loss: 0.665037	Acc: 81.41%
Pre-train Epoch: 43 [32000/40200 (79%)]	Loss: 0.520544	Acc: 81.45%
Pre-train Epoch: 43 [38400/40200 (95%)]	Loss: 0.734844	Acc: 81.49%

Validation set: Average loss: 0.4304, Accuracy: 17176/19800 (86.75%)

Validation: acc 86.75%  macro-F1 0.8671  macro-recall 0.8680  (n=19800, classes=30)
Validation: worst-6 recall -> 2:0.54, 22:0.67, 3:0.71, 28:0.72, 9:0.73, 8:0.76

--> No improvement in validation loss. Patience: 5/10
Pre-train Epoch: 44 [0/40200 (0%)]	Loss: 0.381236	Acc: 92.19%
Pre-train Epoch: 44 [6400/40200 (16%)]	Loss: 0.486226	Acc: 80.66%
Pre-train Epoch: 44 [12800/40200 (32%)]	Loss: 0.540902	Acc: 81.29%
Pre-train Epoch: 44 [19200/40200 (48%)]	Loss: 0.552325	Acc: 81.21%
Pre-train Epoch: 44 [25600/40200 (64%)]	Loss: 0.653108	Acc: 81.21%
Pre-train Epoch: 44 [32000/40200 (79%)]	Loss: 0.518749	Acc: 81.27%
Pre-train Epoch: 44 [38400/40200 (95%)]	Loss: 0.384324	Acc: 81.30%

Validation set: Average loss: 0.4338, Accuracy: 17135/19800 (86.54%)

Validation: acc 86.54%  macro-F1 0.8636  macro-recall 0.8655  (n=19800, classes=30)
Validation: worst-6 recall -> 8:0.49, 29:0.59, 2:0.62, 22:0.71, 6:0.71, 16:0.72

--> No improvement in validation loss. Patience: 6/10
Pre-train Epoch: 45 [0/40200 (0%)]	Loss: 0.532089	Acc: 81.25%
Pre-train Epoch: 45 [6400/40200 (16%)]	Loss: 0.613921	Acc: 81.64%
Pre-train Epoch: 45 [12800/40200 (32%)]	Loss: 0.598672	Acc: 81.84%
Pre-train Epoch: 45 [19200/40200 (48%)]	Loss: 0.494251	Acc: 81.59%
Pre-train Epoch: 45 [25600/40200 (64%)]	Loss: 0.634319	Acc: 81.50%
Pre-train Epoch: 45 [32000/40200 (79%)]	Loss: 0.498066	Acc: 81.44%
Pre-train Epoch: 45 [38400/40200 (95%)]	Loss: 0.549718	Acc: 81.40%

Validation set: Average loss: 0.4328, Accuracy: 17132/19800 (86.53%)

Validation: acc 86.53%  macro-F1 0.8635  macro-recall 0.8654  (n=19800, classes=30)
Validation: worst-6 recall -> 2:0.62, 8:0.64, 22:0.65, 7:0.69, 29:0.70, 6:0.71

--> No improvement in validation loss. Patience: 7/10
Pre-train Epoch: 46 [0/40200 (0%)]	Loss: 0.565270	Acc: 78.12%
Pre-train Epoch: 46 [6400/40200 (16%)]	Loss: 0.467365	Acc: 81.57%
Pre-train Epoch: 46 [12800/40200 (32%)]	Loss: 0.720396	Acc: 81.49%
Pre-train Epoch: 46 [19200/40200 (48%)]	Loss: 0.541343	Acc: 81.71%
Pre-train Epoch: 46 [25600/40200 (64%)]	Loss: 0.736673	Acc: 81.43%
Pre-train Epoch: 46 [32000/40200 (79%)]	Loss: 0.638353	Acc: 81.33%
Pre-train Epoch: 46 [38400/40200 (95%)]	Loss: 0.567153	Acc: 81.23%

Validation set: Average loss: 0.4550, Accuracy: 16999/19800 (85.85%)

Validation: acc 85.85%  macro-F1 0.8585  macro-recall 0.8585  (n=19800, classes=30)
Validation: worst-6 recall -> 22:0.54, 8:0.60, 29:0.60, 7:0.69, 16:0.74, 4:0.74

--> No improvement in validation loss. Patience: 8/10
Pre-train Epoch: 47 [0/40200 (0%)]	Loss: 0.482592	Acc: 87.50%
Pre-train Epoch: 47 [6400/40200 (16%)]	Loss: 0.457756	Acc: 82.13%
Pre-train Epoch: 47 [12800/40200 (32%)]	Loss: 0.608515	Acc: 82.01%
Pre-train Epoch: 47 [19200/40200 (48%)]	Loss: 0.459292	Acc: 81.92%
Pre-train Epoch: 47 [25600/40200 (64%)]	Loss: 0.689413	Acc: 81.62%
Pre-train Epoch: 47 [32000/40200 (79%)]	Loss: 0.639883	Acc: 81.72%
Pre-train Epoch: 47 [38400/40200 (95%)]	Loss: 0.530012	Acc: 81.75%

Validation set: Average loss: 0.4228, Accuracy: 17220/19800 (86.97%)

Validation: acc 86.97%  macro-F1 0.8699  macro-recall 0.8699  (n=19800, classes=30)
Validation: worst-6 recall -> 2:0.54, 8:0.69, 22:0.70, 6:0.70, 29:0.71, 15:0.71

--> Best validation loss improved. Saved model to runs\20260917-233632_transformer_abl-minmax_only_798e28\reference.pth
Pre-train Epoch: 48 [0/40200 (0%)]	Loss: 0.602488	Acc: 82.81%
Pre-train Epoch: 48 [6400/40200 (16%)]	Loss: 0.645617	Acc: 81.27%
Pre-train Epoch: 48 [12800/40200 (32%)]	Loss: 0.610745	Acc: 81.66%
Pre-train Epoch: 48 [19200/40200 (48%)]	Loss: 0.695050	Acc: 81.52%
Pre-train Epoch: 48 [25600/40200 (64%)]	Loss: 0.584754	Acc: 81.63%
Pre-train Epoch: 48 [32000/40200 (79%)]	Loss: 0.515045	Acc: 81.83%
Pre-train Epoch: 48 [38400/40200 (95%)]	Loss: 0.573146	Acc: 81.87%

Validation set: Average loss: 0.4307, Accuracy: 17079/19800 (86.26%)

Validation: acc 86.26%  macro-F1 0.8605  macro-recall 0.8628  (n=19800, classes=30)
Validation: worst-6 recall -> 7:0.56, 8:0.60, 29:0.66, 2:0.66, 22:0.67, 3:0.72

--> No improvement in validation loss. Patience: 1/10
Pre-train Epoch: 49 [0/40200 (0%)]	Loss: 0.587208	Acc: 78.12%
Pre-train Epoch: 49 [6400/40200 (16%)]	Loss: 0.542767	Acc: 80.62%
Pre-train Epoch: 49 [12800/40200 (32%)]	Loss: 0.535712	Acc: 81.31%
Pre-train Epoch: 49 [19200/40200 (48%)]	Loss: 0.561607	Acc: 81.84%
Pre-train Epoch: 49 [25600/40200 (64%)]	Loss: 0.655829	Acc: 82.13%
Pre-train Epoch: 49 [32000/40200 (79%)]	Loss: 0.750942	Acc: 82.17%
Pre-train Epoch: 49 [38400/40200 (95%)]	Loss: 0.563115	Acc: 81.97%

Validation set: Average loss: 0.4207, Accuracy: 17256/19800 (87.15%)

Validation: acc 87.15%  macro-F1 0.8713  macro-recall 0.8718  (n=19800, classes=30)
Validation: worst-6 recall -> 2:0.48, 6:0.69, 22:0.74, 28:0.74, 3:0.76, 8:0.78

--> Best validation loss improved. Saved model to runs\20260917-233632_transformer_abl-minmax_only_798e28\reference.pth
Pre-train Epoch: 50 [0/40200 (0%)]	Loss: 0.593297	Acc: 85.94%
Pre-train Epoch: 50 [6400/40200 (16%)]	Loss: 0.534103	Acc: 81.53%
Pre-train Epoch: 50 [12800/40200 (32%)]	Loss: 0.583146	Acc: 81.66%
Pre-train Epoch: 50 [19200/40200 (48%)]	Loss: 0.393107	Acc: 81.97%
Pre-train Epoch: 50 [25600/40200 (64%)]	Loss: 0.565572	Acc: 81.82%
Pre-train Epoch: 50 [32000/40200 (79%)]	Loss: 0.613990	Acc: 81.56%
Pre-train Epoch: 50 [38400/40200 (95%)]	Loss: 0.622499	Acc: 81.66%

Validation set: Average loss: 0.4214, Accuracy: 17173/19800 (86.73%)

Validation: acc 86.73%  macro-F1 0.8646  macro-recall 0.8677  (n=19800, classes=30)
Validation: worst-6 recall -> 8:0.53, 2:0.60, 16:0.64, 29:0.68, 6:0.72, 7:0.73

--> No improvement in validation loss. Patience: 1/10
Pre-train Epoch: 51 [0/40200 (0%)]	Loss: 0.552950	Acc: 85.94%
Pre-train Epoch: 51 [6400/40200 (16%)]	Loss: 0.480705	Acc: 82.60%
Pre-train Epoch: 51 [12800/40200 (32%)]	Loss: 0.407283	Acc: 82.10%
Pre-train Epoch: 51 [19200/40200 (48%)]	Loss: 0.618383	Acc: 81.97%
Pre-train Epoch: 51 [25600/40200 (64%)]	Loss: 0.665759	Acc: 82.06%
Pre-train Epoch: 51 [32000/40200 (79%)]	Loss: 0.587534	Acc: 82.10%
Pre-train Epoch: 51 [38400/40200 (95%)]	Loss: 0.678779	Acc: 81.98%

Validation set: Average loss: 0.4414, Accuracy: 17160/19800 (86.67%)

Validation: acc 86.67%  macro-F1 0.8671  macro-recall 0.8672  (n=19800, classes=30)
Validation: worst-6 recall -> 8:0.55, 15:0.65, 9:0.69, 29:0.71, 6:0.73, 28:0.74

--> No improvement in validation loss. Patience: 2/10
Pre-train Epoch: 52 [0/40200 (0%)]	Loss: 0.576910	Acc: 81.25%
Pre-train Epoch: 52 [6400/40200 (16%)]	Loss: 0.476489	Acc: 82.80%
Pre-train Epoch: 52 [12800/40200 (32%)]	Loss: 0.441527	Acc: 82.08%
Pre-train Epoch: 52 [19200/40200 (48%)]	Loss: 0.547349	Acc: 82.12%
Pre-train Epoch: 52 [25600/40200 (64%)]	Loss: 0.590148	Acc: 82.12%
Pre-train Epoch: 52 [32000/40200 (79%)]	Loss: 0.767351	Acc: 82.16%
Pre-train Epoch: 52 [38400/40200 (95%)]	Loss: 0.726662	Acc: 82.12%

Validation set: Average loss: 0.4526, Accuracy: 16962/19800 (85.67%)

Validation: acc 85.67%  macro-F1 0.8565  macro-recall 0.8566  (n=19800, classes=30)
Validation: worst-6 recall -> 3:0.37, 29:0.56, 16:0.68, 8:0.69, 6:0.69, 10:0.77

--> No improvement in validation loss. Patience: 3/10
Pre-train Epoch: 53 [0/40200 (0%)]	Loss: 0.502523	Acc: 84.38%
Pre-train Epoch: 53 [6400/40200 (16%)]	Loss: 0.574503	Acc: 81.45%
Pre-train Epoch: 53 [12800/40200 (32%)]	Loss: 0.664639	Acc: 81.76%
Pre-train Epoch: 53 [19200/40200 (48%)]	Loss: 0.509067	Acc: 81.61%
Pre-train Epoch: 53 [25600/40200 (64%)]	Loss: 0.712091	Acc: 81.57%
Pre-train Epoch: 53 [32000/40200 (79%)]	Loss: 0.672629	Acc: 81.63%
Pre-train Epoch: 53 [38400/40200 (95%)]	Loss: 0.663358	Acc: 81.70%

Validation set: Average loss: 0.4351, Accuracy: 17106/19800 (86.39%)

Validation: acc 86.39%  macro-F1 0.8635  macro-recall 0.8642  (n=19800, classes=30)
Validation: worst-6 recall -> 22:0.56, 6:0.63, 29:0.67, 2:0.68, 8:0.69, 14:0.76

--> No improvement in validation loss. Patience: 4/10
Pre-train Epoch: 54 [0/40200 (0%)]	Loss: 0.485316	Acc: 89.06%
Pre-train Epoch: 54 [6400/40200 (16%)]	Loss: 0.424744	Acc: 81.84%
Pre-train Epoch: 54 [12800/40200 (32%)]	Loss: 0.611521	Acc: 81.87%
Pre-train Epoch: 54 [19200/40200 (48%)]	Loss: 0.605581	Acc: 81.79%
Pre-train Epoch: 54 [25600/40200 (64%)]	Loss: 0.390254	Acc: 82.02%
Pre-train Epoch: 54 [32000/40200 (79%)]	Loss: 0.393901	Acc: 82.10%
Pre-train Epoch: 54 [38400/40200 (95%)]	Loss: 0.544196	Acc: 81.93%

Validation set: Average loss: 0.4294, Accuracy: 17149/19800 (86.61%)

Validation: acc 86.61%  macro-F1 0.8662  macro-recall 0.8666  (n=19800, classes=30)
Validation: worst-6 recall -> 8:0.56, 6:0.65, 2:0.68, 22:0.71, 17:0.77, 26:0.78

--> No improvement in validation loss. Patience: 5/10
Pre-train Epoch: 55 [0/40200 (0%)]	Loss: 0.522967	Acc: 82.81%
Pre-train Epoch: 55 [6400/40200 (16%)]	Loss: 0.718630	Acc: 82.18%
Pre-train Epoch: 55 [12800/40200 (32%)]	Loss: 0.439376	Acc: 82.02%
Pre-train Epoch: 55 [19200/40200 (48%)]	Loss: 0.631150	Acc: 81.91%
Pre-train Epoch: 55 [25600/40200 (64%)]	Loss: 0.475553	Acc: 81.87%
Pre-train Epoch: 55 [32000/40200 (79%)]	Loss: 0.577601	Acc: 82.01%
Pre-train Epoch: 55 [38400/40200 (95%)]	Loss: 0.709635	Acc: 82.31%

Validation set: Average loss: 0.4346, Accuracy: 17130/19800 (86.52%)

Validation: acc 86.52%  macro-F1 0.8635  macro-recall 0.8656  (n=19800, classes=30)
Validation: worst-6 recall -> 8:0.51, 7:0.58, 22:0.65, 3:0.65, 29:0.70, 16:0.74

--> No improvement in validation loss. Patience: 6/10
Pre-train Epoch: 56 [0/40200 (0%)]	Loss: 0.446230	Acc: 87.50%
Pre-train Epoch: 56 [6400/40200 (16%)]	Loss: 0.443532	Acc: 82.50%
Pre-train Epoch: 56 [12800/40200 (32%)]	Loss: 0.636198	Acc: 83.16%
Pre-train Epoch: 56 [19200/40200 (48%)]	Loss: 0.425397	Acc: 82.91%
Pre-train Epoch: 56 [25600/40200 (64%)]	Loss: 0.558327	Acc: 82.97%
Pre-train Epoch: 56 [32000/40200 (79%)]	Loss: 0.683463	Acc: 82.66%
Pre-train Epoch: 56 [38400/40200 (95%)]	Loss: 0.599615	Acc: 82.61%

Validation set: Average loss: 0.4132, Accuracy: 17333/19800 (87.54%)

Validation: acc 87.54%  macro-F1 0.8762  macro-recall 0.8754  (n=19800, classes=30)
Validation: worst-6 recall -> 29:0.65, 22:0.70, 8:0.71, 6:0.74, 2:0.75, 16:0.76

--> Best validation loss improved. Saved model to runs\20260917-233632_transformer_abl-minmax_only_798e28\reference.pth
Pre-train Epoch: 57 [0/40200 (0%)]	Loss: 0.501805	Acc: 87.50%
Pre-train Epoch: 57 [6400/40200 (16%)]	Loss: 0.455224	Acc: 82.87%
Pre-train Epoch: 57 [12800/40200 (32%)]	Loss: 0.505595	Acc: 82.48%
Pre-train Epoch: 57 [19200/40200 (48%)]	Loss: 0.504701	Acc: 82.43%
Pre-train Epoch: 57 [25600/40200 (64%)]	Loss: 0.473862	Acc: 82.34%
Pre-train Epoch: 57 [32000/40200 (79%)]	Loss: 0.489789	Acc: 82.28%
Pre-train Epoch: 57 [38400/40200 (95%)]	Loss: 0.389208	Acc: 82.41%

Validation set: Average loss: 0.4264, Accuracy: 17096/19800 (86.34%)

Validation: acc 86.34%  macro-F1 0.8604  macro-recall 0.8639  (n=19800, classes=30)
Validation: worst-6 recall -> 8:0.43, 28:0.62, 3:0.63, 29:0.64, 6:0.65, 7:0.71

--> No improvement in validation loss. Patience: 1/10
Pre-train Epoch: 58 [0/40200 (0%)]	Loss: 0.493744	Acc: 85.94%
Pre-train Epoch: 58 [6400/40200 (16%)]	Loss: 0.453725	Acc: 82.36%
Pre-train Epoch: 58 [12800/40200 (32%)]	Loss: 0.603047	Acc: 82.10%
Pre-train Epoch: 58 [19200/40200 (48%)]	Loss: 0.430601	Acc: 82.36%
Pre-train Epoch: 58 [25600/40200 (64%)]	Loss: 0.476068	Acc: 82.56%
Pre-train Epoch: 58 [32000/40200 (79%)]	Loss: 0.391975	Acc: 82.53%
Pre-train Epoch: 58 [38400/40200 (95%)]	Loss: 0.508945	Acc: 82.57%

Validation set: Average loss: 0.4119, Accuracy: 17231/19800 (87.03%)

Validation: acc 87.03%  macro-F1 0.8686  macro-recall 0.8706  (n=19800, classes=30)
Validation: worst-6 recall -> 2:0.52, 15:0.66, 29:0.68, 8:0.70, 28:0.71, 6:0.73

--> Best validation loss improved. Saved model to runs\20260917-233632_transformer_abl-minmax_only_798e28\reference.pth
Pre-train Epoch: 59 [0/40200 (0%)]	Loss: 0.389604	Acc: 89.06%
Pre-train Epoch: 59 [6400/40200 (16%)]	Loss: 0.616343	Acc: 83.57%
Pre-train Epoch: 59 [12800/40200 (32%)]	Loss: 0.594455	Acc: 83.08%
Pre-train Epoch: 59 [19200/40200 (48%)]	Loss: 0.368069	Acc: 83.11%
Pre-train Epoch: 59 [25600/40200 (64%)]	Loss: 0.505425	Acc: 82.69%
Pre-train Epoch: 59 [32000/40200 (79%)]	Loss: 0.504023	Acc: 82.57%
Pre-train Epoch: 59 [38400/40200 (95%)]	Loss: 0.574003	Acc: 82.76%

Validation set: Average loss: 0.3950, Accuracy: 17421/19800 (87.98%)

Validation: acc 87.98%  macro-F1 0.8786  macro-recall 0.8802  (n=19800, classes=30)
Validation: worst-6 recall -> 8:0.57, 3:0.67, 6:0.69, 28:0.73, 2:0.74, 16:0.75

--> Best validation loss improved. Saved model to runs\20260917-233632_transformer_abl-minmax_only_798e28\reference.pth
Pre-train Epoch: 60 [0/40200 (0%)]	Loss: 0.535081	Acc: 81.25%
Pre-train Epoch: 60 [6400/40200 (16%)]	Loss: 0.507505	Acc: 82.41%
Pre-train Epoch: 60 [12800/40200 (32%)]	Loss: 0.549917	Acc: 83.02%
Pre-train Epoch: 60 [19200/40200 (48%)]	Loss: 0.528453	Acc: 82.96%
Pre-train Epoch: 60 [25600/40200 (64%)]	Loss: 0.521081	Acc: 83.03%
Pre-train Epoch: 60 [32000/40200 (79%)]	Loss: 0.670315	Acc: 83.09%
Pre-train Epoch: 60 [38400/40200 (95%)]	Loss: 0.505104	Acc: 83.09%

Validation set: Average loss: 0.4525, Accuracy: 16965/19800 (85.68%)

Validation: acc 85.68%  macro-F1 0.8557  macro-recall 0.8566  (n=19800, classes=30)
Validation: worst-6 recall -> 8:0.58, 6:0.60, 4:0.64, 22:0.64, 29:0.66, 16:0.70

--> No improvement in validation loss. Patience: 1/10
Pre-train Epoch: 61 [0/40200 (0%)]	Loss: 0.715717	Acc: 75.00%
Pre-train Epoch: 61 [6400/40200 (16%)]	Loss: 0.483089	Acc: 82.83%
Pre-train Epoch: 61 [12800/40200 (32%)]	Loss: 0.662491	Acc: 82.69%
Pre-train Epoch: 61 [19200/40200 (48%)]	Loss: 0.575348	Acc: 82.73%
Pre-train Epoch: 61 [25600/40200 (64%)]	Loss: 0.466418	Acc: 82.85%
Pre-train Epoch: 61 [32000/40200 (79%)]	Loss: 0.494273	Acc: 82.77%
Pre-train Epoch: 61 [38400/40200 (95%)]	Loss: 0.546071	Acc: 82.70%

Validation set: Average loss: 0.4154, Accuracy: 17243/19800 (87.09%)

Validation: acc 87.09%  macro-F1 0.8694  macro-recall 0.8711  (n=19800, classes=30)
Validation: worst-6 recall -> 8:0.55, 2:0.58, 6:0.62, 16:0.69, 22:0.75, 28:0.75

--> No improvement in validation loss. Patience: 2/10
Pre-train Epoch: 62 [0/40200 (0%)]	Loss: 0.501781	Acc: 82.81%
Pre-train Epoch: 62 [6400/40200 (16%)]	Loss: 0.536759	Acc: 82.49%
Pre-train Epoch: 62 [12800/40200 (32%)]	Loss: 0.546695	Acc: 82.83%
Pre-train Epoch: 62 [19200/40200 (48%)]	Loss: 0.639379	Acc: 82.72%
Pre-train Epoch: 62 [25600/40200 (64%)]	Loss: 0.564339	Acc: 82.73%
Pre-train Epoch: 62 [32000/40200 (79%)]	Loss: 0.596513	Acc: 82.71%
Pre-train Epoch: 62 [38400/40200 (95%)]	Loss: 0.484577	Acc: 82.61%

Validation set: Average loss: 0.4382, Accuracy: 17113/19800 (86.43%)

Validation: acc 86.43%  macro-F1 0.8650  macro-recall 0.8650  (n=19800, classes=30)
Validation: worst-6 recall -> 28:0.58, 2:0.63, 8:0.65, 9:0.67, 6:0.69, 22:0.72

--> No improvement in validation loss. Patience: 3/10
Pre-train Epoch: 63 [0/40200 (0%)]	Loss: 0.500402	Acc: 85.94%
Pre-train Epoch: 63 [6400/40200 (16%)]	Loss: 0.695965	Acc: 82.84%
Pre-train Epoch: 63 [12800/40200 (32%)]	Loss: 0.709438	Acc: 82.91%
Pre-train Epoch: 63 [19200/40200 (48%)]	Loss: 0.487502	Acc: 83.39%
Pre-train Epoch: 63 [25600/40200 (64%)]	Loss: 0.475376	Acc: 83.13%
Pre-train Epoch: 63 [32000/40200 (79%)]	Loss: 0.469184	Acc: 82.97%
Pre-train Epoch: 63 [38400/40200 (95%)]	Loss: 0.518714	Acc: 82.88%

Validation set: Average loss: 0.4650, Accuracy: 16873/19800 (85.22%)

Validation: acc 85.22%  macro-F1 0.8490  macro-recall 0.8527  (n=19800, classes=30)
Validation: worst-6 recall -> 8:0.36, 28:0.47, 11:0.64, 6:0.71, 29:0.72, 3:0.73

--> No improvement in validation loss. Patience: 4/10
Pre-train Epoch: 64 [0/40200 (0%)]	Loss: 0.485985	Acc: 90.62%
Pre-train Epoch: 64 [6400/40200 (16%)]	Loss: 0.585115	Acc: 82.92%
Pre-train Epoch: 64 [12800/40200 (32%)]	Loss: 0.602232	Acc: 83.02%
Pre-train Epoch: 64 [19200/40200 (48%)]	Loss: 0.536464	Acc: 82.97%
Pre-train Epoch: 64 [25600/40200 (64%)]	Loss: 0.612171	Acc: 83.18%
Pre-train Epoch: 64 [32000/40200 (79%)]	Loss: 0.568888	Acc: 83.30%
Pre-train Epoch: 64 [38400/40200 (95%)]	Loss: 0.505468	Acc: 83.20%

Validation set: Average loss: 0.4068, Accuracy: 17242/19800 (87.08%)

Validation: acc 87.08%  macro-F1 0.8706  macro-recall 0.8710  (n=19800, classes=30)
Validation: worst-6 recall -> 2:0.57, 22:0.65, 15:0.66, 7:0.71, 6:0.75, 29:0.76

--> No improvement in validation loss. Patience: 5/10
Pre-train Epoch: 65 [0/40200 (0%)]	Loss: 0.576055	Acc: 78.12%
Pre-train Epoch: 65 [6400/40200 (16%)]	Loss: 0.662924	Acc: 83.08%
Pre-train Epoch: 65 [12800/40200 (32%)]	Loss: 0.618642	Acc: 83.33%
Pre-train Epoch: 65 [19200/40200 (48%)]	Loss: 0.633388	Acc: 83.17%
Pre-train Epoch: 65 [25600/40200 (64%)]	Loss: 0.558439	Acc: 83.21%
Pre-train Epoch: 65 [32000/40200 (79%)]	Loss: 0.425066	Acc: 83.34%
Pre-train Epoch: 65 [38400/40200 (95%)]	Loss: 0.546773	Acc: 83.33%

Validation set: Average loss: 0.4055, Accuracy: 17315/19800 (87.45%)

Validation: acc 87.45%  macro-F1 0.8744  macro-recall 0.8746  (n=19800, classes=30)
Validation: worst-6 recall -> 8:0.55, 29:0.60, 6:0.65, 3:0.71, 16:0.76, 28:0.78

--> No improvement in validation loss. Patience: 6/10
Pre-train Epoch: 66 [0/40200 (0%)]	Loss: 0.564792	Acc: 81.25%
Pre-train Epoch: 66 [6400/40200 (16%)]	Loss: 0.468106	Acc: 83.40%
Pre-train Epoch: 66 [12800/40200 (32%)]	Loss: 0.499550	Acc: 83.35%
Pre-train Epoch: 66 [19200/40200 (48%)]	Loss: 0.607665	Acc: 83.34%
Pre-train Epoch: 66 [25600/40200 (64%)]	Loss: 0.418787	Acc: 83.30%
Pre-train Epoch: 66 [32000/40200 (79%)]	Loss: 0.568582	Acc: 83.13%
Pre-train Epoch: 66 [38400/40200 (95%)]	Loss: 0.608630	Acc: 83.22%

Validation set: Average loss: 0.3979, Accuracy: 17335/19800 (87.55%)

Validation: acc 87.55%  macro-F1 0.8751  macro-recall 0.8760  (n=19800, classes=30)
Validation: worst-6 recall -> 2:0.63, 22:0.64, 8:0.67, 7:0.76, 6:0.77, 16:0.78

--> No improvement in validation loss. Patience: 7/10
Pre-train Epoch: 67 [0/40200 (0%)]	Loss: 0.634465	Acc: 82.81%
Pre-train Epoch: 67 [6400/40200 (16%)]	Loss: 0.491244	Acc: 82.70%
Pre-train Epoch: 67 [12800/40200 (32%)]	Loss: 0.674792	Acc: 82.79%
Pre-train Epoch: 67 [19200/40200 (48%)]	Loss: 0.557737	Acc: 82.69%
Pre-train Epoch: 67 [25600/40200 (64%)]	Loss: 0.604592	Acc: 82.91%
Pre-train Epoch: 67 [32000/40200 (79%)]	Loss: 0.568061	Acc: 83.13%
Pre-train Epoch: 67 [38400/40200 (95%)]	Loss: 0.429505	Acc: 83.21%

Validation set: Average loss: 0.3939, Accuracy: 17369/19800 (87.72%)

Validation: acc 87.72%  macro-F1 0.8757  macro-recall 0.8775  (n=19800, classes=30)
Validation: worst-6 recall -> 8:0.46, 29:0.65, 6:0.74, 7:0.74, 3:0.76, 16:0.76

--> Best validation loss improved. Saved model to runs\20260917-233632_transformer_abl-minmax_only_798e28\reference.pth
Pre-train Epoch: 68 [0/40200 (0%)]	Loss: 0.573402	Acc: 82.81%
Pre-train Epoch: 68 [6400/40200 (16%)]	Loss: 0.462651	Acc: 84.31%
Pre-train Epoch: 68 [12800/40200 (32%)]	Loss: 0.524324	Acc: 83.85%
Pre-train Epoch: 68 [19200/40200 (48%)]	Loss: 0.589618	Acc: 83.58%
Pre-train Epoch: 68 [25600/40200 (64%)]	Loss: 0.536581	Acc: 83.56%
Pre-train Epoch: 68 [32000/40200 (79%)]	Loss: 0.441274	Acc: 83.41%
Pre-train Epoch: 68 [38400/40200 (95%)]	Loss: 0.593671	Acc: 83.30%

Validation set: Average loss: 0.3911, Accuracy: 17473/19800 (88.25%)

Validation: acc 88.25%  macro-F1 0.8813  macro-recall 0.8825  (n=19800, classes=30)
Validation: worst-6 recall -> 6:0.62, 8:0.63, 2:0.73, 29:0.74, 16:0.74, 28:0.79

--> Best validation loss improved. Saved model to runs\20260917-233632_transformer_abl-minmax_only_798e28\reference.pth
Pre-train Epoch: 69 [0/40200 (0%)]	Loss: 0.490790	Acc: 82.81%
Pre-train Epoch: 69 [6400/40200 (16%)]	Loss: 0.566159	Acc: 83.99%
Pre-train Epoch: 69 [12800/40200 (32%)]	Loss: 0.542909	Acc: 83.96%
Pre-train Epoch: 69 [19200/40200 (48%)]	Loss: 0.392933	Acc: 83.73%
Pre-train Epoch: 69 [25600/40200 (64%)]	Loss: 0.501495	Acc: 83.67%
Pre-train Epoch: 69 [32000/40200 (79%)]	Loss: 0.431037	Acc: 83.55%
Pre-train Epoch: 69 [38400/40200 (95%)]	Loss: 0.344794	Acc: 83.50%

Validation set: Average loss: 0.3992, Accuracy: 17442/19800 (88.09%)

Validation: acc 88.09%  macro-F1 0.8809  macro-recall 0.8812  (n=19800, classes=30)
Validation: worst-6 recall -> 8:0.54, 6:0.65, 29:0.76, 28:0.76, 15:0.81, 2:0.81

--> No improvement in validation loss. Patience: 1/10
Pre-train Epoch: 70 [0/40200 (0%)]	Loss: 0.540822	Acc: 79.69%
Pre-train Epoch: 70 [6400/40200 (16%)]	Loss: 0.475859	Acc: 83.28%
Pre-train Epoch: 70 [12800/40200 (32%)]	Loss: 0.536328	Acc: 83.43%
Pre-train Epoch: 70 [19200/40200 (48%)]	Loss: 0.525373	Acc: 83.60%
Pre-train Epoch: 70 [25600/40200 (64%)]	Loss: 0.707486	Acc: 83.64%
Pre-train Epoch: 70 [32000/40200 (79%)]	Loss: 0.415811	Acc: 83.47%
Pre-train Epoch: 70 [38400/40200 (95%)]	Loss: 0.704184	Acc: 83.50%

Validation set: Average loss: 0.3797, Accuracy: 17490/19800 (88.33%)

Validation: acc 88.33%  macro-F1 0.8826  macro-recall 0.8834  (n=19800, classes=30)
Validation: worst-6 recall -> 2:0.56, 29:0.69, 22:0.70, 8:0.76, 6:0.76, 15:0.78

--> Best validation loss improved. Saved model to runs\20260917-233632_transformer_abl-minmax_only_798e28\reference.pth
Pre-train Epoch: 71 [0/40200 (0%)]	Loss: 0.461545	Acc: 76.56%
Pre-train Epoch: 71 [6400/40200 (16%)]	Loss: 0.611008	Acc: 83.12%
Pre-train Epoch: 71 [12800/40200 (32%)]	Loss: 0.438209	Acc: 83.39%
Pre-train Epoch: 71 [19200/40200 (48%)]	Loss: 0.352214	Acc: 83.55%
Pre-train Epoch: 71 [25600/40200 (64%)]	Loss: 0.566798	Acc: 83.56%
Pre-train Epoch: 71 [32000/40200 (79%)]	Loss: 0.573055	Acc: 83.71%
Pre-train Epoch: 71 [38400/40200 (95%)]	Loss: 0.400833	Acc: 83.87%

Validation set: Average loss: 0.3832, Accuracy: 17504/19800 (88.40%)

Validation: acc 88.40%  macro-F1 0.8831  macro-recall 0.8844  (n=19800, classes=30)
Validation: worst-6 recall -> 8:0.61, 2:0.65, 6:0.74, 7:0.75, 28:0.77, 3:0.77

--> No improvement in validation loss. Patience: 1/10
Pre-train Epoch: 72 [0/40200 (0%)]	Loss: 0.349006	Acc: 89.06%
Pre-train Epoch: 72 [6400/40200 (16%)]	Loss: 0.396379	Acc: 83.42%
Pre-train Epoch: 72 [12800/40200 (32%)]	Loss: 0.490056	Acc: 83.82%
Pre-train Epoch: 72 [19200/40200 (48%)]	Loss: 0.461044	Acc: 84.00%
Pre-train Epoch: 72 [25600/40200 (64%)]	Loss: 0.700426	Acc: 83.86%
Pre-train Epoch: 72 [32000/40200 (79%)]	Loss: 0.697122	Acc: 83.89%
Pre-train Epoch: 72 [38400/40200 (95%)]	Loss: 0.411572	Acc: 83.83%

Validation set: Average loss: 0.4030, Accuracy: 17302/19800 (87.38%)

Validation: acc 87.38%  macro-F1 0.8744  macro-recall 0.8740  (n=19800, classes=30)
Validation: worst-6 recall -> 8:0.61, 6:0.63, 29:0.67, 15:0.72, 2:0.74, 22:0.76

--> No improvement in validation loss. Patience: 2/10
Pre-train Epoch: 73 [0/40200 (0%)]	Loss: 0.688913	Acc: 79.69%
Pre-train Epoch: 73 [6400/40200 (16%)]	Loss: 0.411350	Acc: 84.19%
Pre-train Epoch: 73 [12800/40200 (32%)]	Loss: 0.495725	Acc: 84.07%
Pre-train Epoch: 73 [19200/40200 (48%)]	Loss: 0.500344	Acc: 84.09%
Pre-train Epoch: 73 [25600/40200 (64%)]	Loss: 0.575543	Acc: 84.10%
Pre-train Epoch: 73 [32000/40200 (79%)]	Loss: 0.458609	Acc: 83.90%
Pre-train Epoch: 73 [38400/40200 (95%)]	Loss: 0.681324	Acc: 83.93%

Validation set: Average loss: 0.3899, Accuracy: 17451/19800 (88.14%)

Validation: acc 88.14%  macro-F1 0.8806  macro-recall 0.8818  (n=19800, classes=30)
Validation: worst-6 recall -> 8:0.59, 2:0.63, 3:0.74, 15:0.75, 7:0.77, 29:0.77

--> No improvement in validation loss. Patience: 3/10
Pre-train Epoch: 74 [0/40200 (0%)]	Loss: 0.851831	Acc: 75.00%
Pre-train Epoch: 74 [6400/40200 (16%)]	Loss: 0.492127	Acc: 84.51%
Pre-train Epoch: 74 [12800/40200 (32%)]	Loss: 0.620160	Acc: 83.94%
Pre-train Epoch: 74 [19200/40200 (48%)]	Loss: 0.495043	Acc: 84.13%
Pre-train Epoch: 74 [25600/40200 (64%)]	Loss: 0.515615	Acc: 83.90%
Pre-train Epoch: 74 [32000/40200 (79%)]	Loss: 0.404023	Acc: 84.08%
Pre-train Epoch: 74 [38400/40200 (95%)]	Loss: 0.457110	Acc: 83.99%

Validation set: Average loss: 0.3758, Accuracy: 17528/19800 (88.53%)

Validation: acc 88.53%  macro-F1 0.8837  macro-recall 0.8855  (n=19800, classes=30)
Validation: worst-6 recall -> 8:0.54, 29:0.70, 16:0.71, 6:0.71, 7:0.73, 2:0.77

--> Best validation loss improved. Saved model to runs\20260917-233632_transformer_abl-minmax_only_798e28\reference.pth
Pre-train Epoch: 75 [0/40200 (0%)]	Loss: 0.520593	Acc: 79.69%
Pre-train Epoch: 75 [6400/40200 (16%)]	Loss: 0.451481	Acc: 83.96%
Pre-train Epoch: 75 [12800/40200 (32%)]	Loss: 0.592819	Acc: 83.84%
Pre-train Epoch: 75 [19200/40200 (48%)]	Loss: 0.530454	Acc: 83.74%
Pre-train Epoch: 75 [25600/40200 (64%)]	Loss: 0.482729	Acc: 83.81%
Pre-train Epoch: 75 [32000/40200 (79%)]	Loss: 0.390242	Acc: 83.97%
Pre-train Epoch: 75 [38400/40200 (95%)]	Loss: 0.539998	Acc: 83.97%

Validation set: Average loss: 0.3847, Accuracy: 17461/19800 (88.19%)

Validation: acc 88.19%  macro-F1 0.8810  macro-recall 0.8821  (n=19800, classes=30)
Validation: worst-6 recall -> 2:0.56, 29:0.67, 8:0.69, 6:0.72, 15:0.72, 3:0.79

--> No improvement in validation loss. Patience: 1/10
Pre-train Epoch: 76 [0/40200 (0%)]	Loss: 0.486406	Acc: 85.94%
Pre-train Epoch: 76 [6400/40200 (16%)]	Loss: 0.409687	Acc: 84.14%
Pre-train Epoch: 76 [12800/40200 (32%)]	Loss: 0.642136	Acc: 84.24%
Pre-train Epoch: 76 [19200/40200 (48%)]	Loss: 0.461226	Acc: 84.17%
Pre-train Epoch: 76 [25600/40200 (64%)]	Loss: 0.339132	Acc: 84.05%
Pre-train Epoch: 76 [32000/40200 (79%)]	Loss: 0.583155	Acc: 83.96%
Pre-train Epoch: 76 [38400/40200 (95%)]	Loss: 0.432883	Acc: 83.97%

Validation set: Average loss: 0.3723, Accuracy: 17605/19800 (88.91%)

Validation: acc 88.91%  macro-F1 0.8890  macro-recall 0.8894  (n=19800, classes=30)
Validation: worst-6 recall -> 8:0.60, 29:0.69, 3:0.70, 6:0.76, 28:0.80, 2:0.82

--> Best validation loss improved. Saved model to runs\20260917-233632_transformer_abl-minmax_only_798e28\reference.pth
Pre-train Epoch: 77 [0/40200 (0%)]	Loss: 0.565044	Acc: 81.25%
Pre-train Epoch: 77 [6400/40200 (16%)]	Loss: 0.421415	Acc: 83.91%
Pre-train Epoch: 77 [12800/40200 (32%)]	Loss: 0.490671	Acc: 84.12%
Pre-train Epoch: 77 [19200/40200 (48%)]	Loss: 0.679597	Acc: 84.06%
Pre-train Epoch: 77 [25600/40200 (64%)]	Loss: 0.551954	Acc: 84.11%
Pre-train Epoch: 77 [32000/40200 (79%)]	Loss: 0.629640	Acc: 84.03%
Pre-train Epoch: 77 [38400/40200 (95%)]	Loss: 0.616103	Acc: 84.00%

Validation set: Average loss: 0.3753, Accuracy: 17517/19800 (88.47%)

Validation: acc 88.47%  macro-F1 0.8834  macro-recall 0.8849  (n=19800, classes=30)
Validation: worst-6 recall -> 8:0.61, 29:0.63, 7:0.71, 6:0.75, 22:0.75, 2:0.75

--> No improvement in validation loss. Patience: 1/10
Pre-train Epoch: 78 [0/40200 (0%)]	Loss: 0.377516	Acc: 87.50%
Pre-train Epoch: 78 [6400/40200 (16%)]	Loss: 0.533385	Acc: 83.91%
Pre-train Epoch: 78 [12800/40200 (32%)]	Loss: 0.430501	Acc: 83.92%
Pre-train Epoch: 78 [19200/40200 (48%)]	Loss: 0.446262	Acc: 84.03%
Pre-train Epoch: 78 [25600/40200 (64%)]	Loss: 0.359485	Acc: 83.97%
Pre-train Epoch: 78 [32000/40200 (79%)]	Loss: 0.339979	Acc: 83.99%
Pre-train Epoch: 78 [38400/40200 (95%)]	Loss: 0.356639	Acc: 84.06%

Validation set: Average loss: 0.3781, Accuracy: 17556/19800 (88.67%)

Validation: acc 88.67%  macro-F1 0.8866  macro-recall 0.8869  (n=19800, classes=30)
Validation: worst-6 recall -> 8:0.61, 29:0.69, 2:0.72, 6:0.75, 22:0.77, 3:0.79

--> No improvement in validation loss. Patience: 2/10
Pre-train Epoch: 79 [0/40200 (0%)]	Loss: 0.617897	Acc: 82.81%
Pre-train Epoch: 79 [6400/40200 (16%)]	Loss: 0.559469	Acc: 84.67%
Pre-train Epoch: 79 [12800/40200 (32%)]	Loss: 0.504494	Acc: 84.16%
Pre-train Epoch: 79 [19200/40200 (48%)]	Loss: 0.401460	Acc: 84.07%
Pre-train Epoch: 79 [25600/40200 (64%)]	Loss: 0.504251	Acc: 84.12%
Pre-train Epoch: 79 [32000/40200 (79%)]	Loss: 0.431309	Acc: 83.95%
Pre-train Epoch: 79 [38400/40200 (95%)]	Loss: 0.501469	Acc: 84.14%

Validation set: Average loss: 0.3669, Accuracy: 17613/19800 (88.95%)

Validation: acc 88.95%  macro-F1 0.8887  macro-recall 0.8898  (n=19800, classes=30)
Validation: worst-6 recall -> 8:0.67, 2:0.67, 6:0.72, 29:0.74, 3:0.75, 28:0.76

--> Best validation loss improved. Saved model to runs\20260917-233632_transformer_abl-minmax_only_798e28\reference.pth
Pre-train Epoch: 80 [0/40200 (0%)]	Loss: 0.442209	Acc: 79.69%
Pre-train Epoch: 80 [6400/40200 (16%)]	Loss: 0.347099	Acc: 84.14%
Pre-train Epoch: 80 [12800/40200 (32%)]	Loss: 0.720804	Acc: 84.39%
Pre-train Epoch: 80 [19200/40200 (48%)]	Loss: 0.575031	Acc: 84.24%
Pre-train Epoch: 80 [25600/40200 (64%)]	Loss: 0.339007	Acc: 84.28%
Pre-train Epoch: 80 [32000/40200 (79%)]	Loss: 0.373170	Acc: 84.35%
Pre-train Epoch: 80 [38400/40200 (95%)]	Loss: 0.571537	Acc: 84.29%

Validation set: Average loss: 0.3746, Accuracy: 17499/19800 (88.38%)

Validation: acc 88.38%  macro-F1 0.8824  macro-recall 0.8840  (n=19800, classes=30)
Validation: worst-6 recall -> 8:0.59, 2:0.66, 29:0.68, 6:0.73, 7:0.75, 3:0.79

--> No improvement in validation loss. Patience: 1/10
Pre-train Epoch: 81 [0/40200 (0%)]	Loss: 0.373238	Acc: 89.06%
Pre-train Epoch: 81 [6400/40200 (16%)]	Loss: 0.442953	Acc: 84.34%
Pre-train Epoch: 81 [12800/40200 (32%)]	Loss: 0.531851	Acc: 84.26%
Pre-train Epoch: 81 [19200/40200 (48%)]	Loss: 0.544902	Acc: 84.31%
Pre-train Epoch: 81 [25600/40200 (64%)]	Loss: 0.584100	Acc: 84.52%
Pre-train Epoch: 81 [32000/40200 (79%)]	Loss: 0.498941	Acc: 84.51%
Pre-train Epoch: 81 [38400/40200 (95%)]	Loss: 0.521596	Acc: 84.42%

Validation set: Average loss: 0.3793, Accuracy: 17530/19800 (88.54%)

Validation: acc 88.54%  macro-F1 0.8857  macro-recall 0.8856  (n=19800, classes=30)
Validation: worst-6 recall -> 6:0.61, 8:0.69, 15:0.70, 28:0.75, 3:0.76, 29:0.77

--> No improvement in validation loss. Patience: 2/10
Pre-train Epoch: 82 [0/40200 (0%)]	Loss: 0.683150	Acc: 78.12%
Pre-train Epoch: 82 [6400/40200 (16%)]	Loss: 0.586567	Acc: 83.35%
Pre-train Epoch: 82 [12800/40200 (32%)]	Loss: 0.466542	Acc: 83.90%
Pre-train Epoch: 82 [19200/40200 (48%)]	Loss: 0.462554	Acc: 84.19%
Pre-train Epoch: 82 [25600/40200 (64%)]	Loss: 0.452717	Acc: 84.45%
Pre-train Epoch: 82 [32000/40200 (79%)]	Loss: 0.434472	Acc: 84.48%
Pre-train Epoch: 82 [38400/40200 (95%)]	Loss: 0.594132	Acc: 84.56%

Validation set: Average loss: 0.3657, Accuracy: 17622/19800 (89.00%)

Validation: acc 89.00%  macro-F1 0.8897  macro-recall 0.8902  (n=19800, classes=30)
Validation: worst-6 recall -> 8:0.65, 29:0.70, 3:0.71, 2:0.74, 6:0.77, 7:0.80

--> Best validation loss improved. Saved model to runs\20260917-233632_transformer_abl-minmax_only_798e28\reference.pth
Pre-train Epoch: 83 [0/40200 (0%)]	Loss: 0.351537	Acc: 93.75%
Pre-train Epoch: 83 [6400/40200 (16%)]	Loss: 0.610541	Acc: 84.11%
Pre-train Epoch: 83 [12800/40200 (32%)]	Loss: 0.542992	Acc: 84.36%
Pre-train Epoch: 83 [19200/40200 (48%)]	Loss: 0.549475	Acc: 84.44%
Pre-train Epoch: 83 [25600/40200 (64%)]	Loss: 0.569695	Acc: 84.47%
Pre-train Epoch: 83 [32000/40200 (79%)]	Loss: 0.536495	Acc: 84.55%
Pre-train Epoch: 83 [38400/40200 (95%)]	Loss: 0.575038	Acc: 84.61%

Validation set: Average loss: 0.3939, Accuracy: 17408/19800 (87.92%)

Validation: acc 87.92%  macro-F1 0.8791  macro-recall 0.8794  (n=19800, classes=30)
Validation: worst-6 recall -> 8:0.60, 2:0.65, 22:0.66, 6:0.71, 29:0.77, 15:0.82

--> No improvement in validation loss. Patience: 1/10
Pre-train Epoch: 84 [0/40200 (0%)]	Loss: 0.482604	Acc: 90.62%
Pre-train Epoch: 84 [6400/40200 (16%)]	Loss: 0.393771	Acc: 84.48%
Pre-train Epoch: 84 [12800/40200 (32%)]	Loss: 0.621818	Acc: 84.29%
Pre-train Epoch: 84 [19200/40200 (48%)]	Loss: 0.341817	Acc: 84.45%
Pre-train Epoch: 84 [25600/40200 (64%)]	Loss: 0.427539	Acc: 84.41%
Pre-train Epoch: 84 [32000/40200 (79%)]	Loss: 0.368292	Acc: 84.52%
Pre-train Epoch: 84 [38400/40200 (95%)]	Loss: 0.386826	Acc: 84.56%

Validation set: Average loss: 0.3724, Accuracy: 17569/19800 (88.73%)

Validation: acc 88.73%  macro-F1 0.8869  macro-recall 0.8877  (n=19800, classes=30)
Validation: worst-6 recall -> 2:0.60, 22:0.68, 28:0.75, 15:0.76, 8:0.76, 6:0.77

--> No improvement in validation loss. Patience: 2/10
Pre-train Epoch: 85 [0/40200 (0%)]	Loss: 0.369107	Acc: 89.06%
Pre-train Epoch: 85 [6400/40200 (16%)]	Loss: 0.496993	Acc: 84.79%
Pre-train Epoch: 85 [12800/40200 (32%)]	Loss: 0.544798	Acc: 84.28%
Pre-train Epoch: 85 [19200/40200 (48%)]	Loss: 0.613980	Acc: 84.41%
Pre-train Epoch: 85 [25600/40200 (64%)]	Loss: 0.375117	Acc: 84.61%
Pre-train Epoch: 85 [32000/40200 (79%)]	Loss: 0.633812	Acc: 84.52%
Pre-train Epoch: 85 [38400/40200 (95%)]	Loss: 0.558635	Acc: 84.59%

Validation set: Average loss: 0.3837, Accuracy: 17458/19800 (88.17%)

Validation: acc 88.17%  macro-F1 0.8811  macro-recall 0.8819  (n=19800, classes=30)
Validation: worst-6 recall -> 8:0.62, 2:0.63, 22:0.69, 6:0.70, 29:0.77, 16:0.80

--> No improvement in validation loss. Patience: 3/10
Pre-train Epoch: 86 [0/40200 (0%)]	Loss: 0.507036	Acc: 81.25%
Pre-train Epoch: 86 [6400/40200 (16%)]	Loss: 0.395795	Acc: 85.32%
Pre-train Epoch: 86 [12800/40200 (32%)]	Loss: 0.385639	Acc: 84.88%
Pre-train Epoch: 86 [19200/40200 (48%)]	Loss: 0.482241	Acc: 84.69%
Pre-train Epoch: 86 [25600/40200 (64%)]	Loss: 0.380942	Acc: 84.83%
Pre-train Epoch: 86 [32000/40200 (79%)]	Loss: 0.532961	Acc: 84.80%
Pre-train Epoch: 86 [38400/40200 (95%)]	Loss: 0.416906	Acc: 84.73%

Validation set: Average loss: 0.3623, Accuracy: 17634/19800 (89.06%)

Validation: acc 89.06%  macro-F1 0.8902  macro-recall 0.8910  (n=19800, classes=30)
Validation: worst-6 recall -> 2:0.67, 8:0.68, 22:0.70, 15:0.75, 28:0.76, 6:0.77

--> Best validation loss improved. Saved model to runs\20260917-233632_transformer_abl-minmax_only_798e28\reference.pth
Pre-train Epoch: 87 [0/40200 (0%)]	Loss: 0.545171	Acc: 78.12%
Pre-train Epoch: 87 [6400/40200 (16%)]	Loss: 0.346576	Acc: 84.55%
Pre-train Epoch: 87 [12800/40200 (32%)]	Loss: 0.429792	Acc: 85.06%
Pre-train Epoch: 87 [19200/40200 (48%)]	Loss: 0.636813	Acc: 85.03%
Pre-train Epoch: 87 [25600/40200 (64%)]	Loss: 0.355166	Acc: 85.00%
Pre-train Epoch: 87 [32000/40200 (79%)]	Loss: 0.643846	Acc: 84.96%
Pre-train Epoch: 87 [38400/40200 (95%)]	Loss: 0.390478	Acc: 84.97%

Validation set: Average loss: 0.3582, Accuracy: 17710/19800 (89.44%)

Validation: acc 89.44%  macro-F1 0.8945  macro-recall 0.8946  (n=19800, classes=30)
Validation: worst-6 recall -> 6:0.69, 8:0.71, 2:0.73, 3:0.77, 28:0.79, 29:0.79

--> Best validation loss improved. Saved model to runs\20260917-233632_transformer_abl-minmax_only_798e28\reference.pth
Pre-train Epoch: 88 [0/40200 (0%)]	Loss: 0.466091	Acc: 82.81%
Pre-train Epoch: 88 [6400/40200 (16%)]	Loss: 0.410092	Acc: 84.84%
Pre-train Epoch: 88 [12800/40200 (32%)]	Loss: 0.506173	Acc: 85.02%
Pre-train Epoch: 88 [19200/40200 (48%)]	Loss: 0.483807	Acc: 84.88%
Pre-train Epoch: 88 [25600/40200 (64%)]	Loss: 0.424682	Acc: 85.11%
Pre-train Epoch: 88 [32000/40200 (79%)]	Loss: 0.434412	Acc: 84.92%
Pre-train Epoch: 88 [38400/40200 (95%)]	Loss: 0.530106	Acc: 84.82%

Validation set: Average loss: 0.3539, Accuracy: 17725/19800 (89.52%)

Validation: acc 89.52%  macro-F1 0.8951  macro-recall 0.8955  (n=19800, classes=30)
Validation: worst-6 recall -> 8:0.68, 2:0.71, 29:0.75, 6:0.77, 22:0.80, 15:0.80

--> Best validation loss improved. Saved model to runs\20260917-233632_transformer_abl-minmax_only_798e28\reference.pth
Pre-train Epoch: 89 [0/40200 (0%)]	Loss: 0.269771	Acc: 95.31%
Pre-train Epoch: 89 [6400/40200 (16%)]	Loss: 0.516059	Acc: 84.55%
Pre-train Epoch: 89 [12800/40200 (32%)]	Loss: 0.449743	Acc: 84.91%
Pre-train Epoch: 89 [19200/40200 (48%)]	Loss: 0.487260	Acc: 85.00%
Pre-train Epoch: 89 [25600/40200 (64%)]	Loss: 0.389054	Acc: 85.07%
Pre-train Epoch: 89 [32000/40200 (79%)]	Loss: 0.427934	Acc: 84.89%
Pre-train Epoch: 89 [38400/40200 (95%)]	Loss: 0.422709	Acc: 84.84%

Validation set: Average loss: 0.3567, Accuracy: 17678/19800 (89.28%)

Validation: acc 89.28%  macro-F1 0.8927  macro-recall 0.8929  (n=19800, classes=30)
Validation: worst-6 recall -> 2:0.72, 8:0.72, 29:0.72, 6:0.73, 3:0.76, 15:0.78

--> No improvement in validation loss. Patience: 1/10
Pre-train Epoch: 90 [0/40200 (0%)]	Loss: 0.577768	Acc: 79.69%
Pre-train Epoch: 90 [6400/40200 (16%)]	Loss: 0.415819	Acc: 85.66%
Pre-train Epoch: 90 [12800/40200 (32%)]	Loss: 0.531826	Acc: 84.92%
Pre-train Epoch: 90 [19200/40200 (48%)]	Loss: 0.350606	Acc: 85.04%
Pre-train Epoch: 90 [25600/40200 (64%)]	Loss: 0.221353	Acc: 85.00%
Pre-train Epoch: 90 [32000/40200 (79%)]	Loss: 0.521305	Acc: 85.14%
Pre-train Epoch: 90 [38400/40200 (95%)]	Loss: 0.629260	Acc: 85.05%

Validation set: Average loss: 0.3596, Accuracy: 17659/19800 (89.19%)

Validation: acc 89.19%  macro-F1 0.8913  macro-recall 0.8922  (n=19800, classes=30)
Validation: worst-6 recall -> 2:0.66, 8:0.67, 6:0.75, 22:0.75, 29:0.78, 7:0.79

--> No improvement in validation loss. Patience: 2/10
Pre-train Epoch: 91 [0/40200 (0%)]	Loss: 0.462851	Acc: 79.69%
Pre-train Epoch: 91 [6400/40200 (16%)]	Loss: 0.429864	Acc: 85.43%
Pre-train Epoch: 91 [12800/40200 (32%)]	Loss: 0.405135	Acc: 85.56%
Pre-train Epoch: 91 [19200/40200 (48%)]	Loss: 0.396173	Acc: 85.25%
Pre-train Epoch: 91 [25600/40200 (64%)]	Loss: 0.477784	Acc: 85.24%
Pre-train Epoch: 91 [32000/40200 (79%)]	Loss: 0.388405	Acc: 85.12%
Pre-train Epoch: 91 [38400/40200 (95%)]	Loss: 0.455604	Acc: 85.13%

Validation set: Average loss: 0.3569, Accuracy: 17680/19800 (89.29%)

Validation: acc 89.29%  macro-F1 0.8924  macro-recall 0.8931  (n=19800, classes=30)
Validation: worst-6 recall -> 8:0.68, 2:0.68, 22:0.73, 6:0.74, 29:0.77, 7:0.79

--> No improvement in validation loss. Patience: 3/10
Pre-train Epoch: 92 [0/40200 (0%)]	Loss: 0.456848	Acc: 84.38%
Pre-train Epoch: 92 [6400/40200 (16%)]	Loss: 0.459919	Acc: 84.78%
Pre-train Epoch: 92 [12800/40200 (32%)]	Loss: 0.431778	Acc: 84.94%
Pre-train Epoch: 92 [19200/40200 (48%)]	Loss: 0.662097	Acc: 85.08%
Pre-train Epoch: 92 [25600/40200 (64%)]	Loss: 0.402279	Acc: 85.08%
Pre-train Epoch: 92 [32000/40200 (79%)]	Loss: 0.584633	Acc: 85.17%
Pre-train Epoch: 92 [38400/40200 (95%)]	Loss: 0.524003	Acc: 85.18%

Validation set: Average loss: 0.3501, Accuracy: 17764/19800 (89.72%)

Validation: acc 89.72%  macro-F1 0.8969  macro-recall 0.8974  (n=19800, classes=30)
Validation: worst-6 recall -> 8:0.66, 2:0.73, 6:0.75, 29:0.77, 28:0.79, 3:0.80

--> Best validation loss improved. Saved model to runs\20260917-233632_transformer_abl-minmax_only_798e28\reference.pth
Pre-train Epoch: 93 [0/40200 (0%)]	Loss: 0.375660	Acc: 93.75%
Pre-train Epoch: 93 [6400/40200 (16%)]	Loss: 0.287585	Acc: 85.01%
Pre-train Epoch: 93 [12800/40200 (32%)]	Loss: 0.540888	Acc: 85.46%
Pre-train Epoch: 93 [19200/40200 (48%)]	Loss: 0.487798	Acc: 85.41%
Pre-train Epoch: 93 [25600/40200 (64%)]	Loss: 0.540130	Acc: 85.29%
Pre-train Epoch: 93 [32000/40200 (79%)]	Loss: 0.397045	Acc: 85.11%
Pre-train Epoch: 93 [38400/40200 (95%)]	Loss: 0.443502	Acc: 85.18%

Validation set: Average loss: 0.3531, Accuracy: 17728/19800 (89.54%)

Validation: acc 89.54%  macro-F1 0.8955  macro-recall 0.8955  (n=19800, classes=30)
Validation: worst-6 recall -> 8:0.70, 6:0.72, 29:0.73, 2:0.74, 15:0.78, 3:0.79

--> No improvement in validation loss. Patience: 1/10
Pre-train Epoch: 94 [0/40200 (0%)]	Loss: 0.496126	Acc: 81.25%
Pre-train Epoch: 94 [6400/40200 (16%)]	Loss: 0.595311	Acc: 85.19%
Pre-train Epoch: 94 [12800/40200 (32%)]	Loss: 0.542942	Acc: 85.05%
Pre-train Epoch: 94 [19200/40200 (48%)]	Loss: 0.390531	Acc: 85.18%
Pre-train Epoch: 94 [25600/40200 (64%)]	Loss: 0.438827	Acc: 85.22%
Pre-train Epoch: 94 [32000/40200 (79%)]	Loss: 0.600850	Acc: 85.33%
Pre-train Epoch: 94 [38400/40200 (95%)]	Loss: 0.383778	Acc: 85.34%

Validation set: Average loss: 0.3519, Accuracy: 17745/19800 (89.62%)

Validation: acc 89.62%  macro-F1 0.8958  macro-recall 0.8965  (n=19800, classes=30)
Validation: worst-6 recall -> 8:0.64, 2:0.73, 6:0.75, 29:0.76, 3:0.78, 28:0.81

--> No improvement in validation loss. Patience: 2/10
Pre-train Epoch: 95 [0/40200 (0%)]	Loss: 0.374167	Acc: 90.62%
Pre-train Epoch: 95 [6400/40200 (16%)]	Loss: 0.215441	Acc: 85.60%
Pre-train Epoch: 95 [12800/40200 (32%)]	Loss: 0.344364	Acc: 85.08%
Pre-train Epoch: 95 [19200/40200 (48%)]	Loss: 0.418232	Acc: 85.10%
Pre-train Epoch: 95 [25600/40200 (64%)]	Loss: 0.404204	Acc: 85.04%
Pre-train Epoch: 95 [32000/40200 (79%)]	Loss: 0.426937	Acc: 84.98%
Pre-train Epoch: 95 [38400/40200 (95%)]	Loss: 0.654553	Acc: 85.03%

Validation set: Average loss: 0.3512, Accuracy: 17738/19800 (89.59%)

Validation: acc 89.59%  macro-F1 0.8957  macro-recall 0.8961  (n=19800, classes=30)
Validation: worst-6 recall -> 8:0.67, 2:0.73, 6:0.73, 29:0.78, 28:0.79, 3:0.79

--> No improvement in validation loss. Patience: 3/10
Pre-train Epoch: 96 [0/40200 (0%)]	Loss: 0.561398	Acc: 85.94%
Pre-train Epoch: 96 [6400/40200 (16%)]	Loss: 0.360054	Acc: 85.69%
Pre-train Epoch: 96 [12800/40200 (32%)]	Loss: 0.536918	Acc: 85.45%
Pre-train Epoch: 96 [19200/40200 (48%)]	Loss: 0.344222	Acc: 85.49%
Pre-train Epoch: 96 [25600/40200 (64%)]	Loss: 0.542267	Acc: 85.54%
Pre-train Epoch: 96 [32000/40200 (79%)]	Loss: 0.622394	Acc: 85.49%
Pre-train Epoch: 96 [38400/40200 (95%)]	Loss: 0.531449	Acc: 85.45%

Validation set: Average loss: 0.3519, Accuracy: 17724/19800 (89.52%)

Validation: acc 89.52%  macro-F1 0.8947  macro-recall 0.8954  (n=19800, classes=30)
Validation: worst-6 recall -> 8:0.66, 2:0.69, 29:0.75, 6:0.75, 15:0.78, 3:0.82

--> No improvement in validation loss. Patience: 4/10
Pre-train Epoch: 97 [0/40200 (0%)]	Loss: 0.427279	Acc: 87.50%
Pre-train Epoch: 97 [6400/40200 (16%)]	Loss: 0.333776	Acc: 85.89%
Pre-train Epoch: 97 [12800/40200 (32%)]	Loss: 0.352287	Acc: 85.82%
Pre-train Epoch: 97 [19200/40200 (48%)]	Loss: 0.477177	Acc: 85.59%
Pre-train Epoch: 97 [25600/40200 (64%)]	Loss: 0.305336	Acc: 85.58%
Pre-train Epoch: 97 [32000/40200 (79%)]	Loss: 0.463202	Acc: 85.48%
Pre-train Epoch: 97 [38400/40200 (95%)]	Loss: 0.420525	Acc: 85.42%

Validation set: Average loss: 0.3500, Accuracy: 17740/19800 (89.60%)

Validation: acc 89.60%  macro-F1 0.8957  macro-recall 0.8962  (n=19800, classes=30)
Validation: worst-6 recall -> 8:0.65, 2:0.72, 29:0.74, 6:0.74, 3:0.80, 22:0.82

--> Best validation loss improved. Saved model to runs\20260917-233632_transformer_abl-minmax_only_798e28\reference.pth
Pre-train Epoch: 98 [0/40200 (0%)]	Loss: 0.402984	Acc: 89.06%
Pre-train Epoch: 98 [6400/40200 (16%)]	Loss: 0.430448	Acc: 85.13%
Pre-train Epoch: 98 [12800/40200 (32%)]	Loss: 0.451318	Acc: 85.23%
Pre-train Epoch: 98 [19200/40200 (48%)]	Loss: 0.546631	Acc: 85.05%
Pre-train Epoch: 98 [25600/40200 (64%)]	Loss: 0.332442	Acc: 85.15%
Pre-train Epoch: 98 [32000/40200 (79%)]	Loss: 0.696999	Acc: 85.16%
Pre-train Epoch: 98 [38400/40200 (95%)]	Loss: 0.294816	Acc: 85.20%

Validation set: Average loss: 0.3504, Accuracy: 17753/19800 (89.66%)

Validation: acc 89.66%  macro-F1 0.8963  macro-recall 0.8969  (n=19800, classes=30)
Validation: worst-6 recall -> 8:0.65, 2:0.72, 6:0.75, 29:0.77, 15:0.79, 28:0.80

--> No improvement in validation loss. Patience: 1/10
Pre-train Epoch: 99 [0/40200 (0%)]	Loss: 0.363997	Acc: 90.62%
Pre-train Epoch: 99 [6400/40200 (16%)]	Loss: 0.516522	Acc: 85.58%
Pre-train Epoch: 99 [12800/40200 (32%)]	Loss: 0.505181	Acc: 85.21%
Pre-train Epoch: 99 [19200/40200 (48%)]	Loss: 0.499423	Acc: 85.20%
Pre-train Epoch: 99 [25600/40200 (64%)]	Loss: 0.511578	Acc: 85.20%
Pre-train Epoch: 99 [32000/40200 (79%)]	Loss: 0.367810	Acc: 85.28%
Pre-train Epoch: 99 [38400/40200 (95%)]	Loss: 0.702851	Acc: 85.36%

Validation set: Average loss: 0.3501, Accuracy: 17750/19800 (89.65%)

Validation: acc 89.65%  macro-F1 0.8960  macro-recall 0.8967  (n=19800, classes=30)
Validation: worst-6 recall -> 8:0.65, 2:0.71, 29:0.75, 6:0.75, 15:0.81, 28:0.81

--> No improvement in validation loss. Patience: 2/10
Pre-train Epoch: 100 [0/40200 (0%)]	Loss: 0.303470	Acc: 90.62%
Pre-train Epoch: 100 [6400/40200 (16%)]	Loss: 0.502510	Acc: 85.91%
Pre-train Epoch: 100 [12800/40200 (32%)]	Loss: 0.346879	Acc: 85.82%
Pre-train Epoch: 100 [19200/40200 (48%)]	Loss: 0.419646	Acc: 85.66%
Pre-train Epoch: 100 [25600/40200 (64%)]	Loss: 0.589145	Acc: 85.42%
Pre-train Epoch: 100 [32000/40200 (79%)]	Loss: 0.456627	Acc: 85.32%
Pre-train Epoch: 100 [38400/40200 (95%)]	Loss: 0.605768	Acc: 85.26%

Validation set: Average loss: 0.3498, Accuracy: 17750/19800 (89.65%)

Validation: acc 89.65%  macro-F1 0.8961  macro-recall 0.8967  (n=19800, classes=30)
Validation: worst-6 recall -> 8:0.65, 2:0.71, 29:0.75, 6:0.75, 15:0.81, 3:0.81

--> Best validation loss improved. Saved model to runs\20260917-233632_transformer_abl-minmax_only_798e28\reference.pth
Loaded best reference model for finetuning.

--- Starting Finetuning ---
[cache] hit 3eb6c0ea (3eb6c0eae750d8232b11e744ca6715d8.npy)
Finetune Epoch: 1 [0/3000 (0%)]	Loss: 1.810062	Acc: 46.88%
Finetune Epoch: 2 [0/3000 (0%)]	Loss: 1.126033	Acc: 68.75%
Finetune Epoch: 3 [0/3000 (0%)]	Loss: 1.255366	Acc: 54.69%
Finetune Epoch: 4 [0/3000 (0%)]	Loss: 1.045284	Acc: 64.06%
Finetune Epoch: 5 [0/3000 (0%)]	Loss: 0.982605	Acc: 70.31%
Finetune Epoch: 6 [0/3000 (0%)]	Loss: 0.869067	Acc: 71.88%
Finetune Epoch: 7 [0/3000 (0%)]	Loss: 0.895240	Acc: 73.44%
Finetune Epoch: 8 [0/3000 (0%)]	Loss: 0.996370	Acc: 73.44%
Finetune Epoch: 9 [0/3000 (0%)]	Loss: 0.824927	Acc: 79.69%
Finetune Epoch: 10 [0/3000 (0%)]	Loss: 0.997705	Acc: 60.94%
Finetune Epoch: 11 [0/3000 (0%)]	Loss: 0.776582	Acc: 79.69%
Finetune Epoch: 12 [0/3000 (0%)]	Loss: 0.934500	Acc: 71.88%
Finetune Epoch: 13 [0/3000 (0%)]	Loss: 0.802089	Acc: 79.69%
Finetune Epoch: 14 [0/3000 (0%)]	Loss: 0.657367	Acc: 82.81%
Finetune Epoch: 15 [0/3000 (0%)]	Loss: 0.880021	Acc: 71.88%
Finetune Epoch: 16 [0/3000 (0%)]	Loss: 0.936245	Acc: 64.06%
Finetune Epoch: 17 [0/3000 (0%)]	Loss: 0.689400	Acc: 76.56%
Finetune Epoch: 18 [0/3000 (0%)]	Loss: 0.703159	Acc: 79.69%
Finetune Epoch: 19 [0/3000 (0%)]	Loss: 0.637993	Acc: 79.69%
Finetune Epoch: 20 [0/3000 (0%)]	Loss: 0.929360	Acc: 71.88%
Finetuned model saved to runs\20260917-233632_transformer_abl-minmax_only_798e28\finetuned.pth

--- Evaluating on Test Set ---
[cache] hit 02f50fc8 (02f50fc8d7c034d0ab1eb68fd841c135.npy)

Test set: Average loss: 0.7889, Accuracy: 2278/3000 (75.93%)

Test: acc 75.93%  macro-F1 0.7562  macro-recall 0.7593  (n=3000, classes=30)
Test: worst-6 recall -> 11:0.21, 8:0.22, 9:0.45, 24:0.50, 13:0.61, 22:0.64


[run] artifacts in runs\20260917-233632_transformer_abl-minmax_only_798e28
