Using device: cuda
Run id: 20260921-175739_legacy_cnn_p2_valaug_de13bb
Preprocessing variant: minmax_only (1 steps)
Loading reference dataset...
[cache] hit c10b0fe8 (c10b0fe881bbc7e7fd2580cef4429487.npy)
Detected 30 classes.
Split reference data: 40200 train / 19800 val
Model parameters: 40,446

--- Starting Reference Training ---
Pre-train Epoch: 1 [0/40200 (0%)]	Loss: 3.476741	Acc: 1.56%
Pre-train Epoch: 1 [6400/40200 (16%)]	Loss: 1.969665	Acc: 37.82%
Pre-train Epoch: 1 [12800/40200 (32%)]	Loss: 1.157834	Acc: 51.34%
Pre-train Epoch: 1 [19200/40200 (48%)]	Loss: 0.800777	Acc: 59.72%
Pre-train Epoch: 1 [25600/40200 (64%)]	Loss: 0.703435	Acc: 64.95%
Pre-train Epoch: 1 [32000/40200 (79%)]	Loss: 0.537030	Acc: 68.48%
Pre-train Epoch: 1 [38400/40200 (95%)]	Loss: 0.647559	Acc: 71.12%

Validation set: Average loss: 0.5501, Accuracy: 16750/19800 (84.60%)

Validation: acc 84.60%  macro-F1 0.8438  macro-recall 0.8461  (n=19800, classes=30)
Validation: worst-6 recall -> 22:0.48, 16:0.50, 28:0.55, 29:0.60, 2:0.64, 7:0.67

--> Best validation loss improved. Saved model to runs\20260921-175739_legacy_cnn_p2_valaug_de13bb\reference.pth
Pre-train Epoch: 2 [0/40200 (0%)]	Loss: 0.485584	Acc: 92.19%
Pre-train Epoch: 2 [6400/40200 (16%)]	Loss: 0.532089	Acc: 86.11%
Pre-train Epoch: 2 [12800/40200 (32%)]	Loss: 0.580015	Acc: 86.09%
Pre-train Epoch: 2 [19200/40200 (48%)]	Loss: 0.493335	Acc: 85.86%
Pre-train Epoch: 2 [25600/40200 (64%)]	Loss: 0.364532	Acc: 86.11%
Pre-train Epoch: 2 [32000/40200 (79%)]	Loss: 0.547514	Acc: 86.25%
Pre-train Epoch: 2 [38400/40200 (95%)]	Loss: 0.345052	Acc: 86.47%

Validation set: Average loss: 0.4526, Accuracy: 17508/19800 (88.42%)

Validation: acc 88.42%  macro-F1 0.8827  macro-recall 0.8838  (n=19800, classes=30)
Validation: worst-6 recall -> 8:0.55, 28:0.62, 7:0.70, 16:0.73, 2:0.75, 29:0.77

--> Best validation loss improved. Saved model to runs\20260921-175739_legacy_cnn_p2_valaug_de13bb\reference.pth
Pre-train Epoch: 3 [0/40200 (0%)]	Loss: 0.401375	Acc: 92.19%
Pre-train Epoch: 3 [6400/40200 (16%)]	Loss: 0.383705	Acc: 87.59%
Pre-train Epoch: 3 [12800/40200 (32%)]	Loss: 0.373275	Acc: 87.73%
Pre-train Epoch: 3 [19200/40200 (48%)]	Loss: 0.431768	Acc: 88.07%
Pre-train Epoch: 3 [25600/40200 (64%)]	Loss: 0.562259	Acc: 88.11%
Pre-train Epoch: 3 [32000/40200 (79%)]	Loss: 0.340719	Acc: 88.06%
Pre-train Epoch: 3 [38400/40200 (95%)]	Loss: 0.312297	Acc: 88.02%

Validation set: Average loss: 0.4367, Accuracy: 17473/19800 (88.25%)

Validation: acc 88.25%  macro-F1 0.8829  macro-recall 0.8823  (n=19800, classes=30)
Validation: worst-6 recall -> 8:0.67, 28:0.67, 22:0.69, 7:0.72, 25:0.77, 29:0.78

--> Best validation loss improved. Saved model to runs\20260921-175739_legacy_cnn_p2_valaug_de13bb\reference.pth
Pre-train Epoch: 4 [0/40200 (0%)]	Loss: 0.533321	Acc: 82.81%
Pre-train Epoch: 4 [6400/40200 (16%)]	Loss: 0.536294	Acc: 87.55%
Pre-train Epoch: 4 [12800/40200 (32%)]	Loss: 0.454643	Acc: 87.97%
Pre-train Epoch: 4 [19200/40200 (48%)]	Loss: 0.501849	Acc: 88.36%
Pre-train Epoch: 4 [25600/40200 (64%)]	Loss: 0.506599	Acc: 88.37%
Pre-train Epoch: 4 [32000/40200 (79%)]	Loss: 0.547374	Acc: 88.35%
Pre-train Epoch: 4 [38400/40200 (95%)]	Loss: 0.427976	Acc: 88.44%

Validation set: Average loss: 0.4479, Accuracy: 17337/19800 (87.56%)

Validation: acc 87.56%  macro-F1 0.8745  macro-recall 0.8757  (n=19800, classes=30)
Validation: worst-6 recall -> 7:0.54, 22:0.58, 2:0.64, 15:0.66, 8:0.76, 6:0.79

--> No improvement in validation loss. Patience: 1/10
Pre-train Epoch: 5 [0/40200 (0%)]	Loss: 0.455393	Acc: 93.75%
Pre-train Epoch: 5 [6400/40200 (16%)]	Loss: 0.359551	Acc: 89.16%
Pre-train Epoch: 5 [12800/40200 (32%)]	Loss: 0.510251	Acc: 88.88%
Pre-train Epoch: 5 [19200/40200 (48%)]	Loss: 0.419703	Acc: 88.75%
Pre-train Epoch: 5 [25600/40200 (64%)]	Loss: 0.359873	Acc: 88.90%
Pre-train Epoch: 5 [32000/40200 (79%)]	Loss: 0.516828	Acc: 88.92%
Pre-train Epoch: 5 [38400/40200 (95%)]	Loss: 0.375111	Acc: 88.88%

Validation set: Average loss: 0.4056, Accuracy: 17757/19800 (89.68%)

Validation: acc 89.68%  macro-F1 0.8954  macro-recall 0.8969  (n=19800, classes=30)
Validation: worst-6 recall -> 8:0.51, 6:0.64, 29:0.73, 16:0.79, 2:0.82, 4:0.83

--> Best validation loss improved. Saved model to runs\20260921-175739_legacy_cnn_p2_valaug_de13bb\reference.pth
Pre-train Epoch: 6 [0/40200 (0%)]	Loss: 0.353202	Acc: 95.31%
Pre-train Epoch: 6 [6400/40200 (16%)]	Loss: 0.372894	Acc: 88.91%
Pre-train Epoch: 6 [12800/40200 (32%)]	Loss: 0.351341	Acc: 88.90%
Pre-train Epoch: 6 [19200/40200 (48%)]	Loss: 0.386301	Acc: 89.16%
Pre-train Epoch: 6 [25600/40200 (64%)]	Loss: 0.335826	Acc: 89.23%
Pre-train Epoch: 6 [32000/40200 (79%)]	Loss: 0.394047	Acc: 89.23%
Pre-train Epoch: 6 [38400/40200 (95%)]	Loss: 0.420060	Acc: 89.23%

Validation set: Average loss: 0.4017, Accuracy: 17730/19800 (89.55%)

Validation: acc 89.55%  macro-F1 0.8950  macro-recall 0.8954  (n=19800, classes=30)
Validation: worst-6 recall -> 16:0.66, 29:0.67, 8:0.70, 22:0.71, 7:0.73, 17:0.78

--> Best validation loss improved. Saved model to runs\20260921-175739_legacy_cnn_p2_valaug_de13bb\reference.pth
Pre-train Epoch: 7 [0/40200 (0%)]	Loss: 0.330974	Acc: 90.62%
Pre-train Epoch: 7 [6400/40200 (16%)]	Loss: 0.408870	Acc: 89.08%
Pre-train Epoch: 7 [12800/40200 (32%)]	Loss: 0.431875	Acc: 89.10%
Pre-train Epoch: 7 [19200/40200 (48%)]	Loss: 0.439094	Acc: 89.16%
Pre-train Epoch: 7 [25600/40200 (64%)]	Loss: 0.529054	Acc: 89.19%
Pre-train Epoch: 7 [32000/40200 (79%)]	Loss: 0.515866	Acc: 89.31%
Pre-train Epoch: 7 [38400/40200 (95%)]	Loss: 0.479562	Acc: 89.39%

Validation set: Average loss: 0.4177, Accuracy: 17494/19800 (88.35%)

Validation: acc 88.35%  macro-F1 0.8798  macro-recall 0.8833  (n=19800, classes=30)
Validation: worst-6 recall -> 7:0.38, 29:0.59, 8:0.65, 2:0.66, 16:0.74, 10:0.81

--> No improvement in validation loss. Patience: 1/10
Pre-train Epoch: 8 [0/40200 (0%)]	Loss: 0.401664	Acc: 92.19%
Pre-train Epoch: 8 [6400/40200 (16%)]	Loss: 0.355013	Acc: 89.31%
Pre-train Epoch: 8 [12800/40200 (32%)]	Loss: 0.529128	Acc: 89.23%
Pre-train Epoch: 8 [19200/40200 (48%)]	Loss: 0.348163	Acc: 89.24%
Pre-train Epoch: 8 [25600/40200 (64%)]	Loss: 0.382243	Acc: 89.45%
Pre-train Epoch: 8 [32000/40200 (79%)]	Loss: 0.506199	Acc: 89.43%
Pre-train Epoch: 8 [38400/40200 (95%)]	Loss: 0.238011	Acc: 89.40%

Validation set: Average loss: 0.3733, Accuracy: 17823/19800 (90.02%)

Validation: acc 90.02%  macro-F1 0.9005  macro-recall 0.9004  (n=19800, classes=30)
Validation: worst-6 recall -> 8:0.66, 28:0.68, 15:0.69, 6:0.75, 2:0.76, 7:0.83

--> Best validation loss improved. Saved model to runs\20260921-175739_legacy_cnn_p2_valaug_de13bb\reference.pth
Pre-train Epoch: 9 [0/40200 (0%)]	Loss: 0.504561	Acc: 87.50%
Pre-train Epoch: 9 [6400/40200 (16%)]	Loss: 0.323924	Acc: 89.82%
Pre-train Epoch: 9 [12800/40200 (32%)]	Loss: 0.461202	Acc: 90.13%
Pre-train Epoch: 9 [19200/40200 (48%)]	Loss: 0.426836	Acc: 89.93%
Pre-train Epoch: 9 [25600/40200 (64%)]	Loss: 0.393049	Acc: 89.80%
Pre-train Epoch: 9 [32000/40200 (79%)]	Loss: 0.461248	Acc: 89.65%
Pre-train Epoch: 9 [38400/40200 (95%)]	Loss: 0.478281	Acc: 89.65%

Validation set: Average loss: 0.3832, Accuracy: 17716/19800 (89.47%)

Validation: acc 89.47%  macro-F1 0.8942  macro-recall 0.8949  (n=19800, classes=30)
Validation: worst-6 recall -> 16:0.56, 22:0.64, 8:0.66, 2:0.70, 6:0.79, 28:0.81

--> No improvement in validation loss. Patience: 1/10
Pre-train Epoch: 10 [0/40200 (0%)]	Loss: 0.461155	Acc: 90.62%
Pre-train Epoch: 10 [6400/40200 (16%)]	Loss: 0.465853	Acc: 89.19%
Pre-train Epoch: 10 [12800/40200 (32%)]	Loss: 0.357342	Acc: 89.50%
Pre-train Epoch: 10 [19200/40200 (48%)]	Loss: 0.326871	Acc: 89.94%
Pre-train Epoch: 10 [25600/40200 (64%)]	Loss: 0.366215	Acc: 89.88%
Pre-train Epoch: 10 [32000/40200 (79%)]	Loss: 0.390602	Acc: 89.73%
Pre-train Epoch: 10 [38400/40200 (95%)]	Loss: 0.451839	Acc: 89.65%

Validation set: Average loss: 0.3662, Accuracy: 17766/19800 (89.73%)

Validation: acc 89.73%  macro-F1 0.8977  macro-recall 0.8971  (n=19800, classes=30)
Validation: worst-6 recall -> 8:0.65, 22:0.65, 2:0.77, 28:0.79, 7:0.80, 26:0.82

--> Best validation loss improved. Saved model to runs\20260921-175739_legacy_cnn_p2_valaug_de13bb\reference.pth
Pre-train Epoch: 11 [0/40200 (0%)]	Loss: 0.379517	Acc: 92.19%
Pre-train Epoch: 11 [6400/40200 (16%)]	Loss: 0.319172	Acc: 89.82%
Pre-train Epoch: 11 [12800/40200 (32%)]	Loss: 0.495918	Acc: 89.79%
Pre-train Epoch: 11 [19200/40200 (48%)]	Loss: 0.341670	Acc: 89.67%
Pre-train Epoch: 11 [25600/40200 (64%)]	Loss: 0.478583	Acc: 89.77%
Pre-train Epoch: 11 [32000/40200 (79%)]	Loss: 0.454386	Acc: 89.68%
Pre-train Epoch: 11 [38400/40200 (95%)]	Loss: 0.422208	Acc: 89.63%

Validation set: Average loss: 0.3724, Accuracy: 17747/19800 (89.63%)

Validation: acc 89.63%  macro-F1 0.8974  macro-recall 0.8964  (n=19800, classes=30)
Validation: worst-6 recall -> 8:0.56, 2:0.68, 28:0.79, 7:0.80, 6:0.82, 15:0.82

--> No improvement in validation loss. Patience: 1/10
Pre-train Epoch: 12 [0/40200 (0%)]	Loss: 0.428798	Acc: 89.06%
Pre-train Epoch: 12 [6400/40200 (16%)]	Loss: 0.438629	Acc: 90.05%
Pre-train Epoch: 12 [12800/40200 (32%)]	Loss: 0.341293	Acc: 90.04%
Pre-train Epoch: 12 [19200/40200 (48%)]	Loss: 0.439095	Acc: 90.06%
Pre-train Epoch: 12 [25600/40200 (64%)]	Loss: 0.489346	Acc: 89.96%
Pre-train Epoch: 12 [32000/40200 (79%)]	Loss: 0.382119	Acc: 89.89%
Pre-train Epoch: 12 [38400/40200 (95%)]	Loss: 0.262098	Acc: 89.86%

Validation set: Average loss: 0.6399, Accuracy: 15736/19800 (79.47%)

Validation: acc 79.47%  macro-F1 0.7843  macro-recall 0.7946  (n=19800, classes=30)
Validation: worst-6 recall -> 28:0.13, 15:0.26, 25:0.44, 9:0.47, 26:0.53, 2:0.58

--> No improvement in validation loss. Patience: 2/10
Pre-train Epoch: 13 [0/40200 (0%)]	Loss: 0.566187	Acc: 85.94%
Pre-train Epoch: 13 [6400/40200 (16%)]	Loss: 0.523431	Acc: 90.25%
Pre-train Epoch: 13 [12800/40200 (32%)]	Loss: 0.318924	Acc: 90.10%
Pre-train Epoch: 13 [19200/40200 (48%)]	Loss: 0.356307	Acc: 90.03%
Pre-train Epoch: 13 [25600/40200 (64%)]	Loss: 0.324459	Acc: 90.10%
Pre-train Epoch: 13 [32000/40200 (79%)]	Loss: 0.421020	Acc: 90.03%
Pre-train Epoch: 13 [38400/40200 (95%)]	Loss: 0.401291	Acc: 89.99%

Validation set: Average loss: 0.4542, Accuracy: 17337/19800 (87.56%)

Validation: acc 87.56%  macro-F1 0.8777  macro-recall 0.8760  (n=19800, classes=30)
Validation: worst-6 recall -> 2:0.62, 15:0.65, 9:0.65, 22:0.70, 4:0.77, 7:0.79

--> No improvement in validation loss. Patience: 3/10
Pre-train Epoch: 14 [0/40200 (0%)]	Loss: 0.381214	Acc: 90.62%
Pre-train Epoch: 14 [6400/40200 (16%)]	Loss: 0.550093	Acc: 89.73%
Pre-train Epoch: 14 [12800/40200 (32%)]	Loss: 0.480555	Acc: 89.89%
Pre-train Epoch: 14 [19200/40200 (48%)]	Loss: 0.485551	Acc: 89.95%
Pre-train Epoch: 14 [25600/40200 (64%)]	Loss: 0.378044	Acc: 90.00%
Pre-train Epoch: 14 [32000/40200 (79%)]	Loss: 0.284174	Acc: 89.96%
Pre-train Epoch: 14 [38400/40200 (95%)]	Loss: 0.279382	Acc: 89.89%

Validation set: Average loss: 0.4572, Accuracy: 17217/19800 (86.95%)

Validation: acc 86.95%  macro-F1 0.8694  macro-recall 0.8703  (n=19800, classes=30)
Validation: worst-6 recall -> 28:0.65, 11:0.67, 2:0.67, 15:0.68, 22:0.70, 3:0.73

--> No improvement in validation loss. Patience: 4/10
Pre-train Epoch: 15 [0/40200 (0%)]	Loss: 0.429148	Acc: 90.62%
Pre-train Epoch: 15 [6400/40200 (16%)]	Loss: 0.389976	Acc: 90.36%
Pre-train Epoch: 15 [12800/40200 (32%)]	Loss: 0.401736	Acc: 90.19%
Pre-train Epoch: 15 [19200/40200 (48%)]	Loss: 0.260911	Acc: 90.25%
Pre-train Epoch: 15 [25600/40200 (64%)]	Loss: 0.283184	Acc: 90.16%
Pre-train Epoch: 15 [32000/40200 (79%)]	Loss: 0.460300	Acc: 90.13%
Pre-train Epoch: 15 [38400/40200 (95%)]	Loss: 0.330070	Acc: 90.15%

Validation set: Average loss: 0.3477, Accuracy: 17840/19800 (90.10%)

Validation: acc 90.10%  macro-F1 0.9026  macro-recall 0.9009  (n=19800, classes=30)
Validation: worst-6 recall -> 8:0.69, 11:0.70, 15:0.76, 22:0.77, 28:0.80, 6:0.81

--> Best validation loss improved. Saved model to runs\20260921-175739_legacy_cnn_p2_valaug_de13bb\reference.pth
Pre-train Epoch: 16 [0/40200 (0%)]	Loss: 0.468326	Acc: 90.62%
Pre-train Epoch: 16 [6400/40200 (16%)]	Loss: 0.378522	Acc: 90.22%
Pre-train Epoch: 16 [12800/40200 (32%)]	Loss: 0.430147	Acc: 90.13%
Pre-train Epoch: 16 [19200/40200 (48%)]	Loss: 0.302293	Acc: 90.10%
Pre-train Epoch: 16 [25600/40200 (64%)]	Loss: 0.453940	Acc: 90.01%
Pre-train Epoch: 16 [32000/40200 (79%)]	Loss: 0.361159	Acc: 89.84%
Pre-train Epoch: 16 [38400/40200 (95%)]	Loss: 0.315578	Acc: 89.99%

Validation set: Average loss: 0.3418, Accuracy: 17878/19800 (90.29%)

Validation: acc 90.29%  macro-F1 0.9017  macro-recall 0.9033  (n=19800, classes=30)
Validation: worst-6 recall -> 2:0.56, 8:0.67, 28:0.74, 7:0.75, 16:0.76, 3:0.80

--> Best validation loss improved. Saved model to runs\20260921-175739_legacy_cnn_p2_valaug_de13bb\reference.pth
Pre-train Epoch: 17 [0/40200 (0%)]	Loss: 0.321787	Acc: 95.31%
Pre-train Epoch: 17 [6400/40200 (16%)]	Loss: 0.294465	Acc: 90.04%
Pre-train Epoch: 17 [12800/40200 (32%)]	Loss: 0.359819	Acc: 90.16%
Pre-train Epoch: 17 [19200/40200 (48%)]	Loss: 0.448253	Acc: 90.34%
Pre-train Epoch: 17 [25600/40200 (64%)]	Loss: 0.297111	Acc: 90.34%
Pre-train Epoch: 17 [32000/40200 (79%)]	Loss: 0.422430	Acc: 90.24%
Pre-train Epoch: 17 [38400/40200 (95%)]	Loss: 0.531866	Acc: 90.21%

Validation set: Average loss: 0.3787, Accuracy: 17659/19800 (89.19%)

Validation: acc 89.19%  macro-F1 0.8901  macro-recall 0.8917  (n=19800, classes=30)
Validation: worst-6 recall -> 7:0.50, 11:0.60, 8:0.69, 29:0.71, 3:0.75, 16:0.77

--> No improvement in validation loss. Patience: 1/10
Pre-train Epoch: 18 [0/40200 (0%)]	Loss: 0.357379	Acc: 92.19%
Pre-train Epoch: 18 [6400/40200 (16%)]	Loss: 0.393227	Acc: 90.35%
Pre-train Epoch: 18 [12800/40200 (32%)]	Loss: 0.315465	Acc: 90.24%
Pre-train Epoch: 18 [19200/40200 (48%)]	Loss: 0.484299	Acc: 90.29%
Pre-train Epoch: 18 [25600/40200 (64%)]	Loss: 0.442604	Acc: 90.20%
Pre-train Epoch: 18 [32000/40200 (79%)]	Loss: 0.419141	Acc: 90.24%
Pre-train Epoch: 18 [38400/40200 (95%)]	Loss: 0.349102	Acc: 90.25%

Validation set: Average loss: 0.3397, Accuracy: 17958/19800 (90.70%)

Validation: acc 90.70%  macro-F1 0.9078  macro-recall 0.9074  (n=19800, classes=30)
Validation: worst-6 recall -> 6:0.69, 8:0.73, 4:0.79, 15:0.80, 10:0.81, 2:0.82

--> Best validation loss improved. Saved model to runs\20260921-175739_legacy_cnn_p2_valaug_de13bb\reference.pth
Pre-train Epoch: 19 [0/40200 (0%)]	Loss: 0.319922	Acc: 93.75%
Pre-train Epoch: 19 [6400/40200 (16%)]	Loss: 0.412151	Acc: 90.15%
Pre-train Epoch: 19 [12800/40200 (32%)]	Loss: 0.312048	Acc: 90.36%
Pre-train Epoch: 19 [19200/40200 (48%)]	Loss: 0.221313	Acc: 90.43%
Pre-train Epoch: 19 [25600/40200 (64%)]	Loss: 0.393949	Acc: 90.25%
Pre-train Epoch: 19 [32000/40200 (79%)]	Loss: 0.288598	Acc: 90.38%
Pre-train Epoch: 19 [38400/40200 (95%)]	Loss: 0.302340	Acc: 90.27%

Validation set: Average loss: 0.3862, Accuracy: 17527/19800 (88.52%)

Validation: acc 88.52%  macro-F1 0.8813  macro-recall 0.8849  (n=19800, classes=30)
Validation: worst-6 recall -> 7:0.30, 29:0.62, 16:0.72, 22:0.75, 8:0.76, 2:0.77

--> No improvement in validation loss. Patience: 1/10
Pre-train Epoch: 20 [0/40200 (0%)]	Loss: 0.441536	Acc: 93.75%
Pre-train Epoch: 20 [6400/40200 (16%)]	Loss: 0.367720	Acc: 89.85%
Pre-train Epoch: 20 [12800/40200 (32%)]	Loss: 0.311386	Acc: 89.85%
Pre-train Epoch: 20 [19200/40200 (48%)]	Loss: 0.374698	Acc: 90.01%
Pre-train Epoch: 20 [25600/40200 (64%)]	Loss: 0.317441	Acc: 90.01%
Pre-train Epoch: 20 [32000/40200 (79%)]	Loss: 0.407193	Acc: 90.15%
Pre-train Epoch: 20 [38400/40200 (95%)]	Loss: 0.335210	Acc: 90.25%

Validation set: Average loss: 0.3229, Accuracy: 18077/19800 (91.30%)

Validation: acc 91.30%  macro-F1 0.9130  macro-recall 0.9134  (n=19800, classes=30)
Validation: worst-6 recall -> 2:0.67, 16:0.69, 29:0.71, 7:0.76, 3:0.80, 6:0.83

--> Best validation loss improved. Saved model to runs\20260921-175739_legacy_cnn_p2_valaug_de13bb\reference.pth
Pre-train Epoch: 21 [0/40200 (0%)]	Loss: 0.347683	Acc: 92.19%
Pre-train Epoch: 21 [6400/40200 (16%)]	Loss: 0.468789	Acc: 90.66%
Pre-train Epoch: 21 [12800/40200 (32%)]	Loss: 0.486571	Acc: 90.43%
Pre-train Epoch: 21 [19200/40200 (48%)]	Loss: 0.339549	Acc: 90.41%
Pre-train Epoch: 21 [25600/40200 (64%)]	Loss: 0.340605	Acc: 90.44%
Pre-train Epoch: 21 [32000/40200 (79%)]	Loss: 0.397728	Acc: 90.35%
Pre-train Epoch: 21 [38400/40200 (95%)]	Loss: 0.450351	Acc: 90.32%

Validation set: Average loss: 0.3994, Accuracy: 17507/19800 (88.42%)

Validation: acc 88.42%  macro-F1 0.8845  macro-recall 0.8840  (n=19800, classes=30)
Validation: worst-6 recall -> 28:0.59, 6:0.62, 16:0.70, 5:0.75, 8:0.77, 26:0.80

--> No improvement in validation loss. Patience: 1/10
Pre-train Epoch: 22 [0/40200 (0%)]	Loss: 0.414556	Acc: 87.50%
Pre-train Epoch: 22 [6400/40200 (16%)]	Loss: 0.394692	Acc: 89.42%
Pre-train Epoch: 22 [12800/40200 (32%)]	Loss: 0.332226	Acc: 90.11%
Pre-train Epoch: 22 [19200/40200 (48%)]	Loss: 0.199439	Acc: 90.24%
Pre-train Epoch: 22 [25600/40200 (64%)]	Loss: 0.335201	Acc: 90.22%
Pre-train Epoch: 22 [32000/40200 (79%)]	Loss: 0.254030	Acc: 90.31%
Pre-train Epoch: 22 [38400/40200 (95%)]	Loss: 0.402407	Acc: 90.26%

Validation set: Average loss: 0.5273, Accuracy: 16735/19800 (84.52%)

Validation: acc 84.52%  macro-F1 0.8424  macro-recall 0.8462  (n=19800, classes=30)
Validation: worst-6 recall -> 29:0.48, 11:0.53, 6:0.53, 7:0.58, 3:0.62, 8:0.63

--> No improvement in validation loss. Patience: 2/10
Pre-train Epoch: 23 [0/40200 (0%)]	Loss: 0.476079	Acc: 84.38%
Pre-train Epoch: 23 [6400/40200 (16%)]	Loss: 0.278366	Acc: 90.01%
Pre-train Epoch: 23 [12800/40200 (32%)]	Loss: 0.478582	Acc: 90.35%
Pre-train Epoch: 23 [19200/40200 (48%)]	Loss: 0.317845	Acc: 90.59%
Pre-train Epoch: 23 [25600/40200 (64%)]	Loss: 0.400526	Acc: 90.53%
Pre-train Epoch: 23 [32000/40200 (79%)]	Loss: 0.330389	Acc: 90.74%
Pre-train Epoch: 23 [38400/40200 (95%)]	Loss: 0.273844	Acc: 90.60%

Validation set: Average loss: 0.3366, Accuracy: 18055/19800 (91.19%)

Validation: acc 91.19%  macro-F1 0.9115  macro-recall 0.9121  (n=19800, classes=30)
Validation: worst-6 recall -> 8:0.64, 22:0.73, 16:0.75, 2:0.77, 6:0.77, 4:0.84

--> No improvement in validation loss. Patience: 3/10
Pre-train Epoch: 24 [0/40200 (0%)]	Loss: 0.356965	Acc: 89.06%
Pre-train Epoch: 24 [6400/40200 (16%)]	Loss: 0.360721	Acc: 90.44%
Pre-train Epoch: 24 [12800/40200 (32%)]	Loss: 0.311482	Acc: 90.25%
Pre-train Epoch: 24 [19200/40200 (48%)]	Loss: 0.367067	Acc: 90.31%
Pre-train Epoch: 24 [25600/40200 (64%)]	Loss: 0.385566	Acc: 90.42%
Pre-train Epoch: 24 [32000/40200 (79%)]	Loss: 0.278152	Acc: 90.36%
Pre-train Epoch: 24 [38400/40200 (95%)]	Loss: 0.344029	Acc: 90.35%

Validation set: Average loss: 0.3890, Accuracy: 17557/19800 (88.67%)

Validation: acc 88.67%  macro-F1 0.8871  macro-recall 0.8866  (n=19800, classes=30)
Validation: worst-6 recall -> 8:0.47, 16:0.72, 28:0.72, 3:0.73, 6:0.76, 2:0.77

--> No improvement in validation loss. Patience: 4/10
Pre-train Epoch: 25 [0/40200 (0%)]	Loss: 0.445401	Acc: 89.06%
Pre-train Epoch: 25 [6400/40200 (16%)]	Loss: 0.284514	Acc: 90.56%
Pre-train Epoch: 25 [12800/40200 (32%)]	Loss: 0.346449	Acc: 90.86%
Pre-train Epoch: 25 [19200/40200 (48%)]	Loss: 0.308570	Acc: 90.54%
Pre-train Epoch: 25 [25600/40200 (64%)]	Loss: 0.380700	Acc: 90.59%
Pre-train Epoch: 25 [32000/40200 (79%)]	Loss: 0.311826	Acc: 90.53%
Pre-train Epoch: 25 [38400/40200 (95%)]	Loss: 0.446281	Acc: 90.51%

Validation set: Average loss: 0.3870, Accuracy: 17610/19800 (88.94%)

Validation: acc 88.94%  macro-F1 0.8888  macro-recall 0.8899  (n=19800, classes=30)
Validation: worst-6 recall -> 15:0.38, 29:0.67, 6:0.70, 11:0.74, 8:0.77, 28:0.81

--> No improvement in validation loss. Patience: 5/10
Pre-train Epoch: 26 [0/40200 (0%)]	Loss: 0.511407	Acc: 85.94%
Pre-train Epoch: 26 [6400/40200 (16%)]	Loss: 0.423698	Acc: 90.76%
Pre-train Epoch: 26 [12800/40200 (32%)]	Loss: 0.472949	Acc: 90.56%
Pre-train Epoch: 26 [19200/40200 (48%)]	Loss: 0.501457	Acc: 90.50%
Pre-train Epoch: 26 [25600/40200 (64%)]	Loss: 0.406780	Acc: 90.53%
Pre-train Epoch: 26 [32000/40200 (79%)]	Loss: 0.328177	Acc: 90.58%
Pre-train Epoch: 26 [38400/40200 (95%)]	Loss: 0.264105	Acc: 90.68%

Validation set: Average loss: 0.3581, Accuracy: 17867/19800 (90.24%)

Validation: acc 90.24%  macro-F1 0.9039  macro-recall 0.9031  (n=19800, classes=30)
Validation: worst-6 recall -> 2:0.62, 22:0.73, 29:0.74, 15:0.76, 6:0.78, 3:0.80

--> No improvement in validation loss. Patience: 6/10
Pre-train Epoch: 27 [0/40200 (0%)]	Loss: 0.284078	Acc: 95.31%
Pre-train Epoch: 27 [6400/40200 (16%)]	Loss: 0.487579	Acc: 90.24%
Pre-train Epoch: 27 [12800/40200 (32%)]	Loss: 0.500336	Acc: 90.47%
Pre-train Epoch: 27 [19200/40200 (48%)]	Loss: 0.287475	Acc: 90.74%
Pre-train Epoch: 27 [25600/40200 (64%)]	Loss: 0.322843	Acc: 90.77%
Pre-train Epoch: 27 [32000/40200 (79%)]	Loss: 0.321763	Acc: 90.74%
Pre-train Epoch: 27 [38400/40200 (95%)]	Loss: 0.466140	Acc: 90.58%

Validation set: Average loss: 0.3482, Accuracy: 17903/19800 (90.42%)

Validation: acc 90.42%  macro-F1 0.9034  macro-recall 0.9043  (n=19800, classes=30)
Validation: worst-6 recall -> 28:0.61, 2:0.64, 22:0.73, 8:0.78, 16:0.81, 6:0.81

--> No improvement in validation loss. Patience: 7/10
Pre-train Epoch: 28 [0/40200 (0%)]	Loss: 0.419270	Acc: 87.50%
Pre-train Epoch: 28 [6400/40200 (16%)]	Loss: 0.429280	Acc: 90.47%
Pre-train Epoch: 28 [12800/40200 (32%)]	Loss: 0.358227	Acc: 90.76%
Pre-train Epoch: 28 [19200/40200 (48%)]	Loss: 0.445838	Acc: 90.56%
Pre-train Epoch: 28 [25600/40200 (64%)]	Loss: 0.321794	Acc: 90.61%
Pre-train Epoch: 28 [32000/40200 (79%)]	Loss: 0.313593	Acc: 90.59%
Pre-train Epoch: 28 [38400/40200 (95%)]	Loss: 0.420912	Acc: 90.64%

Validation set: Average loss: 0.3026, Accuracy: 18088/19800 (91.35%)

Validation: acc 91.35%  macro-F1 0.9137  macro-recall 0.9142  (n=19800, classes=30)
Validation: worst-6 recall -> 2:0.62, 6:0.68, 15:0.70, 29:0.78, 8:0.85, 3:0.87

--> Best validation loss improved. Saved model to runs\20260921-175739_legacy_cnn_p2_valaug_de13bb\reference.pth
Pre-train Epoch: 29 [0/40200 (0%)]	Loss: 0.383785	Acc: 89.06%
Pre-train Epoch: 29 [6400/40200 (16%)]	Loss: 0.378738	Acc: 89.93%
Pre-train Epoch: 29 [12800/40200 (32%)]	Loss: 0.294871	Acc: 90.51%
Pre-train Epoch: 29 [19200/40200 (48%)]	Loss: 0.329968	Acc: 90.47%
Pre-train Epoch: 29 [25600/40200 (64%)]	Loss: 0.210203	Acc: 90.67%
Pre-train Epoch: 29 [32000/40200 (79%)]	Loss: 0.239023	Acc: 90.56%
Pre-train Epoch: 29 [38400/40200 (95%)]	Loss: 0.278526	Acc: 90.58%

Validation set: Average loss: 0.5217, Accuracy: 16823/19800 (84.96%)

Validation: acc 84.96%  macro-F1 0.8474  macro-recall 0.8500  (n=19800, classes=30)
Validation: worst-6 recall -> 8:0.42, 7:0.47, 29:0.49, 4:0.55, 3:0.67, 16:0.72

--> No improvement in validation loss. Patience: 1/10
Pre-train Epoch: 30 [0/40200 (0%)]	Loss: 0.453832	Acc: 89.06%
Pre-train Epoch: 30 [6400/40200 (16%)]	Loss: 0.354326	Acc: 91.12%
Pre-train Epoch: 30 [12800/40200 (32%)]	Loss: 0.477449	Acc: 90.67%
Pre-train Epoch: 30 [19200/40200 (48%)]	Loss: 0.290079	Acc: 90.79%
Pre-train Epoch: 30 [25600/40200 (64%)]	Loss: 0.342760	Acc: 90.73%
Pre-train Epoch: 30 [32000/40200 (79%)]	Loss: 0.475671	Acc: 90.82%
Pre-train Epoch: 30 [38400/40200 (95%)]	Loss: 0.483245	Acc: 90.68%

Validation set: Average loss: 0.3303, Accuracy: 17982/19800 (90.82%)

Validation: acc 90.82%  macro-F1 0.9088  macro-recall 0.9081  (n=19800, classes=30)
Validation: worst-6 recall -> 8:0.62, 29:0.72, 6:0.79, 10:0.79, 16:0.82, 15:0.86

--> No improvement in validation loss. Patience: 2/10
Pre-train Epoch: 31 [0/40200 (0%)]	Loss: 0.279238	Acc: 95.31%
Pre-train Epoch: 31 [6400/40200 (16%)]	Loss: 0.341169	Acc: 91.18%
Pre-train Epoch: 31 [12800/40200 (32%)]	Loss: 0.280914	Acc: 91.11%
Pre-train Epoch: 31 [19200/40200 (48%)]	Loss: 0.322765	Acc: 91.04%
Pre-train Epoch: 31 [25600/40200 (64%)]	Loss: 0.452391	Acc: 91.04%
Pre-train Epoch: 31 [32000/40200 (79%)]	Loss: 0.306289	Acc: 91.00%
Pre-train Epoch: 31 [38400/40200 (95%)]	Loss: 0.284556	Acc: 90.82%

Validation set: Average loss: 0.4040, Accuracy: 17427/19800 (88.02%)

Validation: acc 88.02%  macro-F1 0.8823  macro-recall 0.8807  (n=19800, classes=30)
Validation: worst-6 recall -> 28:0.59, 16:0.65, 6:0.66, 8:0.68, 9:0.70, 2:0.71

--> No improvement in validation loss. Patience: 3/10
Pre-train Epoch: 32 [0/40200 (0%)]	Loss: 0.411236	Acc: 89.06%
Pre-train Epoch: 32 [6400/40200 (16%)]	Loss: 0.407800	Acc: 90.10%
Pre-train Epoch: 32 [12800/40200 (32%)]	Loss: 0.374654	Acc: 90.42%
Pre-train Epoch: 32 [19200/40200 (48%)]	Loss: 0.308471	Acc: 90.51%
Pre-train Epoch: 32 [25600/40200 (64%)]	Loss: 0.335281	Acc: 90.58%
Pre-train Epoch: 32 [32000/40200 (79%)]	Loss: 0.302178	Acc: 90.70%
Pre-train Epoch: 32 [38400/40200 (95%)]	Loss: 0.401211	Acc: 90.68%

Validation set: Average loss: 0.3514, Accuracy: 17832/19800 (90.06%)

Validation: acc 90.06%  macro-F1 0.9035  macro-recall 0.9013  (n=19800, classes=30)
Validation: worst-6 recall -> 2:0.62, 15:0.76, 3:0.78, 6:0.79, 22:0.83, 5:0.84

--> No improvement in validation loss. Patience: 4/10
Pre-train Epoch: 33 [0/40200 (0%)]	Loss: 0.254585	Acc: 96.88%
Pre-train Epoch: 33 [6400/40200 (16%)]	Loss: 0.374137	Acc: 90.83%
Pre-train Epoch: 33 [12800/40200 (32%)]	Loss: 0.407545	Acc: 90.66%
Pre-train Epoch: 33 [19200/40200 (48%)]	Loss: 0.364198	Acc: 90.86%
Pre-train Epoch: 33 [25600/40200 (64%)]	Loss: 0.286860	Acc: 90.88%
Pre-train Epoch: 33 [32000/40200 (79%)]	Loss: 0.332915	Acc: 90.81%
Pre-train Epoch: 33 [38400/40200 (95%)]	Loss: 0.409885	Acc: 90.84%

Validation set: Average loss: 0.3302, Accuracy: 18128/19800 (91.56%)

Validation: acc 91.56%  macro-F1 0.9151  macro-recall 0.9156  (n=19800, classes=30)
Validation: worst-6 recall -> 7:0.69, 8:0.74, 15:0.81, 3:0.82, 6:0.83, 28:0.83

--> No improvement in validation loss. Patience: 5/10
Pre-train Epoch: 34 [0/40200 (0%)]	Loss: 0.364359	Acc: 90.62%
Pre-train Epoch: 34 [6400/40200 (16%)]	Loss: 0.336453	Acc: 91.51%
Pre-train Epoch: 34 [12800/40200 (32%)]	Loss: 0.317405	Acc: 91.11%
Pre-train Epoch: 34 [19200/40200 (48%)]	Loss: 0.378533	Acc: 91.15%
Pre-train Epoch: 34 [25600/40200 (64%)]	Loss: 0.296019	Acc: 91.10%
Pre-train Epoch: 34 [32000/40200 (79%)]	Loss: 0.320619	Acc: 91.01%
Pre-train Epoch: 34 [38400/40200 (95%)]	Loss: 0.359990	Acc: 91.07%

Validation set: Average loss: 0.3657, Accuracy: 18012/19800 (90.97%)

Validation: acc 90.97%  macro-F1 0.9099  macro-recall 0.9099  (n=19800, classes=30)
Validation: worst-6 recall -> 8:0.61, 6:0.69, 11:0.84, 28:0.84, 29:0.84, 15:0.84

--> No improvement in validation loss. Patience: 6/10
Pre-train Epoch: 35 [0/40200 (0%)]	Loss: 0.367388	Acc: 90.62%
Pre-train Epoch: 35 [6400/40200 (16%)]	Loss: 0.309977	Acc: 90.78%
Pre-train Epoch: 35 [12800/40200 (32%)]	Loss: 0.424468	Acc: 90.81%
Pre-train Epoch: 35 [19200/40200 (48%)]	Loss: 0.383840	Acc: 90.80%
Pre-train Epoch: 35 [25600/40200 (64%)]	Loss: 0.390467	Acc: 91.07%
Pre-train Epoch: 35 [32000/40200 (79%)]	Loss: 0.459623	Acc: 90.98%
Pre-train Epoch: 35 [38400/40200 (95%)]	Loss: 0.405723	Acc: 90.95%

Validation set: Average loss: 0.3520, Accuracy: 17929/19800 (90.55%)

Validation: acc 90.55%  macro-F1 0.9047  macro-recall 0.9060  (n=19800, classes=30)
Validation: worst-6 recall -> 2:0.66, 6:0.70, 7:0.77, 29:0.77, 8:0.78, 16:0.80

--> No improvement in validation loss. Patience: 7/10
Pre-train Epoch: 36 [0/40200 (0%)]	Loss: 0.347690	Acc: 87.50%
Pre-train Epoch: 36 [6400/40200 (16%)]	Loss: 0.442604	Acc: 91.27%
Pre-train Epoch: 36 [12800/40200 (32%)]	Loss: 0.441286	Acc: 91.39%
Pre-train Epoch: 36 [19200/40200 (48%)]	Loss: 0.427529	Acc: 91.10%
Pre-train Epoch: 36 [25600/40200 (64%)]	Loss: 0.343698	Acc: 91.18%
Pre-train Epoch: 36 [32000/40200 (79%)]	Loss: 0.306018	Acc: 91.04%
Pre-train Epoch: 36 [38400/40200 (95%)]	Loss: 0.343764	Acc: 91.08%

Validation set: Average loss: 0.3011, Accuracy: 18128/19800 (91.56%)

Validation: acc 91.56%  macro-F1 0.9153  macro-recall 0.9159  (n=19800, classes=30)
Validation: worst-6 recall -> 16:0.69, 7:0.71, 2:0.74, 28:0.81, 8:0.84, 3:0.84

--> Best validation loss improved. Saved model to runs\20260921-175739_legacy_cnn_p2_valaug_de13bb\reference.pth
Pre-train Epoch: 37 [0/40200 (0%)]	Loss: 0.337990	Acc: 92.19%
Pre-train Epoch: 37 [6400/40200 (16%)]	Loss: 0.370307	Acc: 91.10%
Pre-train Epoch: 37 [12800/40200 (32%)]	Loss: 0.319685	Acc: 91.16%
Pre-train Epoch: 37 [19200/40200 (48%)]	Loss: 0.377600	Acc: 90.97%
Pre-train Epoch: 37 [25600/40200 (64%)]	Loss: 0.345255	Acc: 90.97%
Pre-train Epoch: 37 [32000/40200 (79%)]	Loss: 0.303383	Acc: 91.06%
Pre-train Epoch: 37 [38400/40200 (95%)]	Loss: 0.304554	Acc: 91.07%

Validation set: Average loss: 0.3438, Accuracy: 17765/19800 (89.72%)

Validation: acc 89.72%  macro-F1 0.8981  macro-recall 0.8974  (n=19800, classes=30)
Validation: worst-6 recall -> 15:0.62, 6:0.67, 8:0.70, 28:0.72, 26:0.77, 3:0.82

--> No improvement in validation loss. Patience: 1/10
Pre-train Epoch: 38 [0/40200 (0%)]	Loss: 0.422393	Acc: 90.62%
Pre-train Epoch: 38 [6400/40200 (16%)]	Loss: 0.511848	Acc: 91.04%
Pre-train Epoch: 38 [12800/40200 (32%)]	Loss: 0.431138	Acc: 91.24%
Pre-train Epoch: 38 [19200/40200 (48%)]	Loss: 0.213739	Acc: 91.31%
Pre-train Epoch: 38 [25600/40200 (64%)]	Loss: 0.345648	Acc: 91.25%
Pre-train Epoch: 38 [32000/40200 (79%)]	Loss: 0.334793	Acc: 91.25%
Pre-train Epoch: 38 [38400/40200 (95%)]	Loss: 0.233108	Acc: 91.29%

Validation set: Average loss: 0.3682, Accuracy: 17788/19800 (89.84%)

Validation: acc 89.84%  macro-F1 0.8981  macro-recall 0.8988  (n=19800, classes=30)
Validation: worst-6 recall -> 3:0.61, 8:0.69, 16:0.70, 7:0.70, 29:0.75, 4:0.78

--> No improvement in validation loss. Patience: 2/10
Pre-train Epoch: 39 [0/40200 (0%)]	Loss: 0.322104	Acc: 95.31%
Pre-train Epoch: 39 [6400/40200 (16%)]	Loss: 0.282567	Acc: 90.76%
Pre-train Epoch: 39 [12800/40200 (32%)]	Loss: 0.314412	Acc: 90.98%
Pre-train Epoch: 39 [19200/40200 (48%)]	Loss: 0.264784	Acc: 91.08%
Pre-train Epoch: 39 [25600/40200 (64%)]	Loss: 0.383174	Acc: 91.08%
Pre-train Epoch: 39 [32000/40200 (79%)]	Loss: 0.500332	Acc: 91.09%
Pre-train Epoch: 39 [38400/40200 (95%)]	Loss: 0.367456	Acc: 91.23%

Validation set: Average loss: 0.3485, Accuracy: 18023/19800 (91.03%)

Validation: acc 91.03%  macro-F1 0.9103  macro-recall 0.9105  (n=19800, classes=30)
Validation: worst-6 recall -> 15:0.67, 8:0.78, 2:0.78, 29:0.78, 11:0.79, 7:0.82

--> No improvement in validation loss. Patience: 3/10
Pre-train Epoch: 40 [0/40200 (0%)]	Loss: 0.392625	Acc: 92.19%
Pre-train Epoch: 40 [6400/40200 (16%)]	Loss: 0.352069	Acc: 91.69%
Pre-train Epoch: 40 [12800/40200 (32%)]	Loss: 0.271292	Acc: 91.24%
Pre-train Epoch: 40 [19200/40200 (48%)]	Loss: 0.444603	Acc: 91.31%
Pre-train Epoch: 40 [25600/40200 (64%)]	Loss: 0.323935	Acc: 91.30%
Pre-train Epoch: 40 [32000/40200 (79%)]	Loss: 0.393736	Acc: 91.18%
Pre-train Epoch: 40 [38400/40200 (95%)]	Loss: 0.275755	Acc: 91.26%

Validation set: Average loss: 0.3879, Accuracy: 17624/19800 (89.01%)

Validation: acc 89.01%  macro-F1 0.8872  macro-recall 0.8900  (n=19800, classes=30)
Validation: worst-6 recall -> 22:0.58, 7:0.61, 8:0.63, 16:0.65, 29:0.69, 2:0.72

--> No improvement in validation loss. Patience: 4/10
Pre-train Epoch: 41 [0/40200 (0%)]	Loss: 0.303089	Acc: 92.19%
Pre-train Epoch: 41 [6400/40200 (16%)]	Loss: 0.332074	Acc: 90.98%
Pre-train Epoch: 41 [12800/40200 (32%)]	Loss: 0.331726	Acc: 91.25%
Pre-train Epoch: 41 [19200/40200 (48%)]	Loss: 0.280108	Acc: 91.07%
Pre-train Epoch: 41 [25600/40200 (64%)]	Loss: 0.337213	Acc: 91.07%
Pre-train Epoch: 41 [32000/40200 (79%)]	Loss: 0.391710	Acc: 91.06%
Pre-train Epoch: 41 [38400/40200 (95%)]	Loss: 0.471184	Acc: 91.17%

Validation set: Average loss: 0.3254, Accuracy: 18155/19800 (91.69%)

Validation: acc 91.69%  macro-F1 0.9172  macro-recall 0.9174  (n=19800, classes=30)
Validation: worst-6 recall -> 16:0.71, 8:0.74, 6:0.78, 14:0.83, 4:0.83, 2:0.86

--> No improvement in validation loss. Patience: 5/10
Pre-train Epoch: 42 [0/40200 (0%)]	Loss: 0.354662	Acc: 93.75%
Pre-train Epoch: 42 [6400/40200 (16%)]	Loss: 0.250805	Acc: 91.07%
Pre-train Epoch: 42 [12800/40200 (32%)]	Loss: 0.397011	Acc: 91.19%
Pre-train Epoch: 42 [19200/40200 (48%)]	Loss: 0.335858	Acc: 91.04%
Pre-train Epoch: 42 [25600/40200 (64%)]	Loss: 0.471197	Acc: 91.12%
Pre-train Epoch: 42 [32000/40200 (79%)]	Loss: 0.284953	Acc: 91.25%
Pre-train Epoch: 42 [38400/40200 (95%)]	Loss: 0.416369	Acc: 91.23%

Validation set: Average loss: 0.4028, Accuracy: 17590/19800 (88.84%)

Validation: acc 88.84%  macro-F1 0.8883  macro-recall 0.8894  (n=19800, classes=30)
Validation: worst-6 recall -> 7:0.63, 2:0.64, 29:0.64, 6:0.68, 22:0.75, 16:0.77

--> No improvement in validation loss. Patience: 6/10
Pre-train Epoch: 43 [0/40200 (0%)]	Loss: 0.360908	Acc: 92.19%
Pre-train Epoch: 43 [6400/40200 (16%)]	Loss: 0.253246	Acc: 91.26%
Pre-train Epoch: 43 [12800/40200 (32%)]	Loss: 0.386525	Acc: 91.60%
Pre-train Epoch: 43 [19200/40200 (48%)]	Loss: 0.394599	Acc: 91.77%
Pre-train Epoch: 43 [25600/40200 (64%)]	Loss: 0.409401	Acc: 91.57%
Pre-train Epoch: 43 [32000/40200 (79%)]	Loss: 0.399486	Acc: 91.57%
Pre-train Epoch: 43 [38400/40200 (95%)]	Loss: 0.363612	Acc: 91.52%

Validation set: Average loss: 0.3008, Accuracy: 18141/19800 (91.62%)

Validation: acc 91.62%  macro-F1 0.9175  macro-recall 0.9167  (n=19800, classes=30)
Validation: worst-6 recall -> 6:0.74, 2:0.78, 15:0.82, 28:0.83, 3:0.84, 26:0.86

--> Best validation loss improved. Saved model to runs\20260921-175739_legacy_cnn_p2_valaug_de13bb\reference.pth
Pre-train Epoch: 44 [0/40200 (0%)]	Loss: 0.319448	Acc: 89.06%
Pre-train Epoch: 44 [6400/40200 (16%)]	Loss: 0.312548	Acc: 92.00%
Pre-train Epoch: 44 [12800/40200 (32%)]	Loss: 0.379442	Acc: 91.80%
Pre-train Epoch: 44 [19200/40200 (48%)]	Loss: 0.327493	Acc: 91.45%
Pre-train Epoch: 44 [25600/40200 (64%)]	Loss: 0.311494	Acc: 91.50%
Pre-train Epoch: 44 [32000/40200 (79%)]	Loss: 0.349928	Acc: 91.53%
Pre-train Epoch: 44 [38400/40200 (95%)]	Loss: 0.308831	Acc: 91.52%

Validation set: Average loss: 0.3004, Accuracy: 18173/19800 (91.78%)

Validation: acc 91.78%  macro-F1 0.9182  macro-recall 0.9182  (n=19800, classes=30)
Validation: worst-6 recall -> 6:0.67, 8:0.73, 16:0.82, 4:0.83, 2:0.86, 29:0.86

--> Best validation loss improved. Saved model to runs\20260921-175739_legacy_cnn_p2_valaug_de13bb\reference.pth
Pre-train Epoch: 45 [0/40200 (0%)]	Loss: 0.339748	Acc: 93.75%
Pre-train Epoch: 45 [6400/40200 (16%)]	Loss: 0.325268	Acc: 92.05%
Pre-train Epoch: 45 [12800/40200 (32%)]	Loss: 0.408661	Acc: 91.61%
Pre-train Epoch: 45 [19200/40200 (48%)]	Loss: 0.416343	Acc: 91.63%
Pre-train Epoch: 45 [25600/40200 (64%)]	Loss: 0.316195	Acc: 91.63%
Pre-train Epoch: 45 [32000/40200 (79%)]	Loss: 0.500733	Acc: 91.59%
Pre-train Epoch: 45 [38400/40200 (95%)]	Loss: 0.378720	Acc: 91.55%

Validation set: Average loss: 0.3258, Accuracy: 17922/19800 (90.52%)

Validation: acc 90.52%  macro-F1 0.9060  macro-recall 0.9054  (n=19800, classes=30)
Validation: worst-6 recall -> 8:0.66, 2:0.75, 7:0.75, 6:0.77, 3:0.77, 15:0.83

--> No improvement in validation loss. Patience: 1/10
Pre-train Epoch: 46 [0/40200 (0%)]	Loss: 0.415160	Acc: 89.06%
Pre-train Epoch: 46 [6400/40200 (16%)]	Loss: 0.335582	Acc: 91.01%
Pre-train Epoch: 46 [12800/40200 (32%)]	Loss: 0.418471	Acc: 91.50%
Pre-train Epoch: 46 [19200/40200 (48%)]	Loss: 0.478639	Acc: 91.55%
Pre-train Epoch: 46 [25600/40200 (64%)]	Loss: 0.296847	Acc: 91.61%
Pre-train Epoch: 46 [32000/40200 (79%)]	Loss: 0.388901	Acc: 91.53%
Pre-train Epoch: 46 [38400/40200 (95%)]	Loss: 0.302096	Acc: 91.51%

Validation set: Average loss: 0.2941, Accuracy: 18173/19800 (91.78%)

Validation: acc 91.78%  macro-F1 0.9180  macro-recall 0.9182  (n=19800, classes=30)
Validation: worst-6 recall -> 3:0.71, 8:0.74, 6:0.79, 7:0.82, 15:0.83, 16:0.84

--> Best validation loss improved. Saved model to runs\20260921-175739_legacy_cnn_p2_valaug_de13bb\reference.pth
Pre-train Epoch: 47 [0/40200 (0%)]	Loss: 0.264444	Acc: 96.88%
Pre-train Epoch: 47 [6400/40200 (16%)]	Loss: 0.397372	Acc: 91.74%
Pre-train Epoch: 47 [12800/40200 (32%)]	Loss: 0.275265	Acc: 91.59%
Pre-train Epoch: 47 [19200/40200 (48%)]	Loss: 0.369172	Acc: 91.69%
Pre-train Epoch: 47 [25600/40200 (64%)]	Loss: 0.388231	Acc: 91.65%
Pre-train Epoch: 47 [32000/40200 (79%)]	Loss: 0.354327	Acc: 91.63%
Pre-train Epoch: 47 [38400/40200 (95%)]	Loss: 0.410809	Acc: 91.61%

Validation set: Average loss: 0.3537, Accuracy: 17766/19800 (89.73%)

Validation: acc 89.73%  macro-F1 0.8964  macro-recall 0.8979  (n=19800, classes=30)
Validation: worst-6 recall -> 20:0.54, 2:0.73, 29:0.75, 28:0.77, 22:0.77, 6:0.79

--> No improvement in validation loss. Patience: 1/10
Pre-train Epoch: 48 [0/40200 (0%)]	Loss: 0.394700	Acc: 92.19%
Pre-train Epoch: 48 [6400/40200 (16%)]	Loss: 0.389009	Acc: 91.72%
Pre-train Epoch: 48 [12800/40200 (32%)]	Loss: 0.371615	Acc: 91.51%
Pre-train Epoch: 48 [19200/40200 (48%)]	Loss: 0.380013	Acc: 91.55%
Pre-train Epoch: 48 [25600/40200 (64%)]	Loss: 0.314459	Acc: 91.52%
Pre-train Epoch: 48 [32000/40200 (79%)]	Loss: 0.333024	Acc: 91.45%
Pre-train Epoch: 48 [38400/40200 (95%)]	Loss: 0.288164	Acc: 91.46%

Validation set: Average loss: 0.2942, Accuracy: 18136/19800 (91.60%)

Validation: acc 91.60%  macro-F1 0.9158  macro-recall 0.9158  (n=19800, classes=30)
Validation: worst-6 recall -> 8:0.62, 15:0.67, 7:0.79, 6:0.82, 28:0.83, 22:0.86

--> No improvement in validation loss. Patience: 2/10
Pre-train Epoch: 49 [0/40200 (0%)]	Loss: 0.344123	Acc: 89.06%
Pre-train Epoch: 49 [6400/40200 (16%)]	Loss: 0.276988	Acc: 91.66%
Pre-train Epoch: 49 [12800/40200 (32%)]	Loss: 0.428349	Acc: 91.65%
Pre-train Epoch: 49 [19200/40200 (48%)]	Loss: 0.343767	Acc: 91.74%
Pre-train Epoch: 49 [25600/40200 (64%)]	Loss: 0.237171	Acc: 91.60%
Pre-train Epoch: 49 [32000/40200 (79%)]	Loss: 0.306107	Acc: 91.61%
Pre-train Epoch: 49 [38400/40200 (95%)]	Loss: 0.358699	Acc: 91.62%

Validation set: Average loss: 0.3491, Accuracy: 17979/19800 (90.80%)

Validation: acc 90.80%  macro-F1 0.9079  macro-recall 0.9084  (n=19800, classes=30)
Validation: worst-6 recall -> 7:0.75, 29:0.78, 6:0.78, 28:0.79, 2:0.79, 4:0.80

--> No improvement in validation loss. Patience: 3/10
Pre-train Epoch: 50 [0/40200 (0%)]	Loss: 0.290489	Acc: 95.31%
Pre-train Epoch: 50 [6400/40200 (16%)]	Loss: 0.327271	Acc: 91.75%
Pre-train Epoch: 50 [12800/40200 (32%)]	Loss: 0.349506	Acc: 91.66%
Pre-train Epoch: 50 [19200/40200 (48%)]	Loss: 0.305562	Acc: 91.81%
Pre-train Epoch: 50 [25600/40200 (64%)]	Loss: 0.240434	Acc: 91.79%
Pre-train Epoch: 50 [32000/40200 (79%)]	Loss: 0.371028	Acc: 91.75%
Pre-train Epoch: 50 [38400/40200 (95%)]	Loss: 0.437173	Acc: 91.73%

Validation set: Average loss: 0.3055, Accuracy: 18225/19800 (92.05%)

Validation: acc 92.05%  macro-F1 0.9204  macro-recall 0.9208  (n=19800, classes=30)
Validation: worst-6 recall -> 29:0.65, 6:0.77, 8:0.80, 2:0.83, 16:0.84, 3:0.87

--> No improvement in validation loss. Patience: 4/10
Pre-train Epoch: 51 [0/40200 (0%)]	Loss: 0.331893	Acc: 87.50%
Pre-train Epoch: 51 [6400/40200 (16%)]	Loss: 0.280557	Acc: 91.85%
Pre-train Epoch: 51 [12800/40200 (32%)]	Loss: 0.332014	Acc: 91.70%
Pre-train Epoch: 51 [19200/40200 (48%)]	Loss: 0.356632	Acc: 91.73%
Pre-train Epoch: 51 [25600/40200 (64%)]	Loss: 0.327989	Acc: 91.68%
Pre-train Epoch: 51 [32000/40200 (79%)]	Loss: 0.350028	Acc: 91.67%
Pre-train Epoch: 51 [38400/40200 (95%)]	Loss: 0.428233	Acc: 91.61%

Validation set: Average loss: 0.3566, Accuracy: 17955/19800 (90.68%)

Validation: acc 90.68%  macro-F1 0.9069  macro-recall 0.9072  (n=19800, classes=30)
Validation: worst-6 recall -> 15:0.70, 6:0.72, 29:0.74, 8:0.78, 22:0.80, 3:0.83

--> No improvement in validation loss. Patience: 5/10
Pre-train Epoch: 52 [0/40200 (0%)]	Loss: 0.348230	Acc: 92.19%
Pre-train Epoch: 52 [6400/40200 (16%)]	Loss: 0.337711	Acc: 91.88%
Pre-train Epoch: 52 [12800/40200 (32%)]	Loss: 0.334231	Acc: 92.01%
Pre-train Epoch: 52 [19200/40200 (48%)]	Loss: 0.392103	Acc: 91.96%
Pre-train Epoch: 52 [25600/40200 (64%)]	Loss: 0.243048	Acc: 91.91%
Pre-train Epoch: 52 [32000/40200 (79%)]	Loss: 0.303610	Acc: 91.92%
Pre-train Epoch: 52 [38400/40200 (95%)]	Loss: 0.339323	Acc: 91.83%

Validation set: Average loss: 0.3040, Accuracy: 18216/19800 (92.00%)

Validation: acc 92.00%  macro-F1 0.9203  macro-recall 0.9205  (n=19800, classes=30)
Validation: worst-6 recall -> 2:0.75, 6:0.80, 11:0.80, 15:0.82, 8:0.84, 29:0.84

--> No improvement in validation loss. Patience: 6/10
Pre-train Epoch: 53 [0/40200 (0%)]	Loss: 0.399419	Acc: 81.25%
Pre-train Epoch: 53 [6400/40200 (16%)]	Loss: 0.395807	Acc: 91.83%
Pre-train Epoch: 53 [12800/40200 (32%)]	Loss: 0.334741	Acc: 91.71%
Pre-train Epoch: 53 [19200/40200 (48%)]	Loss: 0.295494	Acc: 91.90%
Pre-train Epoch: 53 [25600/40200 (64%)]	Loss: 0.299309	Acc: 91.90%
Pre-train Epoch: 53 [32000/40200 (79%)]	Loss: 0.274655	Acc: 91.83%
Pre-train Epoch: 53 [38400/40200 (95%)]	Loss: 0.267226	Acc: 91.81%

Validation set: Average loss: 0.3241, Accuracy: 18012/19800 (90.97%)

Validation: acc 90.97%  macro-F1 0.9095  macro-recall 0.9100  (n=19800, classes=30)
Validation: worst-6 recall -> 7:0.68, 15:0.71, 2:0.76, 29:0.77, 6:0.80, 11:0.82

--> No improvement in validation loss. Patience: 7/10
Pre-train Epoch: 54 [0/40200 (0%)]	Loss: 0.315756	Acc: 90.62%
Pre-train Epoch: 54 [6400/40200 (16%)]	Loss: 0.339176	Acc: 91.54%
Pre-train Epoch: 54 [12800/40200 (32%)]	Loss: 0.344679	Acc: 91.95%
Pre-train Epoch: 54 [19200/40200 (48%)]	Loss: 0.313959	Acc: 91.98%
Pre-train Epoch: 54 [25600/40200 (64%)]	Loss: 0.343935	Acc: 92.01%
Pre-train Epoch: 54 [32000/40200 (79%)]	Loss: 0.275923	Acc: 91.93%
Pre-train Epoch: 54 [38400/40200 (95%)]	Loss: 0.222464	Acc: 92.00%

Validation set: Average loss: 0.3022, Accuracy: 18229/19800 (92.07%)

Validation: acc 92.07%  macro-F1 0.9206  macro-recall 0.9208  (n=19800, classes=30)
Validation: worst-6 recall -> 29:0.74, 8:0.76, 7:0.77, 6:0.79, 16:0.84, 11:0.84

--> No improvement in validation loss. Patience: 8/10
Pre-train Epoch: 55 [0/40200 (0%)]	Loss: 0.332535	Acc: 93.75%
Pre-train Epoch: 55 [6400/40200 (16%)]	Loss: 0.232766	Acc: 92.33%
Pre-train Epoch: 55 [12800/40200 (32%)]	Loss: 0.383368	Acc: 92.21%
Pre-train Epoch: 55 [19200/40200 (48%)]	Loss: 0.247253	Acc: 92.22%
Pre-train Epoch: 55 [25600/40200 (64%)]	Loss: 0.351963	Acc: 92.32%
Pre-train Epoch: 55 [32000/40200 (79%)]	Loss: 0.370191	Acc: 92.23%
Pre-train Epoch: 55 [38400/40200 (95%)]	Loss: 0.333581	Acc: 92.19%

Validation set: Average loss: 0.3133, Accuracy: 18100/19800 (91.41%)

Validation: acc 91.41%  macro-F1 0.9128  macro-recall 0.9140  (n=19800, classes=30)
Validation: worst-6 recall -> 7:0.57, 8:0.70, 2:0.78, 29:0.80, 28:0.80, 6:0.84

--> No improvement in validation loss. Patience: 9/10
Pre-train Epoch: 56 [0/40200 (0%)]	Loss: 0.269439	Acc: 90.62%
Pre-train Epoch: 56 [6400/40200 (16%)]	Loss: 0.371954	Acc: 91.77%
Pre-train Epoch: 56 [12800/40200 (32%)]	Loss: 0.359498	Acc: 91.81%
Pre-train Epoch: 56 [19200/40200 (48%)]	Loss: 0.228165	Acc: 91.97%
Pre-train Epoch: 56 [25600/40200 (64%)]	Loss: 0.436702	Acc: 92.03%
Pre-train Epoch: 56 [32000/40200 (79%)]	Loss: 0.323552	Acc: 92.06%
Pre-train Epoch: 56 [38400/40200 (95%)]	Loss: 0.249015	Acc: 92.05%

Validation set: Average loss: 0.3098, Accuracy: 18032/19800 (91.07%)

Validation: acc 91.07%  macro-F1 0.9112  macro-recall 0.9113  (n=19800, classes=30)
Validation: worst-6 recall -> 28:0.62, 2:0.66, 15:0.67, 6:0.77, 3:0.82, 22:0.88

--> No improvement in validation loss. Patience: 10/10

Early stopping triggered at epoch 56! Reverting to best model.
Loaded best reference model for finetuning.

--- Starting Finetuning ---
[cache] hit 3eb6c0ea (3eb6c0eae750d8232b11e744ca6715d8.npy)
Split finetune data: 2700 train / 300 val (10 per class)
[cache] hit 02f50fc8 (02f50fc8d7c034d0ab1eb68fd841c135.npy)
Finetune Epoch: 1 [0/2700 (0%)]	Loss: 1.710546	Acc: 48.44%

Finetune-Val set: Average loss: 0.8806, Accuracy: 211/300 (70.33%)

Finetune-Val: acc 70.33%  macro-F1 0.6862  macro-recall 0.7033  (n=300, classes=30)
Finetune-Val: worst-6 recall -> 2:0.10, 15:0.10, 24:0.10, 8:0.20, 13:0.20, 9:0.40

--> Finetune val loss improved (epoch 1).

DIAGNOSTIC-Test set: Average loss: 0.9202, Accuracy: 2149/3000 (71.63%)

DIAGNOSTIC-Test: acc 71.63%  macro-F1 0.7042  macro-recall 0.7163  (n=3000, classes=30)
DIAGNOSTIC-Test: worst-6 recall -> 24:0.05, 21:0.16, 8:0.18, 13:0.31, 11:0.41, 16:0.46

Finetune Epoch: 2 [0/2700 (0%)]	Loss: 0.966051	Acc: 76.56%

Finetune-Val set: Average loss: 0.7150, Accuracy: 242/300 (80.67%)

Finetune-Val: acc 80.67%  macro-F1 0.7979  macro-recall 0.8067  (n=300, classes=30)
Finetune-Val: worst-6 recall -> 2:0.10, 8:0.30, 15:0.30, 16:0.40, 9:0.50, 24:0.50

--> Finetune val loss improved (epoch 2).

DIAGNOSTIC-Test set: Average loss: 0.7839, Accuracy: 2317/3000 (77.23%)

DIAGNOSTIC-Test: acc 77.23%  macro-F1 0.7627  macro-recall 0.7723  (n=3000, classes=30)
DIAGNOSTIC-Test: worst-6 recall -> 8:0.17, 24:0.23, 11:0.31, 16:0.40, 13:0.54, 21:0.60

Finetune Epoch: 3 [0/2700 (0%)]	Loss: 0.836905	Acc: 78.12%

Finetune-Val set: Average loss: 0.6265, Accuracy: 247/300 (82.33%)

Finetune-Val: acc 82.33%  macro-F1 0.8136  macro-recall 0.8233  (n=300, classes=30)
Finetune-Val: worst-6 recall -> 2:0.10, 15:0.30, 8:0.40, 16:0.40, 24:0.50, 4:0.70

--> Finetune val loss improved (epoch 3).

DIAGNOSTIC-Test set: Average loss: 0.7271, Accuracy: 2373/3000 (79.10%)

DIAGNOSTIC-Test: acc 79.10%  macro-F1 0.7841  macro-recall 0.7910  (n=3000, classes=30)
DIAGNOSTIC-Test: worst-6 recall -> 8:0.25, 24:0.33, 11:0.38, 16:0.52, 4:0.53, 6:0.59

Finetune Epoch: 4 [0/2700 (0%)]	Loss: 0.583975	Acc: 85.94%

Finetune-Val set: Average loss: 0.5627, Accuracy: 253/300 (84.33%)

Finetune-Val: acc 84.33%  macro-F1 0.8346  macro-recall 0.8433  (n=300, classes=30)
Finetune-Val: worst-6 recall -> 2:0.10, 15:0.40, 16:0.40, 24:0.50, 7:0.70, 8:0.70

--> Finetune val loss improved (epoch 4).

DIAGNOSTIC-Test set: Average loss: 0.6762, Accuracy: 2428/3000 (80.93%)

DIAGNOSTIC-Test: acc 80.93%  macro-F1 0.8020  macro-recall 0.8093  (n=3000, classes=30)
DIAGNOSTIC-Test: worst-6 recall -> 11:0.31, 8:0.35, 24:0.40, 16:0.58, 6:0.60, 13:0.64

Finetune Epoch: 5 [0/2700 (0%)]	Loss: 0.507610	Acc: 85.94%

Finetune-Val set: Average loss: 0.5201, Accuracy: 253/300 (84.33%)

Finetune-Val: acc 84.33%  macro-F1 0.8363  macro-recall 0.8433  (n=300, classes=30)
Finetune-Val: worst-6 recall -> 2:0.10, 15:0.40, 16:0.40, 24:0.60, 7:0.70, 8:0.70

--> Finetune val loss improved (epoch 5).

DIAGNOSTIC-Test set: Average loss: 0.6528, Accuracy: 2451/3000 (81.70%)

DIAGNOSTIC-Test: acc 81.70%  macro-F1 0.8124  macro-recall 0.8170  (n=3000, classes=30)
DIAGNOSTIC-Test: worst-6 recall -> 11:0.32, 8:0.42, 4:0.52, 6:0.54, 16:0.62, 13:0.63

Finetune Epoch: 6 [0/2700 (0%)]	Loss: 0.490538	Acc: 85.94%

Finetune-Val set: Average loss: 0.4944, Accuracy: 256/300 (85.33%)

Finetune-Val: acc 85.33%  macro-F1 0.8445  macro-recall 0.8533  (n=300, classes=30)
Finetune-Val: worst-6 recall -> 2:0.10, 15:0.40, 16:0.40, 22:0.60, 7:0.70, 8:0.70

--> Finetune val loss improved (epoch 6).

DIAGNOSTIC-Test set: Average loss: 0.6221, Accuracy: 2491/3000 (83.03%)

DIAGNOSTIC-Test: acc 83.03%  macro-F1 0.8259  macro-recall 0.8303  (n=3000, classes=30)
DIAGNOSTIC-Test: worst-6 recall -> 11:0.31, 8:0.45, 4:0.57, 6:0.63, 16:0.66, 13:0.71

Finetune Epoch: 7 [0/2700 (0%)]	Loss: 0.591511	Acc: 84.38%

Finetune-Val set: Average loss: 0.4603, Accuracy: 264/300 (88.00%)

Finetune-Val: acc 88.00%  macro-F1 0.8709  macro-recall 0.8800  (n=300, classes=30)
Finetune-Val: worst-6 recall -> 2:0.10, 15:0.40, 8:0.70, 16:0.70, 7:0.80, 18:0.80

--> Finetune val loss improved (epoch 7).

DIAGNOSTIC-Test set: Average loss: 0.6091, Accuracy: 2483/3000 (82.77%)

DIAGNOSTIC-Test: acc 82.77%  macro-F1 0.8237  macro-recall 0.8277  (n=3000, classes=30)
DIAGNOSTIC-Test: worst-6 recall -> 11:0.30, 8:0.53, 6:0.62, 4:0.64, 13:0.69, 15:0.72

Finetune Epoch: 8 [0/2700 (0%)]	Loss: 0.462573	Acc: 90.62%

Finetune-Val set: Average loss: 0.4356, Accuracy: 263/300 (87.67%)

Finetune-Val: acc 87.67%  macro-F1 0.8703  macro-recall 0.8767  (n=300, classes=30)
Finetune-Val: worst-6 recall -> 2:0.20, 15:0.40, 8:0.70, 16:0.70, 7:0.80, 18:0.80

--> Finetune val loss improved (epoch 8).

DIAGNOSTIC-Test set: Average loss: 0.5950, Accuracy: 2497/3000 (83.23%)

DIAGNOSTIC-Test: acc 83.23%  macro-F1 0.8283  macro-recall 0.8323  (n=3000, classes=30)
DIAGNOSTIC-Test: worst-6 recall -> 11:0.32, 8:0.51, 6:0.59, 4:0.69, 13:0.69, 15:0.70

Finetune Epoch: 9 [0/2700 (0%)]	Loss: 0.419232	Acc: 89.06%

Finetune-Val set: Average loss: 0.4312, Accuracy: 266/300 (88.67%)

Finetune-Val: acc 88.67%  macro-F1 0.8806  macro-recall 0.8867  (n=300, classes=30)
Finetune-Val: worst-6 recall -> 2:0.20, 15:0.50, 8:0.70, 16:0.70, 7:0.80, 18:0.80

--> Finetune val loss improved (epoch 9).

DIAGNOSTIC-Test set: Average loss: 0.5936, Accuracy: 2483/3000 (82.77%)

DIAGNOSTIC-Test: acc 82.77%  macro-F1 0.8234  macro-recall 0.8277  (n=3000, classes=30)
DIAGNOSTIC-Test: worst-6 recall -> 11:0.31, 4:0.52, 8:0.54, 6:0.55, 13:0.66, 17:0.69

Finetune Epoch: 10 [0/2700 (0%)]	Loss: 0.316172	Acc: 92.19%

Finetune-Val set: Average loss: 0.4206, Accuracy: 265/300 (88.33%)

Finetune-Val: acc 88.33%  macro-F1 0.8745  macro-recall 0.8833  (n=300, classes=30)
Finetune-Val: worst-6 recall -> 2:0.10, 15:0.60, 8:0.70, 16:0.70, 7:0.80, 18:0.80

--> Finetune val loss improved (epoch 10).

DIAGNOSTIC-Test set: Average loss: 0.5785, Accuracy: 2504/3000 (83.47%)

DIAGNOSTIC-Test: acc 83.47%  macro-F1 0.8306  macro-recall 0.8347  (n=3000, classes=30)
DIAGNOSTIC-Test: worst-6 recall -> 11:0.33, 6:0.54, 8:0.56, 4:0.57, 13:0.67, 17:0.74

Finetune Epoch: 11 [0/2700 (0%)]	Loss: 0.408764	Acc: 87.50%

Finetune-Val set: Average loss: 0.4083, Accuracy: 266/300 (88.67%)

Finetune-Val: acc 88.67%  macro-F1 0.8773  macro-recall 0.8867  (n=300, classes=30)
Finetune-Val: worst-6 recall -> 2:0.10, 7:0.70, 8:0.70, 15:0.70, 16:0.70, 18:0.80

--> Finetune val loss improved (epoch 11).

DIAGNOSTIC-Test set: Average loss: 0.5759, Accuracy: 2504/3000 (83.47%)

DIAGNOSTIC-Test: acc 83.47%  macro-F1 0.8300  macro-recall 0.8347  (n=3000, classes=30)
DIAGNOSTIC-Test: worst-6 recall -> 11:0.31, 4:0.56, 6:0.56, 8:0.56, 13:0.68, 17:0.68

Finetune Epoch: 12 [0/2700 (0%)]	Loss: 0.433293	Acc: 93.75%

Finetune-Val set: Average loss: 0.4028, Accuracy: 265/300 (88.33%)

Finetune-Val: acc 88.33%  macro-F1 0.8775  macro-recall 0.8833  (n=300, classes=30)
Finetune-Val: worst-6 recall -> 2:0.20, 15:0.50, 8:0.70, 16:0.70, 9:0.80, 18:0.80

--> Finetune val loss improved (epoch 12).

DIAGNOSTIC-Test set: Average loss: 0.5746, Accuracy: 2502/3000 (83.40%)

DIAGNOSTIC-Test: acc 83.40%  macro-F1 0.8295  macro-recall 0.8340  (n=3000, classes=30)
DIAGNOSTIC-Test: worst-6 recall -> 11:0.30, 6:0.54, 8:0.54, 4:0.64, 13:0.67, 17:0.73

Finetune Epoch: 13 [0/2700 (0%)]	Loss: 0.457107	Acc: 89.06%

Finetune-Val set: Average loss: 0.3935, Accuracy: 267/300 (89.00%)

Finetune-Val: acc 89.00%  macro-F1 0.8863  macro-recall 0.8900  (n=300, classes=30)
Finetune-Val: worst-6 recall -> 2:0.30, 15:0.50, 8:0.70, 16:0.70, 9:0.80, 22:0.80

--> Finetune val loss improved (epoch 13).

DIAGNOSTIC-Test set: Average loss: 0.5746, Accuracy: 2500/3000 (83.33%)

DIAGNOSTIC-Test: acc 83.33%  macro-F1 0.8288  macro-recall 0.8333  (n=3000, classes=30)
DIAGNOSTIC-Test: worst-6 recall -> 11:0.31, 6:0.50, 8:0.56, 4:0.65, 13:0.65, 17:0.70

Finetune Epoch: 14 [0/2700 (0%)]	Loss: 0.384772	Acc: 92.19%

Finetune-Val set: Average loss: 0.3854, Accuracy: 272/300 (90.67%)

Finetune-Val: acc 90.67%  macro-F1 0.9028  macro-recall 0.9067  (n=300, classes=30)
Finetune-Val: worst-6 recall -> 2:0.30, 15:0.70, 16:0.70, 8:0.80, 22:0.80, 23:0.80

--> Finetune val loss improved (epoch 14).

DIAGNOSTIC-Test set: Average loss: 0.5712, Accuracy: 2500/3000 (83.33%)

DIAGNOSTIC-Test: acc 83.33%  macro-F1 0.8288  macro-recall 0.8333  (n=3000, classes=30)
DIAGNOSTIC-Test: worst-6 recall -> 11:0.29, 6:0.51, 8:0.57, 4:0.62, 13:0.67, 17:0.69

Finetune Epoch: 15 [0/2700 (0%)]	Loss: 0.319128	Acc: 95.31%

Finetune-Val set: Average loss: 0.3835, Accuracy: 273/300 (91.00%)

Finetune-Val: acc 91.00%  macro-F1 0.9040  macro-recall 0.9100  (n=300, classes=30)
Finetune-Val: worst-6 recall -> 2:0.20, 16:0.70, 8:0.80, 15:0.80, 23:0.80, 0:0.90

--> Finetune val loss improved (epoch 15).

DIAGNOSTIC-Test set: Average loss: 0.5720, Accuracy: 2499/3000 (83.30%)

DIAGNOSTIC-Test: acc 83.30%  macro-F1 0.8281  macro-recall 0.8330  (n=3000, classes=30)
DIAGNOSTIC-Test: worst-6 recall -> 11:0.30, 4:0.49, 6:0.50, 8:0.58, 13:0.66, 17:0.72

Finetune Epoch: 16 [0/2700 (0%)]	Loss: 0.302108	Acc: 93.75%

Finetune-Val set: Average loss: 0.3846, Accuracy: 266/300 (88.67%)

Finetune-Val: acc 88.67%  macro-F1 0.8777  macro-recall 0.8867  (n=300, classes=30)
Finetune-Val: worst-6 recall -> 2:0.10, 15:0.50, 8:0.70, 9:0.80, 16:0.80, 18:0.80


DIAGNOSTIC-Test set: Average loss: 0.5682, Accuracy: 2511/3000 (83.70%)

DIAGNOSTIC-Test: acc 83.70%  macro-F1 0.8325  macro-recall 0.8370  (n=3000, classes=30)
DIAGNOSTIC-Test: worst-6 recall -> 11:0.31, 6:0.51, 4:0.54, 8:0.58, 13:0.64, 15:0.68

Finetune Epoch: 17 [0/2700 (0%)]	Loss: 0.340559	Acc: 90.62%

Finetune-Val set: Average loss: 0.3853, Accuracy: 266/300 (88.67%)

Finetune-Val: acc 88.67%  macro-F1 0.8783  macro-recall 0.8867  (n=300, classes=30)
Finetune-Val: worst-6 recall -> 2:0.10, 8:0.70, 15:0.70, 16:0.70, 9:0.80, 18:0.80


DIAGNOSTIC-Test set: Average loss: 0.5663, Accuracy: 2508/3000 (83.60%)

DIAGNOSTIC-Test: acc 83.60%  macro-F1 0.8315  macro-recall 0.8360  (n=3000, classes=30)
DIAGNOSTIC-Test: worst-6 recall -> 11:0.31, 6:0.51, 4:0.53, 8:0.58, 13:0.68, 17:0.70

Finetune Epoch: 18 [0/2700 (0%)]	Loss: 0.341335	Acc: 89.06%

Finetune-Val set: Average loss: 0.3845, Accuracy: 271/300 (90.33%)

Finetune-Val: acc 90.33%  macro-F1 0.8971  macro-recall 0.9033  (n=300, classes=30)
Finetune-Val: worst-6 recall -> 2:0.20, 8:0.70, 16:0.70, 9:0.80, 15:0.80, 23:0.80


DIAGNOSTIC-Test set: Average loss: 0.5620, Accuracy: 2511/3000 (83.70%)

DIAGNOSTIC-Test: acc 83.70%  macro-F1 0.8323  macro-recall 0.8370  (n=3000, classes=30)
DIAGNOSTIC-Test: worst-6 recall -> 11:0.31, 6:0.50, 8:0.57, 4:0.58, 13:0.67, 17:0.73

Finetune Epoch: 19 [0/2700 (0%)]	Loss: 0.386654	Acc: 89.06%

Finetune-Val set: Average loss: 0.3823, Accuracy: 268/300 (89.33%)

Finetune-Val: acc 89.33%  macro-F1 0.8853  macro-recall 0.8933  (n=300, classes=30)
Finetune-Val: worst-6 recall -> 2:0.10, 15:0.70, 16:0.70, 8:0.80, 9:0.80, 18:0.80

--> Finetune val loss improved (epoch 19).

DIAGNOSTIC-Test set: Average loss: 0.5598, Accuracy: 2524/3000 (84.13%)

DIAGNOSTIC-Test: acc 84.13%  macro-F1 0.8372  macro-recall 0.8413  (n=3000, classes=30)
DIAGNOSTIC-Test: worst-6 recall -> 11:0.31, 6:0.53, 8:0.59, 4:0.60, 13:0.70, 17:0.73

Finetune Epoch: 20 [0/2700 (0%)]	Loss: 0.367653	Acc: 92.19%

Finetune-Val set: Average loss: 0.3811, Accuracy: 273/300 (91.00%)

Finetune-Val: acc 91.00%  macro-F1 0.9039  macro-recall 0.9100  (n=300, classes=30)
Finetune-Val: worst-6 recall -> 2:0.20, 8:0.80, 9:0.80, 15:0.80, 16:0.80, 23:0.80

--> Finetune val loss improved (epoch 20).

DIAGNOSTIC-Test set: Average loss: 0.5654, Accuracy: 2501/3000 (83.37%)

DIAGNOSTIC-Test: acc 83.37%  macro-F1 0.8290  macro-recall 0.8337  (n=3000, classes=30)
DIAGNOSTIC-Test: worst-6 recall -> 11:0.31, 6:0.51, 8:0.56, 4:0.58, 13:0.67, 17:0.68

Restored best finetune weights from epoch 20 (val loss 0.3811).
Finetuned model saved to runs\20260921-175739_legacy_cnn_p2_valaug_de13bb\finetuned.pth

--- Evaluating on Test Set ---
[cache] hit 02f50fc8 (02f50fc8d7c034d0ab1eb68fd841c135.npy)

Test set: Average loss: 0.5654, Accuracy: 2501/3000 (83.37%)

Test: acc 83.37%  macro-F1 0.8290  macro-recall 0.8337  (n=3000, classes=30)
Test: worst-6 recall -> 11:0.31, 6:0.51, 8:0.56, 4:0.58, 13:0.67, 17:0.68


[run] artifacts in runs\20260921-175739_legacy_cnn_p2_valaug_de13bb
