Using device: mps
Loading reference dataset...
Detected 30 classes.

--- Starting Reference Training ---
Pre-train Epoch: 1 [0/60000 (0%)]	Loss: 3.579128	Acc: 1.56%
Pre-train Epoch: 1 [6400/60000 (11%)]	Loss: 1.595602	Acc: 38.57%
Pre-train Epoch: 1 [12800/60000 (21%)]	Loss: 1.038195	Acc: 52.18%
Pre-train Epoch: 1 [19200/60000 (32%)]	Loss: 0.814278	Acc: 59.73%
Pre-train Epoch: 1 [25600/60000 (43%)]	Loss: 0.642359	Acc: 64.79%
Pre-train Epoch: 1 [32000/60000 (53%)]	Loss: 0.669600	Acc: 68.29%
Pre-train Epoch: 1 [38400/60000 (64%)]	Loss: 0.545199	Acc: 70.88%
Pre-train Epoch: 1 [44800/60000 (75%)]	Loss: 0.744083	Acc: 72.83%
Pre-train Epoch: 1 [51200/60000 (85%)]	Loss: 0.427741	Acc: 74.30%
Pre-train Epoch: 1 [57600/60000 (96%)]	Loss: 0.447906	Acc: 75.57%
Pre-train Epoch: 2 [0/60000 (0%)]	Loss: 0.457044	Acc: 87.50%
Pre-train Epoch: 2 [6400/60000 (11%)]	Loss: 0.485180	Acc: 85.83%
Pre-train Epoch: 2 [12800/60000 (21%)]	Loss: 0.373682	Acc: 86.48%
Pre-train Epoch: 2 [19200/60000 (32%)]	Loss: 0.536656	Acc: 86.76%
Pre-train Epoch: 2 [25600/60000 (43%)]	Loss: 0.441397	Acc: 86.77%
Pre-train Epoch: 2 [32000/60000 (53%)]	Loss: 0.467441	Acc: 86.81%
Pre-train Epoch: 2 [38400/60000 (64%)]	Loss: 0.507556	Acc: 86.90%
Pre-train Epoch: 2 [44800/60000 (75%)]	Loss: 0.506750	Acc: 87.07%
Pre-train Epoch: 2 [51200/60000 (85%)]	Loss: 0.447672	Acc: 87.17%
Pre-train Epoch: 2 [57600/60000 (96%)]	Loss: 0.438325	Acc: 87.27%
Pre-train Epoch: 3 [0/60000 (0%)]	Loss: 0.547224	Acc: 84.38%
Pre-train Epoch: 3 [6400/60000 (11%)]	Loss: 0.488146	Acc: 88.92%
Pre-train Epoch: 3 [12800/60000 (21%)]	Loss: 0.459328	Acc: 88.74%
Pre-train Epoch: 3 [19200/60000 (32%)]	Loss: 0.401637	Acc: 88.38%
Pre-train Epoch: 3 [25600/60000 (43%)]	Loss: 0.472464	Acc: 88.42%
Pre-train Epoch: 3 [32000/60000 (53%)]	Loss: 0.433649	Acc: 88.51%
Pre-train Epoch: 3 [38400/60000 (64%)]	Loss: 0.442409	Acc: 88.38%
Pre-train Epoch: 3 [44800/60000 (75%)]	Loss: 0.544101	Acc: 88.43%
Pre-train Epoch: 3 [51200/60000 (85%)]	Loss: 0.612482	Acc: 88.35%
Pre-train Epoch: 3 [57600/60000 (96%)]	Loss: 0.451634	Acc: 88.48%
Pre-train Epoch: 4 [0/60000 (0%)]	Loss: 0.478204	Acc: 87.50%
Pre-train Epoch: 4 [6400/60000 (11%)]	Loss: 0.396863	Acc: 89.71%
Pre-train Epoch: 4 [12800/60000 (21%)]	Loss: 0.313175	Acc: 89.51%
Pre-train Epoch: 4 [19200/60000 (32%)]	Loss: 0.427159	Acc: 89.07%
Pre-train Epoch: 4 [25600/60000 (43%)]	Loss: 0.434011	Acc: 88.89%
Pre-train Epoch: 4 [32000/60000 (53%)]	Loss: 0.400403	Acc: 88.88%
Pre-train Epoch: 4 [38400/60000 (64%)]	Loss: 0.523217	Acc: 88.87%
Pre-train Epoch: 4 [44800/60000 (75%)]	Loss: 0.316707	Acc: 88.96%
Pre-train Epoch: 4 [51200/60000 (85%)]	Loss: 0.366462	Acc: 88.95%
Pre-train Epoch: 4 [57600/60000 (96%)]	Loss: 0.335211	Acc: 88.98%
Pre-train Epoch: 5 [0/60000 (0%)]	Loss: 0.348031	Acc: 89.06%
Pre-train Epoch: 5 [6400/60000 (11%)]	Loss: 0.405502	Acc: 89.20%
Pre-train Epoch: 5 [12800/60000 (21%)]	Loss: 0.369755	Acc: 89.39%
Pre-train Epoch: 5 [19200/60000 (32%)]	Loss: 0.541409	Acc: 89.36%
Pre-train Epoch: 5 [25600/60000 (43%)]	Loss: 0.367980	Acc: 89.29%
Pre-train Epoch: 5 [32000/60000 (53%)]	Loss: 0.365846	Acc: 89.21%
Pre-train Epoch: 5 [38400/60000 (64%)]	Loss: 0.410438	Acc: 89.16%
Pre-train Epoch: 5 [44800/60000 (75%)]	Loss: 0.524073	Acc: 89.03%
Pre-train Epoch: 5 [51200/60000 (85%)]	Loss: 0.415488	Acc: 89.03%
Pre-train Epoch: 5 [57600/60000 (96%)]	Loss: 0.268365	Acc: 89.04%
Pre-train Epoch: 6 [0/60000 (0%)]	Loss: 0.541147	Acc: 84.38%
Pre-train Epoch: 6 [6400/60000 (11%)]	Loss: 0.396821	Acc: 89.68%
Pre-train Epoch: 6 [12800/60000 (21%)]	Loss: 0.467289	Acc: 89.35%
Pre-train Epoch: 6 [19200/60000 (32%)]	Loss: 0.373606	Acc: 89.44%
Pre-train Epoch: 6 [25600/60000 (43%)]	Loss: 0.433088	Acc: 89.39%
Pre-train Epoch: 6 [32000/60000 (53%)]	Loss: 0.490484	Acc: 89.50%
Pre-train Epoch: 6 [38400/60000 (64%)]	Loss: 0.518016	Acc: 89.51%
Pre-train Epoch: 6 [44800/60000 (75%)]	Loss: 0.432977	Acc: 89.56%
Pre-train Epoch: 6 [51200/60000 (85%)]	Loss: 0.409289	Acc: 89.53%
Pre-train Epoch: 6 [57600/60000 (96%)]	Loss: 0.471174	Acc: 89.56%
Pre-train Epoch: 7 [0/60000 (0%)]	Loss: 0.367328	Acc: 92.19%
Pre-train Epoch: 7 [6400/60000 (11%)]	Loss: 0.413269	Acc: 89.56%
Pre-train Epoch: 7 [12800/60000 (21%)]	Loss: 0.439731	Acc: 89.16%
Pre-train Epoch: 7 [19200/60000 (32%)]	Loss: 0.349067	Acc: 89.36%
Pre-train Epoch: 7 [25600/60000 (43%)]	Loss: 0.371766	Acc: 89.42%
Pre-train Epoch: 7 [32000/60000 (53%)]	Loss: 0.432808	Acc: 89.53%
Pre-train Epoch: 7 [38400/60000 (64%)]	Loss: 0.460739	Acc: 89.45%
Pre-train Epoch: 7 [44800/60000 (75%)]	Loss: 0.382719	Acc: 89.49%
Pre-train Epoch: 7 [51200/60000 (85%)]	Loss: 0.424770	Acc: 89.53%
Pre-train Epoch: 7 [57600/60000 (96%)]	Loss: 0.461843	Acc: 89.55%
Pre-train Epoch: 8 [0/60000 (0%)]	Loss: 0.356303	Acc: 90.62%
Pre-train Epoch: 8 [6400/60000 (11%)]	Loss: 0.422603	Acc: 89.88%
Pre-train Epoch: 8 [12800/60000 (21%)]	Loss: 0.663532	Acc: 90.00%
Pre-train Epoch: 8 [19200/60000 (32%)]	Loss: 0.356033	Acc: 89.83%
Pre-train Epoch: 8 [25600/60000 (43%)]	Loss: 0.374454	Acc: 89.74%
Pre-train Epoch: 8 [32000/60000 (53%)]	Loss: 0.365792	Acc: 89.76%
Pre-train Epoch: 8 [38400/60000 (64%)]	Loss: 0.302199	Acc: 89.63%
Pre-train Epoch: 8 [44800/60000 (75%)]	Loss: 0.336146	Acc: 89.63%
Pre-train Epoch: 8 [51200/60000 (85%)]	Loss: 0.337916	Acc: 89.66%
Pre-train Epoch: 8 [57600/60000 (96%)]	Loss: 0.531092	Acc: 89.64%
Pre-train Epoch: 9 [0/60000 (0%)]	Loss: 0.450654	Acc: 87.50%
Pre-train Epoch: 9 [6400/60000 (11%)]	Loss: 0.310718	Acc: 89.77%
Pre-train Epoch: 9 [12800/60000 (21%)]	Loss: 0.307464	Acc: 89.40%
Pre-train Epoch: 9 [19200/60000 (32%)]	Loss: 0.540871	Acc: 89.46%
Pre-train Epoch: 9 [25600/60000 (43%)]	Loss: 0.362823	Acc: 89.46%
Pre-train Epoch: 9 [32000/60000 (53%)]	Loss: 0.472245	Acc: 89.56%
Pre-train Epoch: 9 [38400/60000 (64%)]	Loss: 0.436274	Acc: 89.64%
Pre-train Epoch: 9 [44800/60000 (75%)]	Loss: 0.384195	Acc: 89.63%
Pre-train Epoch: 9 [51200/60000 (85%)]	Loss: 0.387677	Acc: 89.62%
Pre-train Epoch: 9 [57600/60000 (96%)]	Loss: 0.509333	Acc: 89.62%
Pre-train Epoch: 10 [0/60000 (0%)]	Loss: 0.448051	Acc: 85.94%
Pre-train Epoch: 10 [6400/60000 (11%)]	Loss: 0.467303	Acc: 90.15%
Pre-train Epoch: 10 [12800/60000 (21%)]	Loss: 0.327078	Acc: 90.07%
Pre-train Epoch: 10 [19200/60000 (32%)]	Loss: 0.514332	Acc: 89.93%
Pre-train Epoch: 10 [25600/60000 (43%)]	Loss: 0.343252	Acc: 89.98%
Pre-train Epoch: 10 [32000/60000 (53%)]	Loss: 0.482940	Acc: 89.89%
Pre-train Epoch: 10 [38400/60000 (64%)]	Loss: 0.446157	Acc: 89.82%
Pre-train Epoch: 10 [44800/60000 (75%)]	Loss: 0.387440	Acc: 89.88%
Pre-train Epoch: 10 [51200/60000 (85%)]	Loss: 0.326519	Acc: 89.99%
Pre-train Epoch: 10 [57600/60000 (96%)]	Loss: 0.379369	Acc: 89.98%
Pre-train Epoch: 11 [0/60000 (0%)]	Loss: 0.355233	Acc: 92.19%
Pre-train Epoch: 11 [6400/60000 (11%)]	Loss: 0.349466	Acc: 90.36%
Pre-train Epoch: 11 [12800/60000 (21%)]	Loss: 0.418763	Acc: 90.21%
Pre-train Epoch: 11 [19200/60000 (32%)]	Loss: 0.262305	Acc: 90.17%
Pre-train Epoch: 11 [25600/60000 (43%)]	Loss: 0.357750	Acc: 90.20%
Pre-train Epoch: 11 [32000/60000 (53%)]	Loss: 0.567087	Acc: 90.15%
Pre-train Epoch: 11 [38400/60000 (64%)]	Loss: 0.329668	Acc: 90.06%
Pre-train Epoch: 11 [44800/60000 (75%)]	Loss: 0.484023	Acc: 89.99%
Pre-train Epoch: 11 [51200/60000 (85%)]	Loss: 0.478553	Acc: 90.00%
Pre-train Epoch: 11 [57600/60000 (96%)]	Loss: 0.381509	Acc: 89.93%
Pre-train Epoch: 12 [0/60000 (0%)]	Loss: 0.394971	Acc: 87.50%
Pre-train Epoch: 12 [6400/60000 (11%)]	Loss: 0.318266	Acc: 89.88%
Pre-train Epoch: 12 [12800/60000 (21%)]	Loss: 0.416367	Acc: 89.79%
Pre-train Epoch: 12 [19200/60000 (32%)]	Loss: 0.375070	Acc: 89.80%
Pre-train Epoch: 12 [25600/60000 (43%)]	Loss: 0.447550	Acc: 89.90%
Pre-train Epoch: 12 [32000/60000 (53%)]	Loss: 0.385161	Acc: 90.00%
Pre-train Epoch: 12 [38400/60000 (64%)]	Loss: 0.373920	Acc: 89.97%
Pre-train Epoch: 12 [44800/60000 (75%)]	Loss: 0.371747	Acc: 90.03%
Pre-train Epoch: 12 [51200/60000 (85%)]	Loss: 0.334770	Acc: 89.97%
Pre-train Epoch: 12 [57600/60000 (96%)]	Loss: 0.375363	Acc: 89.96%
Pre-train Epoch: 13 [0/60000 (0%)]	Loss: 0.433572	Acc: 89.06%
Pre-train Epoch: 13 [6400/60000 (11%)]	Loss: 0.239551	Acc: 90.47%
Pre-train Epoch: 13 [12800/60000 (21%)]	Loss: 0.409294	Acc: 90.45%
Pre-train Epoch: 13 [19200/60000 (32%)]	Loss: 0.349030	Acc: 90.48%
Pre-train Epoch: 13 [25600/60000 (43%)]	Loss: 0.485736	Acc: 90.34%
Pre-train Epoch: 13 [32000/60000 (53%)]	Loss: 0.408025	Acc: 90.27%
Pre-train Epoch: 13 [38400/60000 (64%)]	Loss: 0.339006	Acc: 90.24%
Pre-train Epoch: 13 [44800/60000 (75%)]	Loss: 0.374018	Acc: 90.22%
Pre-train Epoch: 13 [51200/60000 (85%)]	Loss: 0.384464	Acc: 90.23%
Pre-train Epoch: 13 [57600/60000 (96%)]	Loss: 0.320800	Acc: 90.24%
Pre-train Epoch: 14 [0/60000 (0%)]	Loss: 0.311994	Acc: 90.62%
Pre-train Epoch: 14 [6400/60000 (11%)]	Loss: 0.355279	Acc: 90.01%
Pre-train Epoch: 14 [12800/60000 (21%)]	Loss: 0.409536	Acc: 90.21%
Pre-train Epoch: 14 [19200/60000 (32%)]	Loss: 0.365252	Acc: 90.21%
Pre-train Epoch: 14 [25600/60000 (43%)]	Loss: 0.270627	Acc: 90.34%
Pre-train Epoch: 14 [32000/60000 (53%)]	Loss: 0.474739	Acc: 90.11%
Pre-train Epoch: 14 [38400/60000 (64%)]	Loss: 0.419767	Acc: 90.12%
Pre-train Epoch: 14 [44800/60000 (75%)]	Loss: 0.293615	Acc: 90.17%
Pre-train Epoch: 14 [51200/60000 (85%)]	Loss: 0.299944	Acc: 90.14%
Pre-train Epoch: 14 [57600/60000 (96%)]	Loss: 0.421899	Acc: 90.19%
Pre-train Epoch: 15 [0/60000 (0%)]	Loss: 0.437950	Acc: 90.62%
Pre-train Epoch: 15 [6400/60000 (11%)]	Loss: 0.442784	Acc: 89.79%
Pre-train Epoch: 15 [12800/60000 (21%)]	Loss: 0.377056	Acc: 89.91%
Pre-train Epoch: 15 [19200/60000 (32%)]	Loss: 0.459580	Acc: 89.98%
Pre-train Epoch: 15 [25600/60000 (43%)]	Loss: 0.286615	Acc: 89.82%
Pre-train Epoch: 15 [32000/60000 (53%)]	Loss: 0.419043	Acc: 89.88%
Pre-train Epoch: 15 [38400/60000 (64%)]	Loss: 0.321381	Acc: 89.90%
Pre-train Epoch: 15 [44800/60000 (75%)]	Loss: 0.493128	Acc: 89.98%
Pre-train Epoch: 15 [51200/60000 (85%)]	Loss: 0.367238	Acc: 89.92%
Pre-train Epoch: 15 [57600/60000 (96%)]	Loss: 0.233487	Acc: 89.96%
Pre-train Epoch: 16 [0/60000 (0%)]	Loss: 0.291833	Acc: 96.88%
Pre-train Epoch: 16 [6400/60000 (11%)]	Loss: 0.380511	Acc: 90.05%
Pre-train Epoch: 16 [12800/60000 (21%)]	Loss: 0.401673	Acc: 90.05%
Pre-train Epoch: 16 [19200/60000 (32%)]	Loss: 0.348543	Acc: 90.15%
Pre-train Epoch: 16 [25600/60000 (43%)]	Loss: 0.389306	Acc: 90.17%
Pre-train Epoch: 16 [32000/60000 (53%)]	Loss: 0.448177	Acc: 90.20%
Pre-train Epoch: 16 [38400/60000 (64%)]	Loss: 0.419105	Acc: 90.23%
Pre-train Epoch: 16 [44800/60000 (75%)]	Loss: 0.255477	Acc: 90.31%
Pre-train Epoch: 16 [51200/60000 (85%)]	Loss: 0.330112	Acc: 90.28%
Pre-train Epoch: 16 [57600/60000 (96%)]	Loss: 0.459663	Acc: 90.30%
Pre-train Epoch: 17 [0/60000 (0%)]	Loss: 0.357034	Acc: 92.19%
Pre-train Epoch: 17 [6400/60000 (11%)]	Loss: 0.417042	Acc: 90.36%
Pre-train Epoch: 17 [12800/60000 (21%)]	Loss: 0.347669	Acc: 90.03%
Pre-train Epoch: 17 [19200/60000 (32%)]	Loss: 0.432842	Acc: 90.15%
Pre-train Epoch: 17 [25600/60000 (43%)]	Loss: 0.305287	Acc: 90.25%
Pre-train Epoch: 17 [32000/60000 (53%)]	Loss: 0.365498	Acc: 90.13%
Pre-train Epoch: 17 [38400/60000 (64%)]	Loss: 0.497900	Acc: 90.13%
Pre-train Epoch: 17 [44800/60000 (75%)]	Loss: 0.477431	Acc: 90.11%
Pre-train Epoch: 17 [51200/60000 (85%)]	Loss: 0.287836	Acc: 90.14%
Pre-train Epoch: 17 [57600/60000 (96%)]	Loss: 0.306977	Acc: 90.23%
Pre-train Epoch: 18 [0/60000 (0%)]	Loss: 0.243300	Acc: 96.88%
Pre-train Epoch: 18 [6400/60000 (11%)]	Loss: 0.338214	Acc: 90.64%
Pre-train Epoch: 18 [12800/60000 (21%)]	Loss: 0.457389	Acc: 90.62%
Pre-train Epoch: 18 [19200/60000 (32%)]	Loss: 0.360082	Acc: 90.65%
Pre-train Epoch: 18 [25600/60000 (43%)]	Loss: 0.365263	Acc: 90.59%
Pre-train Epoch: 18 [32000/60000 (53%)]	Loss: 0.305901	Acc: 90.32%
Pre-train Epoch: 18 [38400/60000 (64%)]	Loss: 0.279109	Acc: 90.42%
Pre-train Epoch: 18 [44800/60000 (75%)]	Loss: 0.284994	Acc: 90.33%
Pre-train Epoch: 18 [51200/60000 (85%)]	Loss: 0.302250	Acc: 90.27%
Pre-train Epoch: 18 [57600/60000 (96%)]	Loss: 0.477591	Acc: 90.27%
Pre-train Epoch: 19 [0/60000 (0%)]	Loss: 0.335498	Acc: 93.75%
Pre-train Epoch: 19 [6400/60000 (11%)]	Loss: 0.490441	Acc: 89.74%
Pre-train Epoch: 19 [12800/60000 (21%)]	Loss: 0.605277	Acc: 89.81%
Pre-train Epoch: 19 [19200/60000 (32%)]	Loss: 0.397262	Acc: 90.06%
Pre-train Epoch: 19 [25600/60000 (43%)]	Loss: 0.315399	Acc: 90.17%
Pre-train Epoch: 19 [32000/60000 (53%)]	Loss: 0.394814	Acc: 90.28%
Pre-train Epoch: 19 [38400/60000 (64%)]	Loss: 0.321458	Acc: 90.32%
Pre-train Epoch: 19 [44800/60000 (75%)]	Loss: 0.454138	Acc: 90.34%
Pre-train Epoch: 19 [51200/60000 (85%)]	Loss: 0.390392	Acc: 90.34%
Pre-train Epoch: 19 [57600/60000 (96%)]	Loss: 0.485750	Acc: 90.28%
Pre-train Epoch: 20 [0/60000 (0%)]	Loss: 0.333784	Acc: 93.75%
Pre-train Epoch: 20 [6400/60000 (11%)]	Loss: 0.412492	Acc: 91.26%
Pre-train Epoch: 20 [12800/60000 (21%)]	Loss: 0.372411	Acc: 90.90%
Pre-train Epoch: 20 [19200/60000 (32%)]	Loss: 0.300499	Acc: 90.78%
Pre-train Epoch: 20 [25600/60000 (43%)]	Loss: 0.487256	Acc: 90.55%
Pre-train Epoch: 20 [32000/60000 (53%)]	Loss: 0.407784	Acc: 90.33%
Pre-train Epoch: 20 [38400/60000 (64%)]	Loss: 0.430435	Acc: 90.37%
Pre-train Epoch: 20 [44800/60000 (75%)]	Loss: 0.406096	Acc: 90.26%
Pre-train Epoch: 20 [51200/60000 (85%)]	Loss: 0.278695	Acc: 90.25%
Pre-train Epoch: 20 [57600/60000 (96%)]	Loss: 0.422370	Acc: 90.22%
Pre-train Epoch: 21 [0/60000 (0%)]	Loss: 0.430688	Acc: 85.94%
Pre-train Epoch: 21 [6400/60000 (11%)]	Loss: 0.352375	Acc: 90.50%
Pre-train Epoch: 21 [12800/60000 (21%)]	Loss: 0.482348	Acc: 90.34%
Pre-train Epoch: 21 [19200/60000 (32%)]	Loss: 0.413411	Acc: 90.43%
Pre-train Epoch: 21 [25600/60000 (43%)]	Loss: 0.348643	Acc: 90.48%
Pre-train Epoch: 21 [32000/60000 (53%)]	Loss: 0.318811	Acc: 90.39%
Pre-train Epoch: 21 [38400/60000 (64%)]	Loss: 0.317445	Acc: 90.45%
Pre-train Epoch: 21 [44800/60000 (75%)]	Loss: 0.279865	Acc: 90.40%
Pre-train Epoch: 21 [51200/60000 (85%)]	Loss: 0.397144	Acc: 90.43%
Pre-train Epoch: 21 [57600/60000 (96%)]	Loss: 0.192446	Acc: 90.49%
Pre-train Epoch: 22 [0/60000 (0%)]	Loss: 0.297222	Acc: 93.75%
Pre-train Epoch: 22 [6400/60000 (11%)]	Loss: 0.352743	Acc: 90.92%
Pre-train Epoch: 22 [12800/60000 (21%)]	Loss: 0.383689	Acc: 90.57%
Pre-train Epoch: 22 [19200/60000 (32%)]	Loss: 0.444526	Acc: 90.41%
Pre-train Epoch: 22 [25600/60000 (43%)]	Loss: 0.396746	Acc: 90.31%
Pre-train Epoch: 22 [32000/60000 (53%)]	Loss: 0.466771	Acc: 90.37%
Pre-train Epoch: 22 [38400/60000 (64%)]	Loss: 0.386463	Acc: 90.30%
Pre-train Epoch: 22 [44800/60000 (75%)]	Loss: 0.325068	Acc: 90.27%
Pre-train Epoch: 22 [51200/60000 (85%)]	Loss: 0.348153	Acc: 90.38%
Pre-train Epoch: 22 [57600/60000 (96%)]	Loss: 0.265513	Acc: 90.43%
Pre-train Epoch: 23 [0/60000 (0%)]	Loss: 0.310368	Acc: 92.19%
Pre-train Epoch: 23 [6400/60000 (11%)]	Loss: 0.298334	Acc: 90.50%
Pre-train Epoch: 23 [12800/60000 (21%)]	Loss: 0.319375	Acc: 90.24%
Pre-train Epoch: 23 [19200/60000 (32%)]	Loss: 0.366163	Acc: 90.59%
Pre-train Epoch: 23 [25600/60000 (43%)]	Loss: 0.424783	Acc: 90.71%
Pre-train Epoch: 23 [32000/60000 (53%)]	Loss: 0.442053	Acc: 90.46%
Pre-train Epoch: 23 [38400/60000 (64%)]	Loss: 0.347874	Acc: 90.42%
Pre-train Epoch: 23 [44800/60000 (75%)]	Loss: 0.377812	Acc: 90.43%
Pre-train Epoch: 23 [51200/60000 (85%)]	Loss: 0.281712	Acc: 90.42%
Pre-train Epoch: 23 [57600/60000 (96%)]	Loss: 0.439244	Acc: 90.37%
Pre-train Epoch: 24 [0/60000 (0%)]	Loss: 0.418556	Acc: 87.50%
Pre-train Epoch: 24 [6400/60000 (11%)]	Loss: 0.314936	Acc: 91.00%
Pre-train Epoch: 24 [12800/60000 (21%)]	Loss: 0.271684	Acc: 91.05%
Pre-train Epoch: 24 [19200/60000 (32%)]	Loss: 0.430974	Acc: 90.89%
Pre-train Epoch: 24 [25600/60000 (43%)]	Loss: 0.432526	Acc: 90.66%
Pre-train Epoch: 24 [32000/60000 (53%)]	Loss: 0.289466	Acc: 90.56%
Pre-train Epoch: 24 [38400/60000 (64%)]	Loss: 0.529814	Acc: 90.57%
Pre-train Epoch: 24 [44800/60000 (75%)]	Loss: 0.304317	Acc: 90.56%
Pre-train Epoch: 24 [51200/60000 (85%)]	Loss: 0.375760	Acc: 90.56%
Pre-train Epoch: 24 [57600/60000 (96%)]	Loss: 0.217779	Acc: 90.63%
Pre-train Epoch: 25 [0/60000 (0%)]	Loss: 0.365370	Acc: 90.62%
Pre-train Epoch: 25 [6400/60000 (11%)]	Loss: 0.575634	Acc: 90.45%
Pre-train Epoch: 25 [12800/60000 (21%)]	Loss: 0.357550	Acc: 90.61%
Pre-train Epoch: 25 [19200/60000 (32%)]	Loss: 0.373442	Acc: 90.59%
Pre-train Epoch: 25 [25600/60000 (43%)]	Loss: 0.316162	Acc: 90.62%
Pre-train Epoch: 25 [32000/60000 (53%)]	Loss: 0.445597	Acc: 90.63%
Pre-train Epoch: 25 [38400/60000 (64%)]	Loss: 0.241120	Acc: 90.68%
Pre-train Epoch: 25 [44800/60000 (75%)]	Loss: 0.358299	Acc: 90.66%
Pre-train Epoch: 25 [51200/60000 (85%)]	Loss: 0.366050	Acc: 90.62%
Pre-train Epoch: 25 [57600/60000 (96%)]	Loss: 0.409026	Acc: 90.58%
Pre-train Epoch: 26 [0/60000 (0%)]	Loss: 0.263708	Acc: 95.31%
Pre-train Epoch: 26 [6400/60000 (11%)]	Loss: 0.385620	Acc: 90.56%
Pre-train Epoch: 26 [12800/60000 (21%)]	Loss: 0.462012	Acc: 90.70%
Pre-train Epoch: 26 [19200/60000 (32%)]	Loss: 0.259149	Acc: 90.69%
Pre-train Epoch: 26 [25600/60000 (43%)]	Loss: 0.407889	Acc: 90.55%
Pre-train Epoch: 26 [32000/60000 (53%)]	Loss: 0.567726	Acc: 90.45%
Pre-train Epoch: 26 [38400/60000 (64%)]	Loss: 0.422350	Acc: 90.45%
Pre-train Epoch: 26 [44800/60000 (75%)]	Loss: 0.297446	Acc: 90.51%
Pre-train Epoch: 26 [51200/60000 (85%)]	Loss: 0.253690	Acc: 90.53%
Pre-train Epoch: 26 [57600/60000 (96%)]	Loss: 0.433240	Acc: 90.56%
Pre-train Epoch: 27 [0/60000 (0%)]	Loss: 0.343778	Acc: 89.06%
Pre-train Epoch: 27 [6400/60000 (11%)]	Loss: 0.343404	Acc: 90.87%
Pre-train Epoch: 27 [12800/60000 (21%)]	Loss: 0.348776	Acc: 90.97%
Pre-train Epoch: 27 [19200/60000 (32%)]	Loss: 0.395823	Acc: 90.86%
Pre-train Epoch: 27 [25600/60000 (43%)]	Loss: 0.425920	Acc: 90.93%
Pre-train Epoch: 27 [32000/60000 (53%)]	Loss: 0.356103	Acc: 90.72%
Pre-train Epoch: 27 [38400/60000 (64%)]	Loss: 0.440482	Acc: 90.69%
Pre-train Epoch: 27 [44800/60000 (75%)]	Loss: 0.368846	Acc: 90.68%
Pre-train Epoch: 27 [51200/60000 (85%)]	Loss: 0.377415	Acc: 90.65%
Pre-train Epoch: 27 [57600/60000 (96%)]	Loss: 0.555475	Acc: 90.65%
Pre-train Epoch: 28 [0/60000 (0%)]	Loss: 0.431930	Acc: 85.94%
Pre-train Epoch: 28 [6400/60000 (11%)]	Loss: 0.399630	Acc: 91.44%
Pre-train Epoch: 28 [12800/60000 (21%)]	Loss: 0.238097	Acc: 91.18%
Pre-train Epoch: 28 [19200/60000 (32%)]	Loss: 0.219665	Acc: 91.03%
Pre-train Epoch: 28 [25600/60000 (43%)]	Loss: 0.353134	Acc: 90.78%
Pre-train Epoch: 28 [32000/60000 (53%)]	Loss: 0.352259	Acc: 90.73%
Pre-train Epoch: 28 [38400/60000 (64%)]	Loss: 0.434409	Acc: 90.70%
Pre-train Epoch: 28 [44800/60000 (75%)]	Loss: 0.291777	Acc: 90.68%
Pre-train Epoch: 28 [51200/60000 (85%)]	Loss: 0.315740	Acc: 90.63%
Pre-train Epoch: 28 [57600/60000 (96%)]	Loss: 0.278949	Acc: 90.61%
Pre-train Epoch: 29 [0/60000 (0%)]	Loss: 0.290893	Acc: 92.19%
Pre-train Epoch: 29 [6400/60000 (11%)]	Loss: 0.339081	Acc: 90.81%
Pre-train Epoch: 29 [12800/60000 (21%)]	Loss: 0.435363	Acc: 90.68%
Pre-train Epoch: 29 [19200/60000 (32%)]	Loss: 0.390621	Acc: 90.93%
Pre-train Epoch: 29 [25600/60000 (43%)]	Loss: 0.435741	Acc: 90.72%
Pre-train Epoch: 29 [32000/60000 (53%)]	Loss: 0.429064	Acc: 90.70%
Pre-train Epoch: 29 [38400/60000 (64%)]	Loss: 0.429907	Acc: 90.75%
Pre-train Epoch: 29 [44800/60000 (75%)]	Loss: 0.361285	Acc: 90.62%
Pre-train Epoch: 29 [51200/60000 (85%)]	Loss: 0.307269	Acc: 90.58%
Pre-train Epoch: 29 [57600/60000 (96%)]	Loss: 0.330804	Acc: 90.56%
Pre-train Epoch: 30 [0/60000 (0%)]	Loss: 0.338838	Acc: 92.19%
Pre-train Epoch: 30 [6400/60000 (11%)]	Loss: 0.481021	Acc: 91.32%
Pre-train Epoch: 30 [12800/60000 (21%)]	Loss: 0.303048	Acc: 90.98%
Pre-train Epoch: 30 [19200/60000 (32%)]	Loss: 0.459160	Acc: 91.05%
Pre-train Epoch: 30 [25600/60000 (43%)]	Loss: 0.418248	Acc: 91.11%
Pre-train Epoch: 30 [32000/60000 (53%)]	Loss: 0.325600	Acc: 91.04%
Pre-train Epoch: 30 [38400/60000 (64%)]	Loss: 0.381668	Acc: 91.00%
Pre-train Epoch: 30 [44800/60000 (75%)]	Loss: 0.435619	Acc: 91.00%
Pre-train Epoch: 30 [51200/60000 (85%)]	Loss: 0.382177	Acc: 91.01%
Pre-train Epoch: 30 [57600/60000 (96%)]	Loss: 0.351082	Acc: 90.97%
Pre-train Epoch: 31 [0/60000 (0%)]	Loss: 0.396061	Acc: 85.94%
Pre-train Epoch: 31 [6400/60000 (11%)]	Loss: 0.371684	Acc: 90.62%
Pre-train Epoch: 31 [12800/60000 (21%)]	Loss: 0.350725	Acc: 90.73%
Pre-train Epoch: 31 [19200/60000 (32%)]	Loss: 0.458893	Acc: 91.01%
Pre-train Epoch: 31 [25600/60000 (43%)]	Loss: 0.272516	Acc: 90.87%
Pre-train Epoch: 31 [32000/60000 (53%)]	Loss: 0.420493	Acc: 90.92%
Pre-train Epoch: 31 [38400/60000 (64%)]	Loss: 0.354228	Acc: 90.99%
Pre-train Epoch: 31 [44800/60000 (75%)]	Loss: 0.339567	Acc: 90.93%
Pre-train Epoch: 31 [51200/60000 (85%)]	Loss: 0.317185	Acc: 90.93%
Pre-train Epoch: 31 [57600/60000 (96%)]	Loss: 0.469203	Acc: 90.84%
Pre-train Epoch: 32 [0/60000 (0%)]	Loss: 0.283508	Acc: 92.19%
Pre-train Epoch: 32 [6400/60000 (11%)]	Loss: 0.365363	Acc: 91.37%
Pre-train Epoch: 32 [12800/60000 (21%)]	Loss: 0.423719	Acc: 91.25%
Pre-train Epoch: 32 [19200/60000 (32%)]	Loss: 0.465586	Acc: 91.19%
Pre-train Epoch: 32 [25600/60000 (43%)]	Loss: 0.307411	Acc: 90.96%
Pre-train Epoch: 32 [32000/60000 (53%)]	Loss: 0.249287	Acc: 90.86%
Pre-train Epoch: 32 [38400/60000 (64%)]	Loss: 0.396932	Acc: 90.75%
Pre-train Epoch: 32 [44800/60000 (75%)]	Loss: 0.416231	Acc: 90.74%
Pre-train Epoch: 32 [51200/60000 (85%)]	Loss: 0.480949	Acc: 90.70%
Pre-train Epoch: 32 [57600/60000 (96%)]	Loss: 0.379245	Acc: 90.69%
Pre-train Epoch: 33 [0/60000 (0%)]	Loss: 0.313062	Acc: 96.88%
Pre-train Epoch: 33 [6400/60000 (11%)]	Loss: 0.334930	Acc: 90.83%
Pre-train Epoch: 33 [12800/60000 (21%)]	Loss: 0.412027	Acc: 91.03%
Pre-train Epoch: 33 [19200/60000 (32%)]	Loss: 0.307691	Acc: 91.01%
Pre-train Epoch: 33 [25600/60000 (43%)]	Loss: 0.412879	Acc: 91.02%
Pre-train Epoch: 33 [32000/60000 (53%)]	Loss: 0.345142	Acc: 90.96%
Pre-train Epoch: 33 [38400/60000 (64%)]	Loss: 0.220334	Acc: 91.04%
Pre-train Epoch: 33 [44800/60000 (75%)]	Loss: 0.462919	Acc: 91.01%
Pre-train Epoch: 33 [51200/60000 (85%)]	Loss: 0.246056	Acc: 90.96%
Pre-train Epoch: 33 [57600/60000 (96%)]	Loss: 0.301061	Acc: 90.99%
Pre-train Epoch: 34 [0/60000 (0%)]	Loss: 0.326473	Acc: 93.75%
Pre-train Epoch: 34 [6400/60000 (11%)]	Loss: 0.276886	Acc: 90.16%
Pre-train Epoch: 34 [12800/60000 (21%)]	Loss: 0.336720	Acc: 90.81%
Pre-train Epoch: 34 [19200/60000 (32%)]	Loss: 0.387420	Acc: 90.95%
Pre-train Epoch: 34 [25600/60000 (43%)]	Loss: 0.338560	Acc: 90.91%
Pre-train Epoch: 34 [32000/60000 (53%)]	Loss: 0.345161	Acc: 90.89%
Pre-train Epoch: 34 [38400/60000 (64%)]	Loss: 0.327381	Acc: 90.91%
Pre-train Epoch: 34 [44800/60000 (75%)]	Loss: 0.382741	Acc: 90.92%
Pre-train Epoch: 34 [51200/60000 (85%)]	Loss: 0.246719	Acc: 91.01%
Pre-train Epoch: 34 [57600/60000 (96%)]	Loss: 0.355396	Acc: 91.06%
Pre-train Epoch: 35 [0/60000 (0%)]	Loss: 0.271982	Acc: 95.31%
Pre-train Epoch: 35 [6400/60000 (11%)]	Loss: 0.300470	Acc: 90.90%
Pre-train Epoch: 35 [12800/60000 (21%)]	Loss: 0.324526	Acc: 90.53%
Pre-train Epoch: 35 [19200/60000 (32%)]	Loss: 0.345311	Acc: 90.62%
Pre-train Epoch: 35 [25600/60000 (43%)]	Loss: 0.449250	Acc: 90.65%
Pre-train Epoch: 35 [32000/60000 (53%)]	Loss: 0.408943	Acc: 90.54%
Pre-train Epoch: 35 [38400/60000 (64%)]	Loss: 0.417052	Acc: 90.71%
Pre-train Epoch: 35 [44800/60000 (75%)]	Loss: 0.427089	Acc: 90.77%
Pre-train Epoch: 35 [51200/60000 (85%)]	Loss: 0.306135	Acc: 90.82%
Pre-train Epoch: 35 [57600/60000 (96%)]	Loss: 0.181781	Acc: 90.81%
Pre-train Epoch: 36 [0/60000 (0%)]	Loss: 0.334905	Acc: 92.19%
Pre-train Epoch: 36 [6400/60000 (11%)]	Loss: 0.273393	Acc: 91.71%
Pre-train Epoch: 36 [12800/60000 (21%)]	Loss: 0.290824	Acc: 91.32%
Pre-train Epoch: 36 [19200/60000 (32%)]	Loss: 0.383537	Acc: 91.15%
Pre-train Epoch: 36 [25600/60000 (43%)]	Loss: 0.321318	Acc: 91.12%
Pre-train Epoch: 36 [32000/60000 (53%)]	Loss: 0.342855	Acc: 91.10%
Pre-train Epoch: 36 [38400/60000 (64%)]	Loss: 0.317691	Acc: 91.04%
Pre-train Epoch: 36 [44800/60000 (75%)]	Loss: 0.532443	Acc: 91.04%
Pre-train Epoch: 36 [51200/60000 (85%)]	Loss: 0.480322	Acc: 91.02%
Pre-train Epoch: 36 [57600/60000 (96%)]	Loss: 0.337045	Acc: 90.97%
Pre-train Epoch: 37 [0/60000 (0%)]	Loss: 0.367086	Acc: 90.62%
Pre-train Epoch: 37 [6400/60000 (11%)]	Loss: 0.369410	Acc: 90.83%
Pre-train Epoch: 37 [12800/60000 (21%)]	Loss: 0.343635	Acc: 90.66%
Pre-train Epoch: 37 [19200/60000 (32%)]	Loss: 0.371041	Acc: 90.61%
Pre-train Epoch: 37 [25600/60000 (43%)]	Loss: 0.426928	Acc: 90.66%
Pre-train Epoch: 37 [32000/60000 (53%)]	Loss: 0.271324	Acc: 90.72%
Pre-train Epoch: 37 [38400/60000 (64%)]	Loss: 0.323025	Acc: 90.77%
Pre-train Epoch: 37 [44800/60000 (75%)]	Loss: 0.272804	Acc: 90.84%
Pre-train Epoch: 37 [51200/60000 (85%)]	Loss: 0.342658	Acc: 90.86%
Pre-train Epoch: 37 [57600/60000 (96%)]	Loss: 0.481539	Acc: 90.93%
Pre-train Epoch: 38 [0/60000 (0%)]	Loss: 0.291840	Acc: 93.75%
Pre-train Epoch: 38 [6400/60000 (11%)]	Loss: 0.306366	Acc: 91.06%
Pre-train Epoch: 38 [12800/60000 (21%)]	Loss: 0.260564	Acc: 91.23%
Pre-train Epoch: 38 [19200/60000 (32%)]	Loss: 0.357366	Acc: 91.07%
Pre-train Epoch: 38 [25600/60000 (43%)]	Loss: 0.326188	Acc: 91.19%
Pre-train Epoch: 38 [32000/60000 (53%)]	Loss: 0.356571	Acc: 91.06%
Pre-train Epoch: 38 [38400/60000 (64%)]	Loss: 0.411568	Acc: 91.13%
Pre-train Epoch: 38 [44800/60000 (75%)]	Loss: 0.398939	Acc: 90.95%
Pre-train Epoch: 38 [51200/60000 (85%)]	Loss: 0.357274	Acc: 90.94%
Pre-train Epoch: 38 [57600/60000 (96%)]	Loss: 0.307811	Acc: 90.96%
Pre-train Epoch: 39 [0/60000 (0%)]	Loss: 0.564131	Acc: 82.81%
Pre-train Epoch: 39 [6400/60000 (11%)]	Loss: 0.529238	Acc: 91.23%
Pre-train Epoch: 39 [12800/60000 (21%)]	Loss: 0.438159	Acc: 91.65%
Pre-train Epoch: 39 [19200/60000 (32%)]	Loss: 0.544912	Acc: 91.52%
Pre-train Epoch: 39 [25600/60000 (43%)]	Loss: 0.458036	Acc: 91.38%
Pre-train Epoch: 39 [32000/60000 (53%)]	Loss: 0.222487	Acc: 91.33%
Pre-train Epoch: 39 [38400/60000 (64%)]	Loss: 0.390877	Acc: 91.31%
Pre-train Epoch: 39 [44800/60000 (75%)]	Loss: 0.364019	Acc: 91.26%
Pre-train Epoch: 39 [51200/60000 (85%)]	Loss: 0.210993	Acc: 91.21%
Pre-train Epoch: 39 [57600/60000 (96%)]	Loss: 0.480290	Acc: 91.20%
Pre-train Epoch: 40 [0/60000 (0%)]	Loss: 0.535405	Acc: 85.94%
Pre-train Epoch: 40 [6400/60000 (11%)]	Loss: 0.336976	Acc: 91.23%
Pre-train Epoch: 40 [12800/60000 (21%)]	Loss: 0.342762	Acc: 91.23%
Pre-train Epoch: 40 [19200/60000 (32%)]	Loss: 0.364546	Acc: 91.18%
Pre-train Epoch: 40 [25600/60000 (43%)]	Loss: 0.481684	Acc: 91.10%
Pre-train Epoch: 40 [32000/60000 (53%)]	Loss: 0.460928	Acc: 90.96%
Pre-train Epoch: 40 [38400/60000 (64%)]	Loss: 0.336371	Acc: 91.02%
Pre-train Epoch: 40 [44800/60000 (75%)]	Loss: 0.295013	Acc: 91.04%
Pre-train Epoch: 40 [51200/60000 (85%)]	Loss: 0.317316	Acc: 91.07%
Pre-train Epoch: 40 [57600/60000 (96%)]	Loss: 0.389109	Acc: 91.06%
Pre-train Epoch: 41 [0/60000 (0%)]	Loss: 0.415969	Acc: 89.06%
Pre-train Epoch: 41 [6400/60000 (11%)]	Loss: 0.328105	Acc: 90.86%
Pre-train Epoch: 41 [12800/60000 (21%)]	Loss: 0.339373	Acc: 91.21%
Pre-train Epoch: 41 [19200/60000 (32%)]	Loss: 0.468872	Acc: 91.23%
Pre-train Epoch: 41 [25600/60000 (43%)]	Loss: 0.335717	Acc: 91.23%
Pre-train Epoch: 41 [32000/60000 (53%)]	Loss: 0.371070	Acc: 91.26%
Pre-train Epoch: 41 [38400/60000 (64%)]	Loss: 0.472174	Acc: 91.22%
Pre-train Epoch: 41 [44800/60000 (75%)]	Loss: 0.363818	Acc: 91.21%
Pre-train Epoch: 41 [51200/60000 (85%)]	Loss: 0.387885	Acc: 91.20%
Pre-train Epoch: 41 [57600/60000 (96%)]	Loss: 0.389762	Acc: 91.18%
Pre-train Epoch: 42 [0/60000 (0%)]	Loss: 0.453735	Acc: 81.25%
Pre-train Epoch: 42 [6400/60000 (11%)]	Loss: 0.373317	Acc: 91.43%
Pre-train Epoch: 42 [12800/60000 (21%)]	Loss: 0.335950	Acc: 91.29%
Pre-train Epoch: 42 [19200/60000 (32%)]	Loss: 0.274325	Acc: 91.15%
Pre-train Epoch: 42 [25600/60000 (43%)]	Loss: 0.502982	Acc: 91.07%
Pre-train Epoch: 42 [32000/60000 (53%)]	Loss: 0.310886	Acc: 91.14%
Pre-train Epoch: 42 [38400/60000 (64%)]	Loss: 0.360781	Acc: 91.24%
Pre-train Epoch: 42 [44800/60000 (75%)]	Loss: 0.475421	Acc: 91.22%
Pre-train Epoch: 42 [51200/60000 (85%)]	Loss: 0.425921	Acc: 91.07%
Pre-train Epoch: 42 [57600/60000 (96%)]	Loss: 0.320788	Acc: 91.11%
Pre-train Epoch: 43 [0/60000 (0%)]	Loss: 0.279984	Acc: 95.31%
Pre-train Epoch: 43 [6400/60000 (11%)]	Loss: 0.333497	Acc: 91.32%
Pre-train Epoch: 43 [12800/60000 (21%)]	Loss: 0.259638	Acc: 91.50%
Pre-train Epoch: 43 [19200/60000 (32%)]	Loss: 0.333568	Acc: 91.59%
Pre-train Epoch: 43 [25600/60000 (43%)]	Loss: 0.429894	Acc: 91.54%
Pre-train Epoch: 43 [32000/60000 (53%)]	Loss: 0.287723	Acc: 91.58%
Pre-train Epoch: 43 [38400/60000 (64%)]	Loss: 0.459315	Acc: 91.51%
Pre-train Epoch: 43 [44800/60000 (75%)]	Loss: 0.457919	Acc: 91.52%
Pre-train Epoch: 43 [51200/60000 (85%)]	Loss: 0.540873	Acc: 91.46%
Pre-train Epoch: 43 [57600/60000 (96%)]	Loss: 0.312811	Acc: 91.46%
Pre-train Epoch: 44 [0/60000 (0%)]	Loss: 0.313243	Acc: 93.75%
Pre-train Epoch: 44 [6400/60000 (11%)]	Loss: 0.462054	Acc: 91.14%
Pre-train Epoch: 44 [12800/60000 (21%)]	Loss: 0.247457	Acc: 90.87%
Pre-train Epoch: 44 [19200/60000 (32%)]	Loss: 0.280614	Acc: 90.95%
Pre-train Epoch: 44 [25600/60000 (43%)]	Loss: 0.294723	Acc: 91.12%
Pre-train Epoch: 44 [32000/60000 (53%)]	Loss: 0.472260	Acc: 91.25%
Pre-train Epoch: 44 [38400/60000 (64%)]	Loss: 0.296481	Acc: 91.25%
Pre-train Epoch: 44 [44800/60000 (75%)]	Loss: 0.355625	Acc: 91.21%
Pre-train Epoch: 44 [51200/60000 (85%)]	Loss: 0.332092	Acc: 91.23%
Pre-train Epoch: 44 [57600/60000 (96%)]	Loss: 0.294582	Acc: 91.27%
Pre-train Epoch: 45 [0/60000 (0%)]	Loss: 0.296982	Acc: 92.19%
Pre-train Epoch: 45 [6400/60000 (11%)]	Loss: 0.259280	Acc: 91.69%
Pre-train Epoch: 45 [12800/60000 (21%)]	Loss: 0.346572	Acc: 91.80%
Pre-train Epoch: 45 [19200/60000 (32%)]	Loss: 0.351833	Acc: 91.45%
Pre-train Epoch: 45 [25600/60000 (43%)]	Loss: 0.415387	Acc: 91.38%
Pre-train Epoch: 45 [32000/60000 (53%)]	Loss: 0.385208	Acc: 91.31%
Pre-train Epoch: 45 [38400/60000 (64%)]	Loss: 0.273061	Acc: 91.32%
Pre-train Epoch: 45 [44800/60000 (75%)]	Loss: 0.281631	Acc: 91.32%
Pre-train Epoch: 45 [51200/60000 (85%)]	Loss: 0.359779	Acc: 91.33%
Pre-train Epoch: 45 [57600/60000 (96%)]	Loss: 0.339874	Acc: 91.33%
Pre-train Epoch: 46 [0/60000 (0%)]	Loss: 0.284074	Acc: 90.62%
Pre-train Epoch: 46 [6400/60000 (11%)]	Loss: 0.352428	Acc: 90.76%
Pre-train Epoch: 46 [12800/60000 (21%)]	Loss: 0.299678	Acc: 91.30%
Pre-train Epoch: 46 [19200/60000 (32%)]	Loss: 0.290967	Acc: 91.34%
Pre-train Epoch: 46 [25600/60000 (43%)]	Loss: 0.231369	Acc: 91.35%
Pre-train Epoch: 46 [32000/60000 (53%)]	Loss: 0.331684	Acc: 91.45%
Pre-train Epoch: 46 [38400/60000 (64%)]	Loss: 0.214709	Acc: 91.55%
Pre-train Epoch: 46 [44800/60000 (75%)]	Loss: 0.367688	Acc: 91.51%
Pre-train Epoch: 46 [51200/60000 (85%)]	Loss: 0.415716	Acc: 91.54%
Pre-train Epoch: 46 [57600/60000 (96%)]	Loss: 0.454703	Acc: 91.52%
Pre-train Epoch: 47 [0/60000 (0%)]	Loss: 0.306608	Acc: 92.19%
Pre-train Epoch: 47 [6400/60000 (11%)]	Loss: 0.355938	Acc: 91.44%
Pre-train Epoch: 47 [12800/60000 (21%)]	Loss: 0.260786	Acc: 91.42%
Pre-train Epoch: 47 [19200/60000 (32%)]	Loss: 0.319096	Acc: 91.40%
Pre-train Epoch: 47 [25600/60000 (43%)]	Loss: 0.354655	Acc: 91.31%
Pre-train Epoch: 47 [32000/60000 (53%)]	Loss: 0.246193	Acc: 91.32%
Pre-train Epoch: 47 [38400/60000 (64%)]	Loss: 0.353754	Acc: 91.26%
Pre-train Epoch: 47 [44800/60000 (75%)]	Loss: 0.513695	Acc: 91.20%
Pre-train Epoch: 47 [51200/60000 (85%)]	Loss: 0.298505	Acc: 91.28%
Pre-train Epoch: 47 [57600/60000 (96%)]	Loss: 0.352018	Acc: 91.29%
Pre-train Epoch: 48 [0/60000 (0%)]	Loss: 0.368561	Acc: 90.62%
Pre-train Epoch: 48 [6400/60000 (11%)]	Loss: 0.425253	Acc: 92.34%
Pre-train Epoch: 48 [12800/60000 (21%)]	Loss: 0.217332	Acc: 91.75%
Pre-train Epoch: 48 [19200/60000 (32%)]	Loss: 0.228809	Acc: 91.75%
Pre-train Epoch: 48 [25600/60000 (43%)]	Loss: 0.299860	Acc: 91.80%
Pre-train Epoch: 48 [32000/60000 (53%)]	Loss: 0.325213	Acc: 91.69%
Pre-train Epoch: 48 [38400/60000 (64%)]	Loss: 0.361588	Acc: 91.69%
Pre-train Epoch: 48 [44800/60000 (75%)]	Loss: 0.397445	Acc: 91.70%
Pre-train Epoch: 48 [51200/60000 (85%)]	Loss: 0.370816	Acc: 91.56%
Pre-train Epoch: 48 [57600/60000 (96%)]	Loss: 0.254742	Acc: 91.53%
Pre-train Epoch: 49 [0/60000 (0%)]	Loss: 0.324407	Acc: 90.62%
Pre-train Epoch: 49 [6400/60000 (11%)]	Loss: 0.466779	Acc: 91.83%
Pre-train Epoch: 49 [12800/60000 (21%)]	Loss: 0.383740	Acc: 91.72%
Pre-train Epoch: 49 [19200/60000 (32%)]	Loss: 0.359106	Acc: 91.57%
Pre-train Epoch: 49 [25600/60000 (43%)]	Loss: 0.313609	Acc: 91.61%
Pre-train Epoch: 49 [32000/60000 (53%)]	Loss: 0.451159	Acc: 91.59%
Pre-train Epoch: 49 [38400/60000 (64%)]	Loss: 0.316789	Acc: 91.69%
Pre-train Epoch: 49 [44800/60000 (75%)]	Loss: 0.483832	Acc: 91.68%
Pre-train Epoch: 49 [51200/60000 (85%)]	Loss: 0.278503	Acc: 91.67%
Pre-train Epoch: 49 [57600/60000 (96%)]	Loss: 0.274712	Acc: 91.62%
Pre-train Epoch: 50 [0/60000 (0%)]	Loss: 0.312543	Acc: 92.19%
Pre-train Epoch: 50 [6400/60000 (11%)]	Loss: 0.448408	Acc: 92.36%
Pre-train Epoch: 50 [12800/60000 (21%)]	Loss: 0.227242	Acc: 92.09%
Pre-train Epoch: 50 [19200/60000 (32%)]	Loss: 0.401424	Acc: 91.86%
Pre-train Epoch: 50 [25600/60000 (43%)]	Loss: 0.410567	Acc: 91.63%
Pre-train Epoch: 50 [32000/60000 (53%)]	Loss: 0.403138	Acc: 91.65%
Pre-train Epoch: 50 [38400/60000 (64%)]	Loss: 0.300818	Acc: 91.63%
Pre-train Epoch: 50 [44800/60000 (75%)]	Loss: 0.363071	Acc: 91.73%
Pre-train Epoch: 50 [51200/60000 (85%)]	Loss: 0.389816	Acc: 91.69%
Pre-train Epoch: 50 [57600/60000 (96%)]	Loss: 0.312884	Acc: 91.67%
Pre-train Epoch: 51 [0/60000 (0%)]	Loss: 0.339507	Acc: 92.19%
Pre-train Epoch: 51 [6400/60000 (11%)]	Loss: 0.404094	Acc: 91.79%
Pre-train Epoch: 51 [12800/60000 (21%)]	Loss: 0.308314	Acc: 92.02%
Pre-train Epoch: 51 [19200/60000 (32%)]	Loss: 0.377401	Acc: 91.92%
Pre-train Epoch: 51 [25600/60000 (43%)]	Loss: 0.404824	Acc: 91.93%
Pre-train Epoch: 51 [32000/60000 (53%)]	Loss: 0.439071	Acc: 91.69%
Pre-train Epoch: 51 [38400/60000 (64%)]	Loss: 0.323396	Acc: 91.76%
Pre-train Epoch: 51 [44800/60000 (75%)]	Loss: 0.363419	Acc: 91.69%
Pre-train Epoch: 51 [51200/60000 (85%)]	Loss: 0.224487	Acc: 91.75%
Pre-train Epoch: 51 [57600/60000 (96%)]	Loss: 0.345974	Acc: 91.72%
Pre-train Epoch: 52 [0/60000 (0%)]	Loss: 0.305745	Acc: 93.75%
Pre-train Epoch: 52 [6400/60000 (11%)]	Loss: 0.252902	Acc: 92.02%
Pre-train Epoch: 52 [12800/60000 (21%)]	Loss: 0.409244	Acc: 91.99%
Pre-train Epoch: 52 [19200/60000 (32%)]	Loss: 0.260981	Acc: 91.99%
Pre-train Epoch: 52 [25600/60000 (43%)]	Loss: 0.354945	Acc: 92.04%
Pre-train Epoch: 52 [32000/60000 (53%)]	Loss: 0.426024	Acc: 91.84%
Pre-train Epoch: 52 [38400/60000 (64%)]	Loss: 0.329816	Acc: 91.90%
Pre-train Epoch: 52 [44800/60000 (75%)]	Loss: 0.256174	Acc: 91.83%
Pre-train Epoch: 52 [51200/60000 (85%)]	Loss: 0.287371	Acc: 91.82%
Pre-train Epoch: 52 [57600/60000 (96%)]	Loss: 0.366884	Acc: 91.77%
Pre-train Epoch: 53 [0/60000 (0%)]	Loss: 0.331193	Acc: 93.75%
Pre-train Epoch: 53 [6400/60000 (11%)]	Loss: 0.358215	Acc: 91.88%
Pre-train Epoch: 53 [12800/60000 (21%)]	Loss: 0.169099	Acc: 91.72%
Pre-train Epoch: 53 [19200/60000 (32%)]	Loss: 0.261825	Acc: 91.94%
Pre-train Epoch: 53 [25600/60000 (43%)]	Loss: 0.419465	Acc: 91.94%
Pre-train Epoch: 53 [32000/60000 (53%)]	Loss: 0.322534	Acc: 91.95%
Pre-train Epoch: 53 [38400/60000 (64%)]	Loss: 0.432194	Acc: 91.85%
Pre-train Epoch: 53 [44800/60000 (75%)]	Loss: 0.365027	Acc: 91.88%
Pre-train Epoch: 53 [51200/60000 (85%)]	Loss: 0.368829	Acc: 91.87%
Pre-train Epoch: 53 [57600/60000 (96%)]	Loss: 0.316889	Acc: 91.91%
Pre-train Epoch: 54 [0/60000 (0%)]	Loss: 0.435860	Acc: 87.50%
Pre-train Epoch: 54 [6400/60000 (11%)]	Loss: 0.271205	Acc: 92.14%
Pre-train Epoch: 54 [12800/60000 (21%)]	Loss: 0.245060	Acc: 92.00%
Pre-train Epoch: 54 [19200/60000 (32%)]	Loss: 0.326943	Acc: 92.02%
Pre-train Epoch: 54 [25600/60000 (43%)]	Loss: 0.303077	Acc: 92.07%
Pre-train Epoch: 54 [32000/60000 (53%)]	Loss: 0.324210	Acc: 92.06%
Pre-train Epoch: 54 [38400/60000 (64%)]	Loss: 0.243284	Acc: 91.94%
Pre-train Epoch: 54 [44800/60000 (75%)]	Loss: 0.401730	Acc: 91.85%
Pre-train Epoch: 54 [51200/60000 (85%)]	Loss: 0.452689	Acc: 91.75%
Pre-train Epoch: 54 [57600/60000 (96%)]	Loss: 0.422183	Acc: 91.77%
Pre-train Epoch: 55 [0/60000 (0%)]	Loss: 0.192149	Acc: 98.44%
Pre-train Epoch: 55 [6400/60000 (11%)]	Loss: 0.252109	Acc: 91.68%
Pre-train Epoch: 55 [12800/60000 (21%)]	Loss: 0.331884	Acc: 91.79%
Pre-train Epoch: 55 [19200/60000 (32%)]	Loss: 0.333977	Acc: 91.90%
Pre-train Epoch: 55 [25600/60000 (43%)]	Loss: 0.292801	Acc: 91.77%
Pre-train Epoch: 55 [32000/60000 (53%)]	Loss: 0.239839	Acc: 91.80%
Pre-train Epoch: 55 [38400/60000 (64%)]	Loss: 0.443715	Acc: 91.81%
Pre-train Epoch: 55 [44800/60000 (75%)]	Loss: 0.262169	Acc: 91.86%
Pre-train Epoch: 55 [51200/60000 (85%)]	Loss: 0.344079	Acc: 91.84%
Pre-train Epoch: 55 [57600/60000 (96%)]	Loss: 0.297216	Acc: 91.80%
Pre-train Epoch: 56 [0/60000 (0%)]	Loss: 0.367027	Acc: 90.62%
Pre-train Epoch: 56 [6400/60000 (11%)]	Loss: 0.294270	Acc: 92.23%
Pre-train Epoch: 56 [12800/60000 (21%)]	Loss: 0.366593	Acc: 92.06%
Pre-train Epoch: 56 [19200/60000 (32%)]	Loss: 0.315256	Acc: 92.05%
Pre-train Epoch: 56 [25600/60000 (43%)]	Loss: 0.282604	Acc: 92.04%
Pre-train Epoch: 56 [32000/60000 (53%)]	Loss: 0.282215	Acc: 91.97%
Pre-train Epoch: 56 [38400/60000 (64%)]	Loss: 0.315107	Acc: 91.79%
Pre-train Epoch: 56 [44800/60000 (75%)]	Loss: 0.300681	Acc: 91.82%
Pre-train Epoch: 56 [51200/60000 (85%)]	Loss: 0.269048	Acc: 91.84%
Pre-train Epoch: 56 [57600/60000 (96%)]	Loss: 0.321628	Acc: 91.83%
Pre-train Epoch: 57 [0/60000 (0%)]	Loss: 0.273517	Acc: 93.75%
Pre-train Epoch: 57 [6400/60000 (11%)]	Loss: 0.360649	Acc: 92.62%
Pre-train Epoch: 57 [12800/60000 (21%)]	Loss: 0.252756	Acc: 92.05%
Pre-train Epoch: 57 [19200/60000 (32%)]	Loss: 0.383215	Acc: 92.01%
Pre-train Epoch: 57 [25600/60000 (43%)]	Loss: 0.285114	Acc: 92.11%
Pre-train Epoch: 57 [32000/60000 (53%)]	Loss: 0.323023	Acc: 91.95%
Pre-train Epoch: 57 [38400/60000 (64%)]	Loss: 0.289712	Acc: 92.04%
Pre-train Epoch: 57 [44800/60000 (75%)]	Loss: 0.317663	Acc: 91.97%
Pre-train Epoch: 57 [51200/60000 (85%)]	Loss: 0.323688	Acc: 91.96%
Pre-train Epoch: 57 [57600/60000 (96%)]	Loss: 0.359004	Acc: 91.95%
Pre-train Epoch: 58 [0/60000 (0%)]	Loss: 0.452106	Acc: 90.62%
Pre-train Epoch: 58 [6400/60000 (11%)]	Loss: 0.326449	Acc: 92.42%
Pre-train Epoch: 58 [12800/60000 (21%)]	Loss: 0.316667	Acc: 92.15%
Pre-train Epoch: 58 [19200/60000 (32%)]	Loss: 0.427321	Acc: 92.25%
Pre-train Epoch: 58 [25600/60000 (43%)]	Loss: 0.264384	Acc: 92.17%
Pre-train Epoch: 58 [32000/60000 (53%)]	Loss: 0.352279	Acc: 92.20%
Pre-train Epoch: 58 [38400/60000 (64%)]	Loss: 0.381557	Acc: 92.17%
Pre-train Epoch: 58 [44800/60000 (75%)]	Loss: 0.426613	Acc: 92.11%
Pre-train Epoch: 58 [51200/60000 (85%)]	Loss: 0.341772	Acc: 92.12%
Pre-train Epoch: 58 [57600/60000 (96%)]	Loss: 0.218032	Acc: 92.17%
Pre-train Epoch: 59 [0/60000 (0%)]	Loss: 0.295756	Acc: 95.31%
Pre-train Epoch: 59 [6400/60000 (11%)]	Loss: 0.318968	Acc: 92.71%
Pre-train Epoch: 59 [12800/60000 (21%)]	Loss: 0.260078	Acc: 92.44%
Pre-train Epoch: 59 [19200/60000 (32%)]	Loss: 0.295835	Acc: 92.31%
Pre-train Epoch: 59 [25600/60000 (43%)]	Loss: 0.437186	Acc: 92.22%
Pre-train Epoch: 59 [32000/60000 (53%)]	Loss: 0.422861	Acc: 92.25%
Pre-train Epoch: 59 [38400/60000 (64%)]	Loss: 0.307784	Acc: 92.29%
Pre-train Epoch: 59 [44800/60000 (75%)]	Loss: 0.242307	Acc: 92.23%
Pre-train Epoch: 59 [51200/60000 (85%)]	Loss: 0.195445	Acc: 92.25%
Pre-train Epoch: 59 [57600/60000 (96%)]	Loss: 0.327256	Acc: 92.23%
Pre-train Epoch: 60 [0/60000 (0%)]	Loss: 0.330989	Acc: 90.62%
Pre-train Epoch: 60 [6400/60000 (11%)]	Loss: 0.384371	Acc: 92.34%
Pre-train Epoch: 60 [12800/60000 (21%)]	Loss: 0.413605	Acc: 92.32%
Pre-train Epoch: 60 [19200/60000 (32%)]	Loss: 0.272178	Acc: 92.43%
Pre-train Epoch: 60 [25600/60000 (43%)]	Loss: 0.444656	Acc: 92.35%
Pre-train Epoch: 60 [32000/60000 (53%)]	Loss: 0.323310	Acc: 92.18%
Pre-train Epoch: 60 [38400/60000 (64%)]	Loss: 0.241034	Acc: 92.22%
Pre-train Epoch: 60 [44800/60000 (75%)]	Loss: 0.284900	Acc: 92.16%
Pre-train Epoch: 60 [51200/60000 (85%)]	Loss: 0.235629	Acc: 92.11%
Pre-train Epoch: 60 [57600/60000 (96%)]	Loss: 0.488432	Acc: 92.13%
Pre-train Epoch: 61 [0/60000 (0%)]	Loss: 0.269632	Acc: 92.19%
Pre-train Epoch: 61 [6400/60000 (11%)]	Loss: 0.310448	Acc: 91.94%
Pre-train Epoch: 61 [12800/60000 (21%)]	Loss: 0.299857	Acc: 92.44%
Pre-train Epoch: 61 [19200/60000 (32%)]	Loss: 0.283569	Acc: 92.42%
Pre-train Epoch: 61 [25600/60000 (43%)]	Loss: 0.292384	Acc: 92.37%
Pre-train Epoch: 61 [32000/60000 (53%)]	Loss: 0.259845	Acc: 92.30%
Pre-train Epoch: 61 [38400/60000 (64%)]	Loss: 0.358489	Acc: 92.25%
Pre-train Epoch: 61 [44800/60000 (75%)]	Loss: 0.266031	Acc: 92.23%
Pre-train Epoch: 61 [51200/60000 (85%)]	Loss: 0.462505	Acc: 92.26%
Pre-train Epoch: 61 [57600/60000 (96%)]	Loss: 0.357943	Acc: 92.26%
Pre-train Epoch: 62 [0/60000 (0%)]	Loss: 0.216689	Acc: 96.88%
Pre-train Epoch: 62 [6400/60000 (11%)]	Loss: 0.414410	Acc: 92.65%
Pre-train Epoch: 62 [12800/60000 (21%)]	Loss: 0.401505	Acc: 92.78%
Pre-train Epoch: 62 [19200/60000 (32%)]	Loss: 0.283031	Acc: 92.79%
Pre-train Epoch: 62 [25600/60000 (43%)]	Loss: 0.315693	Acc: 92.73%
Pre-train Epoch: 62 [32000/60000 (53%)]	Loss: 0.207852	Acc: 92.59%
Pre-train Epoch: 62 [38400/60000 (64%)]	Loss: 0.284013	Acc: 92.50%
Pre-train Epoch: 62 [44800/60000 (75%)]	Loss: 0.240926	Acc: 92.43%
Pre-train Epoch: 62 [51200/60000 (85%)]	Loss: 0.339825	Acc: 92.37%
Pre-train Epoch: 62 [57600/60000 (96%)]	Loss: 0.258968	Acc: 92.30%
Pre-train Epoch: 63 [0/60000 (0%)]	Loss: 0.382392	Acc: 90.62%
Pre-train Epoch: 63 [6400/60000 (11%)]	Loss: 0.282367	Acc: 92.34%
Pre-train Epoch: 63 [12800/60000 (21%)]	Loss: 0.366017	Acc: 92.29%
Pre-train Epoch: 63 [19200/60000 (32%)]	Loss: 0.396009	Acc: 92.37%
Pre-train Epoch: 63 [25600/60000 (43%)]	Loss: 0.376519	Acc: 92.38%
Pre-train Epoch: 63 [32000/60000 (53%)]	Loss: 0.316021	Acc: 92.56%
Pre-train Epoch: 63 [38400/60000 (64%)]	Loss: 0.460243	Acc: 92.52%
Pre-train Epoch: 63 [44800/60000 (75%)]	Loss: 0.320646	Acc: 92.44%
Pre-train Epoch: 63 [51200/60000 (85%)]	Loss: 0.274500	Acc: 92.38%
Pre-train Epoch: 63 [57600/60000 (96%)]	Loss: 0.540581	Acc: 92.32%
Pre-train Epoch: 64 [0/60000 (0%)]	Loss: 0.340800	Acc: 92.19%
Pre-train Epoch: 64 [6400/60000 (11%)]	Loss: 0.332071	Acc: 92.96%
Pre-train Epoch: 64 [12800/60000 (21%)]	Loss: 0.246094	Acc: 92.51%
Pre-train Epoch: 64 [19200/60000 (32%)]	Loss: 0.370170	Acc: 92.27%
Pre-train Epoch: 64 [25600/60000 (43%)]	Loss: 0.292015	Acc: 92.28%
Pre-train Epoch: 64 [32000/60000 (53%)]	Loss: 0.417785	Acc: 92.24%
Pre-train Epoch: 64 [38400/60000 (64%)]	Loss: 0.330295	Acc: 92.30%
Pre-train Epoch: 64 [44800/60000 (75%)]	Loss: 0.315430	Acc: 92.32%
Pre-train Epoch: 64 [51200/60000 (85%)]	Loss: 0.371717	Acc: 92.28%
Pre-train Epoch: 64 [57600/60000 (96%)]	Loss: 0.239387	Acc: 92.33%
Pre-train Epoch: 65 [0/60000 (0%)]	Loss: 0.210708	Acc: 98.44%
Pre-train Epoch: 65 [6400/60000 (11%)]	Loss: 0.377242	Acc: 92.56%
Pre-train Epoch: 65 [12800/60000 (21%)]	Loss: 0.395935	Acc: 92.62%
Pre-train Epoch: 65 [19200/60000 (32%)]	Loss: 0.231867	Acc: 92.47%
Pre-train Epoch: 65 [25600/60000 (43%)]	Loss: 0.327296	Acc: 92.47%
Pre-train Epoch: 65 [32000/60000 (53%)]	Loss: 0.265884	Acc: 92.47%
Pre-train Epoch: 65 [38400/60000 (64%)]	Loss: 0.329776	Acc: 92.44%
Pre-train Epoch: 65 [44800/60000 (75%)]	Loss: 0.332671	Acc: 92.48%
Pre-train Epoch: 65 [51200/60000 (85%)]	Loss: 0.240558	Acc: 92.44%
Pre-train Epoch: 65 [57600/60000 (96%)]	Loss: 0.318988	Acc: 92.45%
Pre-train Epoch: 66 [0/60000 (0%)]	Loss: 0.276998	Acc: 92.19%
Pre-train Epoch: 66 [6400/60000 (11%)]	Loss: 0.265751	Acc: 91.99%
Pre-train Epoch: 66 [12800/60000 (21%)]	Loss: 0.388847	Acc: 92.26%
Pre-train Epoch: 66 [19200/60000 (32%)]	Loss: 0.341259	Acc: 92.37%
Pre-train Epoch: 66 [25600/60000 (43%)]	Loss: 0.397005	Acc: 92.45%
Pre-train Epoch: 66 [32000/60000 (53%)]	Loss: 0.272166	Acc: 92.55%
Pre-train Epoch: 66 [38400/60000 (64%)]	Loss: 0.332995	Acc: 92.50%
Pre-train Epoch: 66 [44800/60000 (75%)]	Loss: 0.282337	Acc: 92.45%
Pre-train Epoch: 66 [51200/60000 (85%)]	Loss: 0.338126	Acc: 92.44%
Pre-train Epoch: 66 [57600/60000 (96%)]	Loss: 0.286232	Acc: 92.50%
Pre-train Epoch: 67 [0/60000 (0%)]	Loss: 0.412995	Acc: 85.94%
Pre-train Epoch: 67 [6400/60000 (11%)]	Loss: 0.287530	Acc: 92.30%
Pre-train Epoch: 67 [12800/60000 (21%)]	Loss: 0.409705	Acc: 92.42%
Pre-train Epoch: 67 [19200/60000 (32%)]	Loss: 0.328921	Acc: 92.53%
Pre-train Epoch: 67 [25600/60000 (43%)]	Loss: 0.320405	Acc: 92.80%
Pre-train Epoch: 67 [32000/60000 (53%)]	Loss: 0.184124	Acc: 92.77%
Pre-train Epoch: 67 [38400/60000 (64%)]	Loss: 0.334113	Acc: 92.76%
Pre-train Epoch: 67 [44800/60000 (75%)]	Loss: 0.395762	Acc: 92.70%
Pre-train Epoch: 67 [51200/60000 (85%)]	Loss: 0.268422	Acc: 92.68%
Pre-train Epoch: 67 [57600/60000 (96%)]	Loss: 0.368338	Acc: 92.61%
Pre-train Epoch: 68 [0/60000 (0%)]	Loss: 0.256667	Acc: 93.75%
Pre-train Epoch: 68 [6400/60000 (11%)]	Loss: 0.284191	Acc: 92.65%
Pre-train Epoch: 68 [12800/60000 (21%)]	Loss: 0.195485	Acc: 92.60%
Pre-train Epoch: 68 [19200/60000 (32%)]	Loss: 0.214468	Acc: 92.68%
Pre-train Epoch: 68 [25600/60000 (43%)]	Loss: 0.357878	Acc: 92.78%
Pre-train Epoch: 68 [32000/60000 (53%)]	Loss: 0.352663	Acc: 92.66%
Pre-train Epoch: 68 [38400/60000 (64%)]	Loss: 0.303194	Acc: 92.63%
Pre-train Epoch: 68 [44800/60000 (75%)]	Loss: 0.403160	Acc: 92.66%
Pre-train Epoch: 68 [51200/60000 (85%)]	Loss: 0.305516	Acc: 92.60%
Pre-train Epoch: 68 [57600/60000 (96%)]	Loss: 0.270826	Acc: 92.56%
Pre-train Epoch: 69 [0/60000 (0%)]	Loss: 0.399612	Acc: 87.50%
Pre-train Epoch: 69 [6400/60000 (11%)]	Loss: 0.335981	Acc: 92.28%
Pre-train Epoch: 69 [12800/60000 (21%)]	Loss: 0.390117	Acc: 92.06%
Pre-train Epoch: 69 [19200/60000 (32%)]	Loss: 0.316692	Acc: 92.47%
Pre-train Epoch: 69 [25600/60000 (43%)]	Loss: 0.211852	Acc: 92.43%
Pre-train Epoch: 69 [32000/60000 (53%)]	Loss: 0.302618	Acc: 92.43%
Pre-train Epoch: 69 [38400/60000 (64%)]	Loss: 0.296720	Acc: 92.47%
Pre-train Epoch: 69 [44800/60000 (75%)]	Loss: 0.209913	Acc: 92.41%
Pre-train Epoch: 69 [51200/60000 (85%)]	Loss: 0.280683	Acc: 92.43%
Pre-train Epoch: 69 [57600/60000 (96%)]	Loss: 0.356585	Acc: 92.49%
Pre-train Epoch: 70 [0/60000 (0%)]	Loss: 0.388507	Acc: 90.62%
Pre-train Epoch: 70 [6400/60000 (11%)]	Loss: 0.226431	Acc: 93.24%
Pre-train Epoch: 70 [12800/60000 (21%)]	Loss: 0.262570	Acc: 93.09%
Pre-train Epoch: 70 [19200/60000 (32%)]	Loss: 0.268881	Acc: 93.02%
Pre-train Epoch: 70 [25600/60000 (43%)]	Loss: 0.239258	Acc: 92.92%
Pre-train Epoch: 70 [32000/60000 (53%)]	Loss: 0.272100	Acc: 92.87%
Pre-train Epoch: 70 [38400/60000 (64%)]	Loss: 0.284106	Acc: 92.84%
Pre-train Epoch: 70 [44800/60000 (75%)]	Loss: 0.283542	Acc: 92.70%
Pre-train Epoch: 70 [51200/60000 (85%)]	Loss: 0.324561	Acc: 92.75%
Pre-train Epoch: 70 [57600/60000 (96%)]	Loss: 0.386148	Acc: 92.79%
Pre-train Epoch: 71 [0/60000 (0%)]	Loss: 0.201631	Acc: 96.88%
Pre-train Epoch: 71 [6400/60000 (11%)]	Loss: 0.230861	Acc: 93.43%
Pre-train Epoch: 71 [12800/60000 (21%)]	Loss: 0.366581	Acc: 93.19%
Pre-train Epoch: 71 [19200/60000 (32%)]	Loss: 0.226920	Acc: 92.95%
Pre-train Epoch: 71 [25600/60000 (43%)]	Loss: 0.323206	Acc: 92.96%
Pre-train Epoch: 71 [32000/60000 (53%)]	Loss: 0.208509	Acc: 93.04%
Pre-train Epoch: 71 [38400/60000 (64%)]	Loss: 0.377650	Acc: 93.03%
Pre-train Epoch: 71 [44800/60000 (75%)]	Loss: 0.384834	Acc: 92.96%
Pre-train Epoch: 71 [51200/60000 (85%)]	Loss: 0.342673	Acc: 92.93%
Pre-train Epoch: 71 [57600/60000 (96%)]	Loss: 0.332495	Acc: 92.89%
Pre-train Epoch: 72 [0/60000 (0%)]	Loss: 0.350294	Acc: 89.06%
Pre-train Epoch: 72 [6400/60000 (11%)]	Loss: 0.186070	Acc: 93.16%
Pre-train Epoch: 72 [12800/60000 (21%)]	Loss: 0.438869	Acc: 93.18%
Pre-train Epoch: 72 [19200/60000 (32%)]	Loss: 0.215792	Acc: 93.16%
Pre-train Epoch: 72 [25600/60000 (43%)]	Loss: 0.264996	Acc: 93.08%
Pre-train Epoch: 72 [32000/60000 (53%)]	Loss: 0.200534	Acc: 92.96%
Pre-train Epoch: 72 [38400/60000 (64%)]	Loss: 0.341509	Acc: 92.92%
Pre-train Epoch: 72 [44800/60000 (75%)]	Loss: 0.339956	Acc: 92.94%
Pre-train Epoch: 72 [51200/60000 (85%)]	Loss: 0.224603	Acc: 92.91%
Pre-train Epoch: 72 [57600/60000 (96%)]	Loss: 0.258640	Acc: 92.80%
Pre-train Epoch: 73 [0/60000 (0%)]	Loss: 0.340970	Acc: 87.50%
Pre-train Epoch: 73 [6400/60000 (11%)]	Loss: 0.225544	Acc: 92.96%
Pre-train Epoch: 73 [12800/60000 (21%)]	Loss: 0.310711	Acc: 93.34%
Pre-train Epoch: 73 [19200/60000 (32%)]	Loss: 0.389142	Acc: 93.30%
Pre-train Epoch: 73 [25600/60000 (43%)]	Loss: 0.270878	Acc: 93.40%
Pre-train Epoch: 73 [32000/60000 (53%)]	Loss: 0.338251	Acc: 93.28%
Pre-train Epoch: 73 [38400/60000 (64%)]	Loss: 0.398173	Acc: 93.25%
Pre-train Epoch: 73 [44800/60000 (75%)]	Loss: 0.194809	Acc: 93.22%
Pre-train Epoch: 73 [51200/60000 (85%)]	Loss: 0.297346	Acc: 93.13%
Pre-train Epoch: 73 [57600/60000 (96%)]	Loss: 0.311880	Acc: 93.03%
Pre-train Epoch: 74 [0/60000 (0%)]	Loss: 0.350964	Acc: 89.06%
Pre-train Epoch: 74 [6400/60000 (11%)]	Loss: 0.270029	Acc: 93.05%
Pre-train Epoch: 74 [12800/60000 (21%)]	Loss: 0.314908	Acc: 92.96%
Pre-train Epoch: 74 [19200/60000 (32%)]	Loss: 0.266491	Acc: 93.07%
Pre-train Epoch: 74 [25600/60000 (43%)]	Loss: 0.303889	Acc: 92.99%
Pre-train Epoch: 74 [32000/60000 (53%)]	Loss: 0.440375	Acc: 92.88%
Pre-train Epoch: 74 [38400/60000 (64%)]	Loss: 0.286499	Acc: 92.92%
Pre-train Epoch: 74 [44800/60000 (75%)]	Loss: 0.203151	Acc: 92.93%
Pre-train Epoch: 74 [51200/60000 (85%)]	Loss: 0.342787	Acc: 92.90%
Pre-train Epoch: 74 [57600/60000 (96%)]	Loss: 0.237314	Acc: 92.88%
Pre-train Epoch: 75 [0/60000 (0%)]	Loss: 0.335004	Acc: 87.50%
Pre-train Epoch: 75 [6400/60000 (11%)]	Loss: 0.376906	Acc: 92.88%
Pre-train Epoch: 75 [12800/60000 (21%)]	Loss: 0.335835	Acc: 93.14%
Pre-train Epoch: 75 [19200/60000 (32%)]	Loss: 0.391660	Acc: 92.96%
Pre-train Epoch: 75 [25600/60000 (43%)]	Loss: 0.305909	Acc: 93.15%
Pre-train Epoch: 75 [32000/60000 (53%)]	Loss: 0.298077	Acc: 93.17%
Pre-train Epoch: 75 [38400/60000 (64%)]	Loss: 0.175937	Acc: 93.17%
Pre-train Epoch: 75 [44800/60000 (75%)]	Loss: 0.331931	Acc: 93.14%
Pre-train Epoch: 75 [51200/60000 (85%)]	Loss: 0.217179	Acc: 93.19%
Pre-train Epoch: 75 [57600/60000 (96%)]	Loss: 0.424431	Acc: 93.19%
Pre-train Epoch: 76 [0/60000 (0%)]	Loss: 0.270787	Acc: 95.31%
Pre-train Epoch: 76 [6400/60000 (11%)]	Loss: 0.340656	Acc: 93.18%
Pre-train Epoch: 76 [12800/60000 (21%)]	Loss: 0.276976	Acc: 93.10%
Pre-train Epoch: 76 [19200/60000 (32%)]	Loss: 0.308175	Acc: 93.09%
Pre-train Epoch: 76 [25600/60000 (43%)]	Loss: 0.314670	Acc: 93.15%
Pre-train Epoch: 76 [32000/60000 (53%)]	Loss: 0.219509	Acc: 93.15%
Pre-train Epoch: 76 [38400/60000 (64%)]	Loss: 0.314402	Acc: 93.16%
Pre-train Epoch: 76 [44800/60000 (75%)]	Loss: 0.366854	Acc: 93.11%
Pre-train Epoch: 76 [51200/60000 (85%)]	Loss: 0.251210	Acc: 93.11%
Pre-train Epoch: 76 [57600/60000 (96%)]	Loss: 0.456305	Acc: 93.10%
Pre-train Epoch: 77 [0/60000 (0%)]	Loss: 0.326253	Acc: 89.06%
Pre-train Epoch: 77 [6400/60000 (11%)]	Loss: 0.385958	Acc: 93.04%
Pre-train Epoch: 77 [12800/60000 (21%)]	Loss: 0.300851	Acc: 93.16%
Pre-train Epoch: 77 [19200/60000 (32%)]	Loss: 0.317837	Acc: 93.17%
Pre-train Epoch: 77 [25600/60000 (43%)]	Loss: 0.268536	Acc: 93.26%
Pre-train Epoch: 77 [32000/60000 (53%)]	Loss: 0.260450	Acc: 93.31%
Pre-train Epoch: 77 [38400/60000 (64%)]	Loss: 0.341548	Acc: 93.26%
Pre-train Epoch: 77 [44800/60000 (75%)]	Loss: 0.315517	Acc: 93.21%
Pre-train Epoch: 77 [51200/60000 (85%)]	Loss: 0.219206	Acc: 93.24%
Pre-train Epoch: 77 [57600/60000 (96%)]	Loss: 0.202783	Acc: 93.21%
Pre-train Epoch: 78 [0/60000 (0%)]	Loss: 0.331702	Acc: 93.75%
Pre-train Epoch: 78 [6400/60000 (11%)]	Loss: 0.230547	Acc: 93.41%
Pre-train Epoch: 78 [12800/60000 (21%)]	Loss: 0.384149	Acc: 93.22%
Pre-train Epoch: 78 [19200/60000 (32%)]	Loss: 0.482614	Acc: 93.15%
Pre-train Epoch: 78 [25600/60000 (43%)]	Loss: 0.366818	Acc: 93.24%
Pre-train Epoch: 78 [32000/60000 (53%)]	Loss: 0.367545	Acc: 93.21%
Pre-train Epoch: 78 [38400/60000 (64%)]	Loss: 0.260857	Acc: 93.15%
Pre-train Epoch: 78 [44800/60000 (75%)]	Loss: 0.350498	Acc: 93.11%
Pre-train Epoch: 78 [51200/60000 (85%)]	Loss: 0.356748	Acc: 93.14%
Pre-train Epoch: 78 [57600/60000 (96%)]	Loss: 0.208662	Acc: 93.15%
Pre-train Epoch: 79 [0/60000 (0%)]	Loss: 0.268909	Acc: 93.75%
Pre-train Epoch: 79 [6400/60000 (11%)]	Loss: 0.259760	Acc: 93.89%
Pre-train Epoch: 79 [12800/60000 (21%)]	Loss: 0.228110	Acc: 93.39%
Pre-train Epoch: 79 [19200/60000 (32%)]	Loss: 0.230788	Acc: 93.50%
Pre-train Epoch: 79 [25600/60000 (43%)]	Loss: 0.318545	Acc: 93.36%
Pre-train Epoch: 79 [32000/60000 (53%)]	Loss: 0.294195	Acc: 93.37%
Pre-train Epoch: 79 [38400/60000 (64%)]	Loss: 0.366684	Acc: 93.28%
Pre-train Epoch: 79 [44800/60000 (75%)]	Loss: 0.321474	Acc: 93.29%
Pre-train Epoch: 79 [51200/60000 (85%)]	Loss: 0.257208	Acc: 93.29%
Pre-train Epoch: 79 [57600/60000 (96%)]	Loss: 0.255380	Acc: 93.27%
Pre-train Epoch: 80 [0/60000 (0%)]	Loss: 0.333124	Acc: 89.06%
Pre-train Epoch: 80 [6400/60000 (11%)]	Loss: 0.265318	Acc: 93.32%
Pre-train Epoch: 80 [12800/60000 (21%)]	Loss: 0.291036	Acc: 93.03%
Pre-train Epoch: 80 [19200/60000 (32%)]	Loss: 0.208722	Acc: 93.08%
Pre-train Epoch: 80 [25600/60000 (43%)]	Loss: 0.181704	Acc: 93.03%
Pre-train Epoch: 80 [32000/60000 (53%)]	Loss: 0.359154	Acc: 93.10%
Pre-train Epoch: 80 [38400/60000 (64%)]	Loss: 0.327434	Acc: 93.14%
Pre-train Epoch: 80 [44800/60000 (75%)]	Loss: 0.279337	Acc: 93.14%
Pre-train Epoch: 80 [51200/60000 (85%)]	Loss: 0.263627	Acc: 93.19%
Pre-train Epoch: 80 [57600/60000 (96%)]	Loss: 0.271445	Acc: 93.24%
Pre-train Epoch: 81 [0/60000 (0%)]	Loss: 0.246296	Acc: 95.31%
Pre-train Epoch: 81 [6400/60000 (11%)]	Loss: 0.367973	Acc: 93.67%
Pre-train Epoch: 81 [12800/60000 (21%)]	Loss: 0.359886	Acc: 93.52%
Pre-train Epoch: 81 [19200/60000 (32%)]	Loss: 0.329883	Acc: 93.44%
Pre-train Epoch: 81 [25600/60000 (43%)]	Loss: 0.276050	Acc: 93.47%
Pre-train Epoch: 81 [32000/60000 (53%)]	Loss: 0.472100	Acc: 93.41%
Pre-train Epoch: 81 [38400/60000 (64%)]	Loss: 0.417350	Acc: 93.42%
Pre-train Epoch: 81 [44800/60000 (75%)]	Loss: 0.271313	Acc: 93.43%
Pre-train Epoch: 81 [51200/60000 (85%)]	Loss: 0.377085	Acc: 93.34%
Pre-train Epoch: 81 [57600/60000 (96%)]	Loss: 0.173538	Acc: 93.31%
Pre-train Epoch: 82 [0/60000 (0%)]	Loss: 0.268563	Acc: 95.31%
Pre-train Epoch: 82 [6400/60000 (11%)]	Loss: 0.247727	Acc: 93.47%
Pre-train Epoch: 82 [12800/60000 (21%)]	Loss: 0.242508	Acc: 93.31%
Pre-train Epoch: 82 [19200/60000 (32%)]	Loss: 0.297565	Acc: 93.36%
Pre-train Epoch: 82 [25600/60000 (43%)]	Loss: 0.163216	Acc: 93.33%
Pre-train Epoch: 82 [32000/60000 (53%)]	Loss: 0.325375	Acc: 93.38%
Pre-train Epoch: 82 [38400/60000 (64%)]	Loss: 0.348491	Acc: 93.29%
Pre-train Epoch: 82 [44800/60000 (75%)]	Loss: 0.324476	Acc: 93.29%
Pre-train Epoch: 82 [51200/60000 (85%)]	Loss: 0.262184	Acc: 93.24%
Pre-train Epoch: 82 [57600/60000 (96%)]	Loss: 0.361410	Acc: 93.24%
Pre-train Epoch: 83 [0/60000 (0%)]	Loss: 0.305152	Acc: 92.19%
Pre-train Epoch: 83 [6400/60000 (11%)]	Loss: 0.269377	Acc: 93.72%
Pre-train Epoch: 83 [12800/60000 (21%)]	Loss: 0.381762	Acc: 93.56%
Pre-train Epoch: 83 [19200/60000 (32%)]	Loss: 0.315292	Acc: 93.40%
Pre-train Epoch: 83 [25600/60000 (43%)]	Loss: 0.273090	Acc: 93.34%
Pre-train Epoch: 83 [32000/60000 (53%)]	Loss: 0.246953	Acc: 93.39%
Pre-train Epoch: 83 [38400/60000 (64%)]	Loss: 0.274658	Acc: 93.46%
Pre-train Epoch: 83 [44800/60000 (75%)]	Loss: 0.255753	Acc: 93.41%
Pre-train Epoch: 83 [51200/60000 (85%)]	Loss: 0.490018	Acc: 93.39%
Pre-train Epoch: 83 [57600/60000 (96%)]	Loss: 0.227561	Acc: 93.47%
Pre-train Epoch: 84 [0/60000 (0%)]	Loss: 0.265263	Acc: 92.19%
Pre-train Epoch: 84 [6400/60000 (11%)]	Loss: 0.279151	Acc: 93.63%
Pre-train Epoch: 84 [12800/60000 (21%)]	Loss: 0.213244	Acc: 93.63%
Pre-train Epoch: 84 [19200/60000 (32%)]	Loss: 0.306048	Acc: 93.53%
Pre-train Epoch: 84 [25600/60000 (43%)]	Loss: 0.233774	Acc: 93.50%
Pre-train Epoch: 84 [32000/60000 (53%)]	Loss: 0.346452	Acc: 93.41%
Pre-train Epoch: 84 [38400/60000 (64%)]	Loss: 0.301411	Acc: 93.45%
Pre-train Epoch: 84 [44800/60000 (75%)]	Loss: 0.252884	Acc: 93.46%
Pre-train Epoch: 84 [51200/60000 (85%)]	Loss: 0.312535	Acc: 93.45%
Pre-train Epoch: 84 [57600/60000 (96%)]	Loss: 0.303607	Acc: 93.48%
Pre-train Epoch: 85 [0/60000 (0%)]	Loss: 0.253283	Acc: 95.31%
Pre-train Epoch: 85 [6400/60000 (11%)]	Loss: 0.362348	Acc: 93.33%
Pre-train Epoch: 85 [12800/60000 (21%)]	Loss: 0.144374	Acc: 93.52%
Pre-train Epoch: 85 [19200/60000 (32%)]	Loss: 0.367250	Acc: 93.56%
Pre-train Epoch: 85 [25600/60000 (43%)]	Loss: 0.274369	Acc: 93.41%
Pre-train Epoch: 85 [32000/60000 (53%)]	Loss: 0.352296	Acc: 93.39%
Pre-train Epoch: 85 [38400/60000 (64%)]	Loss: 0.245566	Acc: 93.34%
Pre-train Epoch: 85 [44800/60000 (75%)]	Loss: 0.328026	Acc: 93.43%
Pre-train Epoch: 85 [51200/60000 (85%)]	Loss: 0.227931	Acc: 93.44%
Pre-train Epoch: 85 [57600/60000 (96%)]	Loss: 0.335724	Acc: 93.50%
Pre-train Epoch: 86 [0/60000 (0%)]	Loss: 0.385398	Acc: 85.94%
Pre-train Epoch: 86 [6400/60000 (11%)]	Loss: 0.262488	Acc: 93.81%
Pre-train Epoch: 86 [12800/60000 (21%)]	Loss: 0.320632	Acc: 93.76%
Pre-train Epoch: 86 [19200/60000 (32%)]	Loss: 0.283307	Acc: 93.63%
Pre-train Epoch: 86 [25600/60000 (43%)]	Loss: 0.285286	Acc: 93.56%
Pre-train Epoch: 86 [32000/60000 (53%)]	Loss: 0.344572	Acc: 93.48%
Pre-train Epoch: 86 [38400/60000 (64%)]	Loss: 0.228841	Acc: 93.50%
Pre-train Epoch: 86 [44800/60000 (75%)]	Loss: 0.272454	Acc: 93.51%
Pre-train Epoch: 86 [51200/60000 (85%)]	Loss: 0.238237	Acc: 93.56%
Pre-train Epoch: 86 [57600/60000 (96%)]	Loss: 0.333781	Acc: 93.56%
Pre-train Epoch: 87 [0/60000 (0%)]	Loss: 0.347082	Acc: 92.19%
Pre-train Epoch: 87 [6400/60000 (11%)]	Loss: 0.278968	Acc: 93.87%
Pre-train Epoch: 87 [12800/60000 (21%)]	Loss: 0.224478	Acc: 93.53%
Pre-train Epoch: 87 [19200/60000 (32%)]	Loss: 0.291573	Acc: 93.71%
Pre-train Epoch: 87 [25600/60000 (43%)]	Loss: 0.276906	Acc: 93.68%
Pre-train Epoch: 87 [32000/60000 (53%)]	Loss: 0.347958	Acc: 93.63%
Pre-train Epoch: 87 [38400/60000 (64%)]	Loss: 0.303583	Acc: 93.60%
Pre-train Epoch: 87 [44800/60000 (75%)]	Loss: 0.356217	Acc: 93.60%
Pre-train Epoch: 87 [51200/60000 (85%)]	Loss: 0.346856	Acc: 93.60%
Pre-train Epoch: 87 [57600/60000 (96%)]	Loss: 0.201635	Acc: 93.60%
Pre-train Epoch: 88 [0/60000 (0%)]	Loss: 0.311820	Acc: 92.19%
Pre-train Epoch: 88 [6400/60000 (11%)]	Loss: 0.387652	Acc: 93.80%
Pre-train Epoch: 88 [12800/60000 (21%)]	Loss: 0.318410	Acc: 93.71%
Pre-train Epoch: 88 [19200/60000 (32%)]	Loss: 0.200806	Acc: 93.55%
Pre-train Epoch: 88 [25600/60000 (43%)]	Loss: 0.236492	Acc: 93.72%
Pre-train Epoch: 88 [32000/60000 (53%)]	Loss: 0.282312	Acc: 93.69%
Pre-train Epoch: 88 [38400/60000 (64%)]	Loss: 0.284683	Acc: 93.71%
Pre-train Epoch: 88 [44800/60000 (75%)]	Loss: 0.283092	Acc: 93.72%
Pre-train Epoch: 88 [51200/60000 (85%)]	Loss: 0.370320	Acc: 93.64%
Pre-train Epoch: 88 [57600/60000 (96%)]	Loss: 0.267698	Acc: 93.62%
Pre-train Epoch: 89 [0/60000 (0%)]	Loss: 0.268477	Acc: 93.75%
Pre-train Epoch: 89 [6400/60000 (11%)]	Loss: 0.303350	Acc: 93.52%
Pre-train Epoch: 89 [12800/60000 (21%)]	Loss: 0.198853	Acc: 93.66%
Pre-train Epoch: 89 [19200/60000 (32%)]	Loss: 0.289371	Acc: 93.71%
Pre-train Epoch: 89 [25600/60000 (43%)]	Loss: 0.341427	Acc: 93.58%
Pre-train Epoch: 89 [32000/60000 (53%)]	Loss: 0.299676	Acc: 93.72%
Pre-train Epoch: 89 [38400/60000 (64%)]	Loss: 0.358176	Acc: 93.68%
Pre-train Epoch: 89 [44800/60000 (75%)]	Loss: 0.296572	Acc: 93.65%
Pre-train Epoch: 89 [51200/60000 (85%)]	Loss: 0.297503	Acc: 93.65%
Pre-train Epoch: 89 [57600/60000 (96%)]	Loss: 0.250870	Acc: 93.66%
Pre-train Epoch: 90 [0/60000 (0%)]	Loss: 0.190680	Acc: 95.31%
Pre-train Epoch: 90 [6400/60000 (11%)]	Loss: 0.285235	Acc: 93.78%
Pre-train Epoch: 90 [12800/60000 (21%)]	Loss: 0.454634	Acc: 93.78%
Pre-train Epoch: 90 [19200/60000 (32%)]	Loss: 0.229105	Acc: 93.83%
Pre-train Epoch: 90 [25600/60000 (43%)]	Loss: 0.345435	Acc: 93.89%
Pre-train Epoch: 90 [32000/60000 (53%)]	Loss: 0.400843	Acc: 93.93%
Pre-train Epoch: 90 [38400/60000 (64%)]	Loss: 0.292166	Acc: 93.86%
Pre-train Epoch: 90 [44800/60000 (75%)]	Loss: 0.275829	Acc: 93.88%
Pre-train Epoch: 90 [51200/60000 (85%)]	Loss: 0.297950	Acc: 93.86%
Pre-train Epoch: 90 [57600/60000 (96%)]	Loss: 0.332076	Acc: 93.84%
Pre-train Epoch: 91 [0/60000 (0%)]	Loss: 0.198559	Acc: 95.31%
Pre-train Epoch: 91 [6400/60000 (11%)]	Loss: 0.303465	Acc: 93.72%
Pre-train Epoch: 91 [12800/60000 (21%)]	Loss: 0.299108	Acc: 93.62%
Pre-train Epoch: 91 [19200/60000 (32%)]	Loss: 0.317953	Acc: 93.63%
Pre-train Epoch: 91 [25600/60000 (43%)]	Loss: 0.312269	Acc: 93.65%
Pre-train Epoch: 91 [32000/60000 (53%)]	Loss: 0.244253	Acc: 93.71%
Pre-train Epoch: 91 [38400/60000 (64%)]	Loss: 0.237150	Acc: 93.80%
Pre-train Epoch: 91 [44800/60000 (75%)]	Loss: 0.287958	Acc: 93.77%
Pre-train Epoch: 91 [51200/60000 (85%)]	Loss: 0.282895	Acc: 93.76%
Pre-train Epoch: 91 [57600/60000 (96%)]	Loss: 0.406706	Acc: 93.73%
Pre-train Epoch: 92 [0/60000 (0%)]	Loss: 0.279429	Acc: 93.75%
Pre-train Epoch: 92 [6400/60000 (11%)]	Loss: 0.285746	Acc: 93.66%
Pre-train Epoch: 92 [12800/60000 (21%)]	Loss: 0.320839	Acc: 93.68%
Pre-train Epoch: 92 [19200/60000 (32%)]	Loss: 0.301437	Acc: 93.80%
Pre-train Epoch: 92 [25600/60000 (43%)]	Loss: 0.261188	Acc: 93.84%
Pre-train Epoch: 92 [32000/60000 (53%)]	Loss: 0.199132	Acc: 93.77%
Pre-train Epoch: 92 [38400/60000 (64%)]	Loss: 0.316378	Acc: 93.85%
Pre-train Epoch: 92 [44800/60000 (75%)]	Loss: 0.276840	Acc: 93.87%
Pre-train Epoch: 92 [51200/60000 (85%)]	Loss: 0.236866	Acc: 93.88%
Pre-train Epoch: 92 [57600/60000 (96%)]	Loss: 0.297269	Acc: 93.85%
Pre-train Epoch: 93 [0/60000 (0%)]	Loss: 0.267591	Acc: 93.75%
Pre-train Epoch: 93 [6400/60000 (11%)]	Loss: 0.314517	Acc: 93.81%
Pre-train Epoch: 93 [12800/60000 (21%)]	Loss: 0.278405	Acc: 93.78%
Pre-train Epoch: 93 [19200/60000 (32%)]	Loss: 0.307574	Acc: 93.76%
Pre-train Epoch: 93 [25600/60000 (43%)]	Loss: 0.276809	Acc: 93.83%
Pre-train Epoch: 93 [32000/60000 (53%)]	Loss: 0.195804	Acc: 93.89%
Pre-train Epoch: 93 [38400/60000 (64%)]	Loss: 0.268652	Acc: 93.87%
Pre-train Epoch: 93 [44800/60000 (75%)]	Loss: 0.316524	Acc: 93.86%
Pre-train Epoch: 93 [51200/60000 (85%)]	Loss: 0.351066	Acc: 93.83%
Pre-train Epoch: 93 [57600/60000 (96%)]	Loss: 0.252612	Acc: 93.86%
Pre-train Epoch: 94 [0/60000 (0%)]	Loss: 0.246523	Acc: 98.44%
Pre-train Epoch: 94 [6400/60000 (11%)]	Loss: 0.249787	Acc: 93.87%
Pre-train Epoch: 94 [12800/60000 (21%)]	Loss: 0.287248	Acc: 93.94%
Pre-train Epoch: 94 [19200/60000 (32%)]	Loss: 0.299707	Acc: 93.77%
Pre-train Epoch: 94 [25600/60000 (43%)]	Loss: 0.325466	Acc: 93.75%
Pre-train Epoch: 94 [32000/60000 (53%)]	Loss: 0.258259	Acc: 93.64%
Pre-train Epoch: 94 [38400/60000 (64%)]	Loss: 0.301975	Acc: 93.61%
Pre-train Epoch: 94 [44800/60000 (75%)]	Loss: 0.391753	Acc: 93.72%
Pre-train Epoch: 94 [51200/60000 (85%)]	Loss: 0.212706	Acc: 93.72%
Pre-train Epoch: 94 [57600/60000 (96%)]	Loss: 0.323004	Acc: 93.78%
Pre-train Epoch: 95 [0/60000 (0%)]	Loss: 0.222474	Acc: 95.31%
Pre-train Epoch: 95 [6400/60000 (11%)]	Loss: 0.247652	Acc: 93.52%
Pre-train Epoch: 95 [12800/60000 (21%)]	Loss: 0.252041	Acc: 93.63%
Pre-train Epoch: 95 [19200/60000 (32%)]	Loss: 0.240110	Acc: 93.91%
Pre-train Epoch: 95 [25600/60000 (43%)]	Loss: 0.306492	Acc: 93.84%
Pre-train Epoch: 95 [32000/60000 (53%)]	Loss: 0.260920	Acc: 93.87%
Pre-train Epoch: 95 [38400/60000 (64%)]	Loss: 0.181834	Acc: 93.94%
Pre-train Epoch: 95 [44800/60000 (75%)]	Loss: 0.277973	Acc: 93.93%
Pre-train Epoch: 95 [51200/60000 (85%)]	Loss: 0.261166	Acc: 93.97%
Pre-train Epoch: 95 [57600/60000 (96%)]	Loss: 0.184087	Acc: 93.97%
Pre-train Epoch: 96 [0/60000 (0%)]	Loss: 0.223221	Acc: 95.31%
Pre-train Epoch: 96 [6400/60000 (11%)]	Loss: 0.264844	Acc: 93.52%
Pre-train Epoch: 96 [12800/60000 (21%)]	Loss: 0.284429	Acc: 93.73%
Pre-train Epoch: 96 [19200/60000 (32%)]	Loss: 0.263129	Acc: 93.83%
Pre-train Epoch: 96 [25600/60000 (43%)]	Loss: 0.298218	Acc: 93.89%
Pre-train Epoch: 96 [32000/60000 (53%)]	Loss: 0.238899	Acc: 93.94%
Pre-train Epoch: 96 [38400/60000 (64%)]	Loss: 0.406500	Acc: 93.93%
Pre-train Epoch: 96 [44800/60000 (75%)]	Loss: 0.205811	Acc: 93.95%
Pre-train Epoch: 96 [51200/60000 (85%)]	Loss: 0.285883	Acc: 93.94%
Pre-train Epoch: 96 [57600/60000 (96%)]	Loss: 0.293066	Acc: 93.91%
Pre-train Epoch: 97 [0/60000 (0%)]	Loss: 0.278818	Acc: 92.19%
Pre-train Epoch: 97 [6400/60000 (11%)]	Loss: 0.239810	Acc: 94.62%
Pre-train Epoch: 97 [12800/60000 (21%)]	Loss: 0.248823	Acc: 94.17%
Pre-train Epoch: 97 [19200/60000 (32%)]	Loss: 0.247263	Acc: 93.93%
Pre-train Epoch: 97 [25600/60000 (43%)]	Loss: 0.253076	Acc: 93.80%
Pre-train Epoch: 97 [32000/60000 (53%)]	Loss: 0.283611	Acc: 93.79%
Pre-train Epoch: 97 [38400/60000 (64%)]	Loss: 0.174264	Acc: 93.77%
Pre-train Epoch: 97 [44800/60000 (75%)]	Loss: 0.259820	Acc: 93.82%
Pre-train Epoch: 97 [51200/60000 (85%)]	Loss: 0.272125	Acc: 93.81%
Pre-train Epoch: 97 [57600/60000 (96%)]	Loss: 0.296592	Acc: 93.81%
Pre-train Epoch: 98 [0/60000 (0%)]	Loss: 0.208090	Acc: 95.31%
Pre-train Epoch: 98 [6400/60000 (11%)]	Loss: 0.393794	Acc: 94.15%
Pre-train Epoch: 98 [12800/60000 (21%)]	Loss: 0.205496	Acc: 94.28%
Pre-train Epoch: 98 [19200/60000 (32%)]	Loss: 0.181187	Acc: 94.27%
Pre-train Epoch: 98 [25600/60000 (43%)]	Loss: 0.239668	Acc: 94.10%
Pre-train Epoch: 98 [32000/60000 (53%)]	Loss: 0.215828	Acc: 94.06%
Pre-train Epoch: 98 [38400/60000 (64%)]	Loss: 0.332931	Acc: 94.09%
Pre-train Epoch: 98 [44800/60000 (75%)]	Loss: 0.273555	Acc: 94.08%
Pre-train Epoch: 98 [51200/60000 (85%)]	Loss: 0.262905	Acc: 94.00%
Pre-train Epoch: 98 [57600/60000 (96%)]	Loss: 0.358474	Acc: 93.99%
Pre-train Epoch: 99 [0/60000 (0%)]	Loss: 0.279624	Acc: 95.31%
Pre-train Epoch: 99 [6400/60000 (11%)]	Loss: 0.213485	Acc: 94.23%
Pre-train Epoch: 99 [12800/60000 (21%)]	Loss: 0.177251	Acc: 94.01%
Pre-train Epoch: 99 [19200/60000 (32%)]	Loss: 0.192890	Acc: 93.86%
Pre-train Epoch: 99 [25600/60000 (43%)]	Loss: 0.254282	Acc: 93.93%
Pre-train Epoch: 99 [32000/60000 (53%)]	Loss: 0.230991	Acc: 93.98%
Pre-train Epoch: 99 [38400/60000 (64%)]	Loss: 0.354524	Acc: 94.00%
Pre-train Epoch: 99 [44800/60000 (75%)]	Loss: 0.279849	Acc: 94.05%
Pre-train Epoch: 99 [51200/60000 (85%)]	Loss: 0.392857	Acc: 94.04%
Pre-train Epoch: 99 [57600/60000 (96%)]	Loss: 0.362179	Acc: 93.98%
Pre-train Epoch: 100 [0/60000 (0%)]	Loss: 0.167408	Acc: 96.88%
Pre-train Epoch: 100 [6400/60000 (11%)]	Loss: 0.256243	Acc: 93.95%
Pre-train Epoch: 100 [12800/60000 (21%)]	Loss: 0.404142	Acc: 93.86%
Pre-train Epoch: 100 [19200/60000 (32%)]	Loss: 0.275626	Acc: 93.94%
Pre-train Epoch: 100 [25600/60000 (43%)]	Loss: 0.341422	Acc: 94.05%
Pre-train Epoch: 100 [32000/60000 (53%)]	Loss: 0.265053	Acc: 94.01%
Pre-train Epoch: 100 [38400/60000 (64%)]	Loss: 0.295142	Acc: 93.92%
Pre-train Epoch: 100 [44800/60000 (75%)]	Loss: 0.287513	Acc: 93.92%
Pre-train Epoch: 100 [51200/60000 (85%)]	Loss: 0.240593	Acc: 93.88%
Pre-train Epoch: 100 [57600/60000 (96%)]	Loss: 0.265213	Acc: 93.90%
Reference model saved to models/raman_reference_model.pth

--- Starting Finetuning ---
Finetune Epoch: 1 [0/3000 (0%)]	Loss: 1.600318	Acc: 59.38%
Finetune Epoch: 2 [0/3000 (0%)]	Loss: 0.748984	Acc: 75.00%
Finetune Epoch: 3 [0/3000 (0%)]	Loss: 0.711916	Acc: 76.56%
Finetune Epoch: 4 [0/3000 (0%)]	Loss: 0.490897	Acc: 87.50%
Finetune Epoch: 5 [0/3000 (0%)]	Loss: 0.389652	Acc: 93.75%
Finetune Epoch: 6 [0/3000 (0%)]	Loss: 0.455601	Acc: 85.94%
Finetune Epoch: 7 [0/3000 (0%)]	Loss: 0.407051	Acc: 90.62%
Finetune Epoch: 8 [0/3000 (0%)]	Loss: 0.249261	Acc: 96.88%
Finetune Epoch: 9 [0/3000 (0%)]	Loss: 0.334582	Acc: 95.31%
Finetune Epoch: 10 [0/3000 (0%)]	Loss: 0.309442	Acc: 93.75%
Finetune Epoch: 11 [0/3000 (0%)]	Loss: 0.174586	Acc: 98.44%
Finetune Epoch: 12 [0/3000 (0%)]	Loss: 0.445300	Acc: 89.06%
Finetune Epoch: 13 [0/3000 (0%)]	Loss: 0.357609	Acc: 92.19%
Finetune Epoch: 14 [0/3000 (0%)]	Loss: 0.370111	Acc: 92.19%
Finetune Epoch: 15 [0/3000 (0%)]	Loss: 0.348934	Acc: 93.75%
Finetune Epoch: 16 [0/3000 (0%)]	Loss: 0.213157	Acc: 98.44%
Finetune Epoch: 17 [0/3000 (0%)]	Loss: 0.253359	Acc: 95.31%
Finetune Epoch: 18 [0/3000 (0%)]	Loss: 0.314736	Acc: 93.75%
Finetune Epoch: 19 [0/3000 (0%)]	Loss: 0.218957	Acc: 96.88%
Finetune Epoch: 20 [0/3000 (0%)]	Loss: 0.226675	Acc: 96.88%
Finetuned model saved to models/raman_finetuned_model.pth

--- Evaluating on Test Set ---

Test set: Average loss: 0.5073, Accuracy: 2559/3000 (85.30%)

