Using device: mps
Loading reference dataset...
Applying RamanSPy preprocessing to data/X_reference.npy...
Detected 30 classes.
Split reference data: 40200 train / 19800 val

--- Starting Reference Training ---
Pre-train Epoch: 1 [0/40200 (0%)]	Loss: 3.529942	Acc: 0.00%
Pre-train Epoch: 1 [6400/40200 (16%)]	Loss: 2.365648	Acc: 21.67%
Pre-train Epoch: 1 [12800/40200 (32%)]	Loss: 1.842020	Acc: 29.98%
Pre-train Epoch: 1 [19200/40200 (48%)]	Loss: 1.511604	Acc: 35.82%
Pre-train Epoch: 1 [25600/40200 (64%)]	Loss: 1.545038	Acc: 40.50%
Pre-train Epoch: 1 [32000/40200 (79%)]	Loss: 1.333385	Acc: 44.03%
Pre-train Epoch: 1 [38400/40200 (95%)]	Loss: 1.341373	Acc: 46.68%
Pre-train Epoch: 2 [0/40200 (0%)]	Loss: 1.264353	Acc: 65.62%
Pre-train Epoch: 2 [6400/40200 (16%)]	Loss: 1.101267	Acc: 63.92%
Pre-train Epoch: 2 [12800/40200 (32%)]	Loss: 1.117617	Acc: 64.73%
Pre-train Epoch: 2 [19200/40200 (48%)]	Loss: 1.031573	Acc: 65.70%
Pre-train Epoch: 2 [25600/40200 (64%)]	Loss: 1.012342	Acc: 66.27%
Pre-train Epoch: 2 [32000/40200 (79%)]	Loss: 1.151068	Acc: 66.74%
Pre-train Epoch: 2 [38400/40200 (95%)]	Loss: 0.852824	Acc: 67.26%
Pre-train Epoch: 3 [0/40200 (0%)]	Loss: 0.879346	Acc: 73.44%
Pre-train Epoch: 3 [6400/40200 (16%)]	Loss: 0.833089	Acc: 70.53%
Pre-train Epoch: 3 [12800/40200 (32%)]	Loss: 0.956506	Acc: 70.97%
Pre-train Epoch: 3 [19200/40200 (48%)]	Loss: 1.013099	Acc: 70.95%
Pre-train Epoch: 3 [25600/40200 (64%)]	Loss: 0.902614	Acc: 71.07%
Pre-train Epoch: 3 [32000/40200 (79%)]	Loss: 0.953906	Acc: 71.28%
Pre-train Epoch: 3 [38400/40200 (95%)]	Loss: 1.074456	Acc: 71.17%
Pre-train Epoch: 4 [0/40200 (0%)]	Loss: 0.821350	Acc: 75.00%
Pre-train Epoch: 4 [6400/40200 (16%)]	Loss: 1.004280	Acc: 72.77%
Pre-train Epoch: 4 [12800/40200 (32%)]	Loss: 1.067760	Acc: 72.43%
Pre-train Epoch: 4 [19200/40200 (48%)]	Loss: 0.880334	Acc: 72.38%
Pre-train Epoch: 4 [25600/40200 (64%)]	Loss: 0.785191	Acc: 72.56%
Pre-train Epoch: 4 [32000/40200 (79%)]	Loss: 0.950797	Acc: 72.49%
Pre-train Epoch: 4 [38400/40200 (95%)]	Loss: 1.045989	Acc: 72.51%
Pre-train Epoch: 5 [0/40200 (0%)]	Loss: 0.827608	Acc: 79.69%
Pre-train Epoch: 5 [6400/40200 (16%)]	Loss: 0.647655	Acc: 73.04%
Pre-train Epoch: 5 [12800/40200 (32%)]	Loss: 0.843796	Acc: 73.61%
Pre-train Epoch: 5 [19200/40200 (48%)]	Loss: 0.821159	Acc: 73.90%
Pre-train Epoch: 5 [25600/40200 (64%)]	Loss: 0.705913	Acc: 73.89%
Pre-train Epoch: 5 [32000/40200 (79%)]	Loss: 1.046494	Acc: 73.61%
Pre-train Epoch: 5 [38400/40200 (95%)]	Loss: 0.737508	Acc: 73.65%
Pre-train Epoch: 6 [0/40200 (0%)]	Loss: 0.855384	Acc: 75.00%
Pre-train Epoch: 6 [6400/40200 (16%)]	Loss: 0.779381	Acc: 73.87%
Pre-train Epoch: 6 [12800/40200 (32%)]	Loss: 0.796129	Acc: 74.07%
Pre-train Epoch: 6 [19200/40200 (48%)]	Loss: 1.172705	Acc: 73.50%
Pre-train Epoch: 6 [25600/40200 (64%)]	Loss: 0.808489	Acc: 73.83%
Pre-train Epoch: 6 [32000/40200 (79%)]	Loss: 0.887875	Acc: 73.95%
Pre-train Epoch: 6 [38400/40200 (95%)]	Loss: 0.836079	Acc: 73.87%
Pre-train Epoch: 7 [0/40200 (0%)]	Loss: 0.799579	Acc: 81.25%
Pre-train Epoch: 7 [6400/40200 (16%)]	Loss: 0.836135	Acc: 74.13%
Pre-train Epoch: 7 [12800/40200 (32%)]	Loss: 0.755128	Acc: 74.00%
Pre-train Epoch: 7 [19200/40200 (48%)]	Loss: 1.067165	Acc: 74.22%
Pre-train Epoch: 7 [25600/40200 (64%)]	Loss: 0.822301	Acc: 74.35%
Pre-train Epoch: 7 [32000/40200 (79%)]	Loss: 0.754497	Acc: 74.39%
Pre-train Epoch: 7 [38400/40200 (95%)]	Loss: 0.852016	Acc: 74.50%
Pre-train Epoch: 8 [0/40200 (0%)]	Loss: 0.699519	Acc: 79.69%
Pre-train Epoch: 8 [6400/40200 (16%)]	Loss: 0.956057	Acc: 73.79%
Pre-train Epoch: 8 [12800/40200 (32%)]	Loss: 0.868428	Acc: 74.02%
Pre-train Epoch: 8 [19200/40200 (48%)]	Loss: 0.800457	Acc: 74.44%
Pre-train Epoch: 8 [25600/40200 (64%)]	Loss: 0.788924	Acc: 74.65%
Pre-train Epoch: 8 [32000/40200 (79%)]	Loss: 0.851713	Acc: 74.79%
Pre-train Epoch: 8 [38400/40200 (95%)]	Loss: 0.664377	Acc: 74.75%
Pre-train Epoch: 9 [0/40200 (0%)]	Loss: 0.827168	Acc: 73.44%
Pre-train Epoch: 9 [6400/40200 (16%)]	Loss: 0.817429	Acc: 75.26%
Pre-train Epoch: 9 [12800/40200 (32%)]	Loss: 1.022312	Acc: 75.10%
Pre-train Epoch: 9 [19200/40200 (48%)]	Loss: 0.874536	Acc: 75.20%
Pre-train Epoch: 9 [25600/40200 (64%)]	Loss: 0.778643	Acc: 75.13%
Pre-train Epoch: 9 [32000/40200 (79%)]	Loss: 0.898905	Acc: 75.30%
Pre-train Epoch: 9 [38400/40200 (95%)]	Loss: 0.864432	Acc: 75.34%
Pre-train Epoch: 10 [0/40200 (0%)]	Loss: 0.766710	Acc: 79.69%
Pre-train Epoch: 10 [6400/40200 (16%)]	Loss: 0.644872	Acc: 74.86%
Pre-train Epoch: 10 [12800/40200 (32%)]	Loss: 0.867379	Acc: 75.05%
Pre-train Epoch: 10 [19200/40200 (48%)]	Loss: 0.650334	Acc: 75.19%
Pre-train Epoch: 10 [25600/40200 (64%)]	Loss: 0.853301	Acc: 75.48%
Pre-train Epoch: 10 [32000/40200 (79%)]	Loss: 0.690255	Acc: 75.45%
Pre-train Epoch: 10 [38400/40200 (95%)]	Loss: 0.713345	Acc: 75.39%
Pre-train Epoch: 11 [0/40200 (0%)]	Loss: 0.895336	Acc: 75.00%
Pre-train Epoch: 11 [6400/40200 (16%)]	Loss: 0.957050	Acc: 75.42%
Pre-train Epoch: 11 [12800/40200 (32%)]	Loss: 0.822271	Acc: 75.30%
Pre-train Epoch: 11 [19200/40200 (48%)]	Loss: 0.703232	Acc: 75.56%
Pre-train Epoch: 11 [25600/40200 (64%)]	Loss: 0.793716	Acc: 75.52%
Pre-train Epoch: 11 [32000/40200 (79%)]	Loss: 0.796376	Acc: 75.58%
Pre-train Epoch: 11 [38400/40200 (95%)]	Loss: 0.822089	Acc: 75.57%
Pre-train Epoch: 12 [0/40200 (0%)]	Loss: 0.815769	Acc: 70.31%
Pre-train Epoch: 12 [6400/40200 (16%)]	Loss: 0.818393	Acc: 75.17%
Pre-train Epoch: 12 [12800/40200 (32%)]	Loss: 0.854200	Acc: 75.20%
Pre-train Epoch: 12 [19200/40200 (48%)]	Loss: 0.708281	Acc: 75.32%
Pre-train Epoch: 12 [25600/40200 (64%)]	Loss: 0.673059	Acc: 75.40%
Pre-train Epoch: 12 [32000/40200 (79%)]	Loss: 0.827514	Acc: 75.26%
Pre-train Epoch: 12 [38400/40200 (95%)]	Loss: 0.705285	Acc: 75.29%
Pre-train Epoch: 13 [0/40200 (0%)]	Loss: 0.781645	Acc: 79.69%
Pre-train Epoch: 13 [6400/40200 (16%)]	Loss: 0.768079	Acc: 75.91%
Pre-train Epoch: 13 [12800/40200 (32%)]	Loss: 0.768949	Acc: 76.06%
Pre-train Epoch: 13 [19200/40200 (48%)]	Loss: 0.651313	Acc: 75.79%
Pre-train Epoch: 13 [25600/40200 (64%)]	Loss: 0.857709	Acc: 75.80%
Pre-train Epoch: 13 [32000/40200 (79%)]	Loss: 0.812177	Acc: 75.84%
Pre-train Epoch: 13 [38400/40200 (95%)]	Loss: 0.863837	Acc: 75.77%
Pre-train Epoch: 14 [0/40200 (0%)]	Loss: 0.731850	Acc: 79.69%
Pre-train Epoch: 14 [6400/40200 (16%)]	Loss: 0.709640	Acc: 76.61%
Pre-train Epoch: 14 [12800/40200 (32%)]	Loss: 0.675284	Acc: 76.07%
Pre-train Epoch: 14 [19200/40200 (48%)]	Loss: 0.887667	Acc: 76.40%
Pre-train Epoch: 14 [25600/40200 (64%)]	Loss: 0.822168	Acc: 76.04%
Pre-train Epoch: 14 [32000/40200 (79%)]	Loss: 0.851059	Acc: 76.02%
Pre-train Epoch: 14 [38400/40200 (95%)]	Loss: 0.873066	Acc: 76.04%
Pre-train Epoch: 15 [0/40200 (0%)]	Loss: 0.822742	Acc: 70.31%
Pre-train Epoch: 15 [6400/40200 (16%)]	Loss: 0.659464	Acc: 76.04%
Pre-train Epoch: 15 [12800/40200 (32%)]	Loss: 0.661819	Acc: 76.05%
Pre-train Epoch: 15 [19200/40200 (48%)]	Loss: 0.855949	Acc: 75.97%
Pre-train Epoch: 15 [25600/40200 (64%)]	Loss: 0.768430	Acc: 76.02%
Pre-train Epoch: 15 [32000/40200 (79%)]	Loss: 0.725774	Acc: 76.01%
Pre-train Epoch: 15 [38400/40200 (95%)]	Loss: 0.740216	Acc: 75.98%
Pre-train Epoch: 16 [0/40200 (0%)]	Loss: 0.781691	Acc: 79.69%
Pre-train Epoch: 16 [6400/40200 (16%)]	Loss: 0.851079	Acc: 76.10%
Pre-train Epoch: 16 [12800/40200 (32%)]	Loss: 0.843443	Acc: 76.16%
Pre-train Epoch: 16 [19200/40200 (48%)]	Loss: 0.839505	Acc: 76.37%
Pre-train Epoch: 16 [25600/40200 (64%)]	Loss: 0.902138	Acc: 76.18%
Pre-train Epoch: 16 [32000/40200 (79%)]	Loss: 0.773191	Acc: 76.12%
Pre-train Epoch: 16 [38400/40200 (95%)]	Loss: 0.933678	Acc: 76.09%
Pre-train Epoch: 17 [0/40200 (0%)]	Loss: 0.944681	Acc: 71.88%
Pre-train Epoch: 17 [6400/40200 (16%)]	Loss: 0.669911	Acc: 75.32%
Pre-train Epoch: 17 [12800/40200 (32%)]	Loss: 0.872871	Acc: 75.81%
Pre-train Epoch: 17 [19200/40200 (48%)]	Loss: 0.835422	Acc: 76.06%
Pre-train Epoch: 17 [25600/40200 (64%)]	Loss: 0.765095	Acc: 76.20%
Pre-train Epoch: 17 [32000/40200 (79%)]	Loss: 0.787685	Acc: 76.26%
Pre-train Epoch: 17 [38400/40200 (95%)]	Loss: 0.923979	Acc: 76.07%
Pre-train Epoch: 18 [0/40200 (0%)]	Loss: 0.697075	Acc: 81.25%
Pre-train Epoch: 18 [6400/40200 (16%)]	Loss: 0.947191	Acc: 77.54%
Pre-train Epoch: 18 [12800/40200 (32%)]	Loss: 0.766869	Acc: 77.27%
Pre-train Epoch: 18 [19200/40200 (48%)]	Loss: 0.925604	Acc: 76.73%
Pre-train Epoch: 18 [25600/40200 (64%)]	Loss: 0.925482	Acc: 76.62%
Pre-train Epoch: 18 [32000/40200 (79%)]	Loss: 0.975262	Acc: 76.55%
Pre-train Epoch: 18 [38400/40200 (95%)]	Loss: 0.794873	Acc: 76.47%
Pre-train Epoch: 19 [0/40200 (0%)]	Loss: 0.818313	Acc: 75.00%
Pre-train Epoch: 19 [6400/40200 (16%)]	Loss: 0.587022	Acc: 75.97%
Pre-train Epoch: 19 [12800/40200 (32%)]	Loss: 0.728858	Acc: 76.35%
Pre-train Epoch: 19 [19200/40200 (48%)]	Loss: 0.621478	Acc: 76.41%
Pre-train Epoch: 19 [25600/40200 (64%)]	Loss: 0.839061	Acc: 76.38%
Pre-train Epoch: 19 [32000/40200 (79%)]	Loss: 0.681622	Acc: 76.45%
Pre-train Epoch: 19 [38400/40200 (95%)]	Loss: 0.706472	Acc: 76.45%
Pre-train Epoch: 20 [0/40200 (0%)]	Loss: 0.893855	Acc: 79.69%
Pre-train Epoch: 20 [6400/40200 (16%)]	Loss: 0.713587	Acc: 77.09%
Pre-train Epoch: 20 [12800/40200 (32%)]	Loss: 0.851025	Acc: 76.59%
Pre-train Epoch: 20 [19200/40200 (48%)]	Loss: 0.834074	Acc: 76.59%
Pre-train Epoch: 20 [25600/40200 (64%)]	Loss: 0.904626	Acc: 76.46%
Pre-train Epoch: 20 [32000/40200 (79%)]	Loss: 0.671340	Acc: 76.44%
Pre-train Epoch: 20 [38400/40200 (95%)]	Loss: 0.725354	Acc: 76.49%
Pre-train Epoch: 21 [0/40200 (0%)]	Loss: 0.984690	Acc: 73.44%
Pre-train Epoch: 21 [6400/40200 (16%)]	Loss: 0.744816	Acc: 76.78%
Pre-train Epoch: 21 [12800/40200 (32%)]	Loss: 0.712872	Acc: 76.49%
Pre-train Epoch: 21 [19200/40200 (48%)]	Loss: 0.798057	Acc: 76.51%
Pre-train Epoch: 21 [25600/40200 (64%)]	Loss: 0.879999	Acc: 76.55%
Pre-train Epoch: 21 [32000/40200 (79%)]	Loss: 0.831941	Acc: 76.41%
Pre-train Epoch: 21 [38400/40200 (95%)]	Loss: 0.889790	Acc: 76.33%
Pre-train Epoch: 22 [0/40200 (0%)]	Loss: 0.777650	Acc: 81.25%
Pre-train Epoch: 22 [6400/40200 (16%)]	Loss: 0.875180	Acc: 77.29%
Pre-train Epoch: 22 [12800/40200 (32%)]	Loss: 0.668036	Acc: 76.81%
Pre-train Epoch: 22 [19200/40200 (48%)]	Loss: 0.694042	Acc: 76.89%
Pre-train Epoch: 22 [25600/40200 (64%)]	Loss: 0.797033	Acc: 76.73%
Pre-train Epoch: 22 [32000/40200 (79%)]	Loss: 0.828847	Acc: 76.90%
Pre-train Epoch: 22 [38400/40200 (95%)]	Loss: 0.563843	Acc: 76.88%
Pre-train Epoch: 23 [0/40200 (0%)]	Loss: 0.666903	Acc: 76.56%
Pre-train Epoch: 23 [6400/40200 (16%)]	Loss: 0.795051	Acc: 77.07%
Pre-train Epoch: 23 [12800/40200 (32%)]	Loss: 0.710699	Acc: 77.04%
Pre-train Epoch: 23 [19200/40200 (48%)]	Loss: 0.749942	Acc: 77.16%
Pre-train Epoch: 23 [25600/40200 (64%)]	Loss: 0.761420	Acc: 77.08%
Pre-train Epoch: 23 [32000/40200 (79%)]	Loss: 0.675866	Acc: 76.98%
Pre-train Epoch: 23 [38400/40200 (95%)]	Loss: 0.796079	Acc: 76.80%
Pre-train Epoch: 24 [0/40200 (0%)]	Loss: 0.673082	Acc: 85.94%
Pre-train Epoch: 24 [6400/40200 (16%)]	Loss: 0.844700	Acc: 77.01%
Pre-train Epoch: 24 [12800/40200 (32%)]	Loss: 0.962220	Acc: 77.11%
Pre-train Epoch: 24 [19200/40200 (48%)]	Loss: 1.090284	Acc: 77.05%
Pre-train Epoch: 24 [25600/40200 (64%)]	Loss: 0.796196	Acc: 76.85%
Pre-train Epoch: 24 [32000/40200 (79%)]	Loss: 0.800775	Acc: 76.93%
Pre-train Epoch: 24 [38400/40200 (95%)]	Loss: 0.879197	Acc: 76.77%
Pre-train Epoch: 25 [0/40200 (0%)]	Loss: 0.667044	Acc: 85.94%
Pre-train Epoch: 25 [6400/40200 (16%)]	Loss: 0.668695	Acc: 77.03%
Pre-train Epoch: 25 [12800/40200 (32%)]	Loss: 0.786102	Acc: 77.11%
Pre-train Epoch: 25 [19200/40200 (48%)]	Loss: 0.674359	Acc: 77.27%
Pre-train Epoch: 25 [25600/40200 (64%)]	Loss: 0.717353	Acc: 77.28%
Pre-train Epoch: 25 [32000/40200 (79%)]	Loss: 0.776041	Acc: 76.91%
Pre-train Epoch: 25 [38400/40200 (95%)]	Loss: 0.808644	Acc: 76.94%
Pre-train Epoch: 26 [0/40200 (0%)]	Loss: 1.198396	Acc: 56.25%
Pre-train Epoch: 26 [6400/40200 (16%)]	Loss: 0.737302	Acc: 75.77%
Pre-train Epoch: 26 [12800/40200 (32%)]	Loss: 0.773423	Acc: 76.47%
Pre-train Epoch: 26 [19200/40200 (48%)]	Loss: 0.685992	Acc: 76.57%
Pre-train Epoch: 26 [25600/40200 (64%)]	Loss: 0.853443	Acc: 76.91%
Pre-train Epoch: 26 [32000/40200 (79%)]	Loss: 0.807749	Acc: 77.06%
Pre-train Epoch: 26 [38400/40200 (95%)]	Loss: 0.756722	Acc: 76.99%
Pre-train Epoch: 27 [0/40200 (0%)]	Loss: 0.896079	Acc: 76.56%
Pre-train Epoch: 27 [6400/40200 (16%)]	Loss: 0.696294	Acc: 77.41%
Pre-train Epoch: 27 [12800/40200 (32%)]	Loss: 0.854232	Acc: 77.00%
Pre-train Epoch: 27 [19200/40200 (48%)]	Loss: 0.962762	Acc: 77.13%
Pre-train Epoch: 27 [25600/40200 (64%)]	Loss: 0.777732	Acc: 76.89%
Pre-train Epoch: 27 [32000/40200 (79%)]	Loss: 0.975298	Acc: 76.93%
Pre-train Epoch: 27 [38400/40200 (95%)]	Loss: 0.903117	Acc: 76.97%
Pre-train Epoch: 28 [0/40200 (0%)]	Loss: 0.800525	Acc: 78.12%
Pre-train Epoch: 28 [6400/40200 (16%)]	Loss: 0.733545	Acc: 77.13%
Pre-train Epoch: 28 [12800/40200 (32%)]	Loss: 0.780790	Acc: 77.08%
Pre-train Epoch: 28 [19200/40200 (48%)]	Loss: 0.804694	Acc: 77.15%
Pre-train Epoch: 28 [25600/40200 (64%)]	Loss: 0.760815	Acc: 77.19%
Pre-train Epoch: 28 [32000/40200 (79%)]	Loss: 0.660655	Acc: 77.14%
Pre-train Epoch: 28 [38400/40200 (95%)]	Loss: 0.736057	Acc: 77.16%
Pre-train Epoch: 29 [0/40200 (0%)]	Loss: 0.910205	Acc: 70.31%
Pre-train Epoch: 29 [6400/40200 (16%)]	Loss: 1.159894	Acc: 77.52%
Pre-train Epoch: 29 [12800/40200 (32%)]	Loss: 0.782169	Acc: 77.43%
Pre-train Epoch: 29 [19200/40200 (48%)]	Loss: 1.007771	Acc: 77.23%
Pre-train Epoch: 29 [25600/40200 (64%)]	Loss: 0.831455	Acc: 77.31%
Pre-train Epoch: 29 [32000/40200 (79%)]	Loss: 0.708372	Acc: 77.31%
Pre-train Epoch: 29 [38400/40200 (95%)]	Loss: 0.646613	Acc: 77.37%
Pre-train Epoch: 30 [0/40200 (0%)]	Loss: 0.886726	Acc: 73.44%
Pre-train Epoch: 30 [6400/40200 (16%)]	Loss: 0.543515	Acc: 77.88%
Pre-train Epoch: 30 [12800/40200 (32%)]	Loss: 0.838665	Acc: 77.53%
Pre-train Epoch: 30 [19200/40200 (48%)]	Loss: 0.842627	Acc: 77.52%
Pre-train Epoch: 30 [25600/40200 (64%)]	Loss: 0.791354	Acc: 77.50%
Pre-train Epoch: 30 [32000/40200 (79%)]	Loss: 0.785797	Acc: 77.48%
Pre-train Epoch: 30 [38400/40200 (95%)]	Loss: 0.657391	Acc: 77.43%
Pre-train Epoch: 31 [0/40200 (0%)]	Loss: 0.570494	Acc: 87.50%
Pre-train Epoch: 31 [6400/40200 (16%)]	Loss: 0.667795	Acc: 77.85%
Pre-train Epoch: 31 [12800/40200 (32%)]	Loss: 0.875768	Acc: 77.75%
Pre-train Epoch: 31 [19200/40200 (48%)]	Loss: 0.663350	Acc: 77.43%
Pre-train Epoch: 31 [25600/40200 (64%)]	Loss: 0.789220	Acc: 77.60%
Pre-train Epoch: 31 [32000/40200 (79%)]	Loss: 0.843651	Acc: 77.53%
Pre-train Epoch: 31 [38400/40200 (95%)]	Loss: 0.749430	Acc: 77.41%
Pre-train Epoch: 32 [0/40200 (0%)]	Loss: 0.752052	Acc: 79.69%
Pre-train Epoch: 32 [6400/40200 (16%)]	Loss: 0.743713	Acc: 77.26%
Pre-train Epoch: 32 [12800/40200 (32%)]	Loss: 0.963590	Acc: 77.55%
Pre-train Epoch: 32 [19200/40200 (48%)]	Loss: 0.775211	Acc: 77.57%
Pre-train Epoch: 32 [25600/40200 (64%)]	Loss: 0.599015	Acc: 77.65%
Pre-train Epoch: 32 [32000/40200 (79%)]	Loss: 0.802780	Acc: 77.67%
Pre-train Epoch: 32 [38400/40200 (95%)]	Loss: 0.673239	Acc: 77.65%
Pre-train Epoch: 33 [0/40200 (0%)]	Loss: 0.703988	Acc: 81.25%
Pre-train Epoch: 33 [6400/40200 (16%)]	Loss: 0.829984	Acc: 78.36%
Pre-train Epoch: 33 [12800/40200 (32%)]	Loss: 0.845889	Acc: 77.78%
Pre-train Epoch: 33 [19200/40200 (48%)]	Loss: 0.815382	Acc: 77.81%
Pre-train Epoch: 33 [25600/40200 (64%)]	Loss: 0.816536	Acc: 77.89%
Pre-train Epoch: 33 [32000/40200 (79%)]	Loss: 0.597086	Acc: 77.81%
Pre-train Epoch: 33 [38400/40200 (95%)]	Loss: 0.688386	Acc: 77.76%
Pre-train Epoch: 34 [0/40200 (0%)]	Loss: 0.896190	Acc: 75.00%
Pre-train Epoch: 34 [6400/40200 (16%)]	Loss: 0.933988	Acc: 78.03%
Pre-train Epoch: 34 [12800/40200 (32%)]	Loss: 0.707613	Acc: 77.85%
Pre-train Epoch: 34 [19200/40200 (48%)]	Loss: 0.798961	Acc: 77.89%
Pre-train Epoch: 34 [25600/40200 (64%)]	Loss: 0.768365	Acc: 78.09%
Pre-train Epoch: 34 [32000/40200 (79%)]	Loss: 0.721591	Acc: 77.91%
Pre-train Epoch: 34 [38400/40200 (95%)]	Loss: 0.799785	Acc: 77.71%
Pre-train Epoch: 35 [0/40200 (0%)]	Loss: 0.701794	Acc: 82.81%
Pre-train Epoch: 35 [6400/40200 (16%)]	Loss: 0.654470	Acc: 78.22%
Pre-train Epoch: 35 [12800/40200 (32%)]	Loss: 0.718443	Acc: 77.81%
Pre-train Epoch: 35 [19200/40200 (48%)]	Loss: 0.820709	Acc: 77.83%
Pre-train Epoch: 35 [25600/40200 (64%)]	Loss: 0.878152	Acc: 78.02%
Pre-train Epoch: 35 [32000/40200 (79%)]	Loss: 0.878804	Acc: 78.09%
Pre-train Epoch: 35 [38400/40200 (95%)]	Loss: 0.736070	Acc: 78.13%
Pre-train Epoch: 36 [0/40200 (0%)]	Loss: 0.598650	Acc: 85.94%
Pre-train Epoch: 36 [6400/40200 (16%)]	Loss: 0.631584	Acc: 77.65%
Pre-train Epoch: 36 [12800/40200 (32%)]	Loss: 0.778510	Acc: 77.64%
Pre-train Epoch: 36 [19200/40200 (48%)]	Loss: 0.977385	Acc: 77.84%
Pre-train Epoch: 36 [25600/40200 (64%)]	Loss: 0.685566	Acc: 77.77%
Pre-train Epoch: 36 [32000/40200 (79%)]	Loss: 0.667928	Acc: 77.73%
Pre-train Epoch: 36 [38400/40200 (95%)]	Loss: 0.882811	Acc: 77.81%
Pre-train Epoch: 37 [0/40200 (0%)]	Loss: 0.736303	Acc: 76.56%
Pre-train Epoch: 37 [6400/40200 (16%)]	Loss: 0.716240	Acc: 78.43%
Pre-train Epoch: 37 [12800/40200 (32%)]	Loss: 0.640309	Acc: 78.14%
Pre-train Epoch: 37 [19200/40200 (48%)]	Loss: 0.640916	Acc: 78.09%
Pre-train Epoch: 37 [25600/40200 (64%)]	Loss: 0.923870	Acc: 78.11%
Pre-train Epoch: 37 [32000/40200 (79%)]	Loss: 0.726558	Acc: 78.15%
Pre-train Epoch: 37 [38400/40200 (95%)]	Loss: 0.876277	Acc: 78.04%
Pre-train Epoch: 38 [0/40200 (0%)]	Loss: 0.712775	Acc: 79.69%
Pre-train Epoch: 38 [6400/40200 (16%)]	Loss: 0.761376	Acc: 77.75%
Pre-train Epoch: 38 [12800/40200 (32%)]	Loss: 0.665372	Acc: 77.56%
Pre-train Epoch: 38 [19200/40200 (48%)]	Loss: 0.755049	Acc: 77.74%
Pre-train Epoch: 38 [25600/40200 (64%)]	Loss: 0.982696	Acc: 78.12%
Pre-train Epoch: 38 [32000/40200 (79%)]	Loss: 0.613182	Acc: 78.06%
Pre-train Epoch: 38 [38400/40200 (95%)]	Loss: 0.699630	Acc: 78.04%
Pre-train Epoch: 39 [0/40200 (0%)]	Loss: 0.766938	Acc: 76.56%
Pre-train Epoch: 39 [6400/40200 (16%)]	Loss: 0.738144	Acc: 78.20%
Pre-train Epoch: 39 [12800/40200 (32%)]	Loss: 0.623726	Acc: 78.39%
Pre-train Epoch: 39 [19200/40200 (48%)]	Loss: 0.575291	Acc: 78.38%
Pre-train Epoch: 39 [25600/40200 (64%)]	Loss: 0.653788	Acc: 78.35%
Pre-train Epoch: 39 [32000/40200 (79%)]	Loss: 0.653497	Acc: 78.32%
Pre-train Epoch: 39 [38400/40200 (95%)]	Loss: 0.884926	Acc: 78.09%
Pre-train Epoch: 40 [0/40200 (0%)]	Loss: 0.804968	Acc: 76.56%
Pre-train Epoch: 40 [6400/40200 (16%)]	Loss: 0.720997	Acc: 78.05%
Pre-train Epoch: 40 [12800/40200 (32%)]	Loss: 0.848575	Acc: 78.44%
Pre-train Epoch: 40 [19200/40200 (48%)]	Loss: 0.786261	Acc: 78.29%
Pre-train Epoch: 40 [25600/40200 (64%)]	Loss: 1.053277	Acc: 78.26%
Pre-train Epoch: 40 [32000/40200 (79%)]	Loss: 0.750965	Acc: 78.23%
Pre-train Epoch: 40 [38400/40200 (95%)]	Loss: 0.628157	Acc: 78.21%
Pre-train Epoch: 41 [0/40200 (0%)]	Loss: 0.669317	Acc: 84.38%
Pre-train Epoch: 41 [6400/40200 (16%)]	Loss: 0.815687	Acc: 78.64%
Pre-train Epoch: 41 [12800/40200 (32%)]	Loss: 0.812203	Acc: 78.88%
Pre-train Epoch: 41 [19200/40200 (48%)]	Loss: 0.754561	Acc: 78.38%
Pre-train Epoch: 41 [25600/40200 (64%)]	Loss: 0.786540	Acc: 78.42%
Pre-train Epoch: 41 [32000/40200 (79%)]	Loss: 0.703622	Acc: 78.38%
Pre-train Epoch: 41 [38400/40200 (95%)]	Loss: 0.694285	Acc: 78.29%
Pre-train Epoch: 42 [0/40200 (0%)]	Loss: 0.962619	Acc: 68.75%
Pre-train Epoch: 42 [6400/40200 (16%)]	Loss: 0.721854	Acc: 78.54%
Pre-train Epoch: 42 [12800/40200 (32%)]	Loss: 0.746710	Acc: 78.68%
Pre-train Epoch: 42 [19200/40200 (48%)]	Loss: 0.774428	Acc: 78.71%
Pre-train Epoch: 42 [25600/40200 (64%)]	Loss: 0.884815	Acc: 78.85%
Pre-train Epoch: 42 [32000/40200 (79%)]	Loss: 0.736872	Acc: 78.77%
Pre-train Epoch: 42 [38400/40200 (95%)]	Loss: 0.742681	Acc: 78.62%
Pre-train Epoch: 43 [0/40200 (0%)]	Loss: 0.695201	Acc: 81.25%
Pre-train Epoch: 43 [6400/40200 (16%)]	Loss: 0.849761	Acc: 78.22%
Pre-train Epoch: 43 [12800/40200 (32%)]	Loss: 0.717271	Acc: 78.95%
Pre-train Epoch: 43 [19200/40200 (48%)]	Loss: 0.683923	Acc: 79.04%
Pre-train Epoch: 43 [25600/40200 (64%)]	Loss: 0.765625	Acc: 78.60%
Pre-train Epoch: 43 [32000/40200 (79%)]	Loss: 0.755641	Acc: 78.66%
Pre-train Epoch: 43 [38400/40200 (95%)]	Loss: 0.815197	Acc: 78.76%
Pre-train Epoch: 44 [0/40200 (0%)]	Loss: 0.757066	Acc: 73.44%
Pre-train Epoch: 44 [6400/40200 (16%)]	Loss: 0.770931	Acc: 78.37%
Pre-train Epoch: 44 [12800/40200 (32%)]	Loss: 0.704773	Acc: 78.40%
Pre-train Epoch: 44 [19200/40200 (48%)]	Loss: 0.843412	Acc: 78.25%
Pre-train Epoch: 44 [25600/40200 (64%)]	Loss: 0.778983	Acc: 78.16%
Pre-train Epoch: 44 [32000/40200 (79%)]	Loss: 0.708450	Acc: 78.26%
Pre-train Epoch: 44 [38400/40200 (95%)]	Loss: 0.903001	Acc: 78.30%
Pre-train Epoch: 45 [0/40200 (0%)]	Loss: 0.867256	Acc: 73.44%
Pre-train Epoch: 45 [6400/40200 (16%)]	Loss: 0.804103	Acc: 79.50%
Pre-train Epoch: 45 [12800/40200 (32%)]	Loss: 0.679053	Acc: 78.77%
Pre-train Epoch: 45 [19200/40200 (48%)]	Loss: 0.615437	Acc: 78.88%
Pre-train Epoch: 45 [25600/40200 (64%)]	Loss: 0.654822	Acc: 78.60%
Pre-train Epoch: 45 [32000/40200 (79%)]	Loss: 0.974708	Acc: 78.66%
Pre-train Epoch: 45 [38400/40200 (95%)]	Loss: 0.583640	Acc: 78.55%
Pre-train Epoch: 46 [0/40200 (0%)]	Loss: 0.724683	Acc: 76.56%
Pre-train Epoch: 46 [6400/40200 (16%)]	Loss: 0.853344	Acc: 79.69%
Pre-train Epoch: 46 [12800/40200 (32%)]	Loss: 0.711137	Acc: 79.35%
Pre-train Epoch: 46 [19200/40200 (48%)]	Loss: 0.810107	Acc: 79.19%
Pre-train Epoch: 46 [25600/40200 (64%)]	Loss: 0.584843	Acc: 79.18%
Pre-train Epoch: 46 [32000/40200 (79%)]	Loss: 0.488904	Acc: 78.95%
Pre-train Epoch: 46 [38400/40200 (95%)]	Loss: 0.770811	Acc: 78.81%
Pre-train Epoch: 47 [0/40200 (0%)]	Loss: 0.698655	Acc: 79.69%
Pre-train Epoch: 47 [6400/40200 (16%)]	Loss: 0.717333	Acc: 78.79%
Pre-train Epoch: 47 [12800/40200 (32%)]	Loss: 0.860511	Acc: 78.64%
Pre-train Epoch: 47 [19200/40200 (48%)]	Loss: 0.568413	Acc: 78.86%
Pre-train Epoch: 47 [25600/40200 (64%)]	Loss: 0.639612	Acc: 78.92%
Pre-train Epoch: 47 [32000/40200 (79%)]	Loss: 0.588385	Acc: 78.93%
Pre-train Epoch: 47 [38400/40200 (95%)]	Loss: 0.654400	Acc: 78.88%
Pre-train Epoch: 48 [0/40200 (0%)]	Loss: 0.572741	Acc: 84.38%
Pre-train Epoch: 48 [6400/40200 (16%)]	Loss: 0.781805	Acc: 78.31%
Pre-train Epoch: 48 [12800/40200 (32%)]	Loss: 0.666970	Acc: 78.88%
Pre-train Epoch: 48 [19200/40200 (48%)]	Loss: 0.818053	Acc: 78.79%
Pre-train Epoch: 48 [25600/40200 (64%)]	Loss: 0.602137	Acc: 78.88%
Pre-train Epoch: 48 [32000/40200 (79%)]	Loss: 0.845848	Acc: 79.04%
Pre-train Epoch: 48 [38400/40200 (95%)]	Loss: 0.567953	Acc: 78.98%
Pre-train Epoch: 49 [0/40200 (0%)]	Loss: 0.590582	Acc: 79.69%
Pre-train Epoch: 49 [6400/40200 (16%)]	Loss: 0.677038	Acc: 79.44%
Pre-train Epoch: 49 [12800/40200 (32%)]	Loss: 0.835065	Acc: 79.21%
Pre-train Epoch: 49 [19200/40200 (48%)]	Loss: 0.480334	Acc: 79.22%
Pre-train Epoch: 49 [25600/40200 (64%)]	Loss: 0.636647	Acc: 79.03%
Pre-train Epoch: 49 [32000/40200 (79%)]	Loss: 0.735308	Acc: 78.97%
Pre-train Epoch: 49 [38400/40200 (95%)]	Loss: 0.615553	Acc: 78.94%
Pre-train Epoch: 50 [0/40200 (0%)]	Loss: 0.748538	Acc: 76.56%
Pre-train Epoch: 50 [6400/40200 (16%)]	Loss: 0.806552	Acc: 79.67%
Pre-train Epoch: 50 [12800/40200 (32%)]	Loss: 0.627906	Acc: 79.28%
Pre-train Epoch: 50 [19200/40200 (48%)]	Loss: 0.731454	Acc: 79.07%
Pre-train Epoch: 50 [25600/40200 (64%)]	Loss: 0.803989	Acc: 79.17%
Pre-train Epoch: 50 [32000/40200 (79%)]	Loss: 0.597674	Acc: 79.19%
Pre-train Epoch: 50 [38400/40200 (95%)]	Loss: 0.755813	Acc: 79.18%
Pre-train Epoch: 51 [0/40200 (0%)]	Loss: 0.488579	Acc: 87.50%
Pre-train Epoch: 51 [6400/40200 (16%)]	Loss: 0.750789	Acc: 80.15%
Pre-train Epoch: 51 [12800/40200 (32%)]	Loss: 0.695280	Acc: 79.68%
Pre-train Epoch: 51 [19200/40200 (48%)]	Loss: 0.697982	Acc: 79.43%
Pre-train Epoch: 51 [25600/40200 (64%)]	Loss: 0.696124	Acc: 79.16%
Pre-train Epoch: 51 [32000/40200 (79%)]	Loss: 0.527057	Acc: 79.20%
Pre-train Epoch: 51 [38400/40200 (95%)]	Loss: 0.783746	Acc: 79.21%
Pre-train Epoch: 52 [0/40200 (0%)]	Loss: 0.531349	Acc: 85.94%
Pre-train Epoch: 52 [6400/40200 (16%)]	Loss: 0.734150	Acc: 80.07%
Pre-train Epoch: 52 [12800/40200 (32%)]	Loss: 0.923738	Acc: 79.70%
Pre-train Epoch: 52 [19200/40200 (48%)]	Loss: 0.887210	Acc: 79.39%
Pre-train Epoch: 52 [25600/40200 (64%)]	Loss: 0.752898	Acc: 79.59%
Pre-train Epoch: 52 [32000/40200 (79%)]	Loss: 0.758441	Acc: 79.42%
Pre-train Epoch: 52 [38400/40200 (95%)]	Loss: 0.620061	Acc: 79.32%
Pre-train Epoch: 53 [0/40200 (0%)]	Loss: 0.723776	Acc: 76.56%
Pre-train Epoch: 53 [6400/40200 (16%)]	Loss: 0.967403	Acc: 79.50%
Pre-train Epoch: 53 [12800/40200 (32%)]	Loss: 0.664472	Acc: 79.58%
Pre-train Epoch: 53 [19200/40200 (48%)]	Loss: 0.526235	Acc: 79.18%
Pre-train Epoch: 53 [25600/40200 (64%)]	Loss: 0.908619	Acc: 79.12%
Pre-train Epoch: 53 [32000/40200 (79%)]	Loss: 0.583458	Acc: 79.13%
Pre-train Epoch: 53 [38400/40200 (95%)]	Loss: 0.750960	Acc: 79.22%
Pre-train Epoch: 54 [0/40200 (0%)]	Loss: 0.790478	Acc: 76.56%
Pre-train Epoch: 54 [6400/40200 (16%)]	Loss: 0.677230	Acc: 80.06%
Pre-train Epoch: 54 [12800/40200 (32%)]	Loss: 0.780806	Acc: 79.34%
Pre-train Epoch: 54 [19200/40200 (48%)]	Loss: 0.700422	Acc: 79.43%
Pre-train Epoch: 54 [25600/40200 (64%)]	Loss: 0.616565	Acc: 79.27%
Pre-train Epoch: 54 [32000/40200 (79%)]	Loss: 0.799870	Acc: 79.32%
Pre-train Epoch: 54 [38400/40200 (95%)]	Loss: 0.700931	Acc: 79.19%
Pre-train Epoch: 55 [0/40200 (0%)]	Loss: 0.604543	Acc: 85.94%
Pre-train Epoch: 55 [6400/40200 (16%)]	Loss: 0.630607	Acc: 81.22%
Pre-train Epoch: 55 [12800/40200 (32%)]	Loss: 0.669854	Acc: 80.39%
Pre-train Epoch: 55 [19200/40200 (48%)]	Loss: 0.551966	Acc: 79.99%
Pre-train Epoch: 55 [25600/40200 (64%)]	Loss: 0.812846	Acc: 79.94%
Pre-train Epoch: 55 [32000/40200 (79%)]	Loss: 0.754739	Acc: 79.77%
Pre-train Epoch: 55 [38400/40200 (95%)]	Loss: 0.734788	Acc: 79.65%
Pre-train Epoch: 56 [0/40200 (0%)]	Loss: 0.509897	Acc: 89.06%
Pre-train Epoch: 56 [6400/40200 (16%)]	Loss: 0.682928	Acc: 80.06%
Pre-train Epoch: 56 [12800/40200 (32%)]	Loss: 0.519560	Acc: 79.52%
Pre-train Epoch: 56 [19200/40200 (48%)]	Loss: 0.771215	Acc: 79.43%
Pre-train Epoch: 56 [25600/40200 (64%)]	Loss: 0.743039	Acc: 79.17%
Pre-train Epoch: 56 [32000/40200 (79%)]	Loss: 0.567977	Acc: 79.25%
Pre-train Epoch: 56 [38400/40200 (95%)]	Loss: 0.811273	Acc: 79.40%
Pre-train Epoch: 57 [0/40200 (0%)]	Loss: 0.792437	Acc: 76.56%
Pre-train Epoch: 57 [6400/40200 (16%)]	Loss: 0.698028	Acc: 79.92%
Pre-train Epoch: 57 [12800/40200 (32%)]	Loss: 0.634074	Acc: 79.66%
Pre-train Epoch: 57 [19200/40200 (48%)]	Loss: 0.728044	Acc: 79.50%
Pre-train Epoch: 57 [25600/40200 (64%)]	Loss: 0.729552	Acc: 79.44%
Pre-train Epoch: 57 [32000/40200 (79%)]	Loss: 0.689991	Acc: 79.34%
Pre-train Epoch: 57 [38400/40200 (95%)]	Loss: 0.495408	Acc: 79.43%
Pre-train Epoch: 58 [0/40200 (0%)]	Loss: 0.872426	Acc: 73.44%
Pre-train Epoch: 58 [6400/40200 (16%)]	Loss: 0.497269	Acc: 80.79%
Pre-train Epoch: 58 [12800/40200 (32%)]	Loss: 0.860523	Acc: 80.36%
Pre-train Epoch: 58 [19200/40200 (48%)]	Loss: 0.636191	Acc: 80.58%
Pre-train Epoch: 58 [25600/40200 (64%)]	Loss: 0.656350	Acc: 80.37%
Pre-train Epoch: 58 [32000/40200 (79%)]	Loss: 0.652552	Acc: 80.17%
Pre-train Epoch: 58 [38400/40200 (95%)]	Loss: 0.725232	Acc: 80.06%
Pre-train Epoch: 59 [0/40200 (0%)]	Loss: 0.856680	Acc: 79.69%
Pre-train Epoch: 59 [6400/40200 (16%)]	Loss: 0.634775	Acc: 80.14%
Pre-train Epoch: 59 [12800/40200 (32%)]	Loss: 0.626063	Acc: 80.64%
Pre-train Epoch: 59 [19200/40200 (48%)]	Loss: 0.736582	Acc: 80.49%
Pre-train Epoch: 59 [25600/40200 (64%)]	Loss: 0.803493	Acc: 80.34%
Pre-train Epoch: 59 [32000/40200 (79%)]	Loss: 0.694592	Acc: 80.13%
Pre-train Epoch: 59 [38400/40200 (95%)]	Loss: 0.596696	Acc: 80.11%
Pre-train Epoch: 60 [0/40200 (0%)]	Loss: 0.572144	Acc: 85.94%
Pre-train Epoch: 60 [6400/40200 (16%)]	Loss: 0.709281	Acc: 80.17%
Pre-train Epoch: 60 [12800/40200 (32%)]	Loss: 0.572738	Acc: 80.11%
Pre-train Epoch: 60 [19200/40200 (48%)]	Loss: 0.675836	Acc: 79.96%
Pre-train Epoch: 60 [25600/40200 (64%)]	Loss: 0.556082	Acc: 80.04%
Pre-train Epoch: 60 [32000/40200 (79%)]	Loss: 0.574230	Acc: 80.14%
Pre-train Epoch: 60 [38400/40200 (95%)]	Loss: 0.704940	Acc: 79.96%
Pre-train Epoch: 61 [0/40200 (0%)]	Loss: 0.697257	Acc: 76.56%
Pre-train Epoch: 61 [6400/40200 (16%)]	Loss: 0.986227	Acc: 79.41%
Pre-train Epoch: 61 [12800/40200 (32%)]	Loss: 0.737443	Acc: 80.03%
Pre-train Epoch: 61 [19200/40200 (48%)]	Loss: 0.614197	Acc: 80.23%
Pre-train Epoch: 61 [25600/40200 (64%)]	Loss: 0.925532	Acc: 80.12%
Pre-train Epoch: 61 [32000/40200 (79%)]	Loss: 0.733840	Acc: 80.11%
Pre-train Epoch: 61 [38400/40200 (95%)]	Loss: 0.739281	Acc: 80.21%
Pre-train Epoch: 62 [0/40200 (0%)]	Loss: 0.744621	Acc: 76.56%
Pre-train Epoch: 62 [6400/40200 (16%)]	Loss: 0.869376	Acc: 81.00%
Pre-train Epoch: 62 [12800/40200 (32%)]	Loss: 0.786265	Acc: 80.72%
Pre-train Epoch: 62 [19200/40200 (48%)]	Loss: 0.746444	Acc: 80.70%
Pre-train Epoch: 62 [25600/40200 (64%)]	Loss: 0.608333	Acc: 80.58%
Pre-train Epoch: 62 [32000/40200 (79%)]	Loss: 0.659513	Acc: 80.64%
Pre-train Epoch: 62 [38400/40200 (95%)]	Loss: 0.783257	Acc: 80.49%
Pre-train Epoch: 63 [0/40200 (0%)]	Loss: 0.697798	Acc: 82.81%
Pre-train Epoch: 63 [6400/40200 (16%)]	Loss: 0.595122	Acc: 81.02%
Pre-train Epoch: 63 [12800/40200 (32%)]	Loss: 0.686569	Acc: 80.85%
Pre-train Epoch: 63 [19200/40200 (48%)]	Loss: 0.691409	Acc: 80.45%
Pre-train Epoch: 63 [25600/40200 (64%)]	Loss: 0.502781	Acc: 80.51%
Pre-train Epoch: 63 [32000/40200 (79%)]	Loss: 0.867141	Acc: 80.44%
Pre-train Epoch: 63 [38400/40200 (95%)]	Loss: 0.514659	Acc: 80.46%
Pre-train Epoch: 64 [0/40200 (0%)]	Loss: 0.577915	Acc: 85.94%
Pre-train Epoch: 64 [6400/40200 (16%)]	Loss: 0.593052	Acc: 81.14%
Pre-train Epoch: 64 [12800/40200 (32%)]	Loss: 0.580085	Acc: 80.68%
Pre-train Epoch: 64 [19200/40200 (48%)]	Loss: 0.737223	Acc: 80.19%
Pre-train Epoch: 64 [25600/40200 (64%)]	Loss: 0.557134	Acc: 80.31%
Pre-train Epoch: 64 [32000/40200 (79%)]	Loss: 0.512220	Acc: 80.23%
Pre-train Epoch: 64 [38400/40200 (95%)]	Loss: 0.597027	Acc: 80.19%
Pre-train Epoch: 65 [0/40200 (0%)]	Loss: 0.493786	Acc: 89.06%
Pre-train Epoch: 65 [6400/40200 (16%)]	Loss: 0.758680	Acc: 80.43%
Pre-train Epoch: 65 [12800/40200 (32%)]	Loss: 0.663392	Acc: 80.29%
Pre-train Epoch: 65 [19200/40200 (48%)]	Loss: 0.715276	Acc: 80.51%
Pre-train Epoch: 65 [25600/40200 (64%)]	Loss: 0.611606	Acc: 80.70%
Pre-train Epoch: 65 [32000/40200 (79%)]	Loss: 0.786427	Acc: 80.69%
Pre-train Epoch: 65 [38400/40200 (95%)]	Loss: 0.764420	Acc: 80.53%
Pre-train Epoch: 66 [0/40200 (0%)]	Loss: 0.853265	Acc: 73.44%
Pre-train Epoch: 66 [6400/40200 (16%)]	Loss: 0.548247	Acc: 80.68%
Pre-train Epoch: 66 [12800/40200 (32%)]	Loss: 0.688254	Acc: 80.81%
Pre-train Epoch: 66 [19200/40200 (48%)]	Loss: 0.490847	Acc: 81.00%
Pre-train Epoch: 66 [25600/40200 (64%)]	Loss: 0.621747	Acc: 80.87%
Pre-train Epoch: 66 [32000/40200 (79%)]	Loss: 0.675433	Acc: 80.80%
Pre-train Epoch: 66 [38400/40200 (95%)]	Loss: 0.696778	Acc: 80.69%
Pre-train Epoch: 67 [0/40200 (0%)]	Loss: 0.839103	Acc: 71.88%
Pre-train Epoch: 67 [6400/40200 (16%)]	Loss: 0.800558	Acc: 80.96%
Pre-train Epoch: 67 [12800/40200 (32%)]	Loss: 0.796233	Acc: 81.11%
Pre-train Epoch: 67 [19200/40200 (48%)]	Loss: 0.794857	Acc: 81.16%
Pre-train Epoch: 67 [25600/40200 (64%)]	Loss: 0.565427	Acc: 81.25%
Pre-train Epoch: 67 [32000/40200 (79%)]	Loss: 0.722118	Acc: 81.16%
Pre-train Epoch: 67 [38400/40200 (95%)]	Loss: 0.638955	Acc: 80.98%
Pre-train Epoch: 68 [0/40200 (0%)]	Loss: 0.524756	Acc: 82.81%
Pre-train Epoch: 68 [6400/40200 (16%)]	Loss: 0.697718	Acc: 81.05%
Pre-train Epoch: 68 [12800/40200 (32%)]	Loss: 0.545703	Acc: 80.61%
Pre-train Epoch: 68 [19200/40200 (48%)]	Loss: 0.638191	Acc: 80.97%
Pre-train Epoch: 68 [25600/40200 (64%)]	Loss: 0.678117	Acc: 80.95%
Pre-train Epoch: 68 [32000/40200 (79%)]	Loss: 0.798406	Acc: 80.93%
Pre-train Epoch: 68 [38400/40200 (95%)]	Loss: 0.658796	Acc: 80.98%
Pre-train Epoch: 69 [0/40200 (0%)]	Loss: 0.593025	Acc: 85.94%
Pre-train Epoch: 69 [6400/40200 (16%)]	Loss: 0.625624	Acc: 81.06%
Pre-train Epoch: 69 [12800/40200 (32%)]	Loss: 0.657671	Acc: 80.94%
Pre-train Epoch: 69 [19200/40200 (48%)]	Loss: 0.529838	Acc: 80.81%
Pre-train Epoch: 69 [25600/40200 (64%)]	Loss: 0.589389	Acc: 80.84%
Pre-train Epoch: 69 [32000/40200 (79%)]	Loss: 0.752582	Acc: 80.84%
Pre-train Epoch: 69 [38400/40200 (95%)]	Loss: 0.477297	Acc: 80.92%
Pre-train Epoch: 70 [0/40200 (0%)]	Loss: 0.811340	Acc: 71.88%
Pre-train Epoch: 70 [6400/40200 (16%)]	Loss: 0.704808	Acc: 81.96%
Pre-train Epoch: 70 [12800/40200 (32%)]	Loss: 0.808329	Acc: 81.84%
Pre-train Epoch: 70 [19200/40200 (48%)]	Loss: 0.549535	Acc: 81.40%
Pre-train Epoch: 70 [25600/40200 (64%)]	Loss: 0.699405	Acc: 81.38%
Pre-train Epoch: 70 [32000/40200 (79%)]	Loss: 0.739145	Acc: 81.38%
Pre-train Epoch: 70 [38400/40200 (95%)]	Loss: 0.698355	Acc: 81.23%
Pre-train Epoch: 71 [0/40200 (0%)]	Loss: 0.734913	Acc: 79.69%
Pre-train Epoch: 71 [6400/40200 (16%)]	Loss: 0.545158	Acc: 81.44%
Pre-train Epoch: 71 [12800/40200 (32%)]	Loss: 0.585731	Acc: 80.93%
Pre-train Epoch: 71 [19200/40200 (48%)]	Loss: 0.699252	Acc: 81.01%
Pre-train Epoch: 71 [25600/40200 (64%)]	Loss: 0.825775	Acc: 80.79%
Pre-train Epoch: 71 [32000/40200 (79%)]	Loss: 0.746025	Acc: 80.83%
Pre-train Epoch: 71 [38400/40200 (95%)]	Loss: 0.701624	Acc: 80.83%
Pre-train Epoch: 72 [0/40200 (0%)]	Loss: 0.619245	Acc: 75.00%
Pre-train Epoch: 72 [6400/40200 (16%)]	Loss: 0.718958	Acc: 80.99%
Pre-train Epoch: 72 [12800/40200 (32%)]	Loss: 0.720184	Acc: 80.88%
Pre-train Epoch: 72 [19200/40200 (48%)]	Loss: 0.490867	Acc: 80.94%
Pre-train Epoch: 72 [25600/40200 (64%)]	Loss: 0.649305	Acc: 80.83%
Pre-train Epoch: 72 [32000/40200 (79%)]	Loss: 0.633965	Acc: 81.11%
Pre-train Epoch: 72 [38400/40200 (95%)]	Loss: 0.715716	Acc: 81.13%
Pre-train Epoch: 73 [0/40200 (0%)]	Loss: 0.680467	Acc: 81.25%
Pre-train Epoch: 73 [6400/40200 (16%)]	Loss: 0.818809	Acc: 81.42%
Pre-train Epoch: 73 [12800/40200 (32%)]	Loss: 0.684412	Acc: 81.37%
Pre-train Epoch: 73 [19200/40200 (48%)]	Loss: 0.580120	Acc: 81.29%
Pre-train Epoch: 73 [25600/40200 (64%)]	Loss: 0.699973	Acc: 81.36%
Pre-train Epoch: 73 [32000/40200 (79%)]	Loss: 0.836824	Acc: 81.37%
Pre-train Epoch: 73 [38400/40200 (95%)]	Loss: 0.565385	Acc: 81.35%
Pre-train Epoch: 74 [0/40200 (0%)]	Loss: 0.573823	Acc: 84.38%
Pre-train Epoch: 74 [6400/40200 (16%)]	Loss: 0.574693	Acc: 81.30%
Pre-train Epoch: 74 [12800/40200 (32%)]	Loss: 0.642262	Acc: 81.24%
Pre-train Epoch: 74 [19200/40200 (48%)]	Loss: 0.400096	Acc: 81.10%
Pre-train Epoch: 74 [25600/40200 (64%)]	Loss: 0.616282	Acc: 81.11%
Pre-train Epoch: 74 [32000/40200 (79%)]	Loss: 0.607464	Acc: 81.19%
Pre-train Epoch: 74 [38400/40200 (95%)]	Loss: 0.552413	Acc: 81.30%
Pre-train Epoch: 75 [0/40200 (0%)]	Loss: 0.550901	Acc: 87.50%
Pre-train Epoch: 75 [6400/40200 (16%)]	Loss: 0.717445	Acc: 82.33%
Pre-train Epoch: 75 [12800/40200 (32%)]	Loss: 0.628842	Acc: 82.29%
Pre-train Epoch: 75 [19200/40200 (48%)]	Loss: 0.826301	Acc: 82.06%
Pre-train Epoch: 75 [25600/40200 (64%)]	Loss: 0.475159	Acc: 81.87%
Pre-train Epoch: 75 [32000/40200 (79%)]	Loss: 0.758488	Acc: 81.64%
Pre-train Epoch: 75 [38400/40200 (95%)]	Loss: 0.544848	Acc: 81.61%
Pre-train Epoch: 76 [0/40200 (0%)]	Loss: 0.464637	Acc: 90.62%
Pre-train Epoch: 76 [6400/40200 (16%)]	Loss: 0.733034	Acc: 82.38%
Pre-train Epoch: 76 [12800/40200 (32%)]	Loss: 0.549484	Acc: 82.73%
Pre-train Epoch: 76 [19200/40200 (48%)]	Loss: 0.618560	Acc: 82.36%
Pre-train Epoch: 76 [25600/40200 (64%)]	Loss: 0.452316	Acc: 82.12%
Pre-train Epoch: 76 [32000/40200 (79%)]	Loss: 0.712075	Acc: 82.07%
Pre-train Epoch: 76 [38400/40200 (95%)]	Loss: 0.582882	Acc: 82.00%
Pre-train Epoch: 77 [0/40200 (0%)]	Loss: 0.609355	Acc: 84.38%
Pre-train Epoch: 77 [6400/40200 (16%)]	Loss: 0.683573	Acc: 82.60%
Pre-train Epoch: 77 [12800/40200 (32%)]	Loss: 0.897139	Acc: 82.66%
Pre-train Epoch: 77 [19200/40200 (48%)]	Loss: 0.574065	Acc: 82.52%
Pre-train Epoch: 77 [25600/40200 (64%)]	Loss: 0.615537	Acc: 82.57%
Pre-train Epoch: 77 [32000/40200 (79%)]	Loss: 0.679181	Acc: 82.25%
Pre-train Epoch: 77 [38400/40200 (95%)]	Loss: 0.545943	Acc: 82.09%
Pre-train Epoch: 78 [0/40200 (0%)]	Loss: 0.822973	Acc: 71.88%
Pre-train Epoch: 78 [6400/40200 (16%)]	Loss: 0.507788	Acc: 82.12%
Pre-train Epoch: 78 [12800/40200 (32%)]	Loss: 0.729585	Acc: 82.25%
Pre-train Epoch: 78 [19200/40200 (48%)]	Loss: 0.628297	Acc: 82.16%
Pre-train Epoch: 78 [25600/40200 (64%)]	Loss: 0.617370	Acc: 82.12%
Pre-train Epoch: 78 [32000/40200 (79%)]	Loss: 0.597184	Acc: 82.12%
Pre-train Epoch: 78 [38400/40200 (95%)]	Loss: 0.665346	Acc: 82.01%
Pre-train Epoch: 79 [0/40200 (0%)]	Loss: 0.604385	Acc: 84.38%
Pre-train Epoch: 79 [6400/40200 (16%)]	Loss: 0.595132	Acc: 82.56%
Pre-train Epoch: 79 [12800/40200 (32%)]	Loss: 0.708569	Acc: 82.37%
Pre-train Epoch: 79 [19200/40200 (48%)]	Loss: 0.545103	Acc: 82.13%
Pre-train Epoch: 79 [25600/40200 (64%)]	Loss: 0.679564	Acc: 82.08%
Pre-train Epoch: 79 [32000/40200 (79%)]	Loss: 0.614502	Acc: 82.21%
Pre-train Epoch: 79 [38400/40200 (95%)]	Loss: 0.579041	Acc: 82.17%
Pre-train Epoch: 80 [0/40200 (0%)]	Loss: 0.686528	Acc: 81.25%
Pre-train Epoch: 80 [6400/40200 (16%)]	Loss: 0.513918	Acc: 83.17%
Pre-train Epoch: 80 [12800/40200 (32%)]	Loss: 0.647345	Acc: 82.80%
Pre-train Epoch: 80 [19200/40200 (48%)]	Loss: 0.797154	Acc: 82.29%
Pre-train Epoch: 80 [25600/40200 (64%)]	Loss: 0.604697	Acc: 82.30%
Pre-train Epoch: 80 [32000/40200 (79%)]	Loss: 0.614323	Acc: 82.20%
Pre-train Epoch: 80 [38400/40200 (95%)]	Loss: 0.512414	Acc: 82.20%
Pre-train Epoch: 81 [0/40200 (0%)]	Loss: 0.546442	Acc: 89.06%
Pre-train Epoch: 81 [6400/40200 (16%)]	Loss: 0.557618	Acc: 82.74%
Pre-train Epoch: 81 [12800/40200 (32%)]	Loss: 0.655302	Acc: 82.18%
Pre-train Epoch: 81 [19200/40200 (48%)]	Loss: 0.726175	Acc: 82.31%
Pre-train Epoch: 81 [25600/40200 (64%)]	Loss: 0.632471	Acc: 82.32%
Pre-train Epoch: 81 [32000/40200 (79%)]	Loss: 0.521242	Acc: 82.43%
Pre-train Epoch: 81 [38400/40200 (95%)]	Loss: 0.791281	Acc: 82.27%
Pre-train Epoch: 82 [0/40200 (0%)]	Loss: 0.774516	Acc: 75.00%
Pre-train Epoch: 82 [6400/40200 (16%)]	Loss: 0.504470	Acc: 82.78%
Pre-train Epoch: 82 [12800/40200 (32%)]	Loss: 0.542120	Acc: 82.63%
Pre-train Epoch: 82 [19200/40200 (48%)]	Loss: 0.618477	Acc: 82.52%
Pre-train Epoch: 82 [25600/40200 (64%)]	Loss: 0.799133	Acc: 82.36%
Pre-train Epoch: 82 [32000/40200 (79%)]	Loss: 0.783158	Acc: 82.49%
Pre-train Epoch: 82 [38400/40200 (95%)]	Loss: 0.614389	Acc: 82.35%
Pre-train Epoch: 83 [0/40200 (0%)]	Loss: 0.610295	Acc: 79.69%
Pre-train Epoch: 83 [6400/40200 (16%)]	Loss: 0.754306	Acc: 82.46%
Pre-train Epoch: 83 [12800/40200 (32%)]	Loss: 0.500522	Acc: 82.24%
Pre-train Epoch: 83 [19200/40200 (48%)]	Loss: 0.630172	Acc: 82.27%
Pre-train Epoch: 83 [25600/40200 (64%)]	Loss: 0.560896	Acc: 82.37%
Pre-train Epoch: 83 [32000/40200 (79%)]	Loss: 0.630968	Acc: 82.39%
Pre-train Epoch: 83 [38400/40200 (95%)]	Loss: 0.573195	Acc: 82.36%
Pre-train Epoch: 84 [0/40200 (0%)]	Loss: 0.625578	Acc: 87.50%
Pre-train Epoch: 84 [6400/40200 (16%)]	Loss: 0.636069	Acc: 81.88%
Pre-train Epoch: 84 [12800/40200 (32%)]	Loss: 0.542612	Acc: 82.29%
Pre-train Epoch: 84 [19200/40200 (48%)]	Loss: 0.648936	Acc: 82.32%
Pre-train Epoch: 84 [25600/40200 (64%)]	Loss: 0.621289	Acc: 82.39%
Pre-train Epoch: 84 [32000/40200 (79%)]	Loss: 0.679474	Acc: 82.32%
Pre-train Epoch: 84 [38400/40200 (95%)]	Loss: 0.589369	Acc: 82.39%
Pre-train Epoch: 85 [0/40200 (0%)]	Loss: 0.641303	Acc: 78.12%
Pre-train Epoch: 85 [6400/40200 (16%)]	Loss: 0.411033	Acc: 83.17%
Pre-train Epoch: 85 [12800/40200 (32%)]	Loss: 0.578888	Acc: 82.94%
Pre-train Epoch: 85 [19200/40200 (48%)]	Loss: 0.586472	Acc: 82.87%
Pre-train Epoch: 85 [25600/40200 (64%)]	Loss: 0.614075	Acc: 82.69%
Pre-train Epoch: 85 [32000/40200 (79%)]	Loss: 0.606730	Acc: 82.74%
Pre-train Epoch: 85 [38400/40200 (95%)]	Loss: 0.600679	Acc: 82.66%
Pre-train Epoch: 86 [0/40200 (0%)]	Loss: 0.629512	Acc: 82.81%
Pre-train Epoch: 86 [6400/40200 (16%)]	Loss: 0.597498	Acc: 82.41%
Pre-train Epoch: 86 [12800/40200 (32%)]	Loss: 0.777956	Acc: 82.76%
Pre-train Epoch: 86 [19200/40200 (48%)]	Loss: 0.534354	Acc: 82.79%
Pre-train Epoch: 86 [25600/40200 (64%)]	Loss: 0.638890	Acc: 82.68%
Pre-train Epoch: 86 [32000/40200 (79%)]	Loss: 0.455735	Acc: 82.83%
Pre-train Epoch: 86 [38400/40200 (95%)]	Loss: 0.999304	Acc: 82.69%
Pre-train Epoch: 87 [0/40200 (0%)]	Loss: 0.666674	Acc: 81.25%
Pre-train Epoch: 87 [6400/40200 (16%)]	Loss: 0.713579	Acc: 82.32%
Pre-train Epoch: 87 [12800/40200 (32%)]	Loss: 0.499838	Acc: 82.85%
Pre-train Epoch: 87 [19200/40200 (48%)]	Loss: 0.535771	Acc: 82.94%
Pre-train Epoch: 87 [25600/40200 (64%)]	Loss: 0.671261	Acc: 83.10%
Pre-train Epoch: 87 [32000/40200 (79%)]	Loss: 0.657273	Acc: 83.00%
Pre-train Epoch: 87 [38400/40200 (95%)]	Loss: 0.562994	Acc: 82.77%
Pre-train Epoch: 88 [0/40200 (0%)]	Loss: 0.684325	Acc: 81.25%
Pre-train Epoch: 88 [6400/40200 (16%)]	Loss: 0.563266	Acc: 82.72%
Pre-train Epoch: 88 [12800/40200 (32%)]	Loss: 0.557009	Acc: 83.13%
Pre-train Epoch: 88 [19200/40200 (48%)]	Loss: 0.522328	Acc: 82.79%
Pre-train Epoch: 88 [25600/40200 (64%)]	Loss: 0.880636	Acc: 82.86%
Pre-train Epoch: 88 [32000/40200 (79%)]	Loss: 0.718358	Acc: 83.01%
Pre-train Epoch: 88 [38400/40200 (95%)]	Loss: 0.585271	Acc: 82.90%
Pre-train Epoch: 89 [0/40200 (0%)]	Loss: 0.575021	Acc: 85.94%
Pre-train Epoch: 89 [6400/40200 (16%)]	Loss: 0.563137	Acc: 82.16%
Pre-train Epoch: 89 [12800/40200 (32%)]	Loss: 0.595689	Acc: 82.68%
Pre-train Epoch: 89 [19200/40200 (48%)]	Loss: 0.498998	Acc: 82.92%
Pre-train Epoch: 89 [25600/40200 (64%)]	Loss: 0.560305	Acc: 82.74%
Pre-train Epoch: 89 [32000/40200 (79%)]	Loss: 0.630004	Acc: 82.80%
Pre-train Epoch: 89 [38400/40200 (95%)]	Loss: 0.707460	Acc: 82.86%
Pre-train Epoch: 90 [0/40200 (0%)]	Loss: 0.719215	Acc: 75.00%
Pre-train Epoch: 90 [6400/40200 (16%)]	Loss: 0.428083	Acc: 83.17%
Pre-train Epoch: 90 [12800/40200 (32%)]	Loss: 0.726015	Acc: 82.86%
Pre-train Epoch: 90 [19200/40200 (48%)]	Loss: 0.620131	Acc: 83.27%
Pre-train Epoch: 90 [25600/40200 (64%)]	Loss: 0.661946	Acc: 83.17%
Pre-train Epoch: 90 [32000/40200 (79%)]	Loss: 0.627916	Acc: 83.16%
Pre-train Epoch: 90 [38400/40200 (95%)]	Loss: 0.592175	Acc: 83.03%
Pre-train Epoch: 91 [0/40200 (0%)]	Loss: 0.635261	Acc: 78.12%
Pre-train Epoch: 91 [6400/40200 (16%)]	Loss: 0.683855	Acc: 82.52%
Pre-train Epoch: 91 [12800/40200 (32%)]	Loss: 0.542994	Acc: 82.73%
Pre-train Epoch: 91 [19200/40200 (48%)]	Loss: 0.464507	Acc: 83.21%
Pre-train Epoch: 91 [25600/40200 (64%)]	Loss: 0.697727	Acc: 83.33%
Pre-train Epoch: 91 [32000/40200 (79%)]	Loss: 0.460692	Acc: 83.33%
Pre-train Epoch: 91 [38400/40200 (95%)]	Loss: 0.647668	Acc: 83.06%
Pre-train Epoch: 92 [0/40200 (0%)]	Loss: 0.567458	Acc: 81.25%
Pre-train Epoch: 92 [6400/40200 (16%)]	Loss: 0.501431	Acc: 82.26%
Pre-train Epoch: 92 [12800/40200 (32%)]	Loss: 0.583287	Acc: 82.99%
Pre-train Epoch: 92 [19200/40200 (48%)]	Loss: 0.604536	Acc: 83.19%
Pre-train Epoch: 92 [25600/40200 (64%)]	Loss: 0.589404	Acc: 83.20%
Pre-train Epoch: 92 [32000/40200 (79%)]	Loss: 0.542644	Acc: 83.10%
Pre-train Epoch: 92 [38400/40200 (95%)]	Loss: 0.527572	Acc: 83.02%
Pre-train Epoch: 93 [0/40200 (0%)]	Loss: 0.639799	Acc: 78.12%
Pre-train Epoch: 93 [6400/40200 (16%)]	Loss: 0.705050	Acc: 83.56%
Pre-train Epoch: 93 [12800/40200 (32%)]	Loss: 0.509786	Acc: 83.22%
Pre-train Epoch: 93 [19200/40200 (48%)]	Loss: 0.518815	Acc: 83.17%
Pre-train Epoch: 93 [25600/40200 (64%)]	Loss: 0.512568	Acc: 83.08%
Pre-train Epoch: 93 [32000/40200 (79%)]	Loss: 0.407716	Acc: 83.22%
Pre-train Epoch: 93 [38400/40200 (95%)]	Loss: 0.535346	Acc: 83.06%
Pre-train Epoch: 94 [0/40200 (0%)]	Loss: 0.563622	Acc: 81.25%
Pre-train Epoch: 94 [6400/40200 (16%)]	Loss: 0.410462	Acc: 83.28%
Pre-train Epoch: 94 [12800/40200 (32%)]	Loss: 0.609526	Acc: 83.31%
Pre-train Epoch: 94 [19200/40200 (48%)]	Loss: 0.594993	Acc: 83.11%
Pre-train Epoch: 94 [25600/40200 (64%)]	Loss: 0.496469	Acc: 83.07%
Pre-train Epoch: 94 [32000/40200 (79%)]	Loss: 0.663800	Acc: 83.11%
Pre-train Epoch: 94 [38400/40200 (95%)]	Loss: 0.563520	Acc: 83.19%
Pre-train Epoch: 95 [0/40200 (0%)]	Loss: 0.615091	Acc: 84.38%
Pre-train Epoch: 95 [6400/40200 (16%)]	Loss: 0.569228	Acc: 82.75%
Pre-train Epoch: 95 [12800/40200 (32%)]	Loss: 0.480849	Acc: 83.08%
Pre-train Epoch: 95 [19200/40200 (48%)]	Loss: 0.636139	Acc: 82.97%
Pre-train Epoch: 95 [25600/40200 (64%)]	Loss: 0.470483	Acc: 82.96%
Pre-train Epoch: 95 [32000/40200 (79%)]	Loss: 0.580922	Acc: 83.06%
Pre-train Epoch: 95 [38400/40200 (95%)]	Loss: 0.681216	Acc: 83.21%
Pre-train Epoch: 96 [0/40200 (0%)]	Loss: 0.600480	Acc: 87.50%
Pre-train Epoch: 96 [6400/40200 (16%)]	Loss: 0.519529	Acc: 84.20%
Pre-train Epoch: 96 [12800/40200 (32%)]	Loss: 0.630266	Acc: 83.78%
Pre-train Epoch: 96 [19200/40200 (48%)]	Loss: 0.631115	Acc: 83.56%
Pre-train Epoch: 96 [25600/40200 (64%)]	Loss: 0.541987	Acc: 83.31%
Pre-train Epoch: 96 [32000/40200 (79%)]	Loss: 0.606646	Acc: 83.34%
Pre-train Epoch: 96 [38400/40200 (95%)]	Loss: 0.641489	Acc: 83.31%
Pre-train Epoch: 97 [0/40200 (0%)]	Loss: 0.468498	Acc: 87.50%
Pre-train Epoch: 97 [6400/40200 (16%)]	Loss: 0.647707	Acc: 84.00%
Pre-train Epoch: 97 [12800/40200 (32%)]	Loss: 0.787347	Acc: 83.52%
Pre-train Epoch: 97 [19200/40200 (48%)]	Loss: 0.663447	Acc: 83.52%
Pre-train Epoch: 97 [25600/40200 (64%)]	Loss: 0.664939	Acc: 83.50%
Pre-train Epoch: 97 [32000/40200 (79%)]	Loss: 0.731862	Acc: 83.29%
Pre-train Epoch: 97 [38400/40200 (95%)]	Loss: 0.658511	Acc: 83.30%
Pre-train Epoch: 98 [0/40200 (0%)]	Loss: 0.532891	Acc: 87.50%
Pre-train Epoch: 98 [6400/40200 (16%)]	Loss: 0.478829	Acc: 82.55%
Pre-train Epoch: 98 [12800/40200 (32%)]	Loss: 0.671491	Acc: 83.06%
Pre-train Epoch: 98 [19200/40200 (48%)]	Loss: 0.532449	Acc: 83.17%
Pre-train Epoch: 98 [25600/40200 (64%)]	Loss: 0.581494	Acc: 83.20%
Pre-train Epoch: 98 [32000/40200 (79%)]	Loss: 0.595693	Acc: 83.30%
Pre-train Epoch: 98 [38400/40200 (95%)]	Loss: 0.598126	Acc: 83.34%
Pre-train Epoch: 99 [0/40200 (0%)]	Loss: 0.561211	Acc: 85.94%
Pre-train Epoch: 99 [6400/40200 (16%)]	Loss: 0.520863	Acc: 82.72%
Pre-train Epoch: 99 [12800/40200 (32%)]	Loss: 0.524875	Acc: 83.12%
Pre-train Epoch: 99 [19200/40200 (48%)]	Loss: 0.468659	Acc: 83.14%
Pre-train Epoch: 99 [25600/40200 (64%)]	Loss: 0.500490	Acc: 83.23%
Pre-train Epoch: 99 [32000/40200 (79%)]	Loss: 0.451281	Acc: 83.28%
Pre-train Epoch: 99 [38400/40200 (95%)]	Loss: 0.401066	Acc: 83.26%
Pre-train Epoch: 100 [0/40200 (0%)]	Loss: 0.766863	Acc: 73.44%
Pre-train Epoch: 100 [6400/40200 (16%)]	Loss: 0.619372	Acc: 83.17%
Pre-train Epoch: 100 [12800/40200 (32%)]	Loss: 0.507400	Acc: 83.28%
Pre-train Epoch: 100 [19200/40200 (48%)]	Loss: 0.515064	Acc: 83.47%
Pre-train Epoch: 100 [25600/40200 (64%)]	Loss: 0.783551	Acc: 83.54%
Pre-train Epoch: 100 [32000/40200 (79%)]	Loss: 0.682995	Acc: 83.35%
Pre-train Epoch: 100 [38400/40200 (95%)]	Loss: 0.630043	Acc: 83.37%

--- Evaluating on Validation Split ---

Validation set: Average loss: 0.5807, Accuracy: 16343/19800 (82.54%)

Reference model saved to models/raman_reference_model.pth

--- Starting Finetuning ---
Applying RamanSPy preprocessing to data/X_finetune.npy...
Finetune Epoch: 1 [0/3000 (0%)]	Loss: 1.422702	Acc: 65.62%
Finetune Epoch: 2 [0/3000 (0%)]	Loss: 1.002539	Acc: 70.31%
Finetune Epoch: 3 [0/3000 (0%)]	Loss: 0.682928	Acc: 85.94%
Finetune Epoch: 4 [0/3000 (0%)]	Loss: 0.737276	Acc: 81.25%
Finetune Epoch: 5 [0/3000 (0%)]	Loss: 0.635019	Acc: 87.50%
Finetune Epoch: 6 [0/3000 (0%)]	Loss: 0.509739	Acc: 90.62%
Finetune Epoch: 7 [0/3000 (0%)]	Loss: 0.534104	Acc: 89.06%
Finetune Epoch: 8 [0/3000 (0%)]	Loss: 0.402920	Acc: 95.31%
Finetune Epoch: 9 [0/3000 (0%)]	Loss: 0.409951	Acc: 92.19%
Finetune Epoch: 10 [0/3000 (0%)]	Loss: 0.401329	Acc: 90.62%
Finetune Epoch: 11 [0/3000 (0%)]	Loss: 0.416381	Acc: 90.62%
Finetune Epoch: 12 [0/3000 (0%)]	Loss: 0.444397	Acc: 89.06%
Finetune Epoch: 13 [0/3000 (0%)]	Loss: 0.368134	Acc: 92.19%
Finetune Epoch: 14 [0/3000 (0%)]	Loss: 0.305058	Acc: 93.75%
Finetune Epoch: 15 [0/3000 (0%)]	Loss: 0.516726	Acc: 89.06%
Finetune Epoch: 16 [0/3000 (0%)]	Loss: 0.430302	Acc: 92.19%
Finetune Epoch: 17 [0/3000 (0%)]	Loss: 0.409422	Acc: 89.06%
Finetune Epoch: 18 [0/3000 (0%)]	Loss: 0.371991	Acc: 96.88%
Finetune Epoch: 19 [0/3000 (0%)]	Loss: 0.346475	Acc: 93.75%
Finetune Epoch: 20 [0/3000 (0%)]	Loss: 0.520231	Acc: 85.94%
Finetuned model saved to models/raman_finetuned_model.pth

--- Evaluating on Test Set ---
Applying RamanSPy preprocessing to data/X_test.npy...

Test set: Average loss: 0.7769, Accuracy: 2295/3000 (76.50%)

