Using device: mps
Loading reference dataset...
Applying RamanSPy preprocessing to data/X_reference.npy...
Detected 30 classes.
Split reference data: 40200 train / 19800 val

--- Starting Reference Training ---
Pre-train Epoch: 1 [0/40200 (0%)]	Loss: 3.630514	Acc: 0.00%
Pre-train Epoch: 1 [6400/40200 (16%)]	Loss: 2.055170	Acc: 26.47%
Pre-train Epoch: 1 [12800/40200 (32%)]	Loss: 1.849503	Acc: 37.90%
Pre-train Epoch: 1 [19200/40200 (48%)]	Loss: 1.246018	Acc: 44.70%
Pre-train Epoch: 1 [25600/40200 (64%)]	Loss: 1.029279	Acc: 49.92%
Pre-train Epoch: 1 [32000/40200 (79%)]	Loss: 0.822631	Acc: 53.96%
Pre-train Epoch: 1 [38400/40200 (95%)]	Loss: 0.780258	Acc: 56.95%
Pre-train Epoch: 2 [0/40200 (0%)]	Loss: 0.845115	Acc: 73.44%
Pre-train Epoch: 2 [6400/40200 (16%)]	Loss: 0.853824	Acc: 74.57%
Pre-train Epoch: 2 [12800/40200 (32%)]	Loss: 0.936427	Acc: 74.88%
Pre-train Epoch: 2 [19200/40200 (48%)]	Loss: 0.746135	Acc: 75.22%
Pre-train Epoch: 2 [25600/40200 (64%)]	Loss: 0.851992	Acc: 75.40%
Pre-train Epoch: 2 [32000/40200 (79%)]	Loss: 0.654228	Acc: 75.57%
Pre-train Epoch: 2 [38400/40200 (95%)]	Loss: 0.689546	Acc: 75.78%
Pre-train Epoch: 3 [0/40200 (0%)]	Loss: 0.628868	Acc: 81.25%
Pre-train Epoch: 3 [6400/40200 (16%)]	Loss: 0.918568	Acc: 78.93%
Pre-train Epoch: 3 [12800/40200 (32%)]	Loss: 0.785961	Acc: 78.41%
Pre-train Epoch: 3 [19200/40200 (48%)]	Loss: 0.822614	Acc: 78.44%
Pre-train Epoch: 3 [25600/40200 (64%)]	Loss: 0.911051	Acc: 78.18%
Pre-train Epoch: 3 [32000/40200 (79%)]	Loss: 0.845975	Acc: 78.32%
Pre-train Epoch: 3 [38400/40200 (95%)]	Loss: 0.785466	Acc: 78.39%
Pre-train Epoch: 4 [0/40200 (0%)]	Loss: 0.669009	Acc: 87.50%
Pre-train Epoch: 4 [6400/40200 (16%)]	Loss: 0.588565	Acc: 80.43%
Pre-train Epoch: 4 [12800/40200 (32%)]	Loss: 0.670204	Acc: 80.01%
Pre-train Epoch: 4 [19200/40200 (48%)]	Loss: 0.931913	Acc: 79.56%
Pre-train Epoch: 4 [25600/40200 (64%)]	Loss: 0.589333	Acc: 79.46%
Pre-train Epoch: 4 [32000/40200 (79%)]	Loss: 0.606799	Acc: 79.54%
Pre-train Epoch: 4 [38400/40200 (95%)]	Loss: 0.680739	Acc: 79.53%
Pre-train Epoch: 5 [0/40200 (0%)]	Loss: 0.873545	Acc: 68.75%
Pre-train Epoch: 5 [6400/40200 (16%)]	Loss: 0.595740	Acc: 80.57%
Pre-train Epoch: 5 [12800/40200 (32%)]	Loss: 0.536442	Acc: 80.15%
Pre-train Epoch: 5 [19200/40200 (48%)]	Loss: 0.664606	Acc: 80.29%
Pre-train Epoch: 5 [25600/40200 (64%)]	Loss: 0.745013	Acc: 80.30%
Pre-train Epoch: 5 [32000/40200 (79%)]	Loss: 0.657553	Acc: 80.15%
Pre-train Epoch: 5 [38400/40200 (95%)]	Loss: 0.510394	Acc: 80.12%
Pre-train Epoch: 6 [0/40200 (0%)]	Loss: 0.733026	Acc: 79.69%
Pre-train Epoch: 6 [6400/40200 (16%)]	Loss: 0.637221	Acc: 80.96%
Pre-train Epoch: 6 [12800/40200 (32%)]	Loss: 0.762996	Acc: 81.20%
Pre-train Epoch: 6 [19200/40200 (48%)]	Loss: 0.671248	Acc: 80.99%
Pre-train Epoch: 6 [25600/40200 (64%)]	Loss: 0.960891	Acc: 80.68%
Pre-train Epoch: 6 [32000/40200 (79%)]	Loss: 0.670434	Acc: 80.59%
Pre-train Epoch: 6 [38400/40200 (95%)]	Loss: 0.653936	Acc: 80.50%
Pre-train Epoch: 7 [0/40200 (0%)]	Loss: 0.492363	Acc: 90.62%
Pre-train Epoch: 7 [6400/40200 (16%)]	Loss: 0.721324	Acc: 81.39%
Pre-train Epoch: 7 [12800/40200 (32%)]	Loss: 0.553660	Acc: 81.69%
Pre-train Epoch: 7 [19200/40200 (48%)]	Loss: 0.635638	Acc: 81.42%
Pre-train Epoch: 7 [25600/40200 (64%)]	Loss: 0.737726	Acc: 81.11%
Pre-train Epoch: 7 [32000/40200 (79%)]	Loss: 0.528660	Acc: 81.26%
Pre-train Epoch: 7 [38400/40200 (95%)]	Loss: 0.600396	Acc: 81.08%
Pre-train Epoch: 8 [0/40200 (0%)]	Loss: 0.784868	Acc: 73.44%
Pre-train Epoch: 8 [6400/40200 (16%)]	Loss: 0.507466	Acc: 81.17%
Pre-train Epoch: 8 [12800/40200 (32%)]	Loss: 0.661681	Acc: 81.18%
Pre-train Epoch: 8 [19200/40200 (48%)]	Loss: 0.692629	Acc: 81.07%
Pre-train Epoch: 8 [25600/40200 (64%)]	Loss: 0.625490	Acc: 81.06%
Pre-train Epoch: 8 [32000/40200 (79%)]	Loss: 0.717850	Acc: 81.01%
Pre-train Epoch: 8 [38400/40200 (95%)]	Loss: 0.525950	Acc: 80.94%
Pre-train Epoch: 9 [0/40200 (0%)]	Loss: 0.500023	Acc: 89.06%
Pre-train Epoch: 9 [6400/40200 (16%)]	Loss: 0.628490	Acc: 81.44%
Pre-train Epoch: 9 [12800/40200 (32%)]	Loss: 0.662810	Acc: 81.58%
Pre-train Epoch: 9 [19200/40200 (48%)]	Loss: 0.538856	Acc: 81.38%
Pre-train Epoch: 9 [25600/40200 (64%)]	Loss: 0.613919	Acc: 81.37%
Pre-train Epoch: 9 [32000/40200 (79%)]	Loss: 0.530344	Acc: 81.31%
Pre-train Epoch: 9 [38400/40200 (95%)]	Loss: 0.556199	Acc: 81.26%
Pre-train Epoch: 10 [0/40200 (0%)]	Loss: 0.636486	Acc: 79.69%
Pre-train Epoch: 10 [6400/40200 (16%)]	Loss: 0.749506	Acc: 80.93%
Pre-train Epoch: 10 [12800/40200 (32%)]	Loss: 0.610979	Acc: 81.44%
Pre-train Epoch: 10 [19200/40200 (48%)]	Loss: 0.396712	Acc: 81.63%
Pre-train Epoch: 10 [25600/40200 (64%)]	Loss: 0.724707	Acc: 81.71%
Pre-train Epoch: 10 [32000/40200 (79%)]	Loss: 0.676148	Acc: 81.68%
Pre-train Epoch: 10 [38400/40200 (95%)]	Loss: 0.562132	Acc: 81.66%
Pre-train Epoch: 11 [0/40200 (0%)]	Loss: 0.632677	Acc: 82.81%
Pre-train Epoch: 11 [6400/40200 (16%)]	Loss: 0.626494	Acc: 81.22%
Pre-train Epoch: 11 [12800/40200 (32%)]	Loss: 0.723862	Acc: 81.60%
Pre-train Epoch: 11 [19200/40200 (48%)]	Loss: 0.569617	Acc: 81.76%
Pre-train Epoch: 11 [25600/40200 (64%)]	Loss: 0.472566	Acc: 81.85%
Pre-train Epoch: 11 [32000/40200 (79%)]	Loss: 0.610694	Acc: 81.99%
Pre-train Epoch: 11 [38400/40200 (95%)]	Loss: 0.751224	Acc: 81.82%
Pre-train Epoch: 12 [0/40200 (0%)]	Loss: 0.520411	Acc: 84.38%
Pre-train Epoch: 12 [6400/40200 (16%)]	Loss: 0.719918	Acc: 81.76%
Pre-train Epoch: 12 [12800/40200 (32%)]	Loss: 0.712690	Acc: 81.55%
Pre-train Epoch: 12 [19200/40200 (48%)]	Loss: 0.715163	Acc: 81.76%
Pre-train Epoch: 12 [25600/40200 (64%)]	Loss: 0.472418	Acc: 81.85%
Pre-train Epoch: 12 [32000/40200 (79%)]	Loss: 0.820862	Acc: 81.64%
Pre-train Epoch: 12 [38400/40200 (95%)]	Loss: 0.627297	Acc: 81.65%
Pre-train Epoch: 13 [0/40200 (0%)]	Loss: 0.644124	Acc: 78.12%
Pre-train Epoch: 13 [6400/40200 (16%)]	Loss: 0.597809	Acc: 83.21%
Pre-train Epoch: 13 [12800/40200 (32%)]	Loss: 0.768185	Acc: 82.89%
Pre-train Epoch: 13 [19200/40200 (48%)]	Loss: 0.489184	Acc: 82.56%
Pre-train Epoch: 13 [25600/40200 (64%)]	Loss: 0.716067	Acc: 82.24%
Pre-train Epoch: 13 [32000/40200 (79%)]	Loss: 0.481921	Acc: 82.08%
Pre-train Epoch: 13 [38400/40200 (95%)]	Loss: 0.448570	Acc: 81.97%
Pre-train Epoch: 14 [0/40200 (0%)]	Loss: 0.604228	Acc: 82.81%
Pre-train Epoch: 14 [6400/40200 (16%)]	Loss: 0.815937	Acc: 82.35%
Pre-train Epoch: 14 [12800/40200 (32%)]	Loss: 0.696132	Acc: 81.81%
Pre-train Epoch: 14 [19200/40200 (48%)]	Loss: 0.667514	Acc: 81.94%
Pre-train Epoch: 14 [25600/40200 (64%)]	Loss: 0.443792	Acc: 81.83%
Pre-train Epoch: 14 [32000/40200 (79%)]	Loss: 0.538377	Acc: 81.90%
Pre-train Epoch: 14 [38400/40200 (95%)]	Loss: 0.818321	Acc: 81.82%
Pre-train Epoch: 15 [0/40200 (0%)]	Loss: 0.675694	Acc: 79.69%
Pre-train Epoch: 15 [6400/40200 (16%)]	Loss: 0.629576	Acc: 81.82%
Pre-train Epoch: 15 [12800/40200 (32%)]	Loss: 0.648156	Acc: 82.00%
Pre-train Epoch: 15 [19200/40200 (48%)]	Loss: 0.534857	Acc: 82.22%
Pre-train Epoch: 15 [25600/40200 (64%)]	Loss: 0.656037	Acc: 82.15%
Pre-train Epoch: 15 [32000/40200 (79%)]	Loss: 0.735243	Acc: 82.13%
Pre-train Epoch: 15 [38400/40200 (95%)]	Loss: 0.518876	Acc: 82.09%
Pre-train Epoch: 16 [0/40200 (0%)]	Loss: 0.525533	Acc: 82.81%
Pre-train Epoch: 16 [6400/40200 (16%)]	Loss: 0.560829	Acc: 83.56%
Pre-train Epoch: 16 [12800/40200 (32%)]	Loss: 0.463163	Acc: 83.41%
Pre-train Epoch: 16 [19200/40200 (48%)]	Loss: 0.614378	Acc: 83.21%
Pre-train Epoch: 16 [25600/40200 (64%)]	Loss: 0.663325	Acc: 82.89%
Pre-train Epoch: 16 [32000/40200 (79%)]	Loss: 0.636435	Acc: 82.72%
Pre-train Epoch: 16 [38400/40200 (95%)]	Loss: 0.564493	Acc: 82.58%
Pre-train Epoch: 17 [0/40200 (0%)]	Loss: 0.471622	Acc: 85.94%
Pre-train Epoch: 17 [6400/40200 (16%)]	Loss: 0.478366	Acc: 82.74%
Pre-train Epoch: 17 [12800/40200 (32%)]	Loss: 0.358957	Acc: 82.69%
Pre-train Epoch: 17 [19200/40200 (48%)]	Loss: 0.547882	Acc: 82.76%
Pre-train Epoch: 17 [25600/40200 (64%)]	Loss: 0.392610	Acc: 82.57%
Pre-train Epoch: 17 [32000/40200 (79%)]	Loss: 0.580945	Acc: 82.53%
Pre-train Epoch: 17 [38400/40200 (95%)]	Loss: 0.446363	Acc: 82.44%
Pre-train Epoch: 18 [0/40200 (0%)]	Loss: 0.685980	Acc: 78.12%
Pre-train Epoch: 18 [6400/40200 (16%)]	Loss: 0.571747	Acc: 82.83%
Pre-train Epoch: 18 [12800/40200 (32%)]	Loss: 0.501009	Acc: 82.74%
Pre-train Epoch: 18 [19200/40200 (48%)]	Loss: 0.461528	Acc: 82.78%
Pre-train Epoch: 18 [25600/40200 (64%)]	Loss: 0.486703	Acc: 82.76%
Pre-train Epoch: 18 [32000/40200 (79%)]	Loss: 0.638592	Acc: 82.86%
Pre-train Epoch: 18 [38400/40200 (95%)]	Loss: 0.541692	Acc: 82.76%
Pre-train Epoch: 19 [0/40200 (0%)]	Loss: 0.510058	Acc: 85.94%
Pre-train Epoch: 19 [6400/40200 (16%)]	Loss: 0.551263	Acc: 82.98%
Pre-train Epoch: 19 [12800/40200 (32%)]	Loss: 0.563153	Acc: 82.92%
Pre-train Epoch: 19 [19200/40200 (48%)]	Loss: 0.686680	Acc: 82.75%
Pre-train Epoch: 19 [25600/40200 (64%)]	Loss: 0.524115	Acc: 82.62%
Pre-train Epoch: 19 [32000/40200 (79%)]	Loss: 0.516008	Acc: 82.51%
Pre-train Epoch: 19 [38400/40200 (95%)]	Loss: 0.712875	Acc: 82.46%
Pre-train Epoch: 20 [0/40200 (0%)]	Loss: 0.702654	Acc: 81.25%
Pre-train Epoch: 20 [6400/40200 (16%)]	Loss: 0.641455	Acc: 83.45%
Pre-train Epoch: 20 [12800/40200 (32%)]	Loss: 0.539947	Acc: 83.49%
Pre-train Epoch: 20 [19200/40200 (48%)]	Loss: 0.689594	Acc: 83.27%
Pre-train Epoch: 20 [25600/40200 (64%)]	Loss: 0.580665	Acc: 82.98%
Pre-train Epoch: 20 [32000/40200 (79%)]	Loss: 0.409439	Acc: 82.88%
Pre-train Epoch: 20 [38400/40200 (95%)]	Loss: 0.682058	Acc: 82.96%
Pre-train Epoch: 21 [0/40200 (0%)]	Loss: 0.588414	Acc: 81.25%
Pre-train Epoch: 21 [6400/40200 (16%)]	Loss: 0.607131	Acc: 83.79%
Pre-train Epoch: 21 [12800/40200 (32%)]	Loss: 0.538947	Acc: 83.33%
Pre-train Epoch: 21 [19200/40200 (48%)]	Loss: 0.676993	Acc: 83.18%
Pre-train Epoch: 21 [25600/40200 (64%)]	Loss: 0.526387	Acc: 83.10%
Pre-train Epoch: 21 [32000/40200 (79%)]	Loss: 0.678467	Acc: 82.81%
Pre-train Epoch: 21 [38400/40200 (95%)]	Loss: 0.475357	Acc: 82.89%
Pre-train Epoch: 22 [0/40200 (0%)]	Loss: 0.484686	Acc: 89.06%
Pre-train Epoch: 22 [6400/40200 (16%)]	Loss: 0.567343	Acc: 83.80%
Pre-train Epoch: 22 [12800/40200 (32%)]	Loss: 0.584323	Acc: 83.27%
Pre-train Epoch: 22 [19200/40200 (48%)]	Loss: 0.590098	Acc: 83.28%
Pre-train Epoch: 22 [25600/40200 (64%)]	Loss: 0.557349	Acc: 83.10%
Pre-train Epoch: 22 [32000/40200 (79%)]	Loss: 0.604158	Acc: 82.98%
Pre-train Epoch: 22 [38400/40200 (95%)]	Loss: 0.567737	Acc: 82.97%
Pre-train Epoch: 23 [0/40200 (0%)]	Loss: 0.593084	Acc: 82.81%
Pre-train Epoch: 23 [6400/40200 (16%)]	Loss: 0.553717	Acc: 84.55%
Pre-train Epoch: 23 [12800/40200 (32%)]	Loss: 0.508691	Acc: 83.78%
Pre-train Epoch: 23 [19200/40200 (48%)]	Loss: 0.708807	Acc: 83.61%
Pre-train Epoch: 23 [25600/40200 (64%)]	Loss: 0.635785	Acc: 83.47%
Pre-train Epoch: 23 [32000/40200 (79%)]	Loss: 0.544002	Acc: 83.32%
Pre-train Epoch: 23 [38400/40200 (95%)]	Loss: 0.538659	Acc: 83.19%
Pre-train Epoch: 24 [0/40200 (0%)]	Loss: 0.435925	Acc: 92.19%
Pre-train Epoch: 24 [6400/40200 (16%)]	Loss: 0.706575	Acc: 84.11%
Pre-train Epoch: 24 [12800/40200 (32%)]	Loss: 0.580464	Acc: 84.07%
Pre-train Epoch: 24 [19200/40200 (48%)]	Loss: 0.730174	Acc: 83.62%
Pre-train Epoch: 24 [25600/40200 (64%)]	Loss: 0.556414	Acc: 83.57%
Pre-train Epoch: 24 [32000/40200 (79%)]	Loss: 0.726354	Acc: 83.37%
Pre-train Epoch: 24 [38400/40200 (95%)]	Loss: 0.679220	Acc: 83.11%
Pre-train Epoch: 25 [0/40200 (0%)]	Loss: 0.660554	Acc: 79.69%
Pre-train Epoch: 25 [6400/40200 (16%)]	Loss: 0.664625	Acc: 83.40%
Pre-train Epoch: 25 [12800/40200 (32%)]	Loss: 0.478139	Acc: 83.61%
Pre-train Epoch: 25 [19200/40200 (48%)]	Loss: 0.500081	Acc: 83.55%
Pre-train Epoch: 25 [25600/40200 (64%)]	Loss: 0.519379	Acc: 83.27%
Pre-train Epoch: 25 [32000/40200 (79%)]	Loss: 0.538136	Acc: 83.23%
Pre-train Epoch: 25 [38400/40200 (95%)]	Loss: 0.517656	Acc: 83.04%
Pre-train Epoch: 26 [0/40200 (0%)]	Loss: 0.443244	Acc: 89.06%
Pre-train Epoch: 26 [6400/40200 (16%)]	Loss: 0.570482	Acc: 84.30%
Pre-train Epoch: 26 [12800/40200 (32%)]	Loss: 0.495104	Acc: 84.17%
Pre-train Epoch: 26 [19200/40200 (48%)]	Loss: 0.610330	Acc: 83.76%
Pre-train Epoch: 26 [25600/40200 (64%)]	Loss: 0.406958	Acc: 83.76%
Pre-train Epoch: 26 [32000/40200 (79%)]	Loss: 0.562152	Acc: 83.53%
Pre-train Epoch: 26 [38400/40200 (95%)]	Loss: 0.681578	Acc: 83.30%
Pre-train Epoch: 27 [0/40200 (0%)]	Loss: 0.601731	Acc: 81.25%
Pre-train Epoch: 27 [6400/40200 (16%)]	Loss: 0.640021	Acc: 83.26%
Pre-train Epoch: 27 [12800/40200 (32%)]	Loss: 0.451751	Acc: 83.58%
Pre-train Epoch: 27 [19200/40200 (48%)]	Loss: 0.736812	Acc: 83.27%
Pre-train Epoch: 27 [25600/40200 (64%)]	Loss: 0.588982	Acc: 83.39%
Pre-train Epoch: 27 [32000/40200 (79%)]	Loss: 0.573066	Acc: 83.25%
Pre-train Epoch: 27 [38400/40200 (95%)]	Loss: 0.499386	Acc: 83.18%
Pre-train Epoch: 28 [0/40200 (0%)]	Loss: 0.422759	Acc: 87.50%
Pre-train Epoch: 28 [6400/40200 (16%)]	Loss: 0.545287	Acc: 83.76%
Pre-train Epoch: 28 [12800/40200 (32%)]	Loss: 0.685760	Acc: 83.90%
Pre-train Epoch: 28 [19200/40200 (48%)]	Loss: 0.584146	Acc: 83.66%
Pre-train Epoch: 28 [25600/40200 (64%)]	Loss: 0.687034	Acc: 83.57%
Pre-train Epoch: 28 [32000/40200 (79%)]	Loss: 0.504165	Acc: 83.41%
Pre-train Epoch: 28 [38400/40200 (95%)]	Loss: 0.559485	Acc: 83.30%
Pre-train Epoch: 29 [0/40200 (0%)]	Loss: 0.641608	Acc: 78.12%
Pre-train Epoch: 29 [6400/40200 (16%)]	Loss: 0.733493	Acc: 83.63%
Pre-train Epoch: 29 [12800/40200 (32%)]	Loss: 0.616547	Acc: 83.96%
Pre-train Epoch: 29 [19200/40200 (48%)]	Loss: 0.669809	Acc: 83.62%
Pre-train Epoch: 29 [25600/40200 (64%)]	Loss: 0.682947	Acc: 83.84%
Pre-train Epoch: 29 [32000/40200 (79%)]	Loss: 0.460245	Acc: 83.61%
Pre-train Epoch: 29 [38400/40200 (95%)]	Loss: 0.584246	Acc: 83.42%
Pre-train Epoch: 30 [0/40200 (0%)]	Loss: 0.722626	Acc: 76.56%
Pre-train Epoch: 30 [6400/40200 (16%)]	Loss: 0.637285	Acc: 84.11%
Pre-train Epoch: 30 [12800/40200 (32%)]	Loss: 0.591091	Acc: 84.03%
Pre-train Epoch: 30 [19200/40200 (48%)]	Loss: 0.582999	Acc: 83.98%
Pre-train Epoch: 30 [25600/40200 (64%)]	Loss: 0.617106	Acc: 83.72%
Pre-train Epoch: 30 [32000/40200 (79%)]	Loss: 0.453944	Acc: 83.66%
Pre-train Epoch: 30 [38400/40200 (95%)]	Loss: 0.923043	Acc: 83.49%
Pre-train Epoch: 31 [0/40200 (0%)]	Loss: 0.515392	Acc: 85.94%
Pre-train Epoch: 31 [6400/40200 (16%)]	Loss: 0.659869	Acc: 84.92%
Pre-train Epoch: 31 [12800/40200 (32%)]	Loss: 0.642989	Acc: 84.41%
Pre-train Epoch: 31 [19200/40200 (48%)]	Loss: 0.739614	Acc: 84.19%
Pre-train Epoch: 31 [25600/40200 (64%)]	Loss: 0.590930	Acc: 83.85%
Pre-train Epoch: 31 [32000/40200 (79%)]	Loss: 0.576661	Acc: 83.75%
Pre-train Epoch: 31 [38400/40200 (95%)]	Loss: 0.545988	Acc: 83.66%
Pre-train Epoch: 32 [0/40200 (0%)]	Loss: 0.422364	Acc: 89.06%
Pre-train Epoch: 32 [6400/40200 (16%)]	Loss: 0.556165	Acc: 84.34%
Pre-train Epoch: 32 [12800/40200 (32%)]	Loss: 0.667578	Acc: 84.41%
Pre-train Epoch: 32 [19200/40200 (48%)]	Loss: 0.488282	Acc: 84.17%
Pre-train Epoch: 32 [25600/40200 (64%)]	Loss: 0.417453	Acc: 84.02%
Pre-train Epoch: 32 [32000/40200 (79%)]	Loss: 0.549378	Acc: 83.88%
Pre-train Epoch: 32 [38400/40200 (95%)]	Loss: 0.521939	Acc: 83.78%
Pre-train Epoch: 33 [0/40200 (0%)]	Loss: 0.496715	Acc: 87.50%
Pre-train Epoch: 33 [6400/40200 (16%)]	Loss: 0.603367	Acc: 83.91%
Pre-train Epoch: 33 [12800/40200 (32%)]	Loss: 0.576299	Acc: 83.85%
Pre-train Epoch: 33 [19200/40200 (48%)]	Loss: 0.542441	Acc: 83.60%
Pre-train Epoch: 33 [25600/40200 (64%)]	Loss: 0.507968	Acc: 83.77%
Pre-train Epoch: 33 [32000/40200 (79%)]	Loss: 0.647090	Acc: 83.60%
Pre-train Epoch: 33 [38400/40200 (95%)]	Loss: 0.530796	Acc: 83.52%
Pre-train Epoch: 34 [0/40200 (0%)]	Loss: 0.563158	Acc: 82.81%
Pre-train Epoch: 34 [6400/40200 (16%)]	Loss: 0.521060	Acc: 83.83%
Pre-train Epoch: 34 [12800/40200 (32%)]	Loss: 0.575592	Acc: 84.11%
Pre-train Epoch: 34 [19200/40200 (48%)]	Loss: 0.682386	Acc: 84.22%
Pre-train Epoch: 34 [25600/40200 (64%)]	Loss: 0.634767	Acc: 84.16%
Pre-train Epoch: 34 [32000/40200 (79%)]	Loss: 0.551728	Acc: 84.02%
Pre-train Epoch: 34 [38400/40200 (95%)]	Loss: 0.530881	Acc: 83.93%
Pre-train Epoch: 35 [0/40200 (0%)]	Loss: 0.397444	Acc: 87.50%
Pre-train Epoch: 35 [6400/40200 (16%)]	Loss: 0.363456	Acc: 85.24%
Pre-train Epoch: 35 [12800/40200 (32%)]	Loss: 0.577330	Acc: 84.75%
Pre-train Epoch: 35 [19200/40200 (48%)]	Loss: 0.659965	Acc: 84.63%
Pre-train Epoch: 35 [25600/40200 (64%)]	Loss: 0.569763	Acc: 84.49%
Pre-train Epoch: 35 [32000/40200 (79%)]	Loss: 0.619176	Acc: 84.26%
Pre-train Epoch: 35 [38400/40200 (95%)]	Loss: 0.609512	Acc: 83.96%
Pre-train Epoch: 36 [0/40200 (0%)]	Loss: 0.512832	Acc: 89.06%
Pre-train Epoch: 36 [6400/40200 (16%)]	Loss: 0.581267	Acc: 84.20%
Pre-train Epoch: 36 [12800/40200 (32%)]	Loss: 0.490807	Acc: 84.18%
Pre-train Epoch: 36 [19200/40200 (48%)]	Loss: 0.727489	Acc: 84.12%
Pre-train Epoch: 36 [25600/40200 (64%)]	Loss: 0.509593	Acc: 84.04%
Pre-train Epoch: 36 [32000/40200 (79%)]	Loss: 0.619358	Acc: 84.09%
Pre-train Epoch: 36 [38400/40200 (95%)]	Loss: 0.430715	Acc: 84.07%
Pre-train Epoch: 37 [0/40200 (0%)]	Loss: 0.499403	Acc: 84.38%
Pre-train Epoch: 37 [6400/40200 (16%)]	Loss: 0.360445	Acc: 84.96%
Pre-train Epoch: 37 [12800/40200 (32%)]	Loss: 0.640311	Acc: 84.04%
Pre-train Epoch: 37 [19200/40200 (48%)]	Loss: 0.570063	Acc: 84.09%
Pre-train Epoch: 37 [25600/40200 (64%)]	Loss: 0.472394	Acc: 83.93%
Pre-train Epoch: 37 [32000/40200 (79%)]	Loss: 0.614016	Acc: 83.98%
Pre-train Epoch: 37 [38400/40200 (95%)]	Loss: 0.612615	Acc: 83.86%
Pre-train Epoch: 38 [0/40200 (0%)]	Loss: 0.545616	Acc: 87.50%
Pre-train Epoch: 38 [6400/40200 (16%)]	Loss: 0.674419	Acc: 85.43%
Pre-train Epoch: 38 [12800/40200 (32%)]	Loss: 0.325071	Acc: 85.10%
Pre-train Epoch: 38 [19200/40200 (48%)]	Loss: 0.734845	Acc: 84.87%
Pre-train Epoch: 38 [25600/40200 (64%)]	Loss: 0.580233	Acc: 84.76%
Pre-train Epoch: 38 [32000/40200 (79%)]	Loss: 0.421374	Acc: 84.44%
Pre-train Epoch: 38 [38400/40200 (95%)]	Loss: 0.621359	Acc: 84.36%
Pre-train Epoch: 39 [0/40200 (0%)]	Loss: 0.511523	Acc: 87.50%
Pre-train Epoch: 39 [6400/40200 (16%)]	Loss: 0.640895	Acc: 85.13%
Pre-train Epoch: 39 [12800/40200 (32%)]	Loss: 0.677860	Acc: 84.72%
Pre-train Epoch: 39 [19200/40200 (48%)]	Loss: 0.680851	Acc: 84.46%
Pre-train Epoch: 39 [25600/40200 (64%)]	Loss: 0.481503	Acc: 84.35%
Pre-train Epoch: 39 [32000/40200 (79%)]	Loss: 0.519557	Acc: 84.18%
Pre-train Epoch: 39 [38400/40200 (95%)]	Loss: 0.394780	Acc: 84.05%
Pre-train Epoch: 40 [0/40200 (0%)]	Loss: 0.411865	Acc: 90.62%
Pre-train Epoch: 40 [6400/40200 (16%)]	Loss: 0.536534	Acc: 84.07%
Pre-train Epoch: 40 [12800/40200 (32%)]	Loss: 0.521534	Acc: 84.16%
Pre-train Epoch: 40 [19200/40200 (48%)]	Loss: 0.532253	Acc: 84.14%
Pre-train Epoch: 40 [25600/40200 (64%)]	Loss: 0.541921	Acc: 84.16%
Pre-train Epoch: 40 [32000/40200 (79%)]	Loss: 0.730087	Acc: 84.28%
Pre-train Epoch: 40 [38400/40200 (95%)]	Loss: 0.574068	Acc: 84.22%
Pre-train Epoch: 41 [0/40200 (0%)]	Loss: 0.449323	Acc: 93.75%
Pre-train Epoch: 41 [6400/40200 (16%)]	Loss: 0.450559	Acc: 85.49%
Pre-train Epoch: 41 [12800/40200 (32%)]	Loss: 0.686759	Acc: 85.33%
Pre-train Epoch: 41 [19200/40200 (48%)]	Loss: 0.694758	Acc: 85.07%
Pre-train Epoch: 41 [25600/40200 (64%)]	Loss: 0.475624	Acc: 84.75%
Pre-train Epoch: 41 [32000/40200 (79%)]	Loss: 0.540070	Acc: 84.71%
Pre-train Epoch: 41 [38400/40200 (95%)]	Loss: 0.645045	Acc: 84.59%
Pre-train Epoch: 42 [0/40200 (0%)]	Loss: 0.546379	Acc: 84.38%
Pre-train Epoch: 42 [6400/40200 (16%)]	Loss: 0.442918	Acc: 85.10%
Pre-train Epoch: 42 [12800/40200 (32%)]	Loss: 0.776252	Acc: 84.90%
Pre-train Epoch: 42 [19200/40200 (48%)]	Loss: 0.759715	Acc: 84.61%
Pre-train Epoch: 42 [25600/40200 (64%)]	Loss: 0.623356	Acc: 84.51%
Pre-train Epoch: 42 [32000/40200 (79%)]	Loss: 0.565445	Acc: 84.40%
Pre-train Epoch: 42 [38400/40200 (95%)]	Loss: 0.440123	Acc: 84.45%
Pre-train Epoch: 43 [0/40200 (0%)]	Loss: 0.491711	Acc: 85.94%
Pre-train Epoch: 43 [6400/40200 (16%)]	Loss: 0.693643	Acc: 85.75%
Pre-train Epoch: 43 [12800/40200 (32%)]	Loss: 0.531903	Acc: 85.21%
Pre-train Epoch: 43 [19200/40200 (48%)]	Loss: 0.371512	Acc: 85.23%
Pre-train Epoch: 43 [25600/40200 (64%)]	Loss: 0.511714	Acc: 85.01%
Pre-train Epoch: 43 [32000/40200 (79%)]	Loss: 0.541887	Acc: 84.74%
Pre-train Epoch: 43 [38400/40200 (95%)]	Loss: 0.547195	Acc: 84.60%
Pre-train Epoch: 44 [0/40200 (0%)]	Loss: 0.644890	Acc: 81.25%
Pre-train Epoch: 44 [6400/40200 (16%)]	Loss: 0.477858	Acc: 84.84%
Pre-train Epoch: 44 [12800/40200 (32%)]	Loss: 0.491978	Acc: 85.01%
Pre-train Epoch: 44 [19200/40200 (48%)]	Loss: 0.843576	Acc: 84.92%
Pre-train Epoch: 44 [25600/40200 (64%)]	Loss: 0.546590	Acc: 84.73%
Pre-train Epoch: 44 [32000/40200 (79%)]	Loss: 0.547361	Acc: 84.71%
Pre-train Epoch: 44 [38400/40200 (95%)]	Loss: 0.455407	Acc: 84.62%
Pre-train Epoch: 45 [0/40200 (0%)]	Loss: 0.432343	Acc: 89.06%
Pre-train Epoch: 45 [6400/40200 (16%)]	Loss: 0.504593	Acc: 84.72%
Pre-train Epoch: 45 [12800/40200 (32%)]	Loss: 0.510952	Acc: 84.99%
Pre-train Epoch: 45 [19200/40200 (48%)]	Loss: 0.463913	Acc: 85.12%
Pre-train Epoch: 45 [25600/40200 (64%)]	Loss: 0.505975	Acc: 84.96%
Pre-train Epoch: 45 [32000/40200 (79%)]	Loss: 0.729023	Acc: 84.83%
Pre-train Epoch: 45 [38400/40200 (95%)]	Loss: 0.603779	Acc: 84.75%
Pre-train Epoch: 46 [0/40200 (0%)]	Loss: 0.610493	Acc: 81.25%
Pre-train Epoch: 46 [6400/40200 (16%)]	Loss: 0.505397	Acc: 84.73%
Pre-train Epoch: 46 [12800/40200 (32%)]	Loss: 0.586094	Acc: 85.20%
Pre-train Epoch: 46 [19200/40200 (48%)]	Loss: 0.470323	Acc: 85.22%
Pre-train Epoch: 46 [25600/40200 (64%)]	Loss: 0.408596	Acc: 85.09%
Pre-train Epoch: 46 [32000/40200 (79%)]	Loss: 0.633924	Acc: 85.21%
Pre-train Epoch: 46 [38400/40200 (95%)]	Loss: 0.730594	Acc: 84.99%
Pre-train Epoch: 47 [0/40200 (0%)]	Loss: 0.573386	Acc: 85.94%
Pre-train Epoch: 47 [6400/40200 (16%)]	Loss: 0.520792	Acc: 85.60%
Pre-train Epoch: 47 [12800/40200 (32%)]	Loss: 0.774620	Acc: 85.24%
Pre-train Epoch: 47 [19200/40200 (48%)]	Loss: 0.605113	Acc: 85.15%
Pre-train Epoch: 47 [25600/40200 (64%)]	Loss: 0.524418	Acc: 85.19%
Pre-train Epoch: 47 [32000/40200 (79%)]	Loss: 0.566048	Acc: 85.18%
Pre-train Epoch: 47 [38400/40200 (95%)]	Loss: 0.569181	Acc: 84.97%
Pre-train Epoch: 48 [0/40200 (0%)]	Loss: 0.474872	Acc: 87.50%
Pre-train Epoch: 48 [6400/40200 (16%)]	Loss: 0.441968	Acc: 86.08%
Pre-train Epoch: 48 [12800/40200 (32%)]	Loss: 0.632090	Acc: 85.34%
Pre-train Epoch: 48 [19200/40200 (48%)]	Loss: 0.686342	Acc: 85.25%
Pre-train Epoch: 48 [25600/40200 (64%)]	Loss: 0.500205	Acc: 85.28%
Pre-train Epoch: 48 [32000/40200 (79%)]	Loss: 0.449638	Acc: 85.22%
Pre-train Epoch: 48 [38400/40200 (95%)]	Loss: 0.455451	Acc: 85.18%
Pre-train Epoch: 49 [0/40200 (0%)]	Loss: 0.465191	Acc: 89.06%
Pre-train Epoch: 49 [6400/40200 (16%)]	Loss: 0.523356	Acc: 85.57%
Pre-train Epoch: 49 [12800/40200 (32%)]	Loss: 0.414197	Acc: 85.40%
Pre-train Epoch: 49 [19200/40200 (48%)]	Loss: 0.471987	Acc: 85.15%
Pre-train Epoch: 49 [25600/40200 (64%)]	Loss: 0.660470	Acc: 85.18%
Pre-train Epoch: 49 [32000/40200 (79%)]	Loss: 0.540905	Acc: 85.15%
Pre-train Epoch: 49 [38400/40200 (95%)]	Loss: 0.524699	Acc: 85.08%
Pre-train Epoch: 50 [0/40200 (0%)]	Loss: 0.537606	Acc: 81.25%
Pre-train Epoch: 50 [6400/40200 (16%)]	Loss: 0.662047	Acc: 85.97%
Pre-train Epoch: 50 [12800/40200 (32%)]	Loss: 0.465384	Acc: 85.78%
Pre-train Epoch: 50 [19200/40200 (48%)]	Loss: 0.499160	Acc: 85.50%
Pre-train Epoch: 50 [25600/40200 (64%)]	Loss: 0.597634	Acc: 85.44%
Pre-train Epoch: 50 [32000/40200 (79%)]	Loss: 0.510653	Acc: 85.46%
Pre-train Epoch: 50 [38400/40200 (95%)]	Loss: 0.361904	Acc: 85.35%
Pre-train Epoch: 51 [0/40200 (0%)]	Loss: 0.583028	Acc: 82.81%
Pre-train Epoch: 51 [6400/40200 (16%)]	Loss: 0.468472	Acc: 86.12%
Pre-train Epoch: 51 [12800/40200 (32%)]	Loss: 0.509095	Acc: 85.91%
Pre-train Epoch: 51 [19200/40200 (48%)]	Loss: 0.607140	Acc: 85.80%
Pre-train Epoch: 51 [25600/40200 (64%)]	Loss: 0.437481	Acc: 85.68%
Pre-train Epoch: 51 [32000/40200 (79%)]	Loss: 0.561110	Acc: 85.59%
Pre-train Epoch: 51 [38400/40200 (95%)]	Loss: 0.518689	Acc: 85.42%
Pre-train Epoch: 52 [0/40200 (0%)]	Loss: 0.458554	Acc: 84.38%
Pre-train Epoch: 52 [6400/40200 (16%)]	Loss: 0.409743	Acc: 86.59%
Pre-train Epoch: 52 [12800/40200 (32%)]	Loss: 0.375868	Acc: 86.25%
Pre-train Epoch: 52 [19200/40200 (48%)]	Loss: 0.563725	Acc: 85.84%
Pre-train Epoch: 52 [25600/40200 (64%)]	Loss: 0.466837	Acc: 85.66%
Pre-train Epoch: 52 [32000/40200 (79%)]	Loss: 0.440611	Acc: 85.64%
Pre-train Epoch: 52 [38400/40200 (95%)]	Loss: 0.474875	Acc: 85.52%
Pre-train Epoch: 53 [0/40200 (0%)]	Loss: 0.575099	Acc: 82.81%
Pre-train Epoch: 53 [6400/40200 (16%)]	Loss: 0.541508	Acc: 85.94%
Pre-train Epoch: 53 [12800/40200 (32%)]	Loss: 0.492567	Acc: 85.87%
Pre-train Epoch: 53 [19200/40200 (48%)]	Loss: 0.468948	Acc: 86.04%
Pre-train Epoch: 53 [25600/40200 (64%)]	Loss: 0.536743	Acc: 86.12%
Pre-train Epoch: 53 [32000/40200 (79%)]	Loss: 0.468535	Acc: 86.04%
Pre-train Epoch: 53 [38400/40200 (95%)]	Loss: 0.541087	Acc: 85.90%
Pre-train Epoch: 54 [0/40200 (0%)]	Loss: 0.465642	Acc: 84.38%
Pre-train Epoch: 54 [6400/40200 (16%)]	Loss: 0.567005	Acc: 86.37%
Pre-train Epoch: 54 [12800/40200 (32%)]	Loss: 0.436726	Acc: 86.13%
Pre-train Epoch: 54 [19200/40200 (48%)]	Loss: 0.600193	Acc: 85.79%
Pre-train Epoch: 54 [25600/40200 (64%)]	Loss: 0.529809	Acc: 85.88%
Pre-train Epoch: 54 [32000/40200 (79%)]	Loss: 0.510828	Acc: 85.77%
Pre-train Epoch: 54 [38400/40200 (95%)]	Loss: 0.348038	Acc: 85.75%
Pre-train Epoch: 55 [0/40200 (0%)]	Loss: 0.584766	Acc: 81.25%
Pre-train Epoch: 55 [6400/40200 (16%)]	Loss: 0.446251	Acc: 86.09%
Pre-train Epoch: 55 [12800/40200 (32%)]	Loss: 0.636116	Acc: 86.11%
Pre-train Epoch: 55 [19200/40200 (48%)]	Loss: 0.541219	Acc: 85.95%
Pre-train Epoch: 55 [25600/40200 (64%)]	Loss: 0.420526	Acc: 85.84%
Pre-train Epoch: 55 [32000/40200 (79%)]	Loss: 0.414086	Acc: 85.81%
Pre-train Epoch: 55 [38400/40200 (95%)]	Loss: 0.437225	Acc: 85.71%
Pre-train Epoch: 56 [0/40200 (0%)]	Loss: 0.335409	Acc: 90.62%
Pre-train Epoch: 56 [6400/40200 (16%)]	Loss: 0.512482	Acc: 86.39%
Pre-train Epoch: 56 [12800/40200 (32%)]	Loss: 0.383205	Acc: 86.44%
Pre-train Epoch: 56 [19200/40200 (48%)]	Loss: 0.478412	Acc: 86.32%
Pre-train Epoch: 56 [25600/40200 (64%)]	Loss: 0.611849	Acc: 86.12%
Pre-train Epoch: 56 [32000/40200 (79%)]	Loss: 0.482967	Acc: 85.96%
Pre-train Epoch: 56 [38400/40200 (95%)]	Loss: 0.483265	Acc: 86.04%
Pre-train Epoch: 57 [0/40200 (0%)]	Loss: 0.644138	Acc: 73.44%
Pre-train Epoch: 57 [6400/40200 (16%)]	Loss: 0.405477	Acc: 86.09%
Pre-train Epoch: 57 [12800/40200 (32%)]	Loss: 0.508081	Acc: 85.87%
Pre-train Epoch: 57 [19200/40200 (48%)]	Loss: 0.474223	Acc: 85.95%
Pre-train Epoch: 57 [25600/40200 (64%)]	Loss: 0.564618	Acc: 86.03%
Pre-train Epoch: 57 [32000/40200 (79%)]	Loss: 0.437585	Acc: 86.16%
Pre-train Epoch: 57 [38400/40200 (95%)]	Loss: 0.575362	Acc: 86.22%
Pre-train Epoch: 58 [0/40200 (0%)]	Loss: 0.619480	Acc: 84.38%
Pre-train Epoch: 58 [6400/40200 (16%)]	Loss: 0.362082	Acc: 86.62%
Pre-train Epoch: 58 [12800/40200 (32%)]	Loss: 0.362652	Acc: 86.63%
Pre-train Epoch: 58 [19200/40200 (48%)]	Loss: 0.522420	Acc: 86.50%
Pre-train Epoch: 58 [25600/40200 (64%)]	Loss: 0.564962	Acc: 86.37%
Pre-train Epoch: 58 [32000/40200 (79%)]	Loss: 0.510328	Acc: 86.24%
Pre-train Epoch: 58 [38400/40200 (95%)]	Loss: 0.375594	Acc: 86.24%
Pre-train Epoch: 59 [0/40200 (0%)]	Loss: 0.451427	Acc: 89.06%
Pre-train Epoch: 59 [6400/40200 (16%)]	Loss: 0.558986	Acc: 86.73%
Pre-train Epoch: 59 [12800/40200 (32%)]	Loss: 0.577507	Acc: 86.76%
Pre-train Epoch: 59 [19200/40200 (48%)]	Loss: 0.393753	Acc: 86.59%
Pre-train Epoch: 59 [25600/40200 (64%)]	Loss: 0.482273	Acc: 86.43%
Pre-train Epoch: 59 [32000/40200 (79%)]	Loss: 0.469775	Acc: 86.42%
Pre-train Epoch: 59 [38400/40200 (95%)]	Loss: 0.673537	Acc: 86.42%
Pre-train Epoch: 60 [0/40200 (0%)]	Loss: 0.661643	Acc: 78.12%
Pre-train Epoch: 60 [6400/40200 (16%)]	Loss: 0.405010	Acc: 86.99%
Pre-train Epoch: 60 [12800/40200 (32%)]	Loss: 0.345651	Acc: 87.39%
Pre-train Epoch: 60 [19200/40200 (48%)]	Loss: 0.422915	Acc: 87.13%
Pre-train Epoch: 60 [25600/40200 (64%)]	Loss: 0.854743	Acc: 86.73%
Pre-train Epoch: 60 [32000/40200 (79%)]	Loss: 0.420590	Acc: 86.66%
Pre-train Epoch: 60 [38400/40200 (95%)]	Loss: 0.447338	Acc: 86.55%
Pre-train Epoch: 61 [0/40200 (0%)]	Loss: 0.390178	Acc: 90.62%
Pre-train Epoch: 61 [6400/40200 (16%)]	Loss: 0.514525	Acc: 86.76%
Pre-train Epoch: 61 [12800/40200 (32%)]	Loss: 0.559036	Acc: 86.96%
Pre-train Epoch: 61 [19200/40200 (48%)]	Loss: 0.611253	Acc: 87.04%
Pre-train Epoch: 61 [25600/40200 (64%)]	Loss: 0.340060	Acc: 86.94%
Pre-train Epoch: 61 [32000/40200 (79%)]	Loss: 0.405649	Acc: 86.83%
Pre-train Epoch: 61 [38400/40200 (95%)]	Loss: 0.423288	Acc: 86.71%
Pre-train Epoch: 62 [0/40200 (0%)]	Loss: 0.462736	Acc: 82.81%
Pre-train Epoch: 62 [6400/40200 (16%)]	Loss: 0.351370	Acc: 87.35%
Pre-train Epoch: 62 [12800/40200 (32%)]	Loss: 0.358390	Acc: 87.67%
Pre-train Epoch: 62 [19200/40200 (48%)]	Loss: 0.481255	Acc: 87.37%
Pre-train Epoch: 62 [25600/40200 (64%)]	Loss: 0.609296	Acc: 87.17%
Pre-train Epoch: 62 [32000/40200 (79%)]	Loss: 0.453393	Acc: 87.15%
Pre-train Epoch: 62 [38400/40200 (95%)]	Loss: 0.473124	Acc: 87.16%
Pre-train Epoch: 63 [0/40200 (0%)]	Loss: 0.446855	Acc: 89.06%
Pre-train Epoch: 63 [6400/40200 (16%)]	Loss: 0.389957	Acc: 87.58%
Pre-train Epoch: 63 [12800/40200 (32%)]	Loss: 0.516976	Acc: 87.62%
Pre-train Epoch: 63 [19200/40200 (48%)]	Loss: 0.414277	Acc: 87.41%
Pre-train Epoch: 63 [25600/40200 (64%)]	Loss: 0.469885	Acc: 87.21%
Pre-train Epoch: 63 [32000/40200 (79%)]	Loss: 0.443842	Acc: 86.93%
Pre-train Epoch: 63 [38400/40200 (95%)]	Loss: 0.427055	Acc: 86.78%
Pre-train Epoch: 64 [0/40200 (0%)]	Loss: 0.511638	Acc: 92.19%
Pre-train Epoch: 64 [6400/40200 (16%)]	Loss: 0.411485	Acc: 88.54%
Pre-train Epoch: 64 [12800/40200 (32%)]	Loss: 0.266612	Acc: 87.84%
Pre-train Epoch: 64 [19200/40200 (48%)]	Loss: 0.592149	Acc: 87.39%
Pre-train Epoch: 64 [25600/40200 (64%)]	Loss: 0.523490	Acc: 87.36%
Pre-train Epoch: 64 [32000/40200 (79%)]	Loss: 0.488030	Acc: 87.24%
Pre-train Epoch: 64 [38400/40200 (95%)]	Loss: 0.483552	Acc: 87.12%
Pre-train Epoch: 65 [0/40200 (0%)]	Loss: 0.498195	Acc: 87.50%
Pre-train Epoch: 65 [6400/40200 (16%)]	Loss: 0.486338	Acc: 87.48%
Pre-train Epoch: 65 [12800/40200 (32%)]	Loss: 0.411235	Acc: 87.69%
Pre-train Epoch: 65 [19200/40200 (48%)]	Loss: 0.409578	Acc: 87.35%
Pre-train Epoch: 65 [25600/40200 (64%)]	Loss: 0.437643	Acc: 87.51%
Pre-train Epoch: 65 [32000/40200 (79%)]	Loss: 0.527314	Acc: 87.32%
Pre-train Epoch: 65 [38400/40200 (95%)]	Loss: 0.280649	Acc: 87.41%
Pre-train Epoch: 66 [0/40200 (0%)]	Loss: 0.468500	Acc: 85.94%
Pre-train Epoch: 66 [6400/40200 (16%)]	Loss: 0.425864	Acc: 87.62%
Pre-train Epoch: 66 [12800/40200 (32%)]	Loss: 0.390726	Acc: 87.83%
Pre-train Epoch: 66 [19200/40200 (48%)]	Loss: 0.471564	Acc: 87.48%
Pre-train Epoch: 66 [25600/40200 (64%)]	Loss: 0.403951	Acc: 87.42%
Pre-train Epoch: 66 [32000/40200 (79%)]	Loss: 0.494746	Acc: 87.33%
Pre-train Epoch: 66 [38400/40200 (95%)]	Loss: 0.435964	Acc: 87.40%
Pre-train Epoch: 67 [0/40200 (0%)]	Loss: 0.410190	Acc: 90.62%
Pre-train Epoch: 67 [6400/40200 (16%)]	Loss: 0.431197	Acc: 88.57%
Pre-train Epoch: 67 [12800/40200 (32%)]	Loss: 0.420131	Acc: 88.30%
Pre-train Epoch: 67 [19200/40200 (48%)]	Loss: 0.445609	Acc: 88.07%
Pre-train Epoch: 67 [25600/40200 (64%)]	Loss: 0.424344	Acc: 87.91%
Pre-train Epoch: 67 [32000/40200 (79%)]	Loss: 0.528558	Acc: 87.79%
Pre-train Epoch: 67 [38400/40200 (95%)]	Loss: 0.389688	Acc: 87.78%
Pre-train Epoch: 68 [0/40200 (0%)]	Loss: 0.351243	Acc: 95.31%
Pre-train Epoch: 68 [6400/40200 (16%)]	Loss: 0.439167	Acc: 88.10%
Pre-train Epoch: 68 [12800/40200 (32%)]	Loss: 0.582113	Acc: 88.03%
Pre-train Epoch: 68 [19200/40200 (48%)]	Loss: 0.456253	Acc: 88.04%
Pre-train Epoch: 68 [25600/40200 (64%)]	Loss: 0.400002	Acc: 87.83%
Pre-train Epoch: 68 [32000/40200 (79%)]	Loss: 0.541206	Acc: 87.73%
Pre-train Epoch: 68 [38400/40200 (95%)]	Loss: 0.461359	Acc: 87.69%
Pre-train Epoch: 69 [0/40200 (0%)]	Loss: 0.419817	Acc: 87.50%
Pre-train Epoch: 69 [6400/40200 (16%)]	Loss: 0.322080	Acc: 88.51%
Pre-train Epoch: 69 [12800/40200 (32%)]	Loss: 0.427458	Acc: 88.36%
Pre-train Epoch: 69 [19200/40200 (48%)]	Loss: 0.602969	Acc: 88.10%
Pre-train Epoch: 69 [25600/40200 (64%)]	Loss: 0.579084	Acc: 88.01%
Pre-train Epoch: 69 [32000/40200 (79%)]	Loss: 0.620107	Acc: 88.03%
Pre-train Epoch: 69 [38400/40200 (95%)]	Loss: 0.408251	Acc: 87.90%
Pre-train Epoch: 70 [0/40200 (0%)]	Loss: 0.487284	Acc: 84.38%
Pre-train Epoch: 70 [6400/40200 (16%)]	Loss: 0.623659	Acc: 88.57%
Pre-train Epoch: 70 [12800/40200 (32%)]	Loss: 0.355826	Acc: 88.03%
Pre-train Epoch: 70 [19200/40200 (48%)]	Loss: 0.616900	Acc: 88.03%
Pre-train Epoch: 70 [25600/40200 (64%)]	Loss: 0.401472	Acc: 88.00%
Pre-train Epoch: 70 [32000/40200 (79%)]	Loss: 0.441853	Acc: 88.05%
Pre-train Epoch: 70 [38400/40200 (95%)]	Loss: 0.594552	Acc: 88.01%
Pre-train Epoch: 71 [0/40200 (0%)]	Loss: 0.364934	Acc: 92.19%
Pre-train Epoch: 71 [6400/40200 (16%)]	Loss: 0.389094	Acc: 88.32%
Pre-train Epoch: 71 [12800/40200 (32%)]	Loss: 0.383705	Acc: 88.44%
Pre-train Epoch: 71 [19200/40200 (48%)]	Loss: 0.377235	Acc: 88.06%
Pre-train Epoch: 71 [25600/40200 (64%)]	Loss: 0.475681	Acc: 88.25%
Pre-train Epoch: 71 [32000/40200 (79%)]	Loss: 0.504523	Acc: 88.12%
Pre-train Epoch: 71 [38400/40200 (95%)]	Loss: 0.404783	Acc: 88.01%
Pre-train Epoch: 72 [0/40200 (0%)]	Loss: 0.366538	Acc: 90.62%
Pre-train Epoch: 72 [6400/40200 (16%)]	Loss: 0.416229	Acc: 87.98%
Pre-train Epoch: 72 [12800/40200 (32%)]	Loss: 0.304931	Acc: 88.29%
Pre-train Epoch: 72 [19200/40200 (48%)]	Loss: 0.437893	Acc: 88.44%
Pre-train Epoch: 72 [25600/40200 (64%)]	Loss: 0.500423	Acc: 88.38%
Pre-train Epoch: 72 [32000/40200 (79%)]	Loss: 0.390907	Acc: 88.24%
Pre-train Epoch: 72 [38400/40200 (95%)]	Loss: 0.439702	Acc: 88.16%
Pre-train Epoch: 73 [0/40200 (0%)]	Loss: 0.453554	Acc: 89.06%
Pre-train Epoch: 73 [6400/40200 (16%)]	Loss: 0.396058	Acc: 89.74%
Pre-train Epoch: 73 [12800/40200 (32%)]	Loss: 0.377328	Acc: 89.36%
Pre-train Epoch: 73 [19200/40200 (48%)]	Loss: 0.453677	Acc: 89.26%
Pre-train Epoch: 73 [25600/40200 (64%)]	Loss: 0.560705	Acc: 89.11%
Pre-train Epoch: 73 [32000/40200 (79%)]	Loss: 0.525806	Acc: 88.76%
Pre-train Epoch: 73 [38400/40200 (95%)]	Loss: 0.419611	Acc: 88.64%
Pre-train Epoch: 74 [0/40200 (0%)]	Loss: 0.560923	Acc: 85.94%
Pre-train Epoch: 74 [6400/40200 (16%)]	Loss: 0.538717	Acc: 88.58%
Pre-train Epoch: 74 [12800/40200 (32%)]	Loss: 0.385080	Acc: 88.38%
Pre-train Epoch: 74 [19200/40200 (48%)]	Loss: 0.384439	Acc: 88.30%
Pre-train Epoch: 74 [25600/40200 (64%)]	Loss: 0.305984	Acc: 88.38%
Pre-train Epoch: 74 [32000/40200 (79%)]	Loss: 0.452752	Acc: 88.40%
Pre-train Epoch: 74 [38400/40200 (95%)]	Loss: 0.434468	Acc: 88.41%
Pre-train Epoch: 75 [0/40200 (0%)]	Loss: 0.290156	Acc: 96.88%
Pre-train Epoch: 75 [6400/40200 (16%)]	Loss: 0.583480	Acc: 88.74%
Pre-train Epoch: 75 [12800/40200 (32%)]	Loss: 0.345049	Acc: 88.95%
Pre-train Epoch: 75 [19200/40200 (48%)]	Loss: 0.594111	Acc: 88.93%
Pre-train Epoch: 75 [25600/40200 (64%)]	Loss: 0.382480	Acc: 88.88%
Pre-train Epoch: 75 [32000/40200 (79%)]	Loss: 0.327304	Acc: 88.90%
Pre-train Epoch: 75 [38400/40200 (95%)]	Loss: 0.468154	Acc: 88.72%
Pre-train Epoch: 76 [0/40200 (0%)]	Loss: 0.421394	Acc: 92.19%
Pre-train Epoch: 76 [6400/40200 (16%)]	Loss: 0.515567	Acc: 89.74%
Pre-train Epoch: 76 [12800/40200 (32%)]	Loss: 0.332555	Acc: 89.30%
Pre-train Epoch: 76 [19200/40200 (48%)]	Loss: 0.535874	Acc: 89.22%
Pre-train Epoch: 76 [25600/40200 (64%)]	Loss: 0.577726	Acc: 89.01%
Pre-train Epoch: 76 [32000/40200 (79%)]	Loss: 0.515244	Acc: 88.96%
Pre-train Epoch: 76 [38400/40200 (95%)]	Loss: 0.263313	Acc: 88.98%
Pre-train Epoch: 77 [0/40200 (0%)]	Loss: 0.521960	Acc: 82.81%
Pre-train Epoch: 77 [6400/40200 (16%)]	Loss: 0.455746	Acc: 89.02%
Pre-train Epoch: 77 [12800/40200 (32%)]	Loss: 0.314600	Acc: 89.38%
Pre-train Epoch: 77 [19200/40200 (48%)]	Loss: 0.472590	Acc: 89.31%
Pre-train Epoch: 77 [25600/40200 (64%)]	Loss: 0.506820	Acc: 89.24%
Pre-train Epoch: 77 [32000/40200 (79%)]	Loss: 0.651698	Acc: 89.16%
Pre-train Epoch: 77 [38400/40200 (95%)]	Loss: 0.507655	Acc: 89.08%
Pre-train Epoch: 78 [0/40200 (0%)]	Loss: 0.376684	Acc: 93.75%
Pre-train Epoch: 78 [6400/40200 (16%)]	Loss: 0.397319	Acc: 90.16%
Pre-train Epoch: 78 [12800/40200 (32%)]	Loss: 0.523901	Acc: 89.50%
Pre-train Epoch: 78 [19200/40200 (48%)]	Loss: 0.475236	Acc: 89.42%
Pre-train Epoch: 78 [25600/40200 (64%)]	Loss: 0.608680	Acc: 89.47%
Pre-train Epoch: 78 [32000/40200 (79%)]	Loss: 0.334901	Acc: 89.36%
Pre-train Epoch: 78 [38400/40200 (95%)]	Loss: 0.570459	Acc: 89.24%
Pre-train Epoch: 79 [0/40200 (0%)]	Loss: 0.424570	Acc: 92.19%
Pre-train Epoch: 79 [6400/40200 (16%)]	Loss: 0.430367	Acc: 89.03%
Pre-train Epoch: 79 [12800/40200 (32%)]	Loss: 0.366046	Acc: 89.37%
Pre-train Epoch: 79 [19200/40200 (48%)]	Loss: 0.408775	Acc: 89.53%
Pre-train Epoch: 79 [25600/40200 (64%)]	Loss: 0.422188	Acc: 89.49%
Pre-train Epoch: 79 [32000/40200 (79%)]	Loss: 0.417000	Acc: 89.52%
Pre-train Epoch: 79 [38400/40200 (95%)]	Loss: 0.459265	Acc: 89.48%
Pre-train Epoch: 80 [0/40200 (0%)]	Loss: 0.443118	Acc: 89.06%
Pre-train Epoch: 80 [6400/40200 (16%)]	Loss: 0.392001	Acc: 89.73%
Pre-train Epoch: 80 [12800/40200 (32%)]	Loss: 0.361439	Acc: 89.47%
Pre-train Epoch: 80 [19200/40200 (48%)]	Loss: 0.354481	Acc: 89.59%
Pre-train Epoch: 80 [25600/40200 (64%)]	Loss: 0.599195	Acc: 89.53%
Pre-train Epoch: 80 [32000/40200 (79%)]	Loss: 0.395299	Acc: 89.44%
Pre-train Epoch: 80 [38400/40200 (95%)]	Loss: 0.378941	Acc: 89.41%
Pre-train Epoch: 81 [0/40200 (0%)]	Loss: 0.381215	Acc: 92.19%
Pre-train Epoch: 81 [6400/40200 (16%)]	Loss: 0.348353	Acc: 89.63%
Pre-train Epoch: 81 [12800/40200 (32%)]	Loss: 0.374899	Acc: 89.88%
Pre-train Epoch: 81 [19200/40200 (48%)]	Loss: 0.487032	Acc: 89.94%
Pre-train Epoch: 81 [25600/40200 (64%)]	Loss: 0.373890	Acc: 89.89%
Pre-train Epoch: 81 [32000/40200 (79%)]	Loss: 0.374397	Acc: 89.74%
Pre-train Epoch: 81 [38400/40200 (95%)]	Loss: 0.346326	Acc: 89.62%
Pre-train Epoch: 82 [0/40200 (0%)]	Loss: 0.440331	Acc: 89.06%
Pre-train Epoch: 82 [6400/40200 (16%)]	Loss: 0.436341	Acc: 90.42%
Pre-train Epoch: 82 [12800/40200 (32%)]	Loss: 0.441388	Acc: 90.03%
Pre-train Epoch: 82 [19200/40200 (48%)]	Loss: 0.423705	Acc: 90.06%
Pre-train Epoch: 82 [25600/40200 (64%)]	Loss: 0.374550	Acc: 90.05%
Pre-train Epoch: 82 [32000/40200 (79%)]	Loss: 0.310329	Acc: 89.92%
Pre-train Epoch: 82 [38400/40200 (95%)]	Loss: 0.360900	Acc: 89.74%
Pre-train Epoch: 83 [0/40200 (0%)]	Loss: 0.272764	Acc: 95.31%
Pre-train Epoch: 83 [6400/40200 (16%)]	Loss: 0.395366	Acc: 90.45%
Pre-train Epoch: 83 [12800/40200 (32%)]	Loss: 0.307819	Acc: 90.33%
Pre-train Epoch: 83 [19200/40200 (48%)]	Loss: 0.348119	Acc: 90.13%
Pre-train Epoch: 83 [25600/40200 (64%)]	Loss: 0.373929	Acc: 90.09%
Pre-train Epoch: 83 [32000/40200 (79%)]	Loss: 0.396386	Acc: 90.16%
Pre-train Epoch: 83 [38400/40200 (95%)]	Loss: 0.341930	Acc: 89.93%
Pre-train Epoch: 84 [0/40200 (0%)]	Loss: 0.410014	Acc: 89.06%
Pre-train Epoch: 84 [6400/40200 (16%)]	Loss: 0.337950	Acc: 90.15%
Pre-train Epoch: 84 [12800/40200 (32%)]	Loss: 0.342639	Acc: 90.00%
Pre-train Epoch: 84 [19200/40200 (48%)]	Loss: 0.442932	Acc: 90.00%
Pre-train Epoch: 84 [25600/40200 (64%)]	Loss: 0.470725	Acc: 90.02%
Pre-train Epoch: 84 [32000/40200 (79%)]	Loss: 0.495573	Acc: 89.95%
Pre-train Epoch: 84 [38400/40200 (95%)]	Loss: 0.445877	Acc: 90.00%
Pre-train Epoch: 85 [0/40200 (0%)]	Loss: 0.339068	Acc: 90.62%
Pre-train Epoch: 85 [6400/40200 (16%)]	Loss: 0.351219	Acc: 90.19%
Pre-train Epoch: 85 [12800/40200 (32%)]	Loss: 0.401656	Acc: 90.24%
Pre-train Epoch: 85 [19200/40200 (48%)]	Loss: 0.364733	Acc: 90.28%
Pre-train Epoch: 85 [25600/40200 (64%)]	Loss: 0.393198	Acc: 90.22%
Pre-train Epoch: 85 [32000/40200 (79%)]	Loss: 0.468278	Acc: 90.28%
Pre-train Epoch: 85 [38400/40200 (95%)]	Loss: 0.330551	Acc: 90.23%
Pre-train Epoch: 86 [0/40200 (0%)]	Loss: 0.501639	Acc: 87.50%
Pre-train Epoch: 86 [6400/40200 (16%)]	Loss: 0.418227	Acc: 90.16%
Pre-train Epoch: 86 [12800/40200 (32%)]	Loss: 0.288301	Acc: 90.29%
Pre-train Epoch: 86 [19200/40200 (48%)]	Loss: 0.319614	Acc: 90.29%
Pre-train Epoch: 86 [25600/40200 (64%)]	Loss: 0.361550	Acc: 90.21%
Pre-train Epoch: 86 [32000/40200 (79%)]	Loss: 0.415277	Acc: 90.15%
Pre-train Epoch: 86 [38400/40200 (95%)]	Loss: 0.611040	Acc: 90.18%
Pre-train Epoch: 87 [0/40200 (0%)]	Loss: 0.454100	Acc: 87.50%
Pre-train Epoch: 87 [6400/40200 (16%)]	Loss: 0.336621	Acc: 91.09%
Pre-train Epoch: 87 [12800/40200 (32%)]	Loss: 0.393995	Acc: 90.63%
Pre-train Epoch: 87 [19200/40200 (48%)]	Loss: 0.423708	Acc: 90.47%
Pre-train Epoch: 87 [25600/40200 (64%)]	Loss: 0.366881	Acc: 90.40%
Pre-train Epoch: 87 [32000/40200 (79%)]	Loss: 0.369252	Acc: 90.39%
Pre-train Epoch: 87 [38400/40200 (95%)]	Loss: 0.443679	Acc: 90.30%
Pre-train Epoch: 88 [0/40200 (0%)]	Loss: 0.278653	Acc: 98.44%
Pre-train Epoch: 88 [6400/40200 (16%)]	Loss: 0.527071	Acc: 90.16%
Pre-train Epoch: 88 [12800/40200 (32%)]	Loss: 0.298141	Acc: 90.37%
Pre-train Epoch: 88 [19200/40200 (48%)]	Loss: 0.368979	Acc: 90.31%
Pre-train Epoch: 88 [25600/40200 (64%)]	Loss: 0.309339	Acc: 90.32%
Pre-train Epoch: 88 [32000/40200 (79%)]	Loss: 0.372434	Acc: 90.42%
Pre-train Epoch: 88 [38400/40200 (95%)]	Loss: 0.376816	Acc: 90.43%
Pre-train Epoch: 89 [0/40200 (0%)]	Loss: 0.204549	Acc: 98.44%
Pre-train Epoch: 89 [6400/40200 (16%)]	Loss: 0.248550	Acc: 90.70%
Pre-train Epoch: 89 [12800/40200 (32%)]	Loss: 0.378554	Acc: 90.67%
Pre-train Epoch: 89 [19200/40200 (48%)]	Loss: 0.523031	Acc: 90.70%
Pre-train Epoch: 89 [25600/40200 (64%)]	Loss: 0.322935	Acc: 90.64%
Pre-train Epoch: 89 [32000/40200 (79%)]	Loss: 0.412882	Acc: 90.60%
Pre-train Epoch: 89 [38400/40200 (95%)]	Loss: 0.437203	Acc: 90.49%
Pre-train Epoch: 90 [0/40200 (0%)]	Loss: 0.417861	Acc: 89.06%
Pre-train Epoch: 90 [6400/40200 (16%)]	Loss: 0.511173	Acc: 90.92%
Pre-train Epoch: 90 [12800/40200 (32%)]	Loss: 0.369289	Acc: 90.99%
Pre-train Epoch: 90 [19200/40200 (48%)]	Loss: 0.296261	Acc: 90.55%
Pre-train Epoch: 90 [25600/40200 (64%)]	Loss: 0.312376	Acc: 90.59%
Pre-train Epoch: 90 [32000/40200 (79%)]	Loss: 0.395499	Acc: 90.66%
Pre-train Epoch: 90 [38400/40200 (95%)]	Loss: 0.302490	Acc: 90.74%
Pre-train Epoch: 91 [0/40200 (0%)]	Loss: 0.406435	Acc: 89.06%
Pre-train Epoch: 91 [6400/40200 (16%)]	Loss: 0.367565	Acc: 91.54%
Pre-train Epoch: 91 [12800/40200 (32%)]	Loss: 0.526612	Acc: 91.13%
Pre-train Epoch: 91 [19200/40200 (48%)]	Loss: 0.439331	Acc: 91.07%
Pre-train Epoch: 91 [25600/40200 (64%)]	Loss: 0.527081	Acc: 90.79%
Pre-train Epoch: 91 [32000/40200 (79%)]	Loss: 0.372142	Acc: 90.75%
Pre-train Epoch: 91 [38400/40200 (95%)]	Loss: 0.433550	Acc: 90.77%
Pre-train Epoch: 92 [0/40200 (0%)]	Loss: 0.276109	Acc: 96.88%
Pre-train Epoch: 92 [6400/40200 (16%)]	Loss: 0.365996	Acc: 90.64%
Pre-train Epoch: 92 [12800/40200 (32%)]	Loss: 0.387876	Acc: 90.83%
Pre-train Epoch: 92 [19200/40200 (48%)]	Loss: 0.416304	Acc: 90.99%
Pre-train Epoch: 92 [25600/40200 (64%)]	Loss: 0.312455	Acc: 90.90%
Pre-train Epoch: 92 [32000/40200 (79%)]	Loss: 0.303905	Acc: 90.79%
Pre-train Epoch: 92 [38400/40200 (95%)]	Loss: 0.379310	Acc: 90.84%
Pre-train Epoch: 93 [0/40200 (0%)]	Loss: 0.406958	Acc: 89.06%
Pre-train Epoch: 93 [6400/40200 (16%)]	Loss: 0.388392	Acc: 91.37%
Pre-train Epoch: 93 [12800/40200 (32%)]	Loss: 0.310451	Acc: 91.28%
Pre-train Epoch: 93 [19200/40200 (48%)]	Loss: 0.389619	Acc: 91.19%
Pre-train Epoch: 93 [25600/40200 (64%)]	Loss: 0.404063	Acc: 90.91%
Pre-train Epoch: 93 [32000/40200 (79%)]	Loss: 0.492028	Acc: 90.91%
Pre-train Epoch: 93 [38400/40200 (95%)]	Loss: 0.565970	Acc: 90.89%
Pre-train Epoch: 94 [0/40200 (0%)]	Loss: 0.434374	Acc: 87.50%
Pre-train Epoch: 94 [6400/40200 (16%)]	Loss: 0.299236	Acc: 91.32%
Pre-train Epoch: 94 [12800/40200 (32%)]	Loss: 0.328143	Acc: 91.29%
Pre-train Epoch: 94 [19200/40200 (48%)]	Loss: 0.287393	Acc: 91.21%
Pre-train Epoch: 94 [25600/40200 (64%)]	Loss: 0.372611	Acc: 91.03%
Pre-train Epoch: 94 [32000/40200 (79%)]	Loss: 0.345893	Acc: 90.94%
Pre-train Epoch: 94 [38400/40200 (95%)]	Loss: 0.530446	Acc: 90.92%
Pre-train Epoch: 95 [0/40200 (0%)]	Loss: 0.343035	Acc: 90.62%
Pre-train Epoch: 95 [6400/40200 (16%)]	Loss: 0.249878	Acc: 91.09%
Pre-train Epoch: 95 [12800/40200 (32%)]	Loss: 0.366119	Acc: 91.08%
Pre-train Epoch: 95 [19200/40200 (48%)]	Loss: 0.359323	Acc: 91.14%
Pre-train Epoch: 95 [25600/40200 (64%)]	Loss: 0.325199	Acc: 91.14%
Pre-train Epoch: 95 [32000/40200 (79%)]	Loss: 0.325132	Acc: 91.28%
Pre-train Epoch: 95 [38400/40200 (95%)]	Loss: 0.414620	Acc: 91.22%
Pre-train Epoch: 96 [0/40200 (0%)]	Loss: 0.321133	Acc: 90.62%
Pre-train Epoch: 96 [6400/40200 (16%)]	Loss: 0.485762	Acc: 91.10%
Pre-train Epoch: 96 [12800/40200 (32%)]	Loss: 0.366249	Acc: 91.20%
Pre-train Epoch: 96 [19200/40200 (48%)]	Loss: 0.386407	Acc: 91.24%
Pre-train Epoch: 96 [25600/40200 (64%)]	Loss: 0.520880	Acc: 91.01%
Pre-train Epoch: 96 [32000/40200 (79%)]	Loss: 0.395125	Acc: 91.05%
Pre-train Epoch: 96 [38400/40200 (95%)]	Loss: 0.283121	Acc: 91.06%
Pre-train Epoch: 97 [0/40200 (0%)]	Loss: 0.344168	Acc: 92.19%
Pre-train Epoch: 97 [6400/40200 (16%)]	Loss: 0.368783	Acc: 90.92%
Pre-train Epoch: 97 [12800/40200 (32%)]	Loss: 0.302484	Acc: 91.08%
Pre-train Epoch: 97 [19200/40200 (48%)]	Loss: 0.450550	Acc: 90.96%
Pre-train Epoch: 97 [25600/40200 (64%)]	Loss: 0.441694	Acc: 90.95%
Pre-train Epoch: 97 [32000/40200 (79%)]	Loss: 0.432024	Acc: 91.06%
Pre-train Epoch: 97 [38400/40200 (95%)]	Loss: 0.492713	Acc: 91.11%
Pre-train Epoch: 98 [0/40200 (0%)]	Loss: 0.290500	Acc: 95.31%
Pre-train Epoch: 98 [6400/40200 (16%)]	Loss: 0.308208	Acc: 91.72%
Pre-train Epoch: 98 [12800/40200 (32%)]	Loss: 0.392934	Acc: 91.39%
Pre-train Epoch: 98 [19200/40200 (48%)]	Loss: 0.418232	Acc: 91.28%
Pre-train Epoch: 98 [25600/40200 (64%)]	Loss: 0.440670	Acc: 91.15%
Pre-train Epoch: 98 [32000/40200 (79%)]	Loss: 0.357699	Acc: 91.17%
Pre-train Epoch: 98 [38400/40200 (95%)]	Loss: 0.376437	Acc: 91.20%
Pre-train Epoch: 99 [0/40200 (0%)]	Loss: 0.371288	Acc: 93.75%
Pre-train Epoch: 99 [6400/40200 (16%)]	Loss: 0.328060	Acc: 91.48%
Pre-train Epoch: 99 [12800/40200 (32%)]	Loss: 0.343831	Acc: 91.42%
Pre-train Epoch: 99 [19200/40200 (48%)]	Loss: 0.293858	Acc: 91.25%
Pre-train Epoch: 99 [25600/40200 (64%)]	Loss: 0.322758	Acc: 91.24%
Pre-train Epoch: 99 [32000/40200 (79%)]	Loss: 0.415462	Acc: 91.14%
Pre-train Epoch: 99 [38400/40200 (95%)]	Loss: 0.304796	Acc: 91.20%
Pre-train Epoch: 100 [0/40200 (0%)]	Loss: 0.367430	Acc: 93.75%
Pre-train Epoch: 100 [6400/40200 (16%)]	Loss: 0.409508	Acc: 91.03%
Pre-train Epoch: 100 [12800/40200 (32%)]	Loss: 0.341385	Acc: 91.26%
Pre-train Epoch: 100 [19200/40200 (48%)]	Loss: 0.335558	Acc: 91.28%
Pre-train Epoch: 100 [25600/40200 (64%)]	Loss: 0.472876	Acc: 91.30%
Pre-train Epoch: 100 [32000/40200 (79%)]	Loss: 0.402033	Acc: 91.22%
Pre-train Epoch: 100 [38400/40200 (95%)]	Loss: 0.369330	Acc: 91.24%

--- Evaluating on Validation Split ---

Validation set: Average loss: 0.5272, Accuracy: 16679/19800 (84.24%)

Reference model saved to models/raman_reference_model.pth

--- Starting Finetuning ---
Applying RamanSPy preprocessing to data/X_finetune.npy...
Finetune Epoch: 1 [0/3000 (0%)]	Loss: 1.919773	Acc: 54.69%
Finetune Epoch: 2 [0/3000 (0%)]	Loss: 1.071237	Acc: 67.19%
Finetune Epoch: 3 [0/3000 (0%)]	Loss: 0.845463	Acc: 76.56%
Finetune Epoch: 4 [0/3000 (0%)]	Loss: 0.578332	Acc: 89.06%
Finetune Epoch: 5 [0/3000 (0%)]	Loss: 0.741077	Acc: 79.69%
Finetuned model saved to models/raman_finetuned_model.pth

--- Evaluating on Test Set ---
Applying RamanSPy preprocessing to data/X_test.npy...

Test set: Average loss: 0.8855, Accuracy: 2189/3000 (72.97%)

