Using device: mps
Loading reference dataset...
Applying RamanSPy preprocessing to data/X_reference.npy...
Detected 30 classes.

--- Starting Reference Training ---
Pre-train Epoch: 1 [0/60000 (0%)]	Loss: 3.459193	Acc: 4.69%
Pre-train Epoch: 1 [6400/60000 (11%)]	Loss: 1.702297	Acc: 39.36%
Pre-train Epoch: 1 [12800/60000 (21%)]	Loss: 0.973475	Acc: 52.28%
Pre-train Epoch: 1 [19200/60000 (32%)]	Loss: 0.915909	Acc: 59.49%
Pre-train Epoch: 1 [25600/60000 (43%)]	Loss: 0.781087	Acc: 64.23%
Pre-train Epoch: 1 [32000/60000 (53%)]	Loss: 0.572453	Acc: 67.71%
Pre-train Epoch: 1 [38400/60000 (64%)]	Loss: 0.608609	Acc: 70.22%
Pre-train Epoch: 1 [44800/60000 (75%)]	Loss: 0.527166	Acc: 72.23%
Pre-train Epoch: 1 [51200/60000 (85%)]	Loss: 0.493603	Acc: 73.86%
Pre-train Epoch: 1 [57600/60000 (96%)]	Loss: 0.539752	Acc: 75.17%
Pre-train Epoch: 2 [0/60000 (0%)]	Loss: 0.335195	Acc: 90.62%
Pre-train Epoch: 2 [6400/60000 (11%)]	Loss: 0.542229	Acc: 86.77%
Pre-train Epoch: 2 [12800/60000 (21%)]	Loss: 0.498708	Acc: 86.85%
Pre-train Epoch: 2 [19200/60000 (32%)]	Loss: 0.523528	Acc: 86.92%
Pre-train Epoch: 2 [25600/60000 (43%)]	Loss: 0.420959	Acc: 87.05%
Pre-train Epoch: 2 [32000/60000 (53%)]	Loss: 0.351644	Acc: 86.98%
Pre-train Epoch: 2 [38400/60000 (64%)]	Loss: 0.413331	Acc: 86.84%
Pre-train Epoch: 2 [44800/60000 (75%)]	Loss: 0.470205	Acc: 86.94%
Pre-train Epoch: 2 [51200/60000 (85%)]	Loss: 0.576162	Acc: 86.99%
Pre-train Epoch: 2 [57600/60000 (96%)]	Loss: 0.335387	Acc: 87.07%
Pre-train Epoch: 3 [0/60000 (0%)]	Loss: 0.472621	Acc: 90.62%
Pre-train Epoch: 3 [6400/60000 (11%)]	Loss: 0.402292	Acc: 87.81%
Pre-train Epoch: 3 [12800/60000 (21%)]	Loss: 0.506014	Acc: 88.04%
Pre-train Epoch: 3 [19200/60000 (32%)]	Loss: 0.414537	Acc: 88.14%
Pre-train Epoch: 3 [25600/60000 (43%)]	Loss: 0.444789	Acc: 88.18%
Pre-train Epoch: 3 [32000/60000 (53%)]	Loss: 0.600392	Acc: 88.12%
Pre-train Epoch: 3 [38400/60000 (64%)]	Loss: 0.446429	Acc: 88.26%
Pre-train Epoch: 3 [44800/60000 (75%)]	Loss: 0.514161	Acc: 88.28%
Pre-train Epoch: 3 [51200/60000 (85%)]	Loss: 0.363042	Acc: 88.27%
Pre-train Epoch: 3 [57600/60000 (96%)]	Loss: 0.314362	Acc: 88.35%
Pre-train Epoch: 4 [0/60000 (0%)]	Loss: 0.359514	Acc: 84.38%
Pre-train Epoch: 4 [6400/60000 (11%)]	Loss: 0.423111	Acc: 88.57%
Pre-train Epoch: 4 [12800/60000 (21%)]	Loss: 0.550124	Acc: 88.53%
Pre-train Epoch: 4 [19200/60000 (32%)]	Loss: 0.414041	Acc: 88.62%
Pre-train Epoch: 4 [25600/60000 (43%)]	Loss: 0.446931	Acc: 88.55%
Pre-train Epoch: 4 [32000/60000 (53%)]	Loss: 0.385207	Acc: 88.63%
Pre-train Epoch: 4 [38400/60000 (64%)]	Loss: 0.392258	Acc: 88.57%
Pre-train Epoch: 4 [44800/60000 (75%)]	Loss: 0.406321	Acc: 88.68%
Pre-train Epoch: 4 [51200/60000 (85%)]	Loss: 0.569599	Acc: 88.71%
Pre-train Epoch: 4 [57600/60000 (96%)]	Loss: 0.335822	Acc: 88.75%
Pre-train Epoch: 5 [0/60000 (0%)]	Loss: 0.357570	Acc: 93.75%
Pre-train Epoch: 5 [6400/60000 (11%)]	Loss: 0.326029	Acc: 88.89%
Pre-train Epoch: 5 [12800/60000 (21%)]	Loss: 0.553751	Acc: 88.73%
Pre-train Epoch: 5 [19200/60000 (32%)]	Loss: 0.338038	Acc: 89.00%
Pre-train Epoch: 5 [25600/60000 (43%)]	Loss: 0.358374	Acc: 89.07%
Pre-train Epoch: 5 [32000/60000 (53%)]	Loss: 0.305981	Acc: 89.04%
Pre-train Epoch: 5 [38400/60000 (64%)]	Loss: 0.326462	Acc: 88.95%
Pre-train Epoch: 5 [44800/60000 (75%)]	Loss: 0.486692	Acc: 88.97%
Pre-train Epoch: 5 [51200/60000 (85%)]	Loss: 0.405757	Acc: 88.96%
Pre-train Epoch: 5 [57600/60000 (96%)]	Loss: 0.515855	Acc: 88.99%
Pre-train Epoch: 6 [0/60000 (0%)]	Loss: 0.350508	Acc: 95.31%
Pre-train Epoch: 6 [6400/60000 (11%)]	Loss: 0.393730	Acc: 89.62%
Pre-train Epoch: 6 [12800/60000 (21%)]	Loss: 0.506776	Acc: 89.39%
Pre-train Epoch: 6 [19200/60000 (32%)]	Loss: 0.344475	Acc: 89.56%
Pre-train Epoch: 6 [25600/60000 (43%)]	Loss: 0.403665	Acc: 89.48%
Pre-train Epoch: 6 [32000/60000 (53%)]	Loss: 0.442380	Acc: 89.55%
Pre-train Epoch: 6 [38400/60000 (64%)]	Loss: 0.438636	Acc: 89.56%
Pre-train Epoch: 6 [44800/60000 (75%)]	Loss: 0.553562	Acc: 89.51%
Pre-train Epoch: 6 [51200/60000 (85%)]	Loss: 0.381206	Acc: 89.39%
Pre-train Epoch: 6 [57600/60000 (96%)]	Loss: 0.387709	Acc: 89.40%
Pre-train Epoch: 7 [0/60000 (0%)]	Loss: 0.334682	Acc: 90.62%
Pre-train Epoch: 7 [6400/60000 (11%)]	Loss: 0.402075	Acc: 89.03%
Pre-train Epoch: 7 [12800/60000 (21%)]	Loss: 0.390815	Acc: 89.54%
Pre-train Epoch: 7 [19200/60000 (32%)]	Loss: 0.330427	Acc: 89.70%
Pre-train Epoch: 7 [25600/60000 (43%)]	Loss: 0.491269	Acc: 89.72%
Pre-train Epoch: 7 [32000/60000 (53%)]	Loss: 0.334219	Acc: 89.56%
Pre-train Epoch: 7 [38400/60000 (64%)]	Loss: 0.307559	Acc: 89.40%
Pre-train Epoch: 7 [44800/60000 (75%)]	Loss: 0.433372	Acc: 89.43%
Pre-train Epoch: 7 [51200/60000 (85%)]	Loss: 0.353840	Acc: 89.40%
Pre-train Epoch: 7 [57600/60000 (96%)]	Loss: 0.613237	Acc: 89.40%
Pre-train Epoch: 8 [0/60000 (0%)]	Loss: 0.417001	Acc: 84.38%
Pre-train Epoch: 8 [6400/60000 (11%)]	Loss: 0.402027	Acc: 89.34%
Pre-train Epoch: 8 [12800/60000 (21%)]	Loss: 0.343463	Acc: 89.68%
Pre-train Epoch: 8 [19200/60000 (32%)]	Loss: 0.361519	Acc: 89.66%
Pre-train Epoch: 8 [25600/60000 (43%)]	Loss: 0.309361	Acc: 89.72%
Pre-train Epoch: 8 [32000/60000 (53%)]	Loss: 0.352370	Acc: 89.59%
Pre-train Epoch: 8 [38400/60000 (64%)]	Loss: 0.277428	Acc: 89.63%
Pre-train Epoch: 8 [44800/60000 (75%)]	Loss: 0.437534	Acc: 89.55%
Pre-train Epoch: 8 [51200/60000 (85%)]	Loss: 0.553421	Acc: 89.50%
Pre-train Epoch: 8 [57600/60000 (96%)]	Loss: 0.516552	Acc: 89.47%
Pre-train Epoch: 9 [0/60000 (0%)]	Loss: 0.419505	Acc: 92.19%
Pre-train Epoch: 9 [6400/60000 (11%)]	Loss: 0.337150	Acc: 89.68%
Pre-train Epoch: 9 [12800/60000 (21%)]	Loss: 0.384615	Acc: 89.56%
Pre-train Epoch: 9 [19200/60000 (32%)]	Loss: 0.417559	Acc: 89.55%
Pre-train Epoch: 9 [25600/60000 (43%)]	Loss: 0.628567	Acc: 89.49%
Pre-train Epoch: 9 [32000/60000 (53%)]	Loss: 0.434366	Acc: 89.49%
Pre-train Epoch: 9 [38400/60000 (64%)]	Loss: 0.420562	Acc: 89.40%
Pre-train Epoch: 9 [44800/60000 (75%)]	Loss: 0.393887	Acc: 89.48%
Pre-train Epoch: 9 [51200/60000 (85%)]	Loss: 0.467689	Acc: 89.47%
Pre-train Epoch: 9 [57600/60000 (96%)]	Loss: 0.447129	Acc: 89.44%
Pre-train Epoch: 10 [0/60000 (0%)]	Loss: 0.594727	Acc: 82.81%
Pre-train Epoch: 10 [6400/60000 (11%)]	Loss: 0.390591	Acc: 90.27%
Pre-train Epoch: 10 [12800/60000 (21%)]	Loss: 0.290000	Acc: 90.14%
Pre-train Epoch: 10 [19200/60000 (32%)]	Loss: 0.448219	Acc: 89.94%
Pre-train Epoch: 10 [25600/60000 (43%)]	Loss: 0.310541	Acc: 89.84%
Pre-train Epoch: 10 [32000/60000 (53%)]	Loss: 0.438327	Acc: 89.59%
Pre-train Epoch: 10 [38400/60000 (64%)]	Loss: 0.443543	Acc: 89.51%
Pre-train Epoch: 10 [44800/60000 (75%)]	Loss: 0.338965	Acc: 89.58%
Pre-train Epoch: 10 [51200/60000 (85%)]	Loss: 0.335074	Acc: 89.58%
Pre-train Epoch: 10 [57600/60000 (96%)]	Loss: 0.356382	Acc: 89.62%
Pre-train Epoch: 11 [0/60000 (0%)]	Loss: 0.313141	Acc: 92.19%
Pre-train Epoch: 11 [6400/60000 (11%)]	Loss: 0.474362	Acc: 89.53%
Pre-train Epoch: 11 [12800/60000 (21%)]	Loss: 0.350308	Acc: 89.63%
Pre-train Epoch: 11 [19200/60000 (32%)]	Loss: 0.376535	Acc: 89.42%
Pre-train Epoch: 11 [25600/60000 (43%)]	Loss: 0.417419	Acc: 89.30%
Pre-train Epoch: 11 [32000/60000 (53%)]	Loss: 0.375844	Acc: 89.43%
Pre-train Epoch: 11 [38400/60000 (64%)]	Loss: 0.312225	Acc: 89.45%
Pre-train Epoch: 11 [44800/60000 (75%)]	Loss: 0.467400	Acc: 89.42%
Pre-train Epoch: 11 [51200/60000 (85%)]	Loss: 0.393531	Acc: 89.47%
Pre-train Epoch: 11 [57600/60000 (96%)]	Loss: 0.323273	Acc: 89.52%
Pre-train Epoch: 12 [0/60000 (0%)]	Loss: 0.423959	Acc: 89.06%
Pre-train Epoch: 12 [6400/60000 (11%)]	Loss: 0.393777	Acc: 89.96%
Pre-train Epoch: 12 [12800/60000 (21%)]	Loss: 0.503336	Acc: 90.14%
Pre-train Epoch: 12 [19200/60000 (32%)]	Loss: 0.422991	Acc: 90.06%
Pre-train Epoch: 12 [25600/60000 (43%)]	Loss: 0.426626	Acc: 89.88%
Pre-train Epoch: 12 [32000/60000 (53%)]	Loss: 0.326159	Acc: 89.94%
Pre-train Epoch: 12 [38400/60000 (64%)]	Loss: 0.567828	Acc: 89.84%
Pre-train Epoch: 12 [44800/60000 (75%)]	Loss: 0.421197	Acc: 89.74%
Pre-train Epoch: 12 [51200/60000 (85%)]	Loss: 0.426186	Acc: 89.76%
Pre-train Epoch: 12 [57600/60000 (96%)]	Loss: 0.450418	Acc: 89.70%
Pre-train Epoch: 13 [0/60000 (0%)]	Loss: 0.481760	Acc: 85.94%
Pre-train Epoch: 13 [6400/60000 (11%)]	Loss: 0.396833	Acc: 89.93%
Pre-train Epoch: 13 [12800/60000 (21%)]	Loss: 0.295638	Acc: 90.26%
Pre-train Epoch: 13 [19200/60000 (32%)]	Loss: 0.544625	Acc: 90.15%
Pre-train Epoch: 13 [25600/60000 (43%)]	Loss: 0.369289	Acc: 90.07%
Pre-train Epoch: 13 [32000/60000 (53%)]	Loss: 0.396457	Acc: 89.95%
Pre-train Epoch: 13 [38400/60000 (64%)]	Loss: 0.366395	Acc: 89.77%
Pre-train Epoch: 13 [44800/60000 (75%)]	Loss: 0.341420	Acc: 89.86%
Pre-train Epoch: 13 [51200/60000 (85%)]	Loss: 0.319384	Acc: 89.84%
Pre-train Epoch: 13 [57600/60000 (96%)]	Loss: 0.447459	Acc: 89.94%
Pre-train Epoch: 14 [0/60000 (0%)]	Loss: 0.312556	Acc: 93.75%
Pre-train Epoch: 14 [6400/60000 (11%)]	Loss: 0.473246	Acc: 89.93%
Pre-train Epoch: 14 [12800/60000 (21%)]	Loss: 0.372972	Acc: 89.92%
Pre-train Epoch: 14 [19200/60000 (32%)]	Loss: 0.367875	Acc: 89.82%
Pre-train Epoch: 14 [25600/60000 (43%)]	Loss: 0.370249	Acc: 89.76%
Pre-train Epoch: 14 [32000/60000 (53%)]	Loss: 0.326717	Acc: 89.88%
Pre-train Epoch: 14 [38400/60000 (64%)]	Loss: 0.484427	Acc: 89.88%
Pre-train Epoch: 14 [44800/60000 (75%)]	Loss: 0.334335	Acc: 89.85%
Pre-train Epoch: 14 [51200/60000 (85%)]	Loss: 0.413250	Acc: 89.91%
Pre-train Epoch: 14 [57600/60000 (96%)]	Loss: 0.355169	Acc: 89.84%
Pre-train Epoch: 15 [0/60000 (0%)]	Loss: 0.267814	Acc: 93.75%
Pre-train Epoch: 15 [6400/60000 (11%)]	Loss: 0.273208	Acc: 90.02%
Pre-train Epoch: 15 [12800/60000 (21%)]	Loss: 0.324672	Acc: 89.75%
Pre-train Epoch: 15 [19200/60000 (32%)]	Loss: 0.367452	Acc: 89.61%
Pre-train Epoch: 15 [25600/60000 (43%)]	Loss: 0.432977	Acc: 89.70%
Pre-train Epoch: 15 [32000/60000 (53%)]	Loss: 0.414540	Acc: 89.67%
Pre-train Epoch: 15 [38400/60000 (64%)]	Loss: 0.372612	Acc: 89.75%
Pre-train Epoch: 15 [44800/60000 (75%)]	Loss: 0.340114	Acc: 89.80%
Pre-train Epoch: 15 [51200/60000 (85%)]	Loss: 0.335271	Acc: 89.83%
Pre-train Epoch: 15 [57600/60000 (96%)]	Loss: 0.322878	Acc: 89.86%
Pre-train Epoch: 16 [0/60000 (0%)]	Loss: 0.429323	Acc: 92.19%
Pre-train Epoch: 16 [6400/60000 (11%)]	Loss: 0.517642	Acc: 90.04%
Pre-train Epoch: 16 [12800/60000 (21%)]	Loss: 0.374223	Acc: 90.18%
Pre-train Epoch: 16 [19200/60000 (32%)]	Loss: 0.317529	Acc: 90.23%
Pre-train Epoch: 16 [25600/60000 (43%)]	Loss: 0.498007	Acc: 90.19%
Pre-train Epoch: 16 [32000/60000 (53%)]	Loss: 0.363755	Acc: 90.19%
Pre-train Epoch: 16 [38400/60000 (64%)]	Loss: 0.254533	Acc: 90.09%
Pre-train Epoch: 16 [44800/60000 (75%)]	Loss: 0.317413	Acc: 90.07%
Pre-train Epoch: 16 [51200/60000 (85%)]	Loss: 0.409917	Acc: 90.06%
Pre-train Epoch: 16 [57600/60000 (96%)]	Loss: 0.336478	Acc: 90.06%
Pre-train Epoch: 17 [0/60000 (0%)]	Loss: 0.434738	Acc: 87.50%
Pre-train Epoch: 17 [6400/60000 (11%)]	Loss: 0.366151	Acc: 90.07%
Pre-train Epoch: 17 [12800/60000 (21%)]	Loss: 0.320823	Acc: 90.37%
Pre-train Epoch: 17 [19200/60000 (32%)]	Loss: 0.379711	Acc: 90.16%
Pre-train Epoch: 17 [25600/60000 (43%)]	Loss: 0.311464	Acc: 90.32%
Pre-train Epoch: 17 [32000/60000 (53%)]	Loss: 0.403416	Acc: 90.36%
Pre-train Epoch: 17 [38400/60000 (64%)]	Loss: 0.424921	Acc: 90.35%
Pre-train Epoch: 17 [44800/60000 (75%)]	Loss: 0.260464	Acc: 90.35%
Pre-train Epoch: 17 [51200/60000 (85%)]	Loss: 0.438266	Acc: 90.37%
Pre-train Epoch: 17 [57600/60000 (96%)]	Loss: 0.525798	Acc: 90.30%
Pre-train Epoch: 18 [0/60000 (0%)]	Loss: 0.355745	Acc: 90.62%
Pre-train Epoch: 18 [6400/60000 (11%)]	Loss: 0.521565	Acc: 89.88%
Pre-train Epoch: 18 [12800/60000 (21%)]	Loss: 0.377358	Acc: 89.75%
Pre-train Epoch: 18 [19200/60000 (32%)]	Loss: 0.424270	Acc: 89.98%
Pre-train Epoch: 18 [25600/60000 (43%)]	Loss: 0.292734	Acc: 90.01%
Pre-train Epoch: 18 [32000/60000 (53%)]	Loss: 0.451495	Acc: 90.08%
Pre-train Epoch: 18 [38400/60000 (64%)]	Loss: 0.446357	Acc: 90.04%
Pre-train Epoch: 18 [44800/60000 (75%)]	Loss: 0.473910	Acc: 90.10%
Pre-train Epoch: 18 [51200/60000 (85%)]	Loss: 0.333552	Acc: 90.12%
Pre-train Epoch: 18 [57600/60000 (96%)]	Loss: 0.281146	Acc: 90.12%
Pre-train Epoch: 19 [0/60000 (0%)]	Loss: 0.388747	Acc: 90.62%
Pre-train Epoch: 19 [6400/60000 (11%)]	Loss: 0.495052	Acc: 89.96%
Pre-train Epoch: 19 [12800/60000 (21%)]	Loss: 0.304157	Acc: 90.24%
Pre-train Epoch: 19 [19200/60000 (32%)]	Loss: 0.310306	Acc: 90.38%
Pre-train Epoch: 19 [25600/60000 (43%)]	Loss: 0.297322	Acc: 90.47%
Pre-train Epoch: 19 [32000/60000 (53%)]	Loss: 0.422517	Acc: 90.22%
Pre-train Epoch: 19 [38400/60000 (64%)]	Loss: 0.333138	Acc: 90.17%
Pre-train Epoch: 19 [44800/60000 (75%)]	Loss: 0.389884	Acc: 90.07%
Pre-train Epoch: 19 [51200/60000 (85%)]	Loss: 0.296617	Acc: 90.17%
Pre-train Epoch: 19 [57600/60000 (96%)]	Loss: 0.446804	Acc: 90.14%
Pre-train Epoch: 20 [0/60000 (0%)]	Loss: 0.427813	Acc: 89.06%
Pre-train Epoch: 20 [6400/60000 (11%)]	Loss: 0.472054	Acc: 90.78%
Pre-train Epoch: 20 [12800/60000 (21%)]	Loss: 0.275682	Acc: 90.51%
Pre-train Epoch: 20 [19200/60000 (32%)]	Loss: 0.433510	Acc: 90.23%
Pre-train Epoch: 20 [25600/60000 (43%)]	Loss: 0.427294	Acc: 90.28%
Pre-train Epoch: 20 [32000/60000 (53%)]	Loss: 0.438133	Acc: 90.31%
Pre-train Epoch: 20 [38400/60000 (64%)]	Loss: 0.340700	Acc: 90.13%
Pre-train Epoch: 20 [44800/60000 (75%)]	Loss: 0.338500	Acc: 90.17%
Pre-train Epoch: 20 [51200/60000 (85%)]	Loss: 0.337625	Acc: 90.23%
Pre-train Epoch: 20 [57600/60000 (96%)]	Loss: 0.325708	Acc: 90.23%
Pre-train Epoch: 21 [0/60000 (0%)]	Loss: 0.388615	Acc: 92.19%
Pre-train Epoch: 21 [6400/60000 (11%)]	Loss: 0.356613	Acc: 90.59%
Pre-train Epoch: 21 [12800/60000 (21%)]	Loss: 0.302361	Acc: 90.50%
Pre-train Epoch: 21 [19200/60000 (32%)]	Loss: 0.532044	Acc: 90.42%
Pre-train Epoch: 21 [25600/60000 (43%)]	Loss: 0.321567	Acc: 90.36%
Pre-train Epoch: 21 [32000/60000 (53%)]	Loss: 0.347936	Acc: 90.35%
Pre-train Epoch: 21 [38400/60000 (64%)]	Loss: 0.378905	Acc: 90.44%
Pre-train Epoch: 21 [44800/60000 (75%)]	Loss: 0.420615	Acc: 90.26%
Pre-train Epoch: 21 [51200/60000 (85%)]	Loss: 0.437973	Acc: 90.29%
Pre-train Epoch: 21 [57600/60000 (96%)]	Loss: 0.377242	Acc: 90.29%
Pre-train Epoch: 22 [0/60000 (0%)]	Loss: 0.297525	Acc: 92.19%
Pre-train Epoch: 22 [6400/60000 (11%)]	Loss: 0.380135	Acc: 90.83%
Pre-train Epoch: 22 [12800/60000 (21%)]	Loss: 0.319238	Acc: 90.71%
Pre-train Epoch: 22 [19200/60000 (32%)]	Loss: 0.348250	Acc: 90.40%
Pre-train Epoch: 22 [25600/60000 (43%)]	Loss: 0.275003	Acc: 90.46%
Pre-train Epoch: 22 [32000/60000 (53%)]	Loss: 0.305778	Acc: 90.47%
Pre-train Epoch: 22 [38400/60000 (64%)]	Loss: 0.559918	Acc: 90.55%
Pre-train Epoch: 22 [44800/60000 (75%)]	Loss: 0.356016	Acc: 90.50%
Pre-train Epoch: 22 [51200/60000 (85%)]	Loss: 0.349875	Acc: 90.49%
Pre-train Epoch: 22 [57600/60000 (96%)]	Loss: 0.367700	Acc: 90.39%
Pre-train Epoch: 23 [0/60000 (0%)]	Loss: 0.224919	Acc: 96.88%
Pre-train Epoch: 23 [6400/60000 (11%)]	Loss: 0.387027	Acc: 91.43%
Pre-train Epoch: 23 [12800/60000 (21%)]	Loss: 0.398765	Acc: 90.82%
Pre-train Epoch: 23 [19200/60000 (32%)]	Loss: 0.355157	Acc: 90.56%
Pre-train Epoch: 23 [25600/60000 (43%)]	Loss: 0.554655	Acc: 90.45%
Pre-train Epoch: 23 [32000/60000 (53%)]	Loss: 0.379281	Acc: 90.33%
Pre-train Epoch: 23 [38400/60000 (64%)]	Loss: 0.385188	Acc: 90.37%
Pre-train Epoch: 23 [44800/60000 (75%)]	Loss: 0.355393	Acc: 90.37%
Pre-train Epoch: 23 [51200/60000 (85%)]	Loss: 0.364286	Acc: 90.30%
Pre-train Epoch: 23 [57600/60000 (96%)]	Loss: 0.245253	Acc: 90.38%
Pre-train Epoch: 24 [0/60000 (0%)]	Loss: 0.342467	Acc: 98.44%
Pre-train Epoch: 24 [6400/60000 (11%)]	Loss: 0.426098	Acc: 90.35%
Pre-train Epoch: 24 [12800/60000 (21%)]	Loss: 0.351096	Acc: 90.52%
Pre-train Epoch: 24 [19200/60000 (32%)]	Loss: 0.334901	Acc: 90.10%
Pre-train Epoch: 24 [25600/60000 (43%)]	Loss: 0.258975	Acc: 90.20%
Pre-train Epoch: 24 [32000/60000 (53%)]	Loss: 0.394951	Acc: 90.31%
Pre-train Epoch: 24 [38400/60000 (64%)]	Loss: 0.320564	Acc: 90.27%
Pre-train Epoch: 24 [44800/60000 (75%)]	Loss: 0.329309	Acc: 90.35%
Pre-train Epoch: 24 [51200/60000 (85%)]	Loss: 0.413633	Acc: 90.29%
Pre-train Epoch: 24 [57600/60000 (96%)]	Loss: 0.266965	Acc: 90.22%
Pre-train Epoch: 25 [0/60000 (0%)]	Loss: 0.431327	Acc: 84.38%
Pre-train Epoch: 25 [6400/60000 (11%)]	Loss: 0.353505	Acc: 90.89%
Pre-train Epoch: 25 [12800/60000 (21%)]	Loss: 0.382439	Acc: 90.56%
Pre-train Epoch: 25 [19200/60000 (32%)]	Loss: 0.284312	Acc: 90.48%
Pre-train Epoch: 25 [25600/60000 (43%)]	Loss: 0.365720	Acc: 90.66%
Pre-train Epoch: 25 [32000/60000 (53%)]	Loss: 0.446095	Acc: 90.67%
Pre-train Epoch: 25 [38400/60000 (64%)]	Loss: 0.405725	Acc: 90.61%
Pre-train Epoch: 25 [44800/60000 (75%)]	Loss: 0.364160	Acc: 90.48%
Pre-train Epoch: 25 [51200/60000 (85%)]	Loss: 0.444675	Acc: 90.50%
Pre-train Epoch: 25 [57600/60000 (96%)]	Loss: 0.330474	Acc: 90.49%
Pre-train Epoch: 26 [0/60000 (0%)]	Loss: 0.332087	Acc: 90.62%
Pre-train Epoch: 26 [6400/60000 (11%)]	Loss: 0.302107	Acc: 90.18%
Pre-train Epoch: 26 [12800/60000 (21%)]	Loss: 0.385587	Acc: 90.62%
Pre-train Epoch: 26 [19200/60000 (32%)]	Loss: 0.335490	Acc: 90.61%
Pre-train Epoch: 26 [25600/60000 (43%)]	Loss: 0.270015	Acc: 90.62%
Pre-train Epoch: 26 [32000/60000 (53%)]	Loss: 0.304271	Acc: 90.59%
Pre-train Epoch: 26 [38400/60000 (64%)]	Loss: 0.322981	Acc: 90.54%
Pre-train Epoch: 26 [44800/60000 (75%)]	Loss: 0.415290	Acc: 90.55%
Pre-train Epoch: 26 [51200/60000 (85%)]	Loss: 0.372469	Acc: 90.54%
Pre-train Epoch: 26 [57600/60000 (96%)]	Loss: 0.349245	Acc: 90.59%
Pre-train Epoch: 27 [0/60000 (0%)]	Loss: 0.345741	Acc: 90.62%
Pre-train Epoch: 27 [6400/60000 (11%)]	Loss: 0.334287	Acc: 90.25%
Pre-train Epoch: 27 [12800/60000 (21%)]	Loss: 0.264828	Acc: 90.42%
Pre-train Epoch: 27 [19200/60000 (32%)]	Loss: 0.418780	Acc: 90.41%
Pre-train Epoch: 27 [25600/60000 (43%)]	Loss: 0.358507	Acc: 90.35%
Pre-train Epoch: 27 [32000/60000 (53%)]	Loss: 0.373064	Acc: 90.47%
Pre-train Epoch: 27 [38400/60000 (64%)]	Loss: 0.306769	Acc: 90.65%
Pre-train Epoch: 27 [44800/60000 (75%)]	Loss: 0.292863	Acc: 90.65%
Pre-train Epoch: 27 [51200/60000 (85%)]	Loss: 0.336123	Acc: 90.54%
Pre-train Epoch: 27 [57600/60000 (96%)]	Loss: 0.365937	Acc: 90.55%
Pre-train Epoch: 28 [0/60000 (0%)]	Loss: 0.331155	Acc: 93.75%
Pre-train Epoch: 28 [6400/60000 (11%)]	Loss: 0.431918	Acc: 90.18%
Pre-train Epoch: 28 [12800/60000 (21%)]	Loss: 0.255834	Acc: 90.72%
Pre-train Epoch: 28 [19200/60000 (32%)]	Loss: 0.443232	Acc: 90.53%
Pre-train Epoch: 28 [25600/60000 (43%)]	Loss: 0.267984	Acc: 90.54%
Pre-train Epoch: 28 [32000/60000 (53%)]	Loss: 0.324430	Acc: 90.62%
Pre-train Epoch: 28 [38400/60000 (64%)]	Loss: 0.489011	Acc: 90.84%
Pre-train Epoch: 28 [44800/60000 (75%)]	Loss: 0.384946	Acc: 90.79%
Pre-train Epoch: 28 [51200/60000 (85%)]	Loss: 0.346090	Acc: 90.78%
Pre-train Epoch: 28 [57600/60000 (96%)]	Loss: 0.363120	Acc: 90.75%
Pre-train Epoch: 29 [0/60000 (0%)]	Loss: 0.275958	Acc: 96.88%
Pre-train Epoch: 29 [6400/60000 (11%)]	Loss: 0.296100	Acc: 90.73%
Pre-train Epoch: 29 [12800/60000 (21%)]	Loss: 0.467775	Acc: 90.80%
Pre-train Epoch: 29 [19200/60000 (32%)]	Loss: 0.379697	Acc: 90.76%
Pre-train Epoch: 29 [25600/60000 (43%)]	Loss: 0.328907	Acc: 90.75%
Pre-train Epoch: 29 [32000/60000 (53%)]	Loss: 0.483481	Acc: 90.72%
Pre-train Epoch: 29 [38400/60000 (64%)]	Loss: 0.379273	Acc: 90.63%
Pre-train Epoch: 29 [44800/60000 (75%)]	Loss: 0.344881	Acc: 90.68%
Pre-train Epoch: 29 [51200/60000 (85%)]	Loss: 0.354522	Acc: 90.72%
Pre-train Epoch: 29 [57600/60000 (96%)]	Loss: 0.514713	Acc: 90.73%
Pre-train Epoch: 30 [0/60000 (0%)]	Loss: 0.335696	Acc: 96.88%
Pre-train Epoch: 30 [6400/60000 (11%)]	Loss: 0.414173	Acc: 90.52%
Pre-train Epoch: 30 [12800/60000 (21%)]	Loss: 0.391089	Acc: 90.69%
Pre-train Epoch: 30 [19200/60000 (32%)]	Loss: 0.418700	Acc: 90.62%
Pre-train Epoch: 30 [25600/60000 (43%)]	Loss: 0.344927	Acc: 90.65%
Pre-train Epoch: 30 [32000/60000 (53%)]	Loss: 0.369737	Acc: 90.61%
Pre-train Epoch: 30 [38400/60000 (64%)]	Loss: 0.381501	Acc: 90.46%
Pre-train Epoch: 30 [44800/60000 (75%)]	Loss: 0.330934	Acc: 90.42%
Pre-train Epoch: 30 [51200/60000 (85%)]	Loss: 0.324124	Acc: 90.41%
Pre-train Epoch: 30 [57600/60000 (96%)]	Loss: 0.490692	Acc: 90.53%
Pre-train Epoch: 31 [0/60000 (0%)]	Loss: 0.451327	Acc: 87.50%
Pre-train Epoch: 31 [6400/60000 (11%)]	Loss: 0.314281	Acc: 90.66%
Pre-train Epoch: 31 [12800/60000 (21%)]	Loss: 0.315709	Acc: 90.92%
Pre-train Epoch: 31 [19200/60000 (32%)]	Loss: 0.375072	Acc: 90.90%
Pre-train Epoch: 31 [25600/60000 (43%)]	Loss: 0.368221	Acc: 90.90%
Pre-train Epoch: 31 [32000/60000 (53%)]	Loss: 0.288204	Acc: 90.94%
Pre-train Epoch: 31 [38400/60000 (64%)]	Loss: 0.288673	Acc: 90.88%
Pre-train Epoch: 31 [44800/60000 (75%)]	Loss: 0.314487	Acc: 90.72%
Pre-train Epoch: 31 [51200/60000 (85%)]	Loss: 0.432769	Acc: 90.76%
Pre-train Epoch: 31 [57600/60000 (96%)]	Loss: 0.363340	Acc: 90.71%
Pre-train Epoch: 32 [0/60000 (0%)]	Loss: 0.407357	Acc: 89.06%
Pre-train Epoch: 32 [6400/60000 (11%)]	Loss: 0.461743	Acc: 90.86%
Pre-train Epoch: 32 [12800/60000 (21%)]	Loss: 0.415010	Acc: 90.82%
Pre-train Epoch: 32 [19200/60000 (32%)]	Loss: 0.518687	Acc: 90.60%
Pre-train Epoch: 32 [25600/60000 (43%)]	Loss: 0.318039	Acc: 90.69%
Pre-train Epoch: 32 [32000/60000 (53%)]	Loss: 0.309484	Acc: 90.70%
Pre-train Epoch: 32 [38400/60000 (64%)]	Loss: 0.362703	Acc: 90.73%
Pre-train Epoch: 32 [44800/60000 (75%)]	Loss: 0.397449	Acc: 90.79%
Pre-train Epoch: 32 [51200/60000 (85%)]	Loss: 0.387380	Acc: 90.78%
Pre-train Epoch: 32 [57600/60000 (96%)]	Loss: 0.312594	Acc: 90.76%
Pre-train Epoch: 33 [0/60000 (0%)]	Loss: 0.332292	Acc: 93.75%
Pre-train Epoch: 33 [6400/60000 (11%)]	Loss: 0.284663	Acc: 90.52%
Pre-train Epoch: 33 [12800/60000 (21%)]	Loss: 0.263618	Acc: 90.71%
Pre-train Epoch: 33 [19200/60000 (32%)]	Loss: 0.299588	Acc: 90.86%
Pre-train Epoch: 33 [25600/60000 (43%)]	Loss: 0.589967	Acc: 90.89%
Pre-train Epoch: 33 [32000/60000 (53%)]	Loss: 0.498645	Acc: 90.96%
Pre-train Epoch: 33 [38400/60000 (64%)]	Loss: 0.351242	Acc: 90.86%
Pre-train Epoch: 33 [44800/60000 (75%)]	Loss: 0.310139	Acc: 90.91%
Pre-train Epoch: 33 [51200/60000 (85%)]	Loss: 0.247236	Acc: 90.87%
Pre-train Epoch: 33 [57600/60000 (96%)]	Loss: 0.370683	Acc: 90.82%
Pre-train Epoch: 34 [0/60000 (0%)]	Loss: 0.511254	Acc: 82.81%
Pre-train Epoch: 34 [6400/60000 (11%)]	Loss: 0.389098	Acc: 90.97%
Pre-train Epoch: 34 [12800/60000 (21%)]	Loss: 0.244816	Acc: 90.69%
Pre-train Epoch: 34 [19200/60000 (32%)]	Loss: 0.311357	Acc: 90.85%
Pre-train Epoch: 34 [25600/60000 (43%)]	Loss: 0.423111	Acc: 90.92%
Pre-train Epoch: 34 [32000/60000 (53%)]	Loss: 0.410247	Acc: 90.95%
Pre-train Epoch: 34 [38400/60000 (64%)]	Loss: 0.317765	Acc: 90.87%
Pre-train Epoch: 34 [44800/60000 (75%)]	Loss: 0.294625	Acc: 90.89%
Pre-train Epoch: 34 [51200/60000 (85%)]	Loss: 0.322629	Acc: 90.87%
Pre-train Epoch: 34 [57600/60000 (96%)]	Loss: 0.272557	Acc: 90.92%
Pre-train Epoch: 35 [0/60000 (0%)]	Loss: 0.363497	Acc: 92.19%
Pre-train Epoch: 35 [6400/60000 (11%)]	Loss: 0.429628	Acc: 91.62%
Pre-train Epoch: 35 [12800/60000 (21%)]	Loss: 0.371794	Acc: 91.31%
Pre-train Epoch: 35 [19200/60000 (32%)]	Loss: 0.290575	Acc: 91.35%
Pre-train Epoch: 35 [25600/60000 (43%)]	Loss: 0.298417	Acc: 91.31%
Pre-train Epoch: 35 [32000/60000 (53%)]	Loss: 0.333963	Acc: 91.23%
Pre-train Epoch: 35 [38400/60000 (64%)]	Loss: 0.377962	Acc: 91.18%
Pre-train Epoch: 35 [44800/60000 (75%)]	Loss: 0.448978	Acc: 91.15%
Pre-train Epoch: 35 [51200/60000 (85%)]	Loss: 0.339305	Acc: 91.08%
Pre-train Epoch: 35 [57600/60000 (96%)]	Loss: 0.274431	Acc: 91.07%
Pre-train Epoch: 36 [0/60000 (0%)]	Loss: 0.320943	Acc: 93.75%
Pre-train Epoch: 36 [6400/60000 (11%)]	Loss: 0.383590	Acc: 91.03%
Pre-train Epoch: 36 [12800/60000 (21%)]	Loss: 0.484511	Acc: 90.76%
Pre-train Epoch: 36 [19200/60000 (32%)]	Loss: 0.371314	Acc: 90.84%
Pre-train Epoch: 36 [25600/60000 (43%)]	Loss: 0.477538	Acc: 90.84%
Pre-train Epoch: 36 [32000/60000 (53%)]	Loss: 0.435838	Acc: 90.88%
Pre-train Epoch: 36 [38400/60000 (64%)]	Loss: 0.327837	Acc: 90.93%
Pre-train Epoch: 36 [44800/60000 (75%)]	Loss: 0.328150	Acc: 90.89%
Pre-train Epoch: 36 [51200/60000 (85%)]	Loss: 0.267021	Acc: 90.99%
Pre-train Epoch: 36 [57600/60000 (96%)]	Loss: 0.292018	Acc: 90.98%
Pre-train Epoch: 37 [0/60000 (0%)]	Loss: 0.334589	Acc: 92.19%
Pre-train Epoch: 37 [6400/60000 (11%)]	Loss: 0.560558	Acc: 91.26%
Pre-train Epoch: 37 [12800/60000 (21%)]	Loss: 0.634984	Acc: 91.14%
Pre-train Epoch: 37 [19200/60000 (32%)]	Loss: 0.225947	Acc: 91.14%
Pre-train Epoch: 37 [25600/60000 (43%)]	Loss: 0.303703	Acc: 91.12%
Pre-train Epoch: 37 [32000/60000 (53%)]	Loss: 0.273514	Acc: 90.99%
Pre-train Epoch: 37 [38400/60000 (64%)]	Loss: 0.167603	Acc: 90.95%
Pre-train Epoch: 37 [44800/60000 (75%)]	Loss: 0.431437	Acc: 90.99%
Pre-train Epoch: 37 [51200/60000 (85%)]	Loss: 0.243264	Acc: 90.96%
Pre-train Epoch: 37 [57600/60000 (96%)]	Loss: 0.358684	Acc: 90.99%
Pre-train Epoch: 38 [0/60000 (0%)]	Loss: 0.384876	Acc: 89.06%
Pre-train Epoch: 38 [6400/60000 (11%)]	Loss: 0.368170	Acc: 90.70%
Pre-train Epoch: 38 [12800/60000 (21%)]	Loss: 0.408154	Acc: 90.91%
Pre-train Epoch: 38 [19200/60000 (32%)]	Loss: 0.199275	Acc: 91.02%
Pre-train Epoch: 38 [25600/60000 (43%)]	Loss: 0.347240	Acc: 91.08%
Pre-train Epoch: 38 [32000/60000 (53%)]	Loss: 0.371581	Acc: 91.11%
Pre-train Epoch: 38 [38400/60000 (64%)]	Loss: 0.284193	Acc: 91.05%
Pre-train Epoch: 38 [44800/60000 (75%)]	Loss: 0.348240	Acc: 91.08%
Pre-train Epoch: 38 [51200/60000 (85%)]	Loss: 0.287112	Acc: 91.11%
Pre-train Epoch: 38 [57600/60000 (96%)]	Loss: 0.330999	Acc: 91.09%
Pre-train Epoch: 39 [0/60000 (0%)]	Loss: 0.317196	Acc: 95.31%
Pre-train Epoch: 39 [6400/60000 (11%)]	Loss: 0.324094	Acc: 91.37%
Pre-train Epoch: 39 [12800/60000 (21%)]	Loss: 0.497438	Acc: 91.47%
Pre-train Epoch: 39 [19200/60000 (32%)]	Loss: 0.415737	Acc: 91.34%
Pre-train Epoch: 39 [25600/60000 (43%)]	Loss: 0.520317	Acc: 91.18%
Pre-train Epoch: 39 [32000/60000 (53%)]	Loss: 0.229080	Acc: 91.17%
Pre-train Epoch: 39 [38400/60000 (64%)]	Loss: 0.214692	Acc: 91.09%
Pre-train Epoch: 39 [44800/60000 (75%)]	Loss: 0.380994	Acc: 91.02%
Pre-train Epoch: 39 [51200/60000 (85%)]	Loss: 0.332166	Acc: 91.04%
Pre-train Epoch: 39 [57600/60000 (96%)]	Loss: 0.309772	Acc: 91.04%
Pre-train Epoch: 40 [0/60000 (0%)]	Loss: 0.371660	Acc: 92.19%
Pre-train Epoch: 40 [6400/60000 (11%)]	Loss: 0.378950	Acc: 91.06%
Pre-train Epoch: 40 [12800/60000 (21%)]	Loss: 0.307089	Acc: 90.95%
Pre-train Epoch: 40 [19200/60000 (32%)]	Loss: 0.341398	Acc: 91.05%
Pre-train Epoch: 40 [25600/60000 (43%)]	Loss: 0.291829	Acc: 91.01%
Pre-train Epoch: 40 [32000/60000 (53%)]	Loss: 0.322209	Acc: 91.08%
Pre-train Epoch: 40 [38400/60000 (64%)]	Loss: 0.312078	Acc: 91.14%
Pre-train Epoch: 40 [44800/60000 (75%)]	Loss: 0.333259	Acc: 91.14%
Pre-train Epoch: 40 [51200/60000 (85%)]	Loss: 0.381929	Acc: 91.08%
Pre-train Epoch: 40 [57600/60000 (96%)]	Loss: 0.406943	Acc: 91.08%
Pre-train Epoch: 41 [0/60000 (0%)]	Loss: 0.246758	Acc: 93.75%
Pre-train Epoch: 41 [6400/60000 (11%)]	Loss: 0.349869	Acc: 90.92%
Pre-train Epoch: 41 [12800/60000 (21%)]	Loss: 0.522925	Acc: 91.01%
Pre-train Epoch: 41 [19200/60000 (32%)]	Loss: 0.300687	Acc: 90.92%
Pre-train Epoch: 41 [25600/60000 (43%)]	Loss: 0.383217	Acc: 91.11%
Pre-train Epoch: 41 [32000/60000 (53%)]	Loss: 0.266253	Acc: 91.08%
Pre-train Epoch: 41 [38400/60000 (64%)]	Loss: 0.389941	Acc: 91.17%
Pre-train Epoch: 41 [44800/60000 (75%)]	Loss: 0.405762	Acc: 91.28%
Pre-train Epoch: 41 [51200/60000 (85%)]	Loss: 0.283321	Acc: 91.24%
Pre-train Epoch: 41 [57600/60000 (96%)]	Loss: 0.394801	Acc: 91.16%
Pre-train Epoch: 42 [0/60000 (0%)]	Loss: 0.319780	Acc: 93.75%
Pre-train Epoch: 42 [6400/60000 (11%)]	Loss: 0.350829	Acc: 91.66%
Pre-train Epoch: 42 [12800/60000 (21%)]	Loss: 0.378807	Acc: 91.41%
Pre-train Epoch: 42 [19200/60000 (32%)]	Loss: 0.326433	Acc: 91.46%
Pre-train Epoch: 42 [25600/60000 (43%)]	Loss: 0.347794	Acc: 91.42%
Pre-train Epoch: 42 [32000/60000 (53%)]	Loss: 0.346800	Acc: 91.39%
Pre-train Epoch: 42 [38400/60000 (64%)]	Loss: 0.391270	Acc: 91.40%
Pre-train Epoch: 42 [44800/60000 (75%)]	Loss: 0.266874	Acc: 91.46%
Pre-train Epoch: 42 [51200/60000 (85%)]	Loss: 0.320004	Acc: 91.42%
Pre-train Epoch: 42 [57600/60000 (96%)]	Loss: 0.379369	Acc: 91.36%
Pre-train Epoch: 43 [0/60000 (0%)]	Loss: 0.373397	Acc: 89.06%
Pre-train Epoch: 43 [6400/60000 (11%)]	Loss: 0.368060	Acc: 91.01%
Pre-train Epoch: 43 [12800/60000 (21%)]	Loss: 0.341369	Acc: 91.59%
Pre-train Epoch: 43 [19200/60000 (32%)]	Loss: 0.267949	Acc: 91.50%
Pre-train Epoch: 43 [25600/60000 (43%)]	Loss: 0.419243	Acc: 91.46%
Pre-train Epoch: 43 [32000/60000 (53%)]	Loss: 0.300438	Acc: 91.34%
Pre-train Epoch: 43 [38400/60000 (64%)]	Loss: 0.406583	Acc: 91.31%
Pre-train Epoch: 43 [44800/60000 (75%)]	Loss: 0.347778	Acc: 91.32%
Pre-train Epoch: 43 [51200/60000 (85%)]	Loss: 0.294011	Acc: 91.36%
Pre-train Epoch: 43 [57600/60000 (96%)]	Loss: 0.331448	Acc: 91.40%
Pre-train Epoch: 44 [0/60000 (0%)]	Loss: 0.267924	Acc: 95.31%
Pre-train Epoch: 44 [6400/60000 (11%)]	Loss: 0.357616	Acc: 91.69%
Pre-train Epoch: 44 [12800/60000 (21%)]	Loss: 0.292644	Acc: 91.56%
Pre-train Epoch: 44 [19200/60000 (32%)]	Loss: 0.352988	Acc: 91.57%
Pre-train Epoch: 44 [25600/60000 (43%)]	Loss: 0.563117	Acc: 91.61%
Pre-train Epoch: 44 [32000/60000 (53%)]	Loss: 0.451354	Acc: 91.62%
Pre-train Epoch: 44 [38400/60000 (64%)]	Loss: 0.275110	Acc: 91.43%
Pre-train Epoch: 44 [44800/60000 (75%)]	Loss: 0.300813	Acc: 91.44%
Pre-train Epoch: 44 [51200/60000 (85%)]	Loss: 0.442833	Acc: 91.37%
Pre-train Epoch: 44 [57600/60000 (96%)]	Loss: 0.384654	Acc: 91.31%
Pre-train Epoch: 45 [0/60000 (0%)]	Loss: 0.405225	Acc: 90.62%
Pre-train Epoch: 45 [6400/60000 (11%)]	Loss: 0.336321	Acc: 91.43%
Pre-train Epoch: 45 [12800/60000 (21%)]	Loss: 0.472343	Acc: 91.20%
Pre-train Epoch: 45 [19200/60000 (32%)]	Loss: 0.379890	Acc: 91.23%
Pre-train Epoch: 45 [25600/60000 (43%)]	Loss: 0.365623	Acc: 91.32%
Pre-train Epoch: 45 [32000/60000 (53%)]	Loss: 0.280725	Acc: 91.48%
Pre-train Epoch: 45 [38400/60000 (64%)]	Loss: 0.444275	Acc: 91.43%
Pre-train Epoch: 45 [44800/60000 (75%)]	Loss: 0.400511	Acc: 91.43%
Pre-train Epoch: 45 [51200/60000 (85%)]	Loss: 0.414020	Acc: 91.40%
Pre-train Epoch: 45 [57600/60000 (96%)]	Loss: 0.397044	Acc: 91.36%
Pre-train Epoch: 46 [0/60000 (0%)]	Loss: 0.298238	Acc: 93.75%
Pre-train Epoch: 46 [6400/60000 (11%)]	Loss: 0.233733	Acc: 91.46%
Pre-train Epoch: 46 [12800/60000 (21%)]	Loss: 0.296511	Acc: 91.43%
Pre-train Epoch: 46 [19200/60000 (32%)]	Loss: 0.356152	Acc: 91.33%
Pre-train Epoch: 46 [25600/60000 (43%)]	Loss: 0.316592	Acc: 91.18%
Pre-train Epoch: 46 [32000/60000 (53%)]	Loss: 0.278643	Acc: 91.09%
Pre-train Epoch: 46 [38400/60000 (64%)]	Loss: 0.359521	Acc: 91.34%
Pre-train Epoch: 46 [44800/60000 (75%)]	Loss: 0.415093	Acc: 91.29%
Pre-train Epoch: 46 [51200/60000 (85%)]	Loss: 0.340369	Acc: 91.25%
Pre-train Epoch: 46 [57600/60000 (96%)]	Loss: 0.358978	Acc: 91.33%
Pre-train Epoch: 47 [0/60000 (0%)]	Loss: 0.432999	Acc: 87.50%
Pre-train Epoch: 47 [6400/60000 (11%)]	Loss: 0.440110	Acc: 91.69%
Pre-train Epoch: 47 [12800/60000 (21%)]	Loss: 0.410292	Acc: 91.36%
Pre-train Epoch: 47 [19200/60000 (32%)]	Loss: 0.275933	Acc: 91.68%
Pre-train Epoch: 47 [25600/60000 (43%)]	Loss: 0.343818	Acc: 91.56%
Pre-train Epoch: 47 [32000/60000 (53%)]	Loss: 0.192025	Acc: 91.44%
Pre-train Epoch: 47 [38400/60000 (64%)]	Loss: 0.391663	Acc: 91.46%
Pre-train Epoch: 47 [44800/60000 (75%)]	Loss: 0.262639	Acc: 91.47%
Pre-train Epoch: 47 [51200/60000 (85%)]	Loss: 0.308945	Acc: 91.44%
Pre-train Epoch: 47 [57600/60000 (96%)]	Loss: 0.334606	Acc: 91.48%
Pre-train Epoch: 48 [0/60000 (0%)]	Loss: 0.272572	Acc: 95.31%
Pre-train Epoch: 48 [6400/60000 (11%)]	Loss: 0.239346	Acc: 91.72%
Pre-train Epoch: 48 [12800/60000 (21%)]	Loss: 0.243719	Acc: 91.64%
Pre-train Epoch: 48 [19200/60000 (32%)]	Loss: 0.395802	Acc: 91.61%
Pre-train Epoch: 48 [25600/60000 (43%)]	Loss: 0.360349	Acc: 91.72%
Pre-train Epoch: 48 [32000/60000 (53%)]	Loss: 0.225407	Acc: 91.64%
Pre-train Epoch: 48 [38400/60000 (64%)]	Loss: 0.383504	Acc: 91.68%
Pre-train Epoch: 48 [44800/60000 (75%)]	Loss: 0.422078	Acc: 91.60%
Pre-train Epoch: 48 [51200/60000 (85%)]	Loss: 0.334273	Acc: 91.61%
Pre-train Epoch: 48 [57600/60000 (96%)]	Loss: 0.334981	Acc: 91.54%
Pre-train Epoch: 49 [0/60000 (0%)]	Loss: 0.252404	Acc: 95.31%
Pre-train Epoch: 49 [6400/60000 (11%)]	Loss: 0.411352	Acc: 92.20%
Pre-train Epoch: 49 [12800/60000 (21%)]	Loss: 0.268132	Acc: 91.96%
Pre-train Epoch: 49 [19200/60000 (32%)]	Loss: 0.439303	Acc: 91.83%
Pre-train Epoch: 49 [25600/60000 (43%)]	Loss: 0.426761	Acc: 91.61%
Pre-train Epoch: 49 [32000/60000 (53%)]	Loss: 0.414014	Acc: 91.76%
Pre-train Epoch: 49 [38400/60000 (64%)]	Loss: 0.481791	Acc: 91.74%
Pre-train Epoch: 49 [44800/60000 (75%)]	Loss: 0.413912	Acc: 91.68%
Pre-train Epoch: 49 [51200/60000 (85%)]	Loss: 0.309642	Acc: 91.68%
Pre-train Epoch: 49 [57600/60000 (96%)]	Loss: 0.434538	Acc: 91.67%
Pre-train Epoch: 50 [0/60000 (0%)]	Loss: 0.455618	Acc: 85.94%
Pre-train Epoch: 50 [6400/60000 (11%)]	Loss: 0.322730	Acc: 91.17%
Pre-train Epoch: 50 [12800/60000 (21%)]	Loss: 0.196181	Acc: 91.73%
Pre-train Epoch: 50 [19200/60000 (32%)]	Loss: 0.447552	Acc: 91.49%
Pre-train Epoch: 50 [25600/60000 (43%)]	Loss: 0.424135	Acc: 91.58%
Pre-train Epoch: 50 [32000/60000 (53%)]	Loss: 0.399927	Acc: 91.55%
Pre-train Epoch: 50 [38400/60000 (64%)]	Loss: 0.309966	Acc: 91.53%
Pre-train Epoch: 50 [44800/60000 (75%)]	Loss: 0.290881	Acc: 91.55%
Pre-train Epoch: 50 [51200/60000 (85%)]	Loss: 0.382801	Acc: 91.53%
Pre-train Epoch: 50 [57600/60000 (96%)]	Loss: 0.470095	Acc: 91.51%
Pre-train Epoch: 51 [0/60000 (0%)]	Loss: 0.255975	Acc: 93.75%
Pre-train Epoch: 51 [6400/60000 (11%)]	Loss: 0.179366	Acc: 92.37%
Pre-train Epoch: 51 [12800/60000 (21%)]	Loss: 0.321122	Acc: 91.99%
Pre-train Epoch: 51 [19200/60000 (32%)]	Loss: 0.314035	Acc: 91.84%
Pre-train Epoch: 51 [25600/60000 (43%)]	Loss: 0.349357	Acc: 91.83%
Pre-train Epoch: 51 [32000/60000 (53%)]	Loss: 0.385035	Acc: 91.80%
Pre-train Epoch: 51 [38400/60000 (64%)]	Loss: 0.297865	Acc: 91.81%
Pre-train Epoch: 51 [44800/60000 (75%)]	Loss: 0.316019	Acc: 91.84%
Pre-train Epoch: 51 [51200/60000 (85%)]	Loss: 0.487981	Acc: 91.80%
Pre-train Epoch: 51 [57600/60000 (96%)]	Loss: 0.426475	Acc: 91.67%
Pre-train Epoch: 52 [0/60000 (0%)]	Loss: 0.392559	Acc: 92.19%
Pre-train Epoch: 52 [6400/60000 (11%)]	Loss: 0.358323	Acc: 92.02%
Pre-train Epoch: 52 [12800/60000 (21%)]	Loss: 0.360137	Acc: 92.14%
Pre-train Epoch: 52 [19200/60000 (32%)]	Loss: 0.299182	Acc: 92.05%
Pre-train Epoch: 52 [25600/60000 (43%)]	Loss: 0.309958	Acc: 92.02%
Pre-train Epoch: 52 [32000/60000 (53%)]	Loss: 0.293072	Acc: 91.98%
Pre-train Epoch: 52 [38400/60000 (64%)]	Loss: 0.310271	Acc: 92.02%
Pre-train Epoch: 52 [44800/60000 (75%)]	Loss: 0.358686	Acc: 92.04%
Pre-train Epoch: 52 [51200/60000 (85%)]	Loss: 0.355271	Acc: 92.01%
Pre-train Epoch: 52 [57600/60000 (96%)]	Loss: 0.301342	Acc: 91.99%
Pre-train Epoch: 53 [0/60000 (0%)]	Loss: 0.357149	Acc: 93.75%
Pre-train Epoch: 53 [6400/60000 (11%)]	Loss: 0.413229	Acc: 91.85%
Pre-train Epoch: 53 [12800/60000 (21%)]	Loss: 0.386482	Acc: 91.78%
Pre-train Epoch: 53 [19200/60000 (32%)]	Loss: 0.323726	Acc: 91.95%
Pre-train Epoch: 53 [25600/60000 (43%)]	Loss: 0.230907	Acc: 91.81%
Pre-train Epoch: 53 [32000/60000 (53%)]	Loss: 0.279328	Acc: 91.87%
Pre-train Epoch: 53 [38400/60000 (64%)]	Loss: 0.451284	Acc: 91.79%
Pre-train Epoch: 53 [44800/60000 (75%)]	Loss: 0.346067	Acc: 91.77%
Pre-train Epoch: 53 [51200/60000 (85%)]	Loss: 0.282483	Acc: 91.78%
Pre-train Epoch: 53 [57600/60000 (96%)]	Loss: 0.396966	Acc: 91.81%
Pre-train Epoch: 54 [0/60000 (0%)]	Loss: 0.363423	Acc: 89.06%
Pre-train Epoch: 54 [6400/60000 (11%)]	Loss: 0.328787	Acc: 91.99%
Pre-train Epoch: 54 [12800/60000 (21%)]	Loss: 0.309792	Acc: 91.95%
Pre-train Epoch: 54 [19200/60000 (32%)]	Loss: 0.344092	Acc: 91.98%
Pre-train Epoch: 54 [25600/60000 (43%)]	Loss: 0.367327	Acc: 92.04%
Pre-train Epoch: 54 [32000/60000 (53%)]	Loss: 0.432236	Acc: 91.91%
Pre-train Epoch: 54 [38400/60000 (64%)]	Loss: 0.258900	Acc: 91.91%
Pre-train Epoch: 54 [44800/60000 (75%)]	Loss: 0.319965	Acc: 91.92%
Pre-train Epoch: 54 [51200/60000 (85%)]	Loss: 0.255615	Acc: 91.90%
Pre-train Epoch: 54 [57600/60000 (96%)]	Loss: 0.364586	Acc: 91.87%
Pre-train Epoch: 55 [0/60000 (0%)]	Loss: 0.349510	Acc: 92.19%
Pre-train Epoch: 55 [6400/60000 (11%)]	Loss: 0.293576	Acc: 92.09%
Pre-train Epoch: 55 [12800/60000 (21%)]	Loss: 0.517600	Acc: 92.11%
Pre-train Epoch: 55 [19200/60000 (32%)]	Loss: 0.365894	Acc: 92.00%
Pre-train Epoch: 55 [25600/60000 (43%)]	Loss: 0.478432	Acc: 91.91%
Pre-train Epoch: 55 [32000/60000 (53%)]	Loss: 0.317855	Acc: 91.93%
Pre-train Epoch: 55 [38400/60000 (64%)]	Loss: 0.334989	Acc: 91.91%
Pre-train Epoch: 55 [44800/60000 (75%)]	Loss: 0.371937	Acc: 91.96%
Pre-train Epoch: 55 [51200/60000 (85%)]	Loss: 0.192587	Acc: 91.92%
Pre-train Epoch: 55 [57600/60000 (96%)]	Loss: 0.426462	Acc: 91.87%
Pre-train Epoch: 56 [0/60000 (0%)]	Loss: 0.307380	Acc: 92.19%
Pre-train Epoch: 56 [6400/60000 (11%)]	Loss: 0.376152	Acc: 92.34%
Pre-train Epoch: 56 [12800/60000 (21%)]	Loss: 0.405393	Acc: 92.34%
Pre-train Epoch: 56 [19200/60000 (32%)]	Loss: 0.459142	Acc: 92.27%
Pre-train Epoch: 56 [25600/60000 (43%)]	Loss: 0.332788	Acc: 92.22%
Pre-train Epoch: 56 [32000/60000 (53%)]	Loss: 0.432419	Acc: 92.02%
Pre-train Epoch: 56 [38400/60000 (64%)]	Loss: 0.255643	Acc: 92.06%
Pre-train Epoch: 56 [44800/60000 (75%)]	Loss: 0.411678	Acc: 91.94%
Pre-train Epoch: 56 [51200/60000 (85%)]	Loss: 0.284939	Acc: 91.95%
Pre-train Epoch: 56 [57600/60000 (96%)]	Loss: 0.365730	Acc: 91.98%
Pre-train Epoch: 57 [0/60000 (0%)]	Loss: 0.427206	Acc: 87.50%
Pre-train Epoch: 57 [6400/60000 (11%)]	Loss: 0.310246	Acc: 92.34%
Pre-train Epoch: 57 [12800/60000 (21%)]	Loss: 0.326207	Acc: 92.11%
Pre-train Epoch: 57 [19200/60000 (32%)]	Loss: 0.359770	Acc: 92.15%
Pre-train Epoch: 57 [25600/60000 (43%)]	Loss: 0.318633	Acc: 91.92%
Pre-train Epoch: 57 [32000/60000 (53%)]	Loss: 0.358333	Acc: 91.94%
Pre-train Epoch: 57 [38400/60000 (64%)]	Loss: 0.306081	Acc: 92.03%
Pre-train Epoch: 57 [44800/60000 (75%)]	Loss: 0.309756	Acc: 92.03%
Pre-train Epoch: 57 [51200/60000 (85%)]	Loss: 0.542840	Acc: 92.02%
Pre-train Epoch: 57 [57600/60000 (96%)]	Loss: 0.318642	Acc: 91.99%
Pre-train Epoch: 58 [0/60000 (0%)]	Loss: 0.390770	Acc: 90.62%
Pre-train Epoch: 58 [6400/60000 (11%)]	Loss: 0.307498	Acc: 92.02%
Pre-train Epoch: 58 [12800/60000 (21%)]	Loss: 0.342075	Acc: 91.99%
Pre-train Epoch: 58 [19200/60000 (32%)]	Loss: 0.321013	Acc: 91.95%
Pre-train Epoch: 58 [25600/60000 (43%)]	Loss: 0.458169	Acc: 92.00%
Pre-train Epoch: 58 [32000/60000 (53%)]	Loss: 0.284223	Acc: 91.95%
Pre-train Epoch: 58 [38400/60000 (64%)]	Loss: 0.316613	Acc: 91.83%
Pre-train Epoch: 58 [44800/60000 (75%)]	Loss: 0.481238	Acc: 91.88%
Pre-train Epoch: 58 [51200/60000 (85%)]	Loss: 0.331552	Acc: 91.85%
Pre-train Epoch: 58 [57600/60000 (96%)]	Loss: 0.258313	Acc: 91.87%
Pre-train Epoch: 59 [0/60000 (0%)]	Loss: 0.281335	Acc: 93.75%
Pre-train Epoch: 59 [6400/60000 (11%)]	Loss: 0.344332	Acc: 91.60%
Pre-train Epoch: 59 [12800/60000 (21%)]	Loss: 0.326645	Acc: 91.76%
Pre-train Epoch: 59 [19200/60000 (32%)]	Loss: 0.390467	Acc: 91.86%
Pre-train Epoch: 59 [25600/60000 (43%)]	Loss: 0.356044	Acc: 92.01%
Pre-train Epoch: 59 [32000/60000 (53%)]	Loss: 0.378652	Acc: 91.88%
Pre-train Epoch: 59 [38400/60000 (64%)]	Loss: 0.310851	Acc: 91.91%
Pre-train Epoch: 59 [44800/60000 (75%)]	Loss: 0.323084	Acc: 91.82%
Pre-train Epoch: 59 [51200/60000 (85%)]	Loss: 0.273386	Acc: 91.86%
Pre-train Epoch: 59 [57600/60000 (96%)]	Loss: 0.310095	Acc: 91.95%
Pre-train Epoch: 60 [0/60000 (0%)]	Loss: 0.221346	Acc: 95.31%
Pre-train Epoch: 60 [6400/60000 (11%)]	Loss: 0.364459	Acc: 92.76%
Pre-train Epoch: 60 [12800/60000 (21%)]	Loss: 0.278484	Acc: 92.58%
Pre-train Epoch: 60 [19200/60000 (32%)]	Loss: 0.318304	Acc: 92.34%
Pre-train Epoch: 60 [25600/60000 (43%)]	Loss: 0.233945	Acc: 92.39%
Pre-train Epoch: 60 [32000/60000 (53%)]	Loss: 0.264973	Acc: 92.37%
Pre-train Epoch: 60 [38400/60000 (64%)]	Loss: 0.295945	Acc: 92.40%
Pre-train Epoch: 60 [44800/60000 (75%)]	Loss: 0.369134	Acc: 92.31%
Pre-train Epoch: 60 [51200/60000 (85%)]	Loss: 0.292081	Acc: 92.33%
Pre-train Epoch: 60 [57600/60000 (96%)]	Loss: 0.259329	Acc: 92.27%
Pre-train Epoch: 61 [0/60000 (0%)]	Loss: 0.457191	Acc: 89.06%
Pre-train Epoch: 61 [6400/60000 (11%)]	Loss: 0.323509	Acc: 92.34%
Pre-train Epoch: 61 [12800/60000 (21%)]	Loss: 0.392674	Acc: 92.30%
Pre-train Epoch: 61 [19200/60000 (32%)]	Loss: 0.388305	Acc: 92.35%
Pre-train Epoch: 61 [25600/60000 (43%)]	Loss: 0.256017	Acc: 92.22%
Pre-train Epoch: 61 [32000/60000 (53%)]	Loss: 0.323028	Acc: 92.18%
Pre-train Epoch: 61 [38400/60000 (64%)]	Loss: 0.325788	Acc: 92.12%
Pre-train Epoch: 61 [44800/60000 (75%)]	Loss: 0.313178	Acc: 92.21%
Pre-train Epoch: 61 [51200/60000 (85%)]	Loss: 0.418669	Acc: 92.21%
Pre-train Epoch: 61 [57600/60000 (96%)]	Loss: 0.210459	Acc: 92.30%
Pre-train Epoch: 62 [0/60000 (0%)]	Loss: 0.219398	Acc: 95.31%
Pre-train Epoch: 62 [6400/60000 (11%)]	Loss: 0.281251	Acc: 92.19%
Pre-train Epoch: 62 [12800/60000 (21%)]	Loss: 0.228949	Acc: 92.46%
Pre-train Epoch: 62 [19200/60000 (32%)]	Loss: 0.386332	Acc: 92.30%
Pre-train Epoch: 62 [25600/60000 (43%)]	Loss: 0.298543	Acc: 92.18%
Pre-train Epoch: 62 [32000/60000 (53%)]	Loss: 0.350919	Acc: 92.13%
Pre-train Epoch: 62 [38400/60000 (64%)]	Loss: 0.355445	Acc: 92.15%
Pre-train Epoch: 62 [44800/60000 (75%)]	Loss: 0.252531	Acc: 92.16%
Pre-train Epoch: 62 [51200/60000 (85%)]	Loss: 0.295736	Acc: 92.20%
Pre-train Epoch: 62 [57600/60000 (96%)]	Loss: 0.268483	Acc: 92.23%
Pre-train Epoch: 63 [0/60000 (0%)]	Loss: 0.380744	Acc: 90.62%
Pre-train Epoch: 63 [6400/60000 (11%)]	Loss: 0.256625	Acc: 92.51%
Pre-train Epoch: 63 [12800/60000 (21%)]	Loss: 0.319458	Acc: 92.42%
Pre-train Epoch: 63 [19200/60000 (32%)]	Loss: 0.288084	Acc: 92.35%
Pre-train Epoch: 63 [25600/60000 (43%)]	Loss: 0.255124	Acc: 92.51%
Pre-train Epoch: 63 [32000/60000 (53%)]	Loss: 0.321951	Acc: 92.43%
Pre-train Epoch: 63 [38400/60000 (64%)]	Loss: 0.259851	Acc: 92.38%
Pre-train Epoch: 63 [44800/60000 (75%)]	Loss: 0.384059	Acc: 92.38%
Pre-train Epoch: 63 [51200/60000 (85%)]	Loss: 0.351825	Acc: 92.32%
Pre-train Epoch: 63 [57600/60000 (96%)]	Loss: 0.424585	Acc: 92.31%
Pre-train Epoch: 64 [0/60000 (0%)]	Loss: 0.242378	Acc: 92.19%
Pre-train Epoch: 64 [6400/60000 (11%)]	Loss: 0.338342	Acc: 92.65%
Pre-train Epoch: 64 [12800/60000 (21%)]	Loss: 0.304762	Acc: 92.33%
Pre-train Epoch: 64 [19200/60000 (32%)]	Loss: 0.450855	Acc: 92.35%
Pre-train Epoch: 64 [25600/60000 (43%)]	Loss: 0.314205	Acc: 92.37%
Pre-train Epoch: 64 [32000/60000 (53%)]	Loss: 0.356326	Acc: 92.26%
Pre-train Epoch: 64 [38400/60000 (64%)]	Loss: 0.289739	Acc: 92.34%
Pre-train Epoch: 64 [44800/60000 (75%)]	Loss: 0.277714	Acc: 92.29%
Pre-train Epoch: 64 [51200/60000 (85%)]	Loss: 0.362825	Acc: 92.27%
Pre-train Epoch: 64 [57600/60000 (96%)]	Loss: 0.313611	Acc: 92.31%
Pre-train Epoch: 65 [0/60000 (0%)]	Loss: 0.255900	Acc: 93.75%
Pre-train Epoch: 65 [6400/60000 (11%)]	Loss: 0.280764	Acc: 91.96%
Pre-train Epoch: 65 [12800/60000 (21%)]	Loss: 0.370340	Acc: 91.93%
Pre-train Epoch: 65 [19200/60000 (32%)]	Loss: 0.352540	Acc: 92.17%
Pre-train Epoch: 65 [25600/60000 (43%)]	Loss: 0.330143	Acc: 92.43%
Pre-train Epoch: 65 [32000/60000 (53%)]	Loss: 0.226630	Acc: 92.47%
Pre-train Epoch: 65 [38400/60000 (64%)]	Loss: 0.286208	Acc: 92.49%
Pre-train Epoch: 65 [44800/60000 (75%)]	Loss: 0.357792	Acc: 92.46%
Pre-train Epoch: 65 [51200/60000 (85%)]	Loss: 0.426125	Acc: 92.40%
Pre-train Epoch: 65 [57600/60000 (96%)]	Loss: 0.309445	Acc: 92.34%
Pre-train Epoch: 66 [0/60000 (0%)]	Loss: 0.295620	Acc: 96.88%
Pre-train Epoch: 66 [6400/60000 (11%)]	Loss: 0.343374	Acc: 92.47%
Pre-train Epoch: 66 [12800/60000 (21%)]	Loss: 0.239815	Acc: 92.65%
Pre-train Epoch: 66 [19200/60000 (32%)]	Loss: 0.262021	Acc: 92.82%
Pre-train Epoch: 66 [25600/60000 (43%)]	Loss: 0.267120	Acc: 92.78%
Pre-train Epoch: 66 [32000/60000 (53%)]	Loss: 0.366390	Acc: 92.76%
Pre-train Epoch: 66 [38400/60000 (64%)]	Loss: 0.400881	Acc: 92.66%
Pre-train Epoch: 66 [44800/60000 (75%)]	Loss: 0.375373	Acc: 92.60%
Pre-train Epoch: 66 [51200/60000 (85%)]	Loss: 0.192658	Acc: 92.59%
Pre-train Epoch: 66 [57600/60000 (96%)]	Loss: 0.300477	Acc: 92.59%
Pre-train Epoch: 67 [0/60000 (0%)]	Loss: 0.294285	Acc: 93.75%
Pre-train Epoch: 67 [6400/60000 (11%)]	Loss: 0.296768	Acc: 92.79%
Pre-train Epoch: 67 [12800/60000 (21%)]	Loss: 0.324729	Acc: 92.75%
Pre-train Epoch: 67 [19200/60000 (32%)]	Loss: 0.471228	Acc: 92.57%
Pre-train Epoch: 67 [25600/60000 (43%)]	Loss: 0.362815	Acc: 92.66%
Pre-train Epoch: 67 [32000/60000 (53%)]	Loss: 0.255154	Acc: 92.53%
Pre-train Epoch: 67 [38400/60000 (64%)]	Loss: 0.282112	Acc: 92.52%
Pre-train Epoch: 67 [44800/60000 (75%)]	Loss: 0.273681	Acc: 92.52%
Pre-train Epoch: 67 [51200/60000 (85%)]	Loss: 0.342449	Acc: 92.55%
Pre-train Epoch: 67 [57600/60000 (96%)]	Loss: 0.324086	Acc: 92.49%
Pre-train Epoch: 68 [0/60000 (0%)]	Loss: 0.337197	Acc: 93.75%
Pre-train Epoch: 68 [6400/60000 (11%)]	Loss: 0.349901	Acc: 92.45%
Pre-train Epoch: 68 [12800/60000 (21%)]	Loss: 0.275648	Acc: 92.53%
Pre-train Epoch: 68 [19200/60000 (32%)]	Loss: 0.360149	Acc: 92.65%
Pre-train Epoch: 68 [25600/60000 (43%)]	Loss: 0.330339	Acc: 92.64%
Pre-train Epoch: 68 [32000/60000 (53%)]	Loss: 0.318643	Acc: 92.64%
Pre-train Epoch: 68 [38400/60000 (64%)]	Loss: 0.298705	Acc: 92.57%
Pre-train Epoch: 68 [44800/60000 (75%)]	Loss: 0.265895	Acc: 92.54%
Pre-train Epoch: 68 [51200/60000 (85%)]	Loss: 0.460797	Acc: 92.52%
Pre-train Epoch: 68 [57600/60000 (96%)]	Loss: 0.343007	Acc: 92.58%
Pre-train Epoch: 69 [0/60000 (0%)]	Loss: 0.359076	Acc: 90.62%
Pre-train Epoch: 69 [6400/60000 (11%)]	Loss: 0.427231	Acc: 92.76%
Pre-train Epoch: 69 [12800/60000 (21%)]	Loss: 0.339561	Acc: 92.68%
Pre-train Epoch: 69 [19200/60000 (32%)]	Loss: 0.342713	Acc: 92.73%
Pre-train Epoch: 69 [25600/60000 (43%)]	Loss: 0.226070	Acc: 92.80%
Pre-train Epoch: 69 [32000/60000 (53%)]	Loss: 0.381648	Acc: 92.71%
Pre-train Epoch: 69 [38400/60000 (64%)]	Loss: 0.303660	Acc: 92.66%
Pre-train Epoch: 69 [44800/60000 (75%)]	Loss: 0.436368	Acc: 92.71%
Pre-train Epoch: 69 [51200/60000 (85%)]	Loss: 0.311808	Acc: 92.70%
Pre-train Epoch: 69 [57600/60000 (96%)]	Loss: 0.343679	Acc: 92.73%
Pre-train Epoch: 70 [0/60000 (0%)]	Loss: 0.365071	Acc: 90.62%
Pre-train Epoch: 70 [6400/60000 (11%)]	Loss: 0.325696	Acc: 92.98%
Pre-train Epoch: 70 [12800/60000 (21%)]	Loss: 0.255981	Acc: 92.86%
Pre-train Epoch: 70 [19200/60000 (32%)]	Loss: 0.464679	Acc: 92.86%
Pre-train Epoch: 70 [25600/60000 (43%)]	Loss: 0.353933	Acc: 92.89%
Pre-train Epoch: 70 [32000/60000 (53%)]	Loss: 0.471962	Acc: 92.85%
Pre-train Epoch: 70 [38400/60000 (64%)]	Loss: 0.558606	Acc: 92.81%
Pre-train Epoch: 70 [44800/60000 (75%)]	Loss: 0.435757	Acc: 92.80%
Pre-train Epoch: 70 [51200/60000 (85%)]	Loss: 0.334354	Acc: 92.77%
Pre-train Epoch: 70 [57600/60000 (96%)]	Loss: 0.302730	Acc: 92.78%
Pre-train Epoch: 71 [0/60000 (0%)]	Loss: 0.312575	Acc: 90.62%
Pre-train Epoch: 71 [6400/60000 (11%)]	Loss: 0.238668	Acc: 92.36%
Pre-train Epoch: 71 [12800/60000 (21%)]	Loss: 0.298626	Acc: 92.72%
Pre-train Epoch: 71 [19200/60000 (32%)]	Loss: 0.238678	Acc: 92.75%
Pre-train Epoch: 71 [25600/60000 (43%)]	Loss: 0.269674	Acc: 92.80%
Pre-train Epoch: 71 [32000/60000 (53%)]	Loss: 0.311678	Acc: 92.74%
Pre-train Epoch: 71 [38400/60000 (64%)]	Loss: 0.323345	Acc: 92.77%
Pre-train Epoch: 71 [44800/60000 (75%)]	Loss: 0.315798	Acc: 92.79%
Pre-train Epoch: 71 [51200/60000 (85%)]	Loss: 0.264456	Acc: 92.70%
Pre-train Epoch: 71 [57600/60000 (96%)]	Loss: 0.270262	Acc: 92.73%
Pre-train Epoch: 72 [0/60000 (0%)]	Loss: 0.308971	Acc: 90.62%
Pre-train Epoch: 72 [6400/60000 (11%)]	Loss: 0.262711	Acc: 93.30%
Pre-train Epoch: 72 [12800/60000 (21%)]	Loss: 0.286692	Acc: 93.02%
Pre-train Epoch: 72 [19200/60000 (32%)]	Loss: 0.371346	Acc: 92.92%
Pre-train Epoch: 72 [25600/60000 (43%)]	Loss: 0.256782	Acc: 92.98%
Pre-train Epoch: 72 [32000/60000 (53%)]	Loss: 0.324991	Acc: 92.83%
Pre-train Epoch: 72 [38400/60000 (64%)]	Loss: 0.261015	Acc: 92.84%
Pre-train Epoch: 72 [44800/60000 (75%)]	Loss: 0.310188	Acc: 92.88%
Pre-train Epoch: 72 [51200/60000 (85%)]	Loss: 0.229414	Acc: 92.86%
Pre-train Epoch: 72 [57600/60000 (96%)]	Loss: 0.234995	Acc: 92.84%
Pre-train Epoch: 73 [0/60000 (0%)]	Loss: 0.291498	Acc: 92.19%
Pre-train Epoch: 73 [6400/60000 (11%)]	Loss: 0.225273	Acc: 92.99%
Pre-train Epoch: 73 [12800/60000 (21%)]	Loss: 0.325103	Acc: 92.75%
Pre-train Epoch: 73 [19200/60000 (32%)]	Loss: 0.266755	Acc: 92.72%
Pre-train Epoch: 73 [25600/60000 (43%)]	Loss: 0.285176	Acc: 92.74%
Pre-train Epoch: 73 [32000/60000 (53%)]	Loss: 0.361488	Acc: 92.75%
Pre-train Epoch: 73 [38400/60000 (64%)]	Loss: 0.431484	Acc: 92.79%
Pre-train Epoch: 73 [44800/60000 (75%)]	Loss: 0.405930	Acc: 92.75%
Pre-train Epoch: 73 [51200/60000 (85%)]	Loss: 0.281849	Acc: 92.81%
Pre-train Epoch: 73 [57600/60000 (96%)]	Loss: 0.362355	Acc: 92.78%
Pre-train Epoch: 74 [0/60000 (0%)]	Loss: 0.201572	Acc: 98.44%
Pre-train Epoch: 74 [6400/60000 (11%)]	Loss: 0.284034	Acc: 93.19%
Pre-train Epoch: 74 [12800/60000 (21%)]	Loss: 0.341587	Acc: 92.92%
Pre-train Epoch: 74 [19200/60000 (32%)]	Loss: 0.205694	Acc: 92.80%
Pre-train Epoch: 74 [25600/60000 (43%)]	Loss: 0.234856	Acc: 92.78%
Pre-train Epoch: 74 [32000/60000 (53%)]	Loss: 0.224011	Acc: 92.81%
Pre-train Epoch: 74 [38400/60000 (64%)]	Loss: 0.261985	Acc: 92.86%
Pre-train Epoch: 74 [44800/60000 (75%)]	Loss: 0.285051	Acc: 92.81%
Pre-train Epoch: 74 [51200/60000 (85%)]	Loss: 0.249904	Acc: 92.79%
Pre-train Epoch: 74 [57600/60000 (96%)]	Loss: 0.527691	Acc: 92.84%
Pre-train Epoch: 75 [0/60000 (0%)]	Loss: 0.300757	Acc: 93.75%
Pre-train Epoch: 75 [6400/60000 (11%)]	Loss: 0.231520	Acc: 93.67%
Pre-train Epoch: 75 [12800/60000 (21%)]	Loss: 0.316126	Acc: 93.63%
Pre-train Epoch: 75 [19200/60000 (32%)]	Loss: 0.368683	Acc: 93.53%
Pre-train Epoch: 75 [25600/60000 (43%)]	Loss: 0.291794	Acc: 93.40%
Pre-train Epoch: 75 [32000/60000 (53%)]	Loss: 0.283253	Acc: 93.26%
Pre-train Epoch: 75 [38400/60000 (64%)]	Loss: 0.307004	Acc: 93.18%
Pre-train Epoch: 75 [44800/60000 (75%)]	Loss: 0.254061	Acc: 93.10%
Pre-train Epoch: 75 [51200/60000 (85%)]	Loss: 0.388582	Acc: 93.03%
Pre-train Epoch: 75 [57600/60000 (96%)]	Loss: 0.378749	Acc: 93.01%
Pre-train Epoch: 76 [0/60000 (0%)]	Loss: 0.210954	Acc: 98.44%
Pre-train Epoch: 76 [6400/60000 (11%)]	Loss: 0.268042	Acc: 93.47%
Pre-train Epoch: 76 [12800/60000 (21%)]	Loss: 0.303823	Acc: 93.22%
Pre-train Epoch: 76 [19200/60000 (32%)]	Loss: 0.295586	Acc: 93.28%
Pre-train Epoch: 76 [25600/60000 (43%)]	Loss: 0.275696	Acc: 93.08%
Pre-train Epoch: 76 [32000/60000 (53%)]	Loss: 0.353414	Acc: 92.98%
Pre-train Epoch: 76 [38400/60000 (64%)]	Loss: 0.197200	Acc: 93.02%
Pre-train Epoch: 76 [44800/60000 (75%)]	Loss: 0.353180	Acc: 92.99%
Pre-train Epoch: 76 [51200/60000 (85%)]	Loss: 0.262139	Acc: 93.05%
Pre-train Epoch: 76 [57600/60000 (96%)]	Loss: 0.292682	Acc: 93.03%
Pre-train Epoch: 77 [0/60000 (0%)]	Loss: 0.266427	Acc: 93.75%
Pre-train Epoch: 77 [6400/60000 (11%)]	Loss: 0.258024	Acc: 93.29%
Pre-train Epoch: 77 [12800/60000 (21%)]	Loss: 0.320019	Acc: 93.19%
Pre-train Epoch: 77 [19200/60000 (32%)]	Loss: 0.317178	Acc: 93.03%
Pre-train Epoch: 77 [25600/60000 (43%)]	Loss: 0.283590	Acc: 93.04%
Pre-train Epoch: 77 [32000/60000 (53%)]	Loss: 0.246527	Acc: 93.10%
Pre-train Epoch: 77 [38400/60000 (64%)]	Loss: 0.324155	Acc: 93.08%
Pre-train Epoch: 77 [44800/60000 (75%)]	Loss: 0.302720	Acc: 93.10%
Pre-train Epoch: 77 [51200/60000 (85%)]	Loss: 0.325457	Acc: 93.09%
Pre-train Epoch: 77 [57600/60000 (96%)]	Loss: 0.178289	Acc: 93.14%
Pre-train Epoch: 78 [0/60000 (0%)]	Loss: 0.375940	Acc: 87.50%
Pre-train Epoch: 78 [6400/60000 (11%)]	Loss: 0.250032	Acc: 93.08%
Pre-train Epoch: 78 [12800/60000 (21%)]	Loss: 0.339581	Acc: 93.14%
Pre-train Epoch: 78 [19200/60000 (32%)]	Loss: 0.252875	Acc: 93.11%
Pre-train Epoch: 78 [25600/60000 (43%)]	Loss: 0.206189	Acc: 93.24%
Pre-train Epoch: 78 [32000/60000 (53%)]	Loss: 0.205555	Acc: 93.06%
Pre-train Epoch: 78 [38400/60000 (64%)]	Loss: 0.269474	Acc: 93.07%
Pre-train Epoch: 78 [44800/60000 (75%)]	Loss: 0.275998	Acc: 93.06%
Pre-train Epoch: 78 [51200/60000 (85%)]	Loss: 0.338088	Acc: 93.06%
Pre-train Epoch: 78 [57600/60000 (96%)]	Loss: 0.309984	Acc: 93.06%
Pre-train Epoch: 79 [0/60000 (0%)]	Loss: 0.239928	Acc: 93.75%
Pre-train Epoch: 79 [6400/60000 (11%)]	Loss: 0.259891	Acc: 92.88%
Pre-train Epoch: 79 [12800/60000 (21%)]	Loss: 0.382749	Acc: 93.07%
Pre-train Epoch: 79 [19200/60000 (32%)]	Loss: 0.338715	Acc: 93.14%
Pre-train Epoch: 79 [25600/60000 (43%)]	Loss: 0.208867	Acc: 93.21%
Pre-train Epoch: 79 [32000/60000 (53%)]	Loss: 0.304737	Acc: 93.23%
Pre-train Epoch: 79 [38400/60000 (64%)]	Loss: 0.362832	Acc: 93.27%
Pre-train Epoch: 79 [44800/60000 (75%)]	Loss: 0.347140	Acc: 93.23%
Pre-train Epoch: 79 [51200/60000 (85%)]	Loss: 0.494185	Acc: 93.23%
Pre-train Epoch: 79 [57600/60000 (96%)]	Loss: 0.311472	Acc: 93.18%
Pre-train Epoch: 80 [0/60000 (0%)]	Loss: 0.291789	Acc: 92.19%
Pre-train Epoch: 80 [6400/60000 (11%)]	Loss: 0.293835	Acc: 93.67%
Pre-train Epoch: 80 [12800/60000 (21%)]	Loss: 0.396779	Acc: 93.45%
Pre-train Epoch: 80 [19200/60000 (32%)]	Loss: 0.203642	Acc: 93.55%
Pre-train Epoch: 80 [25600/60000 (43%)]	Loss: 0.213198	Acc: 93.46%
Pre-train Epoch: 80 [32000/60000 (53%)]	Loss: 0.351208	Acc: 93.46%
Pre-train Epoch: 80 [38400/60000 (64%)]	Loss: 0.327619	Acc: 93.38%
Pre-train Epoch: 80 [44800/60000 (75%)]	Loss: 0.331860	Acc: 93.36%
Pre-train Epoch: 80 [51200/60000 (85%)]	Loss: 0.227281	Acc: 93.39%
Pre-train Epoch: 80 [57600/60000 (96%)]	Loss: 0.306297	Acc: 93.35%
Pre-train Epoch: 81 [0/60000 (0%)]	Loss: 0.203272	Acc: 95.31%
Pre-train Epoch: 81 [6400/60000 (11%)]	Loss: 0.265813	Acc: 93.36%
Pre-train Epoch: 81 [12800/60000 (21%)]	Loss: 0.389006	Acc: 93.53%
Pre-train Epoch: 81 [19200/60000 (32%)]	Loss: 0.305402	Acc: 93.67%
Pre-train Epoch: 81 [25600/60000 (43%)]	Loss: 0.242713	Acc: 93.50%
Pre-train Epoch: 81 [32000/60000 (53%)]	Loss: 0.279193	Acc: 93.48%
Pre-train Epoch: 81 [38400/60000 (64%)]	Loss: 0.264295	Acc: 93.45%
Pre-train Epoch: 81 [44800/60000 (75%)]	Loss: 0.353808	Acc: 93.36%
Pre-train Epoch: 81 [51200/60000 (85%)]	Loss: 0.359167	Acc: 93.29%
Pre-train Epoch: 81 [57600/60000 (96%)]	Loss: 0.283470	Acc: 93.21%
Pre-train Epoch: 82 [0/60000 (0%)]	Loss: 0.270222	Acc: 96.88%
Pre-train Epoch: 82 [6400/60000 (11%)]	Loss: 0.173110	Acc: 94.00%
Pre-train Epoch: 82 [12800/60000 (21%)]	Loss: 0.337889	Acc: 93.73%
Pre-train Epoch: 82 [19200/60000 (32%)]	Loss: 0.212673	Acc: 93.52%
Pre-train Epoch: 82 [25600/60000 (43%)]	Loss: 0.327591	Acc: 93.41%
Pre-train Epoch: 82 [32000/60000 (53%)]	Loss: 0.289332	Acc: 93.32%
Pre-train Epoch: 82 [38400/60000 (64%)]	Loss: 0.263953	Acc: 93.37%
Pre-train Epoch: 82 [44800/60000 (75%)]	Loss: 0.281884	Acc: 93.38%
Pre-train Epoch: 82 [51200/60000 (85%)]	Loss: 0.225021	Acc: 93.36%
Pre-train Epoch: 82 [57600/60000 (96%)]	Loss: 0.249994	Acc: 93.34%
Pre-train Epoch: 83 [0/60000 (0%)]	Loss: 0.312069	Acc: 92.19%
Pre-train Epoch: 83 [6400/60000 (11%)]	Loss: 0.319801	Acc: 93.73%
Pre-train Epoch: 83 [12800/60000 (21%)]	Loss: 0.359550	Acc: 93.60%
Pre-train Epoch: 83 [19200/60000 (32%)]	Loss: 0.299847	Acc: 93.42%
Pre-train Epoch: 83 [25600/60000 (43%)]	Loss: 0.235317	Acc: 93.41%
Pre-train Epoch: 83 [32000/60000 (53%)]	Loss: 0.374436	Acc: 93.33%
Pre-train Epoch: 83 [38400/60000 (64%)]	Loss: 0.345910	Acc: 93.30%
Pre-train Epoch: 83 [44800/60000 (75%)]	Loss: 0.200283	Acc: 93.32%
Pre-train Epoch: 83 [51200/60000 (85%)]	Loss: 0.313341	Acc: 93.32%
Pre-train Epoch: 83 [57600/60000 (96%)]	Loss: 0.322514	Acc: 93.38%
Pre-train Epoch: 84 [0/60000 (0%)]	Loss: 0.314144	Acc: 95.31%
Pre-train Epoch: 84 [6400/60000 (11%)]	Loss: 0.273273	Acc: 93.83%
Pre-train Epoch: 84 [12800/60000 (21%)]	Loss: 0.206985	Acc: 93.82%
Pre-train Epoch: 84 [19200/60000 (32%)]	Loss: 0.224796	Acc: 93.78%
Pre-train Epoch: 84 [25600/60000 (43%)]	Loss: 0.205374	Acc: 93.73%
Pre-train Epoch: 84 [32000/60000 (53%)]	Loss: 0.244277	Acc: 93.62%
Pre-train Epoch: 84 [38400/60000 (64%)]	Loss: 0.324621	Acc: 93.60%
Pre-train Epoch: 84 [44800/60000 (75%)]	Loss: 0.272824	Acc: 93.58%
Pre-train Epoch: 84 [51200/60000 (85%)]	Loss: 0.262700	Acc: 93.51%
Pre-train Epoch: 84 [57600/60000 (96%)]	Loss: 0.333341	Acc: 93.48%
Pre-train Epoch: 85 [0/60000 (0%)]	Loss: 0.338873	Acc: 92.19%
Pre-train Epoch: 85 [6400/60000 (11%)]	Loss: 0.277332	Acc: 93.53%
Pre-train Epoch: 85 [12800/60000 (21%)]	Loss: 0.321168	Acc: 93.48%
Pre-train Epoch: 85 [19200/60000 (32%)]	Loss: 0.234814	Acc: 93.66%
Pre-train Epoch: 85 [25600/60000 (43%)]	Loss: 0.278773	Acc: 93.62%
Pre-train Epoch: 85 [32000/60000 (53%)]	Loss: 0.292077	Acc: 93.63%
Pre-train Epoch: 85 [38400/60000 (64%)]	Loss: 0.262065	Acc: 93.55%
Pre-train Epoch: 85 [44800/60000 (75%)]	Loss: 0.232267	Acc: 93.58%
Pre-train Epoch: 85 [51200/60000 (85%)]	Loss: 0.323698	Acc: 93.61%
Pre-train Epoch: 85 [57600/60000 (96%)]	Loss: 0.294168	Acc: 93.57%
Pre-train Epoch: 86 [0/60000 (0%)]	Loss: 0.359446	Acc: 92.19%
Pre-train Epoch: 86 [6400/60000 (11%)]	Loss: 0.378033	Acc: 93.63%
Pre-train Epoch: 86 [12800/60000 (21%)]	Loss: 0.153150	Acc: 93.50%
Pre-train Epoch: 86 [19200/60000 (32%)]	Loss: 0.282738	Acc: 93.55%
Pre-train Epoch: 86 [25600/60000 (43%)]	Loss: 0.385543	Acc: 93.72%
Pre-train Epoch: 86 [32000/60000 (53%)]	Loss: 0.232263	Acc: 93.75%
Pre-train Epoch: 86 [38400/60000 (64%)]	Loss: 0.308119	Acc: 93.82%
Pre-train Epoch: 86 [44800/60000 (75%)]	Loss: 0.261296	Acc: 93.81%
Pre-train Epoch: 86 [51200/60000 (85%)]	Loss: 0.262486	Acc: 93.79%
Pre-train Epoch: 86 [57600/60000 (96%)]	Loss: 0.359865	Acc: 93.73%
Pre-train Epoch: 87 [0/60000 (0%)]	Loss: 0.341551	Acc: 93.75%
Pre-train Epoch: 87 [6400/60000 (11%)]	Loss: 0.345439	Acc: 93.84%
Pre-train Epoch: 87 [12800/60000 (21%)]	Loss: 0.389540	Acc: 93.70%
Pre-train Epoch: 87 [19200/60000 (32%)]	Loss: 0.273778	Acc: 93.81%
Pre-train Epoch: 87 [25600/60000 (43%)]	Loss: 0.405273	Acc: 93.64%
Pre-train Epoch: 87 [32000/60000 (53%)]	Loss: 0.291683	Acc: 93.61%
Pre-train Epoch: 87 [38400/60000 (64%)]	Loss: 0.358292	Acc: 93.63%
Pre-train Epoch: 87 [44800/60000 (75%)]	Loss: 0.237393	Acc: 93.59%
Pre-train Epoch: 87 [51200/60000 (85%)]	Loss: 0.238246	Acc: 93.63%
Pre-train Epoch: 87 [57600/60000 (96%)]	Loss: 0.268497	Acc: 93.63%
Pre-train Epoch: 88 [0/60000 (0%)]	Loss: 0.227565	Acc: 95.31%
Pre-train Epoch: 88 [6400/60000 (11%)]	Loss: 0.344745	Acc: 94.11%
Pre-train Epoch: 88 [12800/60000 (21%)]	Loss: 0.275162	Acc: 94.08%
Pre-train Epoch: 88 [19200/60000 (32%)]	Loss: 0.350087	Acc: 93.88%
Pre-train Epoch: 88 [25600/60000 (43%)]	Loss: 0.244872	Acc: 93.76%
Pre-train Epoch: 88 [32000/60000 (53%)]	Loss: 0.295766	Acc: 93.73%
Pre-train Epoch: 88 [38400/60000 (64%)]	Loss: 0.315738	Acc: 93.66%
Pre-train Epoch: 88 [44800/60000 (75%)]	Loss: 0.280885	Acc: 93.66%
Pre-train Epoch: 88 [51200/60000 (85%)]	Loss: 0.260097	Acc: 93.67%
Pre-train Epoch: 88 [57600/60000 (96%)]	Loss: 0.331034	Acc: 93.67%
Pre-train Epoch: 89 [0/60000 (0%)]	Loss: 0.271890	Acc: 93.75%
Pre-train Epoch: 89 [6400/60000 (11%)]	Loss: 0.241262	Acc: 94.31%
Pre-train Epoch: 89 [12800/60000 (21%)]	Loss: 0.223114	Acc: 94.22%
Pre-train Epoch: 89 [19200/60000 (32%)]	Loss: 0.248248	Acc: 93.91%
Pre-train Epoch: 89 [25600/60000 (43%)]	Loss: 0.349984	Acc: 93.85%
Pre-train Epoch: 89 [32000/60000 (53%)]	Loss: 0.314097	Acc: 93.86%
Pre-train Epoch: 89 [38400/60000 (64%)]	Loss: 0.307013	Acc: 93.84%
Pre-train Epoch: 89 [44800/60000 (75%)]	Loss: 0.406573	Acc: 93.84%
Pre-train Epoch: 89 [51200/60000 (85%)]	Loss: 0.375956	Acc: 93.79%
Pre-train Epoch: 89 [57600/60000 (96%)]	Loss: 0.208634	Acc: 93.76%
Pre-train Epoch: 90 [0/60000 (0%)]	Loss: 0.309559	Acc: 92.19%
Pre-train Epoch: 90 [6400/60000 (11%)]	Loss: 0.309339	Acc: 93.22%
Pre-train Epoch: 90 [12800/60000 (21%)]	Loss: 0.257358	Acc: 93.59%
Pre-train Epoch: 90 [19200/60000 (32%)]	Loss: 0.235440	Acc: 93.48%
Pre-train Epoch: 90 [25600/60000 (43%)]	Loss: 0.279149	Acc: 93.57%
Pre-train Epoch: 90 [32000/60000 (53%)]	Loss: 0.269713	Acc: 93.52%
Pre-train Epoch: 90 [38400/60000 (64%)]	Loss: 0.415398	Acc: 93.60%
Pre-train Epoch: 90 [44800/60000 (75%)]	Loss: 0.252479	Acc: 93.58%
Pre-train Epoch: 90 [51200/60000 (85%)]	Loss: 0.291166	Acc: 93.58%
Pre-train Epoch: 90 [57600/60000 (96%)]	Loss: 0.220257	Acc: 93.59%
Pre-train Epoch: 91 [0/60000 (0%)]	Loss: 0.410986	Acc: 90.62%
Pre-train Epoch: 91 [6400/60000 (11%)]	Loss: 0.229084	Acc: 93.89%
Pre-train Epoch: 91 [12800/60000 (21%)]	Loss: 0.252077	Acc: 93.77%
Pre-train Epoch: 91 [19200/60000 (32%)]	Loss: 0.276268	Acc: 93.79%
Pre-train Epoch: 91 [25600/60000 (43%)]	Loss: 0.216384	Acc: 93.83%
Pre-train Epoch: 91 [32000/60000 (53%)]	Loss: 0.208862	Acc: 93.87%
Pre-train Epoch: 91 [38400/60000 (64%)]	Loss: 0.270732	Acc: 93.82%
Pre-train Epoch: 91 [44800/60000 (75%)]	Loss: 0.315745	Acc: 93.85%
Pre-train Epoch: 91 [51200/60000 (85%)]	Loss: 0.398514	Acc: 93.82%
Pre-train Epoch: 91 [57600/60000 (96%)]	Loss: 0.228574	Acc: 93.74%
Pre-train Epoch: 92 [0/60000 (0%)]	Loss: 0.426158	Acc: 87.50%
Pre-train Epoch: 92 [6400/60000 (11%)]	Loss: 0.258619	Acc: 94.18%
Pre-train Epoch: 92 [12800/60000 (21%)]	Loss: 0.400074	Acc: 94.09%
Pre-train Epoch: 92 [19200/60000 (32%)]	Loss: 0.286156	Acc: 94.13%
Pre-train Epoch: 92 [25600/60000 (43%)]	Loss: 0.332616	Acc: 94.10%
Pre-train Epoch: 92 [32000/60000 (53%)]	Loss: 0.359022	Acc: 94.04%
Pre-train Epoch: 92 [38400/60000 (64%)]	Loss: 0.322600	Acc: 93.96%
Pre-train Epoch: 92 [44800/60000 (75%)]	Loss: 0.203979	Acc: 93.96%
Pre-train Epoch: 92 [51200/60000 (85%)]	Loss: 0.380661	Acc: 94.00%
Pre-train Epoch: 92 [57600/60000 (96%)]	Loss: 0.296503	Acc: 93.99%
Pre-train Epoch: 93 [0/60000 (0%)]	Loss: 0.251050	Acc: 93.75%
Pre-train Epoch: 93 [6400/60000 (11%)]	Loss: 0.304921	Acc: 93.90%
Pre-train Epoch: 93 [12800/60000 (21%)]	Loss: 0.274043	Acc: 93.66%
Pre-train Epoch: 93 [19200/60000 (32%)]	Loss: 0.188614	Acc: 93.65%
Pre-train Epoch: 93 [25600/60000 (43%)]	Loss: 0.286444	Acc: 93.77%
Pre-train Epoch: 93 [32000/60000 (53%)]	Loss: 0.212542	Acc: 93.74%
Pre-train Epoch: 93 [38400/60000 (64%)]	Loss: 0.190107	Acc: 93.80%
Pre-train Epoch: 93 [44800/60000 (75%)]	Loss: 0.210412	Acc: 93.78%
Pre-train Epoch: 93 [51200/60000 (85%)]	Loss: 0.348503	Acc: 93.80%
Pre-train Epoch: 93 [57600/60000 (96%)]	Loss: 0.332460	Acc: 93.79%
Pre-train Epoch: 94 [0/60000 (0%)]	Loss: 0.326061	Acc: 92.19%
Pre-train Epoch: 94 [6400/60000 (11%)]	Loss: 0.304207	Acc: 94.76%
Pre-train Epoch: 94 [12800/60000 (21%)]	Loss: 0.153660	Acc: 94.08%
Pre-train Epoch: 94 [19200/60000 (32%)]	Loss: 0.217010	Acc: 94.05%
Pre-train Epoch: 94 [25600/60000 (43%)]	Loss: 0.246531	Acc: 93.91%
Pre-train Epoch: 94 [32000/60000 (53%)]	Loss: 0.297462	Acc: 93.72%
Pre-train Epoch: 94 [38400/60000 (64%)]	Loss: 0.288586	Acc: 93.82%
Pre-train Epoch: 94 [44800/60000 (75%)]	Loss: 0.389915	Acc: 93.85%
Pre-train Epoch: 94 [51200/60000 (85%)]	Loss: 0.260917	Acc: 93.80%
Pre-train Epoch: 94 [57600/60000 (96%)]	Loss: 0.485786	Acc: 93.85%
Pre-train Epoch: 95 [0/60000 (0%)]	Loss: 0.229313	Acc: 95.31%
Pre-train Epoch: 95 [6400/60000 (11%)]	Loss: 0.310724	Acc: 94.18%
Pre-train Epoch: 95 [12800/60000 (21%)]	Loss: 0.231030	Acc: 94.11%
Pre-train Epoch: 95 [19200/60000 (32%)]	Loss: 0.256213	Acc: 94.14%
Pre-train Epoch: 95 [25600/60000 (43%)]	Loss: 0.209290	Acc: 94.10%
Pre-train Epoch: 95 [32000/60000 (53%)]	Loss: 0.337128	Acc: 94.06%
Pre-train Epoch: 95 [38400/60000 (64%)]	Loss: 0.206443	Acc: 94.00%
Pre-train Epoch: 95 [44800/60000 (75%)]	Loss: 0.455975	Acc: 93.90%
Pre-train Epoch: 95 [51200/60000 (85%)]	Loss: 0.239979	Acc: 93.80%
Pre-train Epoch: 95 [57600/60000 (96%)]	Loss: 0.182944	Acc: 93.81%
Pre-train Epoch: 96 [0/60000 (0%)]	Loss: 0.322809	Acc: 87.50%
Pre-train Epoch: 96 [6400/60000 (11%)]	Loss: 0.264011	Acc: 94.09%
Pre-train Epoch: 96 [12800/60000 (21%)]	Loss: 0.223975	Acc: 93.92%
Pre-train Epoch: 96 [19200/60000 (32%)]	Loss: 0.318801	Acc: 93.84%
Pre-train Epoch: 96 [25600/60000 (43%)]	Loss: 0.199258	Acc: 93.96%
Pre-train Epoch: 96 [32000/60000 (53%)]	Loss: 0.267264	Acc: 93.92%
Pre-train Epoch: 96 [38400/60000 (64%)]	Loss: 0.238437	Acc: 93.90%
Pre-train Epoch: 96 [44800/60000 (75%)]	Loss: 0.238150	Acc: 93.81%
Pre-train Epoch: 96 [51200/60000 (85%)]	Loss: 0.311044	Acc: 93.87%
Pre-train Epoch: 96 [57600/60000 (96%)]	Loss: 0.254374	Acc: 93.92%
Pre-train Epoch: 97 [0/60000 (0%)]	Loss: 0.237612	Acc: 95.31%
Pre-train Epoch: 97 [6400/60000 (11%)]	Loss: 0.259263	Acc: 94.38%
Pre-train Epoch: 97 [12800/60000 (21%)]	Loss: 0.303613	Acc: 94.33%
Pre-train Epoch: 97 [19200/60000 (32%)]	Loss: 0.289079	Acc: 94.00%
Pre-train Epoch: 97 [25600/60000 (43%)]	Loss: 0.211579	Acc: 94.06%
Pre-train Epoch: 97 [32000/60000 (53%)]	Loss: 0.346657	Acc: 94.05%
Pre-train Epoch: 97 [38400/60000 (64%)]	Loss: 0.288024	Acc: 93.95%
Pre-train Epoch: 97 [44800/60000 (75%)]	Loss: 0.241125	Acc: 93.93%
Pre-train Epoch: 97 [51200/60000 (85%)]	Loss: 0.329846	Acc: 93.95%
Pre-train Epoch: 97 [57600/60000 (96%)]	Loss: 0.210800	Acc: 93.94%
Pre-train Epoch: 98 [0/60000 (0%)]	Loss: 0.308811	Acc: 93.75%
Pre-train Epoch: 98 [6400/60000 (11%)]	Loss: 0.271208	Acc: 93.95%
Pre-train Epoch: 98 [12800/60000 (21%)]	Loss: 0.263244	Acc: 93.90%
Pre-train Epoch: 98 [19200/60000 (32%)]	Loss: 0.291241	Acc: 93.95%
Pre-train Epoch: 98 [25600/60000 (43%)]	Loss: 0.253964	Acc: 93.91%
Pre-train Epoch: 98 [32000/60000 (53%)]	Loss: 0.361680	Acc: 93.94%
Pre-train Epoch: 98 [38400/60000 (64%)]	Loss: 0.212256	Acc: 94.04%
Pre-train Epoch: 98 [44800/60000 (75%)]	Loss: 0.350048	Acc: 94.06%
Pre-train Epoch: 98 [51200/60000 (85%)]	Loss: 0.383899	Acc: 93.98%
Pre-train Epoch: 98 [57600/60000 (96%)]	Loss: 0.348237	Acc: 94.06%
Pre-train Epoch: 99 [0/60000 (0%)]	Loss: 0.345880	Acc: 93.75%
Pre-train Epoch: 99 [6400/60000 (11%)]	Loss: 0.254530	Acc: 93.83%
Pre-train Epoch: 99 [12800/60000 (21%)]	Loss: 0.302492	Acc: 93.95%
Pre-train Epoch: 99 [19200/60000 (32%)]	Loss: 0.297768	Acc: 93.92%
Pre-train Epoch: 99 [25600/60000 (43%)]	Loss: 0.312272	Acc: 93.86%
Pre-train Epoch: 99 [32000/60000 (53%)]	Loss: 0.265348	Acc: 93.84%
Pre-train Epoch: 99 [38400/60000 (64%)]	Loss: 0.335370	Acc: 93.90%
Pre-train Epoch: 99 [44800/60000 (75%)]	Loss: 0.303928	Acc: 93.86%
Pre-train Epoch: 99 [51200/60000 (85%)]	Loss: 0.315168	Acc: 93.89%
Pre-train Epoch: 99 [57600/60000 (96%)]	Loss: 0.314234	Acc: 93.89%
Pre-train Epoch: 100 [0/60000 (0%)]	Loss: 0.210093	Acc: 95.31%
Pre-train Epoch: 100 [6400/60000 (11%)]	Loss: 0.354045	Acc: 93.53%
Pre-train Epoch: 100 [12800/60000 (21%)]	Loss: 0.336008	Acc: 93.77%
Pre-train Epoch: 100 [19200/60000 (32%)]	Loss: 0.229419	Acc: 93.96%
Pre-train Epoch: 100 [25600/60000 (43%)]	Loss: 0.340636	Acc: 93.94%
Pre-train Epoch: 100 [32000/60000 (53%)]	Loss: 0.224601	Acc: 93.91%
Pre-train Epoch: 100 [38400/60000 (64%)]	Loss: 0.266594	Acc: 93.93%
Pre-train Epoch: 100 [44800/60000 (75%)]	Loss: 0.174291	Acc: 93.93%
Pre-train Epoch: 100 [51200/60000 (85%)]	Loss: 0.224721	Acc: 93.95%
Pre-train Epoch: 100 [57600/60000 (96%)]	Loss: 0.282890	Acc: 93.93%
Reference model saved to models/raman_reference_model.pth

--- Starting Finetuning ---
Applying RamanSPy preprocessing to data/X_finetune.npy...
Finetune Epoch: 1 [0/3000 (0%)]	Loss: 1.823083	Acc: 48.44%
Finetune Epoch: 2 [0/3000 (0%)]	Loss: 0.825988	Acc: 79.69%
Finetune Epoch: 3 [0/3000 (0%)]	Loss: 0.496224	Acc: 85.94%
Finetune Epoch: 4 [0/3000 (0%)]	Loss: 0.469866	Acc: 89.06%
Finetune Epoch: 5 [0/3000 (0%)]	Loss: 0.502134	Acc: 85.94%
Finetune Epoch: 6 [0/3000 (0%)]	Loss: 0.317718	Acc: 96.88%
Finetune Epoch: 7 [0/3000 (0%)]	Loss: 0.332320	Acc: 92.19%
Finetune Epoch: 8 [0/3000 (0%)]	Loss: 0.316923	Acc: 95.31%
Finetune Epoch: 9 [0/3000 (0%)]	Loss: 0.384677	Acc: 90.62%
Finetune Epoch: 10 [0/3000 (0%)]	Loss: 0.300172	Acc: 95.31%
Finetune Epoch: 11 [0/3000 (0%)]	Loss: 0.355848	Acc: 90.62%
Finetune Epoch: 12 [0/3000 (0%)]	Loss: 0.325662	Acc: 95.31%
Finetune Epoch: 13 [0/3000 (0%)]	Loss: 0.352430	Acc: 93.75%
Finetune Epoch: 14 [0/3000 (0%)]	Loss: 0.266941	Acc: 93.75%
Finetune Epoch: 15 [0/3000 (0%)]	Loss: 0.285074	Acc: 95.31%
Finetune Epoch: 16 [0/3000 (0%)]	Loss: 0.177723	Acc: 100.00%
Finetune Epoch: 17 [0/3000 (0%)]	Loss: 0.292118	Acc: 98.44%
Finetune Epoch: 18 [0/3000 (0%)]	Loss: 0.258009	Acc: 93.75%
Finetune Epoch: 19 [0/3000 (0%)]	Loss: 0.196423	Acc: 100.00%
Finetune Epoch: 20 [0/3000 (0%)]	Loss: 0.203497	Acc: 96.88%
Finetuned model saved to models/raman_finetuned_model.pth

--- Evaluating on Test Set ---
Applying RamanSPy preprocessing to data/X_test.npy...

Test set: Average loss: 0.5654, Accuracy: 2497/3000 (83.23%)

