Using device: mps
Loading reference dataset...
Applying RamanSPy preprocessing to data/X_reference.npy...
Detected 30 classes.
Split reference data: 40200 train / 19800 val

--- Starting Reference Training ---
Pre-train Epoch: 1 [0/40200 (0%)]	Loss: 3.467597	Acc: 3.12%
Pre-train Epoch: 1 [6400/40200 (16%)]	Loss: 2.362380	Acc: 22.76%
Pre-train Epoch: 1 [12800/40200 (32%)]	Loss: 1.694716	Acc: 31.49%
Pre-train Epoch: 1 [19200/40200 (48%)]	Loss: 1.381970	Acc: 37.76%
Pre-train Epoch: 1 [25600/40200 (64%)]	Loss: 1.240294	Acc: 42.48%
Pre-train Epoch: 1 [32000/40200 (79%)]	Loss: 1.206337	Acc: 46.21%
Pre-train Epoch: 1 [38400/40200 (95%)]	Loss: 1.150558	Acc: 49.29%
Pre-train Epoch: 2 [0/40200 (0%)]	Loss: 1.182507	Acc: 57.81%
Pre-train Epoch: 2 [6400/40200 (16%)]	Loss: 0.786101	Acc: 67.09%
Pre-train Epoch: 2 [12800/40200 (32%)]	Loss: 0.869375	Acc: 67.87%
Pre-train Epoch: 2 [19200/40200 (48%)]	Loss: 0.859077	Acc: 68.13%
Pre-train Epoch: 2 [25600/40200 (64%)]	Loss: 0.948380	Acc: 68.50%
Pre-train Epoch: 2 [32000/40200 (79%)]	Loss: 0.811565	Acc: 68.99%
Pre-train Epoch: 2 [38400/40200 (95%)]	Loss: 0.969335	Acc: 69.35%
Pre-train Epoch: 3 [0/40200 (0%)]	Loss: 0.784821	Acc: 82.81%
Pre-train Epoch: 3 [6400/40200 (16%)]	Loss: 0.941805	Acc: 72.56%
Pre-train Epoch: 3 [12800/40200 (32%)]	Loss: 0.926761	Acc: 72.92%
Pre-train Epoch: 3 [19200/40200 (48%)]	Loss: 0.762742	Acc: 72.62%
Pre-train Epoch: 3 [25600/40200 (64%)]	Loss: 0.751701	Acc: 72.81%
Pre-train Epoch: 3 [32000/40200 (79%)]	Loss: 0.922364	Acc: 72.77%
Pre-train Epoch: 3 [38400/40200 (95%)]	Loss: 0.892203	Acc: 72.74%
Pre-train Epoch: 4 [0/40200 (0%)]	Loss: 1.113868	Acc: 64.06%
Pre-train Epoch: 4 [6400/40200 (16%)]	Loss: 0.990960	Acc: 73.93%
Pre-train Epoch: 4 [12800/40200 (32%)]	Loss: 0.844188	Acc: 73.87%
Pre-train Epoch: 4 [19200/40200 (48%)]	Loss: 1.095762	Acc: 74.05%
Pre-train Epoch: 4 [25600/40200 (64%)]	Loss: 0.735245	Acc: 73.96%
Pre-train Epoch: 4 [32000/40200 (79%)]	Loss: 0.862383	Acc: 74.15%
Pre-train Epoch: 4 [38400/40200 (95%)]	Loss: 0.778956	Acc: 74.33%
Pre-train Epoch: 5 [0/40200 (0%)]	Loss: 0.772583	Acc: 78.12%
Pre-train Epoch: 5 [6400/40200 (16%)]	Loss: 0.898716	Acc: 74.88%
Pre-train Epoch: 5 [12800/40200 (32%)]	Loss: 0.613090	Acc: 74.82%
Pre-train Epoch: 5 [19200/40200 (48%)]	Loss: 0.917763	Acc: 75.15%
Pre-train Epoch: 5 [25600/40200 (64%)]	Loss: 0.817403	Acc: 74.92%
Pre-train Epoch: 5 [32000/40200 (79%)]	Loss: 0.672609	Acc: 74.99%
Pre-train Epoch: 5 [38400/40200 (95%)]	Loss: 0.772415	Acc: 74.88%
Pre-train Epoch: 6 [0/40200 (0%)]	Loss: 0.842971	Acc: 76.56%
Pre-train Epoch: 6 [6400/40200 (16%)]	Loss: 0.692825	Acc: 75.51%
Pre-train Epoch: 6 [12800/40200 (32%)]	Loss: 0.696250	Acc: 75.68%
Pre-train Epoch: 6 [19200/40200 (48%)]	Loss: 0.973787	Acc: 75.49%
Pre-train Epoch: 6 [25600/40200 (64%)]	Loss: 0.795472	Acc: 75.54%
Pre-train Epoch: 6 [32000/40200 (79%)]	Loss: 0.829196	Acc: 75.55%
Pre-train Epoch: 6 [38400/40200 (95%)]	Loss: 0.896271	Acc: 75.53%
Pre-train Epoch: 7 [0/40200 (0%)]	Loss: 0.716634	Acc: 75.00%
Pre-train Epoch: 7 [6400/40200 (16%)]	Loss: 0.684449	Acc: 75.85%
Pre-train Epoch: 7 [12800/40200 (32%)]	Loss: 0.890248	Acc: 75.99%
Pre-train Epoch: 7 [19200/40200 (48%)]	Loss: 0.690723	Acc: 76.28%
Pre-train Epoch: 7 [25600/40200 (64%)]	Loss: 0.987225	Acc: 76.20%
Pre-train Epoch: 7 [32000/40200 (79%)]	Loss: 0.806126	Acc: 76.15%
Pre-train Epoch: 7 [38400/40200 (95%)]	Loss: 0.920438	Acc: 75.93%
Pre-train Epoch: 8 [0/40200 (0%)]	Loss: 0.823492	Acc: 78.12%
Pre-train Epoch: 8 [6400/40200 (16%)]	Loss: 0.859210	Acc: 75.93%
Pre-train Epoch: 8 [12800/40200 (32%)]	Loss: 0.644476	Acc: 76.27%
Pre-train Epoch: 8 [19200/40200 (48%)]	Loss: 0.874483	Acc: 76.19%
Pre-train Epoch: 8 [25600/40200 (64%)]	Loss: 0.569658	Acc: 76.08%
Pre-train Epoch: 8 [32000/40200 (79%)]	Loss: 0.608709	Acc: 76.00%
Pre-train Epoch: 8 [38400/40200 (95%)]	Loss: 0.739377	Acc: 75.96%
Pre-train Epoch: 9 [0/40200 (0%)]	Loss: 0.855400	Acc: 75.00%
Pre-train Epoch: 9 [6400/40200 (16%)]	Loss: 0.851800	Acc: 76.64%
Pre-train Epoch: 9 [12800/40200 (32%)]	Loss: 0.837085	Acc: 76.50%
Pre-train Epoch: 9 [19200/40200 (48%)]	Loss: 0.782420	Acc: 76.67%
Pre-train Epoch: 9 [25600/40200 (64%)]	Loss: 0.714459	Acc: 76.54%
Pre-train Epoch: 9 [32000/40200 (79%)]	Loss: 0.757451	Acc: 76.34%
Pre-train Epoch: 9 [38400/40200 (95%)]	Loss: 0.807024	Acc: 76.23%
Pre-train Epoch: 10 [0/40200 (0%)]	Loss: 0.811762	Acc: 73.44%
Pre-train Epoch: 10 [6400/40200 (16%)]	Loss: 0.714915	Acc: 77.09%
Pre-train Epoch: 10 [12800/40200 (32%)]	Loss: 0.830369	Acc: 76.97%
Pre-train Epoch: 10 [19200/40200 (48%)]	Loss: 0.736742	Acc: 76.79%
Pre-train Epoch: 10 [25600/40200 (64%)]	Loss: 0.776197	Acc: 76.64%
Pre-train Epoch: 10 [32000/40200 (79%)]	Loss: 0.748778	Acc: 76.56%
Pre-train Epoch: 10 [38400/40200 (95%)]	Loss: 0.880397	Acc: 76.47%
Pre-train Epoch: 11 [0/40200 (0%)]	Loss: 0.931191	Acc: 70.31%
Pre-train Epoch: 11 [6400/40200 (16%)]	Loss: 0.838786	Acc: 76.92%
Pre-train Epoch: 11 [12800/40200 (32%)]	Loss: 0.676062	Acc: 76.70%
Pre-train Epoch: 11 [19200/40200 (48%)]	Loss: 0.889296	Acc: 76.99%
Pre-train Epoch: 11 [25600/40200 (64%)]	Loss: 0.756002	Acc: 77.01%
Pre-train Epoch: 11 [32000/40200 (79%)]	Loss: 0.900940	Acc: 76.72%
Pre-train Epoch: 11 [38400/40200 (95%)]	Loss: 0.804761	Acc: 76.67%
Pre-train Epoch: 12 [0/40200 (0%)]	Loss: 0.839295	Acc: 75.00%
Pre-train Epoch: 12 [6400/40200 (16%)]	Loss: 0.908903	Acc: 76.30%
Pre-train Epoch: 12 [12800/40200 (32%)]	Loss: 0.706559	Acc: 76.45%
Pre-train Epoch: 12 [19200/40200 (48%)]	Loss: 0.784023	Acc: 76.46%
Pre-train Epoch: 12 [25600/40200 (64%)]	Loss: 0.795836	Acc: 76.66%
Pre-train Epoch: 12 [32000/40200 (79%)]	Loss: 0.799608	Acc: 76.74%
Pre-train Epoch: 12 [38400/40200 (95%)]	Loss: 0.632305	Acc: 76.69%
Pre-train Epoch: 13 [0/40200 (0%)]	Loss: 0.755598	Acc: 78.12%
Pre-train Epoch: 13 [6400/40200 (16%)]	Loss: 0.758259	Acc: 75.90%
Pre-train Epoch: 13 [12800/40200 (32%)]	Loss: 0.681875	Acc: 76.39%
Pre-train Epoch: 13 [19200/40200 (48%)]	Loss: 0.525015	Acc: 76.86%
Pre-train Epoch: 13 [25600/40200 (64%)]	Loss: 0.818855	Acc: 76.88%
Pre-train Epoch: 13 [32000/40200 (79%)]	Loss: 0.934093	Acc: 76.75%
Pre-train Epoch: 13 [38400/40200 (95%)]	Loss: 0.878022	Acc: 76.75%
Pre-train Epoch: 14 [0/40200 (0%)]	Loss: 0.721624	Acc: 75.00%
Pre-train Epoch: 14 [6400/40200 (16%)]	Loss: 0.772917	Acc: 77.58%
Pre-train Epoch: 14 [12800/40200 (32%)]	Loss: 0.822953	Acc: 77.48%
Pre-train Epoch: 14 [19200/40200 (48%)]	Loss: 0.872286	Acc: 76.86%
Pre-train Epoch: 14 [25600/40200 (64%)]	Loss: 0.856305	Acc: 77.00%
Pre-train Epoch: 14 [32000/40200 (79%)]	Loss: 0.765037	Acc: 76.89%
Pre-train Epoch: 14 [38400/40200 (95%)]	Loss: 0.682243	Acc: 76.82%
Pre-train Epoch: 15 [0/40200 (0%)]	Loss: 0.952136	Acc: 71.88%
Pre-train Epoch: 15 [6400/40200 (16%)]	Loss: 0.828339	Acc: 76.67%
Pre-train Epoch: 15 [12800/40200 (32%)]	Loss: 0.759116	Acc: 76.68%
Pre-train Epoch: 15 [19200/40200 (48%)]	Loss: 0.772927	Acc: 77.24%
Pre-train Epoch: 15 [25600/40200 (64%)]	Loss: 0.871269	Acc: 77.20%
Pre-train Epoch: 15 [32000/40200 (79%)]	Loss: 0.778212	Acc: 77.12%
Pre-train Epoch: 15 [38400/40200 (95%)]	Loss: 0.698743	Acc: 77.13%
Pre-train Epoch: 16 [0/40200 (0%)]	Loss: 0.585800	Acc: 84.38%
Pre-train Epoch: 16 [6400/40200 (16%)]	Loss: 0.687777	Acc: 77.37%
Pre-train Epoch: 16 [12800/40200 (32%)]	Loss: 0.691329	Acc: 77.90%
Pre-train Epoch: 16 [19200/40200 (48%)]	Loss: 0.551254	Acc: 77.77%
Pre-train Epoch: 16 [25600/40200 (64%)]	Loss: 0.902225	Acc: 77.53%
Pre-train Epoch: 16 [32000/40200 (79%)]	Loss: 0.751609	Acc: 77.46%
Pre-train Epoch: 16 [38400/40200 (95%)]	Loss: 0.957726	Acc: 77.33%
Pre-train Epoch: 17 [0/40200 (0%)]	Loss: 0.622825	Acc: 78.12%
Pre-train Epoch: 17 [6400/40200 (16%)]	Loss: 0.910571	Acc: 76.89%
Pre-train Epoch: 17 [12800/40200 (32%)]	Loss: 0.666967	Acc: 77.08%
Pre-train Epoch: 17 [19200/40200 (48%)]	Loss: 0.637639	Acc: 77.20%
Pre-train Epoch: 17 [25600/40200 (64%)]	Loss: 0.753330	Acc: 77.40%
Pre-train Epoch: 17 [32000/40200 (79%)]	Loss: 0.984580	Acc: 77.44%
Pre-train Epoch: 17 [38400/40200 (95%)]	Loss: 0.759287	Acc: 77.38%
Pre-train Epoch: 18 [0/40200 (0%)]	Loss: 0.839488	Acc: 78.12%
Pre-train Epoch: 18 [6400/40200 (16%)]	Loss: 0.705229	Acc: 77.21%
Pre-train Epoch: 18 [12800/40200 (32%)]	Loss: 0.874391	Acc: 77.36%
Pre-train Epoch: 18 [19200/40200 (48%)]	Loss: 0.713474	Acc: 77.40%
Pre-train Epoch: 18 [25600/40200 (64%)]	Loss: 0.811959	Acc: 77.32%
Pre-train Epoch: 18 [32000/40200 (79%)]	Loss: 0.913177	Acc: 77.30%
Pre-train Epoch: 18 [38400/40200 (95%)]	Loss: 0.776576	Acc: 77.40%
Pre-train Epoch: 19 [0/40200 (0%)]	Loss: 0.813762	Acc: 73.44%
Pre-train Epoch: 19 [6400/40200 (16%)]	Loss: 0.609382	Acc: 77.01%
Pre-train Epoch: 19 [12800/40200 (32%)]	Loss: 0.857596	Acc: 77.32%
Pre-train Epoch: 19 [19200/40200 (48%)]	Loss: 0.813095	Acc: 77.44%
Pre-train Epoch: 19 [25600/40200 (64%)]	Loss: 0.659950	Acc: 77.47%
Pre-train Epoch: 19 [32000/40200 (79%)]	Loss: 0.761743	Acc: 77.44%
Pre-train Epoch: 19 [38400/40200 (95%)]	Loss: 0.697214	Acc: 77.44%
Pre-train Epoch: 20 [0/40200 (0%)]	Loss: 0.504965	Acc: 89.06%
Pre-train Epoch: 20 [6400/40200 (16%)]	Loss: 0.938897	Acc: 77.99%
Pre-train Epoch: 20 [12800/40200 (32%)]	Loss: 0.550507	Acc: 77.74%
Pre-train Epoch: 20 [19200/40200 (48%)]	Loss: 0.921156	Acc: 77.76%
Pre-train Epoch: 20 [25600/40200 (64%)]	Loss: 0.862525	Acc: 77.37%
Pre-train Epoch: 20 [32000/40200 (79%)]	Loss: 0.785827	Acc: 77.31%
Pre-train Epoch: 20 [38400/40200 (95%)]	Loss: 1.009485	Acc: 77.38%
Pre-train Epoch: 21 [0/40200 (0%)]	Loss: 0.718347	Acc: 81.25%
Pre-train Epoch: 21 [6400/40200 (16%)]	Loss: 0.694409	Acc: 77.09%
Pre-train Epoch: 21 [12800/40200 (32%)]	Loss: 0.697530	Acc: 77.39%
Pre-train Epoch: 21 [19200/40200 (48%)]	Loss: 0.729080	Acc: 77.65%
Pre-train Epoch: 21 [25600/40200 (64%)]	Loss: 0.661121	Acc: 77.60%
Pre-train Epoch: 21 [32000/40200 (79%)]	Loss: 0.666516	Acc: 77.63%
Pre-train Epoch: 21 [38400/40200 (95%)]	Loss: 0.702723	Acc: 77.58%
Pre-train Epoch: 22 [0/40200 (0%)]	Loss: 0.756504	Acc: 78.12%
Pre-train Epoch: 22 [6400/40200 (16%)]	Loss: 0.729800	Acc: 77.37%
Pre-train Epoch: 22 [12800/40200 (32%)]	Loss: 0.651504	Acc: 77.67%
Pre-train Epoch: 22 [19200/40200 (48%)]	Loss: 0.687146	Acc: 77.50%
Pre-train Epoch: 22 [25600/40200 (64%)]	Loss: 0.839043	Acc: 77.48%
Pre-train Epoch: 22 [32000/40200 (79%)]	Loss: 0.714150	Acc: 77.59%
Pre-train Epoch: 22 [38400/40200 (95%)]	Loss: 0.768057	Acc: 77.48%
Pre-train Epoch: 23 [0/40200 (0%)]	Loss: 0.699941	Acc: 81.25%
Pre-train Epoch: 23 [6400/40200 (16%)]	Loss: 0.917534	Acc: 78.11%
Pre-train Epoch: 23 [12800/40200 (32%)]	Loss: 0.811511	Acc: 77.64%
Pre-train Epoch: 23 [19200/40200 (48%)]	Loss: 0.893532	Acc: 77.16%
Pre-train Epoch: 23 [25600/40200 (64%)]	Loss: 0.698051	Acc: 77.42%
Pre-train Epoch: 23 [32000/40200 (79%)]	Loss: 0.656340	Acc: 77.52%
Pre-train Epoch: 23 [38400/40200 (95%)]	Loss: 0.693782	Acc: 77.44%
Pre-train Epoch: 24 [0/40200 (0%)]	Loss: 0.719732	Acc: 78.12%
Pre-train Epoch: 24 [6400/40200 (16%)]	Loss: 0.808451	Acc: 78.25%
Pre-train Epoch: 24 [12800/40200 (32%)]	Loss: 0.895522	Acc: 78.05%
Pre-train Epoch: 24 [19200/40200 (48%)]	Loss: 0.866837	Acc: 78.08%
Pre-train Epoch: 24 [25600/40200 (64%)]	Loss: 0.719463	Acc: 78.00%
Pre-train Epoch: 24 [32000/40200 (79%)]	Loss: 0.849974	Acc: 77.91%
Pre-train Epoch: 24 [38400/40200 (95%)]	Loss: 0.762023	Acc: 77.88%
Pre-train Epoch: 25 [0/40200 (0%)]	Loss: 0.836008	Acc: 71.88%
Pre-train Epoch: 25 [6400/40200 (16%)]	Loss: 0.621670	Acc: 77.43%
Pre-train Epoch: 25 [12800/40200 (32%)]	Loss: 0.759333	Acc: 77.37%
Pre-train Epoch: 25 [19200/40200 (48%)]	Loss: 0.743634	Acc: 77.65%
Pre-train Epoch: 25 [25600/40200 (64%)]	Loss: 0.660057	Acc: 77.98%
Pre-train Epoch: 25 [32000/40200 (79%)]	Loss: 0.680862	Acc: 77.82%
Pre-train Epoch: 25 [38400/40200 (95%)]	Loss: 0.859977	Acc: 77.83%
Pre-train Epoch: 26 [0/40200 (0%)]	Loss: 0.935393	Acc: 65.62%
Pre-train Epoch: 26 [6400/40200 (16%)]	Loss: 0.679092	Acc: 77.85%
Pre-train Epoch: 26 [12800/40200 (32%)]	Loss: 0.778477	Acc: 77.86%
Pre-train Epoch: 26 [19200/40200 (48%)]	Loss: 0.563545	Acc: 77.83%
Pre-train Epoch: 26 [25600/40200 (64%)]	Loss: 0.763262	Acc: 77.54%
Pre-train Epoch: 26 [32000/40200 (79%)]	Loss: 0.673969	Acc: 77.63%
Pre-train Epoch: 26 [38400/40200 (95%)]	Loss: 0.764313	Acc: 77.82%
Pre-train Epoch: 27 [0/40200 (0%)]	Loss: 0.710425	Acc: 75.00%
Pre-train Epoch: 27 [6400/40200 (16%)]	Loss: 0.970575	Acc: 77.51%
Pre-train Epoch: 27 [12800/40200 (32%)]	Loss: 0.721654	Acc: 77.66%
Pre-train Epoch: 27 [19200/40200 (48%)]	Loss: 0.810932	Acc: 77.63%
Pre-train Epoch: 27 [25600/40200 (64%)]	Loss: 0.668579	Acc: 77.57%
Pre-train Epoch: 27 [32000/40200 (79%)]	Loss: 0.693229	Acc: 77.55%
Pre-train Epoch: 27 [38400/40200 (95%)]	Loss: 0.720811	Acc: 77.49%
Pre-train Epoch: 28 [0/40200 (0%)]	Loss: 0.676461	Acc: 79.69%
Pre-train Epoch: 28 [6400/40200 (16%)]	Loss: 0.671909	Acc: 77.95%
Pre-train Epoch: 28 [12800/40200 (32%)]	Loss: 0.775981	Acc: 78.17%
Pre-train Epoch: 28 [19200/40200 (48%)]	Loss: 0.725718	Acc: 78.05%
Pre-train Epoch: 28 [25600/40200 (64%)]	Loss: 0.653272	Acc: 78.05%
Pre-train Epoch: 28 [32000/40200 (79%)]	Loss: 0.701725	Acc: 78.14%
Pre-train Epoch: 28 [38400/40200 (95%)]	Loss: 0.658495	Acc: 78.03%
Pre-train Epoch: 29 [0/40200 (0%)]	Loss: 0.756947	Acc: 75.00%
Pre-train Epoch: 29 [6400/40200 (16%)]	Loss: 0.686118	Acc: 78.37%
Pre-train Epoch: 29 [12800/40200 (32%)]	Loss: 0.835324	Acc: 78.34%
Pre-train Epoch: 29 [19200/40200 (48%)]	Loss: 0.624338	Acc: 78.47%
Pre-train Epoch: 29 [25600/40200 (64%)]	Loss: 0.770482	Acc: 78.54%
Pre-train Epoch: 29 [32000/40200 (79%)]	Loss: 0.544720	Acc: 78.28%
Pre-train Epoch: 29 [38400/40200 (95%)]	Loss: 0.866436	Acc: 78.15%
Pre-train Epoch: 30 [0/40200 (0%)]	Loss: 0.515588	Acc: 89.06%
Pre-train Epoch: 30 [6400/40200 (16%)]	Loss: 0.731991	Acc: 78.42%
Pre-train Epoch: 30 [12800/40200 (32%)]	Loss: 0.604493	Acc: 78.42%
Pre-train Epoch: 30 [19200/40200 (48%)]	Loss: 0.761035	Acc: 78.16%
Pre-train Epoch: 30 [25600/40200 (64%)]	Loss: 0.571565	Acc: 78.05%
Pre-train Epoch: 30 [32000/40200 (79%)]	Loss: 0.706917	Acc: 78.09%
Pre-train Epoch: 30 [38400/40200 (95%)]	Loss: 0.733657	Acc: 78.07%
Pre-train Epoch: 31 [0/40200 (0%)]	Loss: 0.725882	Acc: 75.00%
Pre-train Epoch: 31 [6400/40200 (16%)]	Loss: 0.684815	Acc: 78.20%
Pre-train Epoch: 31 [12800/40200 (32%)]	Loss: 0.850399	Acc: 78.56%
Pre-train Epoch: 31 [19200/40200 (48%)]	Loss: 0.817390	Acc: 78.61%
Pre-train Epoch: 31 [25600/40200 (64%)]	Loss: 0.753909	Acc: 78.45%
Pre-train Epoch: 31 [32000/40200 (79%)]	Loss: 0.840732	Acc: 78.07%
Pre-train Epoch: 31 [38400/40200 (95%)]	Loss: 0.573173	Acc: 78.28%
Pre-train Epoch: 32 [0/40200 (0%)]	Loss: 0.755233	Acc: 79.69%
Pre-train Epoch: 32 [6400/40200 (16%)]	Loss: 0.569074	Acc: 78.37%
Pre-train Epoch: 32 [12800/40200 (32%)]	Loss: 0.704325	Acc: 78.62%
Pre-train Epoch: 32 [19200/40200 (48%)]	Loss: 0.812849	Acc: 78.63%
Pre-train Epoch: 32 [25600/40200 (64%)]	Loss: 0.692524	Acc: 78.63%
Pre-train Epoch: 32 [32000/40200 (79%)]	Loss: 0.899064	Acc: 78.48%
Pre-train Epoch: 32 [38400/40200 (95%)]	Loss: 0.563682	Acc: 78.47%
Pre-train Epoch: 33 [0/40200 (0%)]	Loss: 0.842030	Acc: 75.00%
Pre-train Epoch: 33 [6400/40200 (16%)]	Loss: 0.912794	Acc: 79.47%
Pre-train Epoch: 33 [12800/40200 (32%)]	Loss: 0.744551	Acc: 79.17%
Pre-train Epoch: 33 [19200/40200 (48%)]	Loss: 0.637750	Acc: 78.82%
Pre-train Epoch: 33 [25600/40200 (64%)]	Loss: 0.647575	Acc: 78.46%
Pre-train Epoch: 33 [32000/40200 (79%)]	Loss: 0.649073	Acc: 78.43%
Pre-train Epoch: 33 [38400/40200 (95%)]	Loss: 0.614888	Acc: 78.52%
Pre-train Epoch: 34 [0/40200 (0%)]	Loss: 0.687643	Acc: 82.81%
Pre-train Epoch: 34 [6400/40200 (16%)]	Loss: 0.599770	Acc: 78.77%
Pre-train Epoch: 34 [12800/40200 (32%)]	Loss: 0.719767	Acc: 78.54%
Pre-train Epoch: 34 [19200/40200 (48%)]	Loss: 0.758199	Acc: 78.73%
Pre-train Epoch: 34 [25600/40200 (64%)]	Loss: 0.577103	Acc: 78.84%
Pre-train Epoch: 34 [32000/40200 (79%)]	Loss: 0.618769	Acc: 78.81%
Pre-train Epoch: 34 [38400/40200 (95%)]	Loss: 0.661875	Acc: 78.51%
Pre-train Epoch: 35 [0/40200 (0%)]	Loss: 0.601615	Acc: 89.06%
Pre-train Epoch: 35 [6400/40200 (16%)]	Loss: 0.997040	Acc: 78.90%
Pre-train Epoch: 35 [12800/40200 (32%)]	Loss: 0.772745	Acc: 79.19%
Pre-train Epoch: 35 [19200/40200 (48%)]	Loss: 0.623141	Acc: 79.04%
Pre-train Epoch: 35 [25600/40200 (64%)]	Loss: 0.902749	Acc: 78.85%
Pre-train Epoch: 35 [32000/40200 (79%)]	Loss: 0.525223	Acc: 78.64%
Pre-train Epoch: 35 [38400/40200 (95%)]	Loss: 0.543406	Acc: 78.53%
Pre-train Epoch: 36 [0/40200 (0%)]	Loss: 0.603416	Acc: 81.25%
Pre-train Epoch: 36 [6400/40200 (16%)]	Loss: 0.807793	Acc: 77.89%
Pre-train Epoch: 36 [12800/40200 (32%)]	Loss: 0.831050	Acc: 78.71%
Pre-train Epoch: 36 [19200/40200 (48%)]	Loss: 0.670643	Acc: 78.76%
Pre-train Epoch: 36 [25600/40200 (64%)]	Loss: 0.739543	Acc: 78.70%
Pre-train Epoch: 36 [32000/40200 (79%)]	Loss: 0.939421	Acc: 78.71%
Pre-train Epoch: 36 [38400/40200 (95%)]	Loss: 0.780618	Acc: 78.59%
Pre-train Epoch: 37 [0/40200 (0%)]	Loss: 0.921712	Acc: 78.12%
Pre-train Epoch: 37 [6400/40200 (16%)]	Loss: 0.628404	Acc: 78.82%
Pre-train Epoch: 37 [12800/40200 (32%)]	Loss: 0.787252	Acc: 79.03%
Pre-train Epoch: 37 [19200/40200 (48%)]	Loss: 0.655981	Acc: 78.83%
Pre-train Epoch: 37 [25600/40200 (64%)]	Loss: 0.733944	Acc: 78.92%
Pre-train Epoch: 37 [32000/40200 (79%)]	Loss: 0.649036	Acc: 78.81%
Pre-train Epoch: 37 [38400/40200 (95%)]	Loss: 0.758337	Acc: 78.75%
Pre-train Epoch: 38 [0/40200 (0%)]	Loss: 0.895889	Acc: 75.00%
Pre-train Epoch: 38 [6400/40200 (16%)]	Loss: 0.651764	Acc: 79.27%
Pre-train Epoch: 38 [12800/40200 (32%)]	Loss: 0.591234	Acc: 79.14%
Pre-train Epoch: 38 [19200/40200 (48%)]	Loss: 0.786886	Acc: 78.91%
Pre-train Epoch: 38 [25600/40200 (64%)]	Loss: 0.665561	Acc: 78.87%
Pre-train Epoch: 38 [32000/40200 (79%)]	Loss: 0.595420	Acc: 78.86%
Pre-train Epoch: 38 [38400/40200 (95%)]	Loss: 0.722862	Acc: 78.98%
Pre-train Epoch: 39 [0/40200 (0%)]	Loss: 0.667520	Acc: 81.25%
Pre-train Epoch: 39 [6400/40200 (16%)]	Loss: 0.483395	Acc: 79.73%
Pre-train Epoch: 39 [12800/40200 (32%)]	Loss: 0.693327	Acc: 79.19%
Pre-train Epoch: 39 [19200/40200 (48%)]	Loss: 0.764308	Acc: 78.93%
Pre-train Epoch: 39 [25600/40200 (64%)]	Loss: 0.607175	Acc: 78.99%
Pre-train Epoch: 39 [32000/40200 (79%)]	Loss: 0.728084	Acc: 78.90%
Pre-train Epoch: 39 [38400/40200 (95%)]	Loss: 0.983238	Acc: 78.89%
Pre-train Epoch: 40 [0/40200 (0%)]	Loss: 0.778436	Acc: 73.44%
Pre-train Epoch: 40 [6400/40200 (16%)]	Loss: 0.853040	Acc: 78.77%
Pre-train Epoch: 40 [12800/40200 (32%)]	Loss: 0.727242	Acc: 78.30%
Pre-train Epoch: 40 [19200/40200 (48%)]	Loss: 0.749548	Acc: 78.38%
Pre-train Epoch: 40 [25600/40200 (64%)]	Loss: 0.726839	Acc: 78.55%
Pre-train Epoch: 40 [32000/40200 (79%)]	Loss: 0.823208	Acc: 78.66%
Pre-train Epoch: 40 [38400/40200 (95%)]	Loss: 0.633572	Acc: 78.77%
Pre-train Epoch: 41 [0/40200 (0%)]	Loss: 0.747079	Acc: 81.25%
Pre-train Epoch: 41 [6400/40200 (16%)]	Loss: 0.672429	Acc: 79.80%
Pre-train Epoch: 41 [12800/40200 (32%)]	Loss: 0.676466	Acc: 79.35%
Pre-train Epoch: 41 [19200/40200 (48%)]	Loss: 0.775698	Acc: 79.17%
Pre-train Epoch: 41 [25600/40200 (64%)]	Loss: 0.899723	Acc: 79.11%
Pre-train Epoch: 41 [32000/40200 (79%)]	Loss: 0.885958	Acc: 79.01%
Pre-train Epoch: 41 [38400/40200 (95%)]	Loss: 0.664873	Acc: 79.05%
Pre-train Epoch: 42 [0/40200 (0%)]	Loss: 0.814505	Acc: 73.44%
Pre-train Epoch: 42 [6400/40200 (16%)]	Loss: 0.761249	Acc: 79.42%
Pre-train Epoch: 42 [12800/40200 (32%)]	Loss: 0.789369	Acc: 78.73%
Pre-train Epoch: 42 [19200/40200 (48%)]	Loss: 0.666035	Acc: 78.99%
Pre-train Epoch: 42 [25600/40200 (64%)]	Loss: 0.628540	Acc: 79.02%
Pre-train Epoch: 42 [32000/40200 (79%)]	Loss: 0.704145	Acc: 78.88%
Pre-train Epoch: 42 [38400/40200 (95%)]	Loss: 0.768021	Acc: 78.98%
Pre-train Epoch: 43 [0/40200 (0%)]	Loss: 0.583234	Acc: 81.25%
Pre-train Epoch: 43 [6400/40200 (16%)]	Loss: 0.582233	Acc: 79.97%
Pre-train Epoch: 43 [12800/40200 (32%)]	Loss: 0.778336	Acc: 79.66%
Pre-train Epoch: 43 [19200/40200 (48%)]	Loss: 0.807360	Acc: 79.32%
Pre-train Epoch: 43 [25600/40200 (64%)]	Loss: 0.620080	Acc: 79.30%
Pre-train Epoch: 43 [32000/40200 (79%)]	Loss: 0.569185	Acc: 79.22%
Pre-train Epoch: 43 [38400/40200 (95%)]	Loss: 0.772730	Acc: 79.16%
Pre-train Epoch: 44 [0/40200 (0%)]	Loss: 0.687888	Acc: 78.12%
Pre-train Epoch: 44 [6400/40200 (16%)]	Loss: 0.655572	Acc: 79.02%
Pre-train Epoch: 44 [12800/40200 (32%)]	Loss: 0.652348	Acc: 79.24%
Pre-train Epoch: 44 [19200/40200 (48%)]	Loss: 0.703650	Acc: 79.43%
Pre-train Epoch: 44 [25600/40200 (64%)]	Loss: 0.706295	Acc: 79.39%
Pre-train Epoch: 44 [32000/40200 (79%)]	Loss: 0.795208	Acc: 79.34%
Pre-train Epoch: 44 [38400/40200 (95%)]	Loss: 0.850208	Acc: 79.30%
Pre-train Epoch: 45 [0/40200 (0%)]	Loss: 0.937761	Acc: 68.75%
Pre-train Epoch: 45 [6400/40200 (16%)]	Loss: 0.688691	Acc: 79.32%
Pre-train Epoch: 45 [12800/40200 (32%)]	Loss: 0.818777	Acc: 79.31%
Pre-train Epoch: 45 [19200/40200 (48%)]	Loss: 0.497049	Acc: 79.68%
Pre-train Epoch: 45 [25600/40200 (64%)]	Loss: 0.698902	Acc: 79.65%
Pre-train Epoch: 45 [32000/40200 (79%)]	Loss: 0.757513	Acc: 79.58%
Pre-train Epoch: 45 [38400/40200 (95%)]	Loss: 0.686621	Acc: 79.64%
Pre-train Epoch: 46 [0/40200 (0%)]	Loss: 0.694099	Acc: 76.56%
Pre-train Epoch: 46 [6400/40200 (16%)]	Loss: 0.873745	Acc: 79.42%
Pre-train Epoch: 46 [12800/40200 (32%)]	Loss: 0.728121	Acc: 78.95%
Pre-train Epoch: 46 [19200/40200 (48%)]	Loss: 0.593258	Acc: 79.17%
Pre-train Epoch: 46 [25600/40200 (64%)]	Loss: 0.759970	Acc: 79.31%
Pre-train Epoch: 46 [32000/40200 (79%)]	Loss: 0.799714	Acc: 79.17%
Pre-train Epoch: 46 [38400/40200 (95%)]	Loss: 0.612432	Acc: 79.37%
Pre-train Epoch: 47 [0/40200 (0%)]	Loss: 0.718130	Acc: 81.25%
Pre-train Epoch: 47 [6400/40200 (16%)]	Loss: 0.565839	Acc: 79.38%
Pre-train Epoch: 47 [12800/40200 (32%)]	Loss: 0.509898	Acc: 79.33%
Pre-train Epoch: 47 [19200/40200 (48%)]	Loss: 0.777264	Acc: 79.31%
Pre-train Epoch: 47 [25600/40200 (64%)]	Loss: 0.683901	Acc: 79.52%
Pre-train Epoch: 47 [32000/40200 (79%)]	Loss: 0.870066	Acc: 79.56%
Pre-train Epoch: 47 [38400/40200 (95%)]	Loss: 0.674870	Acc: 79.40%
Pre-train Epoch: 48 [0/40200 (0%)]	Loss: 0.657483	Acc: 82.81%
Pre-train Epoch: 48 [6400/40200 (16%)]	Loss: 0.871361	Acc: 80.85%
Pre-train Epoch: 48 [12800/40200 (32%)]	Loss: 0.764832	Acc: 80.28%
Pre-train Epoch: 48 [19200/40200 (48%)]	Loss: 0.591203	Acc: 79.97%
Pre-train Epoch: 48 [25600/40200 (64%)]	Loss: 0.617579	Acc: 79.96%
Pre-train Epoch: 48 [32000/40200 (79%)]	Loss: 0.780738	Acc: 79.79%
Pre-train Epoch: 48 [38400/40200 (95%)]	Loss: 0.586697	Acc: 79.71%
Pre-train Epoch: 49 [0/40200 (0%)]	Loss: 0.567455	Acc: 81.25%
Pre-train Epoch: 49 [6400/40200 (16%)]	Loss: 0.539863	Acc: 80.12%
Pre-train Epoch: 49 [12800/40200 (32%)]	Loss: 0.552021	Acc: 79.87%
Pre-train Epoch: 49 [19200/40200 (48%)]	Loss: 0.672759	Acc: 79.91%
Pre-train Epoch: 49 [25600/40200 (64%)]	Loss: 0.706543	Acc: 79.84%
Pre-train Epoch: 49 [32000/40200 (79%)]	Loss: 0.547154	Acc: 79.69%
Pre-train Epoch: 49 [38400/40200 (95%)]	Loss: 0.587082	Acc: 79.71%
Pre-train Epoch: 50 [0/40200 (0%)]	Loss: 0.931275	Acc: 73.44%
Pre-train Epoch: 50 [6400/40200 (16%)]	Loss: 0.805497	Acc: 79.94%
Pre-train Epoch: 50 [12800/40200 (32%)]	Loss: 0.747377	Acc: 80.26%
Pre-train Epoch: 50 [19200/40200 (48%)]	Loss: 0.596837	Acc: 80.27%
Pre-train Epoch: 50 [25600/40200 (64%)]	Loss: 0.736544	Acc: 80.21%
Pre-train Epoch: 50 [32000/40200 (79%)]	Loss: 0.609924	Acc: 80.15%
Pre-train Epoch: 50 [38400/40200 (95%)]	Loss: 0.569819	Acc: 79.93%
Pre-train Epoch: 51 [0/40200 (0%)]	Loss: 0.678491	Acc: 81.25%
Pre-train Epoch: 51 [6400/40200 (16%)]	Loss: 0.527492	Acc: 79.58%
Pre-train Epoch: 51 [12800/40200 (32%)]	Loss: 0.847951	Acc: 80.12%
Pre-train Epoch: 51 [19200/40200 (48%)]	Loss: 0.800897	Acc: 80.21%
Pre-train Epoch: 51 [25600/40200 (64%)]	Loss: 0.763459	Acc: 79.88%
Pre-train Epoch: 51 [32000/40200 (79%)]	Loss: 0.721951	Acc: 79.84%
Pre-train Epoch: 51 [38400/40200 (95%)]	Loss: 0.666634	Acc: 79.86%
Pre-train Epoch: 52 [0/40200 (0%)]	Loss: 0.827553	Acc: 75.00%
Pre-train Epoch: 52 [6400/40200 (16%)]	Loss: 0.722197	Acc: 80.28%
Pre-train Epoch: 52 [12800/40200 (32%)]	Loss: 0.902936	Acc: 80.20%
Pre-train Epoch: 52 [19200/40200 (48%)]	Loss: 0.789545	Acc: 80.13%
Pre-train Epoch: 52 [25600/40200 (64%)]	Loss: 0.786053	Acc: 79.86%
Pre-train Epoch: 52 [32000/40200 (79%)]	Loss: 0.779215	Acc: 79.97%
Pre-train Epoch: 52 [38400/40200 (95%)]	Loss: 0.589519	Acc: 80.00%
Pre-train Epoch: 53 [0/40200 (0%)]	Loss: 0.698936	Acc: 79.69%
Pre-train Epoch: 53 [6400/40200 (16%)]	Loss: 0.537568	Acc: 80.82%
Pre-train Epoch: 53 [12800/40200 (32%)]	Loss: 0.836472	Acc: 80.76%
Pre-train Epoch: 53 [19200/40200 (48%)]	Loss: 0.595844	Acc: 80.65%
Pre-train Epoch: 53 [25600/40200 (64%)]	Loss: 0.547607	Acc: 80.48%
Pre-train Epoch: 53 [32000/40200 (79%)]	Loss: 0.675446	Acc: 80.27%
Pre-train Epoch: 53 [38400/40200 (95%)]	Loss: 0.637737	Acc: 80.23%
Pre-train Epoch: 54 [0/40200 (0%)]	Loss: 0.697245	Acc: 79.69%
Pre-train Epoch: 54 [6400/40200 (16%)]	Loss: 0.576214	Acc: 81.27%
Pre-train Epoch: 54 [12800/40200 (32%)]	Loss: 0.762035	Acc: 80.51%
Pre-train Epoch: 54 [19200/40200 (48%)]	Loss: 0.668251	Acc: 80.60%
Pre-train Epoch: 54 [25600/40200 (64%)]	Loss: 0.556732	Acc: 80.44%
Pre-train Epoch: 54 [32000/40200 (79%)]	Loss: 0.786221	Acc: 80.29%
Pre-train Epoch: 54 [38400/40200 (95%)]	Loss: 0.625353	Acc: 80.41%
Pre-train Epoch: 55 [0/40200 (0%)]	Loss: 0.438125	Acc: 93.75%
Pre-train Epoch: 55 [6400/40200 (16%)]	Loss: 0.547175	Acc: 81.22%
Pre-train Epoch: 55 [12800/40200 (32%)]	Loss: 0.607011	Acc: 80.81%
Pre-train Epoch: 55 [19200/40200 (48%)]	Loss: 0.518074	Acc: 80.63%
Pre-train Epoch: 55 [25600/40200 (64%)]	Loss: 0.564626	Acc: 80.55%
Pre-train Epoch: 55 [32000/40200 (79%)]	Loss: 0.653626	Acc: 80.28%
Pre-train Epoch: 55 [38400/40200 (95%)]	Loss: 0.699498	Acc: 80.21%
Pre-train Epoch: 56 [0/40200 (0%)]	Loss: 0.655627	Acc: 79.69%
Pre-train Epoch: 56 [6400/40200 (16%)]	Loss: 0.697146	Acc: 81.27%
Pre-train Epoch: 56 [12800/40200 (32%)]	Loss: 0.621825	Acc: 80.67%
Pre-train Epoch: 56 [19200/40200 (48%)]	Loss: 0.665367	Acc: 80.60%
Pre-train Epoch: 56 [25600/40200 (64%)]	Loss: 0.761719	Acc: 80.45%
Pre-train Epoch: 56 [32000/40200 (79%)]	Loss: 0.651531	Acc: 80.34%
Pre-train Epoch: 56 [38400/40200 (95%)]	Loss: 0.627520	Acc: 80.28%
Pre-train Epoch: 57 [0/40200 (0%)]	Loss: 0.518423	Acc: 87.50%
Pre-train Epoch: 57 [6400/40200 (16%)]	Loss: 0.732377	Acc: 81.45%
Pre-train Epoch: 57 [12800/40200 (32%)]	Loss: 0.589581	Acc: 81.03%
Pre-train Epoch: 57 [19200/40200 (48%)]	Loss: 0.737065	Acc: 81.13%
Pre-train Epoch: 57 [25600/40200 (64%)]	Loss: 0.708362	Acc: 80.96%
Pre-train Epoch: 57 [32000/40200 (79%)]	Loss: 0.822572	Acc: 80.77%
Pre-train Epoch: 57 [38400/40200 (95%)]	Loss: 0.828106	Acc: 80.68%
Pre-train Epoch: 58 [0/40200 (0%)]	Loss: 0.630120	Acc: 79.69%
Pre-train Epoch: 58 [6400/40200 (16%)]	Loss: 0.770861	Acc: 80.65%
Pre-train Epoch: 58 [12800/40200 (32%)]	Loss: 0.594037	Acc: 80.67%
Pre-train Epoch: 58 [19200/40200 (48%)]	Loss: 0.489855	Acc: 80.78%
Pre-train Epoch: 58 [25600/40200 (64%)]	Loss: 0.653537	Acc: 80.61%
Pre-train Epoch: 58 [32000/40200 (79%)]	Loss: 0.661030	Acc: 80.73%
Pre-train Epoch: 58 [38400/40200 (95%)]	Loss: 0.575737	Acc: 80.87%
Pre-train Epoch: 59 [0/40200 (0%)]	Loss: 0.432806	Acc: 92.19%
Pre-train Epoch: 59 [6400/40200 (16%)]	Loss: 0.668559	Acc: 81.23%
Pre-train Epoch: 59 [12800/40200 (32%)]	Loss: 0.791319	Acc: 80.81%
Pre-train Epoch: 59 [19200/40200 (48%)]	Loss: 0.650295	Acc: 80.90%
Pre-train Epoch: 59 [25600/40200 (64%)]	Loss: 0.606917	Acc: 80.77%
Pre-train Epoch: 59 [32000/40200 (79%)]	Loss: 0.505009	Acc: 80.69%
Pre-train Epoch: 59 [38400/40200 (95%)]	Loss: 0.663183	Acc: 80.52%
Pre-train Epoch: 60 [0/40200 (0%)]	Loss: 0.726510	Acc: 82.81%
Pre-train Epoch: 60 [6400/40200 (16%)]	Loss: 0.607739	Acc: 80.86%
Pre-train Epoch: 60 [12800/40200 (32%)]	Loss: 0.715238	Acc: 81.01%
Pre-train Epoch: 60 [19200/40200 (48%)]	Loss: 0.746687	Acc: 81.16%
Pre-train Epoch: 60 [25600/40200 (64%)]	Loss: 0.707611	Acc: 81.16%
Pre-train Epoch: 60 [32000/40200 (79%)]	Loss: 0.592211	Acc: 81.16%
Pre-train Epoch: 60 [38400/40200 (95%)]	Loss: 0.681938	Acc: 80.98%
Pre-train Epoch: 61 [0/40200 (0%)]	Loss: 0.727924	Acc: 75.00%
Pre-train Epoch: 61 [6400/40200 (16%)]	Loss: 0.511221	Acc: 81.02%
Pre-train Epoch: 61 [12800/40200 (32%)]	Loss: 0.380973	Acc: 81.33%
Pre-train Epoch: 61 [19200/40200 (48%)]	Loss: 0.674379	Acc: 81.23%
Pre-train Epoch: 61 [25600/40200 (64%)]	Loss: 0.658382	Acc: 81.15%
Pre-train Epoch: 61 [32000/40200 (79%)]	Loss: 0.685496	Acc: 81.15%
Pre-train Epoch: 61 [38400/40200 (95%)]	Loss: 0.650668	Acc: 80.97%
Pre-train Epoch: 62 [0/40200 (0%)]	Loss: 0.516257	Acc: 85.94%
Pre-train Epoch: 62 [6400/40200 (16%)]	Loss: 0.693001	Acc: 81.34%
Pre-train Epoch: 62 [12800/40200 (32%)]	Loss: 0.726185	Acc: 81.27%
Pre-train Epoch: 62 [19200/40200 (48%)]	Loss: 0.615477	Acc: 81.58%
Pre-train Epoch: 62 [25600/40200 (64%)]	Loss: 0.619435	Acc: 81.62%
Pre-train Epoch: 62 [32000/40200 (79%)]	Loss: 0.677822	Acc: 81.47%
Pre-train Epoch: 62 [38400/40200 (95%)]	Loss: 0.471576	Acc: 81.39%
Pre-train Epoch: 63 [0/40200 (0%)]	Loss: 0.720656	Acc: 78.12%
Pre-train Epoch: 63 [6400/40200 (16%)]	Loss: 0.708085	Acc: 81.00%
Pre-train Epoch: 63 [12800/40200 (32%)]	Loss: 0.675536	Acc: 81.27%
Pre-train Epoch: 63 [19200/40200 (48%)]	Loss: 0.591655	Acc: 81.12%
Pre-train Epoch: 63 [25600/40200 (64%)]	Loss: 0.504220	Acc: 81.16%
Pre-train Epoch: 63 [32000/40200 (79%)]	Loss: 0.657133	Acc: 81.10%
Pre-train Epoch: 63 [38400/40200 (95%)]	Loss: 0.747768	Acc: 81.12%
Pre-train Epoch: 64 [0/40200 (0%)]	Loss: 0.640894	Acc: 87.50%
Pre-train Epoch: 64 [6400/40200 (16%)]	Loss: 0.516446	Acc: 81.10%
Pre-train Epoch: 64 [12800/40200 (32%)]	Loss: 0.638739	Acc: 81.29%
Pre-train Epoch: 64 [19200/40200 (48%)]	Loss: 0.648108	Acc: 81.57%
Pre-train Epoch: 64 [25600/40200 (64%)]	Loss: 0.716392	Acc: 81.43%
Pre-train Epoch: 64 [32000/40200 (79%)]	Loss: 0.642257	Acc: 81.29%
Pre-train Epoch: 64 [38400/40200 (95%)]	Loss: 0.750947	Acc: 81.16%
Pre-train Epoch: 65 [0/40200 (0%)]	Loss: 0.614050	Acc: 82.81%
Pre-train Epoch: 65 [6400/40200 (16%)]	Loss: 0.739658	Acc: 81.53%
Pre-train Epoch: 65 [12800/40200 (32%)]	Loss: 0.803592	Acc: 81.77%
Pre-train Epoch: 65 [19200/40200 (48%)]	Loss: 0.729959	Acc: 81.45%
Pre-train Epoch: 65 [25600/40200 (64%)]	Loss: 0.728661	Acc: 81.40%
Pre-train Epoch: 65 [32000/40200 (79%)]	Loss: 0.460309	Acc: 81.47%
Pre-train Epoch: 65 [38400/40200 (95%)]	Loss: 0.789866	Acc: 81.46%
Pre-train Epoch: 66 [0/40200 (0%)]	Loss: 0.762493	Acc: 75.00%
Pre-train Epoch: 66 [6400/40200 (16%)]	Loss: 0.721071	Acc: 81.64%
Pre-train Epoch: 66 [12800/40200 (32%)]	Loss: 0.703585	Acc: 81.85%
Pre-train Epoch: 66 [19200/40200 (48%)]	Loss: 0.740593	Acc: 81.48%
Pre-train Epoch: 66 [25600/40200 (64%)]	Loss: 0.481262	Acc: 81.62%
Pre-train Epoch: 66 [32000/40200 (79%)]	Loss: 0.487887	Acc: 81.60%
Pre-train Epoch: 66 [38400/40200 (95%)]	Loss: 0.620362	Acc: 81.49%
Pre-train Epoch: 67 [0/40200 (0%)]	Loss: 0.666466	Acc: 81.25%
Pre-train Epoch: 67 [6400/40200 (16%)]	Loss: 0.665624	Acc: 81.88%
Pre-train Epoch: 67 [12800/40200 (32%)]	Loss: 0.587922	Acc: 81.80%
Pre-train Epoch: 67 [19200/40200 (48%)]	Loss: 0.642148	Acc: 81.86%
Pre-train Epoch: 67 [25600/40200 (64%)]	Loss: 0.734942	Acc: 81.77%
Pre-train Epoch: 67 [32000/40200 (79%)]	Loss: 0.748841	Acc: 81.83%
Pre-train Epoch: 67 [38400/40200 (95%)]	Loss: 0.751536	Acc: 81.69%
Pre-train Epoch: 68 [0/40200 (0%)]	Loss: 0.577120	Acc: 79.69%
Pre-train Epoch: 68 [6400/40200 (16%)]	Loss: 0.545210	Acc: 82.67%
Pre-train Epoch: 68 [12800/40200 (32%)]	Loss: 0.432374	Acc: 82.66%
Pre-train Epoch: 68 [19200/40200 (48%)]	Loss: 0.613306	Acc: 82.44%
Pre-train Epoch: 68 [25600/40200 (64%)]	Loss: 0.608640	Acc: 82.18%
Pre-train Epoch: 68 [32000/40200 (79%)]	Loss: 0.459265	Acc: 82.04%
Pre-train Epoch: 68 [38400/40200 (95%)]	Loss: 0.775719	Acc: 81.96%
Pre-train Epoch: 69 [0/40200 (0%)]	Loss: 0.541499	Acc: 85.94%
Pre-train Epoch: 69 [6400/40200 (16%)]	Loss: 0.639573	Acc: 82.02%
Pre-train Epoch: 69 [12800/40200 (32%)]	Loss: 0.570621	Acc: 82.01%
Pre-train Epoch: 69 [19200/40200 (48%)]	Loss: 0.693032	Acc: 81.69%
Pre-train Epoch: 69 [25600/40200 (64%)]	Loss: 0.469763	Acc: 81.94%
Pre-train Epoch: 69 [32000/40200 (79%)]	Loss: 0.606614	Acc: 81.95%
Pre-train Epoch: 69 [38400/40200 (95%)]	Loss: 0.763555	Acc: 81.84%
Pre-train Epoch: 70 [0/40200 (0%)]	Loss: 0.523583	Acc: 90.62%
Pre-train Epoch: 70 [6400/40200 (16%)]	Loss: 0.676983	Acc: 81.65%
Pre-train Epoch: 70 [12800/40200 (32%)]	Loss: 0.562600	Acc: 81.76%
Pre-train Epoch: 70 [19200/40200 (48%)]	Loss: 0.616059	Acc: 81.76%
Pre-train Epoch: 70 [25600/40200 (64%)]	Loss: 0.608278	Acc: 81.81%
Pre-train Epoch: 70 [32000/40200 (79%)]	Loss: 0.706954	Acc: 81.90%
Pre-train Epoch: 70 [38400/40200 (95%)]	Loss: 0.603109	Acc: 81.93%
Pre-train Epoch: 71 [0/40200 (0%)]	Loss: 0.617905	Acc: 87.50%
Pre-train Epoch: 71 [6400/40200 (16%)]	Loss: 0.586274	Acc: 82.15%
Pre-train Epoch: 71 [12800/40200 (32%)]	Loss: 0.542711	Acc: 82.52%
Pre-train Epoch: 71 [19200/40200 (48%)]	Loss: 0.741648	Acc: 82.42%
Pre-train Epoch: 71 [25600/40200 (64%)]	Loss: 0.648947	Acc: 82.44%
Pre-train Epoch: 71 [32000/40200 (79%)]	Loss: 0.388307	Acc: 82.44%
Pre-train Epoch: 71 [38400/40200 (95%)]	Loss: 0.738312	Acc: 82.25%
Pre-train Epoch: 72 [0/40200 (0%)]	Loss: 0.723025	Acc: 82.81%
Pre-train Epoch: 72 [6400/40200 (16%)]	Loss: 0.581785	Acc: 82.50%
Pre-train Epoch: 72 [12800/40200 (32%)]	Loss: 0.633691	Acc: 82.22%
Pre-train Epoch: 72 [19200/40200 (48%)]	Loss: 0.659461	Acc: 82.31%
Pre-train Epoch: 72 [25600/40200 (64%)]	Loss: 0.719337	Acc: 82.29%
Pre-train Epoch: 72 [32000/40200 (79%)]	Loss: 0.520951	Acc: 82.13%
Pre-train Epoch: 72 [38400/40200 (95%)]	Loss: 0.659459	Acc: 82.15%
Pre-train Epoch: 73 [0/40200 (0%)]	Loss: 0.656010	Acc: 85.94%
Pre-train Epoch: 73 [6400/40200 (16%)]	Loss: 0.730444	Acc: 82.56%
Pre-train Epoch: 73 [12800/40200 (32%)]	Loss: 0.455031	Acc: 82.87%
Pre-train Epoch: 73 [19200/40200 (48%)]	Loss: 0.622240	Acc: 82.67%
Pre-train Epoch: 73 [25600/40200 (64%)]	Loss: 0.568196	Acc: 82.63%
Pre-train Epoch: 73 [32000/40200 (79%)]	Loss: 0.546855	Acc: 82.51%
Pre-train Epoch: 73 [38400/40200 (95%)]	Loss: 0.678233	Acc: 82.43%
Pre-train Epoch: 74 [0/40200 (0%)]	Loss: 0.640737	Acc: 81.25%
Pre-train Epoch: 74 [6400/40200 (16%)]	Loss: 0.570747	Acc: 82.53%
Pre-train Epoch: 74 [12800/40200 (32%)]	Loss: 0.670433	Acc: 82.69%
Pre-train Epoch: 74 [19200/40200 (48%)]	Loss: 0.493910	Acc: 82.45%
Pre-train Epoch: 74 [25600/40200 (64%)]	Loss: 0.802970	Acc: 82.22%
Pre-train Epoch: 74 [32000/40200 (79%)]	Loss: 0.637201	Acc: 82.21%
Pre-train Epoch: 74 [38400/40200 (95%)]	Loss: 0.651243	Acc: 82.24%
Pre-train Epoch: 75 [0/40200 (0%)]	Loss: 0.545667	Acc: 85.94%
Pre-train Epoch: 75 [6400/40200 (16%)]	Loss: 0.554337	Acc: 81.96%
Pre-train Epoch: 75 [12800/40200 (32%)]	Loss: 0.479278	Acc: 82.05%
Pre-train Epoch: 75 [19200/40200 (48%)]	Loss: 0.683910	Acc: 82.38%
Pre-train Epoch: 75 [25600/40200 (64%)]	Loss: 0.554478	Acc: 82.61%
Pre-train Epoch: 75 [32000/40200 (79%)]	Loss: 0.619042	Acc: 82.66%
Pre-train Epoch: 75 [38400/40200 (95%)]	Loss: 0.447168	Acc: 82.66%
Pre-train Epoch: 76 [0/40200 (0%)]	Loss: 0.577837	Acc: 78.12%
Pre-train Epoch: 76 [6400/40200 (16%)]	Loss: 0.674993	Acc: 82.92%
Pre-train Epoch: 76 [12800/40200 (32%)]	Loss: 0.692138	Acc: 82.74%
Pre-train Epoch: 76 [19200/40200 (48%)]	Loss: 0.630757	Acc: 82.73%
Pre-train Epoch: 76 [25600/40200 (64%)]	Loss: 0.607722	Acc: 82.61%
Pre-train Epoch: 76 [32000/40200 (79%)]	Loss: 0.673273	Acc: 82.64%
Pre-train Epoch: 76 [38400/40200 (95%)]	Loss: 0.740707	Acc: 82.68%
Pre-train Epoch: 77 [0/40200 (0%)]	Loss: 0.585710	Acc: 82.81%
Pre-train Epoch: 77 [6400/40200 (16%)]	Loss: 0.506999	Acc: 83.15%
Pre-train Epoch: 77 [12800/40200 (32%)]	Loss: 0.736579	Acc: 82.73%
Pre-train Epoch: 77 [19200/40200 (48%)]	Loss: 0.648783	Acc: 82.76%
Pre-train Epoch: 77 [25600/40200 (64%)]	Loss: 0.699573	Acc: 82.93%
Pre-train Epoch: 77 [32000/40200 (79%)]	Loss: 0.593144	Acc: 82.72%
Pre-train Epoch: 77 [38400/40200 (95%)]	Loss: 0.587241	Acc: 82.68%
Pre-train Epoch: 78 [0/40200 (0%)]	Loss: 0.616588	Acc: 79.69%
Pre-train Epoch: 78 [6400/40200 (16%)]	Loss: 0.714619	Acc: 83.90%
Pre-train Epoch: 78 [12800/40200 (32%)]	Loss: 0.657903	Acc: 83.57%
Pre-train Epoch: 78 [19200/40200 (48%)]	Loss: 0.734206	Acc: 83.18%
Pre-train Epoch: 78 [25600/40200 (64%)]	Loss: 0.546803	Acc: 83.15%
Pre-train Epoch: 78 [32000/40200 (79%)]	Loss: 0.595273	Acc: 83.02%
Pre-train Epoch: 78 [38400/40200 (95%)]	Loss: 0.489541	Acc: 82.86%
Pre-train Epoch: 79 [0/40200 (0%)]	Loss: 0.611974	Acc: 84.38%
Pre-train Epoch: 79 [6400/40200 (16%)]	Loss: 0.788743	Acc: 83.43%
Pre-train Epoch: 79 [12800/40200 (32%)]	Loss: 0.653910	Acc: 83.20%
Pre-train Epoch: 79 [19200/40200 (48%)]	Loss: 0.615762	Acc: 83.11%
Pre-train Epoch: 79 [25600/40200 (64%)]	Loss: 0.562364	Acc: 83.12%
Pre-train Epoch: 79 [32000/40200 (79%)]	Loss: 0.695660	Acc: 83.12%
Pre-train Epoch: 79 [38400/40200 (95%)]	Loss: 0.641577	Acc: 83.10%
Pre-train Epoch: 80 [0/40200 (0%)]	Loss: 0.770743	Acc: 78.12%
Pre-train Epoch: 80 [6400/40200 (16%)]	Loss: 0.615105	Acc: 83.60%
Pre-train Epoch: 80 [12800/40200 (32%)]	Loss: 0.753772	Acc: 83.56%
Pre-train Epoch: 80 [19200/40200 (48%)]	Loss: 0.579010	Acc: 83.20%
Pre-train Epoch: 80 [25600/40200 (64%)]	Loss: 0.734517	Acc: 83.33%
Pre-train Epoch: 80 [32000/40200 (79%)]	Loss: 0.485181	Acc: 83.11%
Pre-train Epoch: 80 [38400/40200 (95%)]	Loss: 0.528507	Acc: 83.07%
Pre-train Epoch: 81 [0/40200 (0%)]	Loss: 0.689245	Acc: 76.56%
Pre-train Epoch: 81 [6400/40200 (16%)]	Loss: 0.588183	Acc: 82.64%
Pre-train Epoch: 81 [12800/40200 (32%)]	Loss: 0.549565	Acc: 83.05%
Pre-train Epoch: 81 [19200/40200 (48%)]	Loss: 0.640462	Acc: 83.08%
Pre-train Epoch: 81 [25600/40200 (64%)]	Loss: 0.589554	Acc: 83.18%
Pre-train Epoch: 81 [32000/40200 (79%)]	Loss: 0.562955	Acc: 83.17%
Pre-train Epoch: 81 [38400/40200 (95%)]	Loss: 0.676753	Acc: 83.12%
Pre-train Epoch: 82 [0/40200 (0%)]	Loss: 0.454343	Acc: 87.50%
Pre-train Epoch: 82 [6400/40200 (16%)]	Loss: 0.757547	Acc: 83.08%
Pre-train Epoch: 82 [12800/40200 (32%)]	Loss: 0.422358	Acc: 83.62%
Pre-train Epoch: 82 [19200/40200 (48%)]	Loss: 0.577836	Acc: 83.58%
Pre-train Epoch: 82 [25600/40200 (64%)]	Loss: 0.640065	Acc: 83.46%
Pre-train Epoch: 82 [32000/40200 (79%)]	Loss: 0.651918	Acc: 83.45%
Pre-train Epoch: 82 [38400/40200 (95%)]	Loss: 0.507623	Acc: 83.27%
Pre-train Epoch: 83 [0/40200 (0%)]	Loss: 0.757452	Acc: 82.81%
Pre-train Epoch: 83 [6400/40200 (16%)]	Loss: 0.516814	Acc: 83.62%
Pre-train Epoch: 83 [12800/40200 (32%)]	Loss: 0.643781	Acc: 82.87%
Pre-train Epoch: 83 [19200/40200 (48%)]	Loss: 0.729025	Acc: 83.06%
Pre-train Epoch: 83 [25600/40200 (64%)]	Loss: 0.479080	Acc: 83.12%
Pre-train Epoch: 83 [32000/40200 (79%)]	Loss: 0.727149	Acc: 83.25%
Pre-train Epoch: 83 [38400/40200 (95%)]	Loss: 0.738259	Acc: 83.25%
Pre-train Epoch: 84 [0/40200 (0%)]	Loss: 0.605485	Acc: 82.81%
Pre-train Epoch: 84 [6400/40200 (16%)]	Loss: 0.633997	Acc: 82.86%
Pre-train Epoch: 84 [12800/40200 (32%)]	Loss: 0.861047	Acc: 83.53%
Pre-train Epoch: 84 [19200/40200 (48%)]	Loss: 0.450969	Acc: 83.50%
Pre-train Epoch: 84 [25600/40200 (64%)]	Loss: 0.711814	Acc: 83.54%
Pre-train Epoch: 84 [32000/40200 (79%)]	Loss: 0.426836	Acc: 83.59%
Pre-train Epoch: 84 [38400/40200 (95%)]	Loss: 0.587199	Acc: 83.54%
Pre-train Epoch: 85 [0/40200 (0%)]	Loss: 0.685343	Acc: 79.69%
Pre-train Epoch: 85 [6400/40200 (16%)]	Loss: 0.406460	Acc: 83.37%
Pre-train Epoch: 85 [12800/40200 (32%)]	Loss: 0.618098	Acc: 83.43%
Pre-train Epoch: 85 [19200/40200 (48%)]	Loss: 0.589424	Acc: 83.53%
Pre-train Epoch: 85 [25600/40200 (64%)]	Loss: 0.602600	Acc: 83.54%
Pre-train Epoch: 85 [32000/40200 (79%)]	Loss: 0.776137	Acc: 83.47%
Pre-train Epoch: 85 [38400/40200 (95%)]	Loss: 0.543180	Acc: 83.64%
Pre-train Epoch: 86 [0/40200 (0%)]	Loss: 0.582331	Acc: 81.25%
Pre-train Epoch: 86 [6400/40200 (16%)]	Loss: 0.568500	Acc: 82.49%
Pre-train Epoch: 86 [12800/40200 (32%)]	Loss: 0.548924	Acc: 83.51%
Pre-train Epoch: 86 [19200/40200 (48%)]	Loss: 0.384282	Acc: 83.60%
Pre-train Epoch: 86 [25600/40200 (64%)]	Loss: 0.498084	Acc: 83.62%
Pre-train Epoch: 86 [32000/40200 (79%)]	Loss: 0.495119	Acc: 83.57%
Pre-train Epoch: 86 [38400/40200 (95%)]	Loss: 0.465295	Acc: 83.70%
Pre-train Epoch: 87 [0/40200 (0%)]	Loss: 0.435974	Acc: 90.62%
Pre-train Epoch: 87 [6400/40200 (16%)]	Loss: 0.493615	Acc: 83.51%
Pre-train Epoch: 87 [12800/40200 (32%)]	Loss: 0.595430	Acc: 83.74%
Pre-train Epoch: 87 [19200/40200 (48%)]	Loss: 0.502092	Acc: 83.84%
Pre-train Epoch: 87 [25600/40200 (64%)]	Loss: 0.618380	Acc: 83.65%
Pre-train Epoch: 87 [32000/40200 (79%)]	Loss: 0.538156	Acc: 83.62%
Pre-train Epoch: 87 [38400/40200 (95%)]	Loss: 0.464322	Acc: 83.64%
Pre-train Epoch: 88 [0/40200 (0%)]	Loss: 0.552401	Acc: 85.94%
Pre-train Epoch: 88 [6400/40200 (16%)]	Loss: 0.646330	Acc: 83.76%
Pre-train Epoch: 88 [12800/40200 (32%)]	Loss: 0.623668	Acc: 84.18%
Pre-train Epoch: 88 [19200/40200 (48%)]	Loss: 0.504880	Acc: 83.94%
Pre-train Epoch: 88 [25600/40200 (64%)]	Loss: 0.700803	Acc: 83.99%
Pre-train Epoch: 88 [32000/40200 (79%)]	Loss: 0.530511	Acc: 83.94%
Pre-train Epoch: 88 [38400/40200 (95%)]	Loss: 0.487806	Acc: 83.86%
Pre-train Epoch: 89 [0/40200 (0%)]	Loss: 0.405476	Acc: 92.19%
Pre-train Epoch: 89 [6400/40200 (16%)]	Loss: 0.664056	Acc: 84.53%
Pre-train Epoch: 89 [12800/40200 (32%)]	Loss: 0.547576	Acc: 84.03%
Pre-train Epoch: 89 [19200/40200 (48%)]	Loss: 0.545997	Acc: 83.85%
Pre-train Epoch: 89 [25600/40200 (64%)]	Loss: 0.676407	Acc: 83.76%
Pre-train Epoch: 89 [32000/40200 (79%)]	Loss: 0.522503	Acc: 83.82%
Pre-train Epoch: 89 [38400/40200 (95%)]	Loss: 0.641150	Acc: 83.80%
Pre-train Epoch: 90 [0/40200 (0%)]	Loss: 0.608465	Acc: 84.38%
Pre-train Epoch: 90 [6400/40200 (16%)]	Loss: 0.668543	Acc: 84.28%
Pre-train Epoch: 90 [12800/40200 (32%)]	Loss: 0.537615	Acc: 84.31%
Pre-train Epoch: 90 [19200/40200 (48%)]	Loss: 0.496477	Acc: 83.94%
Pre-train Epoch: 90 [25600/40200 (64%)]	Loss: 0.431804	Acc: 83.82%
Pre-train Epoch: 90 [32000/40200 (79%)]	Loss: 0.531671	Acc: 83.92%
Pre-train Epoch: 90 [38400/40200 (95%)]	Loss: 0.565576	Acc: 83.85%
Pre-train Epoch: 91 [0/40200 (0%)]	Loss: 0.370649	Acc: 90.62%
Pre-train Epoch: 91 [6400/40200 (16%)]	Loss: 0.578095	Acc: 84.42%
Pre-train Epoch: 91 [12800/40200 (32%)]	Loss: 0.467310	Acc: 84.40%
Pre-train Epoch: 91 [19200/40200 (48%)]	Loss: 0.564798	Acc: 84.29%
Pre-train Epoch: 91 [25600/40200 (64%)]	Loss: 0.654938	Acc: 84.20%
Pre-train Epoch: 91 [32000/40200 (79%)]	Loss: 0.654184	Acc: 84.21%
Pre-train Epoch: 91 [38400/40200 (95%)]	Loss: 0.743515	Acc: 84.10%
Pre-train Epoch: 92 [0/40200 (0%)]	Loss: 0.556299	Acc: 85.94%
Pre-train Epoch: 92 [6400/40200 (16%)]	Loss: 0.500733	Acc: 84.78%
Pre-train Epoch: 92 [12800/40200 (32%)]	Loss: 0.540270	Acc: 84.06%
Pre-train Epoch: 92 [19200/40200 (48%)]	Loss: 0.521462	Acc: 84.05%
Pre-train Epoch: 92 [25600/40200 (64%)]	Loss: 0.448289	Acc: 84.02%
Pre-train Epoch: 92 [32000/40200 (79%)]	Loss: 0.654109	Acc: 83.90%
Pre-train Epoch: 92 [38400/40200 (95%)]	Loss: 0.598182	Acc: 83.88%
Pre-train Epoch: 93 [0/40200 (0%)]	Loss: 0.526189	Acc: 87.50%
Pre-train Epoch: 93 [6400/40200 (16%)]	Loss: 0.391963	Acc: 83.43%
Pre-train Epoch: 93 [12800/40200 (32%)]	Loss: 0.592427	Acc: 84.11%
Pre-train Epoch: 93 [19200/40200 (48%)]	Loss: 0.609257	Acc: 84.12%
Pre-train Epoch: 93 [25600/40200 (64%)]	Loss: 0.580854	Acc: 83.97%
Pre-train Epoch: 93 [32000/40200 (79%)]	Loss: 0.608860	Acc: 84.08%
Pre-train Epoch: 93 [38400/40200 (95%)]	Loss: 0.512829	Acc: 84.18%
Pre-train Epoch: 94 [0/40200 (0%)]	Loss: 0.354444	Acc: 92.19%
Pre-train Epoch: 94 [6400/40200 (16%)]	Loss: 0.511397	Acc: 84.50%
Pre-train Epoch: 94 [12800/40200 (32%)]	Loss: 0.518647	Acc: 84.24%
Pre-train Epoch: 94 [19200/40200 (48%)]	Loss: 0.587516	Acc: 84.38%
Pre-train Epoch: 94 [25600/40200 (64%)]	Loss: 0.443895	Acc: 84.27%
Pre-train Epoch: 94 [32000/40200 (79%)]	Loss: 0.616045	Acc: 84.34%
Pre-train Epoch: 94 [38400/40200 (95%)]	Loss: 0.572839	Acc: 84.19%
Pre-train Epoch: 95 [0/40200 (0%)]	Loss: 0.488292	Acc: 82.81%
Pre-train Epoch: 95 [6400/40200 (16%)]	Loss: 0.617047	Acc: 85.12%
Pre-train Epoch: 95 [12800/40200 (32%)]	Loss: 0.584989	Acc: 84.65%
Pre-train Epoch: 95 [19200/40200 (48%)]	Loss: 0.633656	Acc: 84.77%
Pre-train Epoch: 95 [25600/40200 (64%)]	Loss: 0.647647	Acc: 84.62%
Pre-train Epoch: 95 [32000/40200 (79%)]	Loss: 0.482727	Acc: 84.44%
Pre-train Epoch: 95 [38400/40200 (95%)]	Loss: 0.588168	Acc: 84.30%
Pre-train Epoch: 96 [0/40200 (0%)]	Loss: 0.398427	Acc: 92.19%
Pre-train Epoch: 96 [6400/40200 (16%)]	Loss: 0.361613	Acc: 84.10%
Pre-train Epoch: 96 [12800/40200 (32%)]	Loss: 0.517899	Acc: 84.52%
Pre-train Epoch: 96 [19200/40200 (48%)]	Loss: 0.455791	Acc: 84.22%
Pre-train Epoch: 96 [25600/40200 (64%)]	Loss: 0.418757	Acc: 84.18%
Pre-train Epoch: 96 [32000/40200 (79%)]	Loss: 0.435263	Acc: 84.23%
Pre-train Epoch: 96 [38400/40200 (95%)]	Loss: 0.498361	Acc: 84.13%
Pre-train Epoch: 97 [0/40200 (0%)]	Loss: 0.520667	Acc: 85.94%
Pre-train Epoch: 97 [6400/40200 (16%)]	Loss: 0.452617	Acc: 84.48%
Pre-train Epoch: 97 [12800/40200 (32%)]	Loss: 0.535861	Acc: 84.71%
Pre-train Epoch: 97 [19200/40200 (48%)]	Loss: 0.573149	Acc: 84.78%
Pre-train Epoch: 97 [25600/40200 (64%)]	Loss: 0.572206	Acc: 84.76%
Pre-train Epoch: 97 [32000/40200 (79%)]	Loss: 0.490514	Acc: 84.64%
Pre-train Epoch: 97 [38400/40200 (95%)]	Loss: 0.533696	Acc: 84.61%
Pre-train Epoch: 98 [0/40200 (0%)]	Loss: 0.580886	Acc: 87.50%
Pre-train Epoch: 98 [6400/40200 (16%)]	Loss: 0.475708	Acc: 84.61%
Pre-train Epoch: 98 [12800/40200 (32%)]	Loss: 0.632479	Acc: 84.38%
Pre-train Epoch: 98 [19200/40200 (48%)]	Loss: 0.447280	Acc: 84.40%
Pre-train Epoch: 98 [25600/40200 (64%)]	Loss: 0.646988	Acc: 84.44%
Pre-train Epoch: 98 [32000/40200 (79%)]	Loss: 0.487936	Acc: 84.40%
Pre-train Epoch: 98 [38400/40200 (95%)]	Loss: 0.779326	Acc: 84.28%
Pre-train Epoch: 99 [0/40200 (0%)]	Loss: 0.579482	Acc: 78.12%
Pre-train Epoch: 99 [6400/40200 (16%)]	Loss: 0.628498	Acc: 84.14%
Pre-train Epoch: 99 [12800/40200 (32%)]	Loss: 0.563597	Acc: 83.97%
Pre-train Epoch: 99 [19200/40200 (48%)]	Loss: 0.440987	Acc: 84.25%
Pre-train Epoch: 99 [25600/40200 (64%)]	Loss: 0.571487	Acc: 84.24%
Pre-train Epoch: 99 [32000/40200 (79%)]	Loss: 0.545678	Acc: 84.38%
Pre-train Epoch: 99 [38400/40200 (95%)]	Loss: 0.539434	Acc: 84.36%
Pre-train Epoch: 100 [0/40200 (0%)]	Loss: 0.562873	Acc: 89.06%
Pre-train Epoch: 100 [6400/40200 (16%)]	Loss: 0.521589	Acc: 84.22%
Pre-train Epoch: 100 [12800/40200 (32%)]	Loss: 0.577410	Acc: 84.21%
Pre-train Epoch: 100 [19200/40200 (48%)]	Loss: 0.899014	Acc: 84.39%
Pre-train Epoch: 100 [25600/40200 (64%)]	Loss: 0.730703	Acc: 84.32%
Pre-train Epoch: 100 [32000/40200 (79%)]	Loss: 0.415342	Acc: 84.31%
Pre-train Epoch: 100 [38400/40200 (95%)]	Loss: 0.517804	Acc: 84.28%

--- Evaluating on Validation Split ---

Validation set: Average loss: 0.5567, Accuracy: 16463/19800 (83.15%)

Reference model saved to models/raman_reference_model.pth

--- Starting Finetuning ---
Applying RamanSPy preprocessing to data/X_finetune.npy...
Finetune Epoch: 1 [0/3000 (0%)]	Loss: 1.499757	Acc: 56.25%
Finetune Epoch: 2 [0/3000 (0%)]	Loss: 0.770590	Acc: 79.69%
Finetune Epoch: 3 [0/3000 (0%)]	Loss: 0.771626	Acc: 78.12%
Finetune Epoch: 4 [0/3000 (0%)]	Loss: 0.668710	Acc: 79.69%
Finetune Epoch: 5 [0/3000 (0%)]	Loss: 0.504262	Acc: 87.50%
Finetuned model saved to models/raman_finetuned_model.pth

--- Evaluating on Test Set ---
Applying RamanSPy preprocessing to data/X_test.npy...

Test set: Average loss: 0.8383, Accuracy: 2252/3000 (75.07%)

