Using device: mps
Loading reference dataset...
Applying RamanSPy preprocessing to data/X_reference.npy...
Detected 30 classes.
Split reference data: 40200 train / 19800 val

--- Starting Reference Training ---
Pre-train Epoch: 1 [0/40200 (0%)]	Loss: 3.617296	Acc: 0.00%
Pre-train Epoch: 1 [6400/40200 (16%)]	Loss: 2.373376	Acc: 23.59%
Pre-train Epoch: 1 [12800/40200 (32%)]	Loss: 1.649040	Acc: 31.55%
Pre-train Epoch: 1 [19200/40200 (48%)]	Loss: 1.310397	Acc: 39.01%
Pre-train Epoch: 1 [25600/40200 (64%)]	Loss: 1.482834	Acc: 44.70%
Pre-train Epoch: 1 [32000/40200 (79%)]	Loss: 0.956411	Acc: 48.85%
Pre-train Epoch: 1 [38400/40200 (95%)]	Loss: 0.734621	Acc: 52.15%
Pre-train Epoch: 2 [0/40200 (0%)]	Loss: 0.972380	Acc: 70.31%
Pre-train Epoch: 2 [6400/40200 (16%)]	Loss: 1.042310	Acc: 70.93%
Pre-train Epoch: 2 [12800/40200 (32%)]	Loss: 0.852748	Acc: 72.08%
Pre-train Epoch: 2 [19200/40200 (48%)]	Loss: 0.743431	Acc: 72.97%
Pre-train Epoch: 2 [25600/40200 (64%)]	Loss: 0.831724	Acc: 73.14%
Pre-train Epoch: 2 [32000/40200 (79%)]	Loss: 0.821881	Acc: 73.53%
Pre-train Epoch: 2 [38400/40200 (95%)]	Loss: 0.898432	Acc: 73.81%
Pre-train Epoch: 3 [0/40200 (0%)]	Loss: 0.778583	Acc: 75.00%
Pre-train Epoch: 3 [6400/40200 (16%)]	Loss: 0.709080	Acc: 77.04%
Pre-train Epoch: 3 [12800/40200 (32%)]	Loss: 0.811674	Acc: 77.08%
Pre-train Epoch: 3 [19200/40200 (48%)]	Loss: 0.626429	Acc: 77.25%
Pre-train Epoch: 3 [25600/40200 (64%)]	Loss: 0.837383	Acc: 77.08%
Pre-train Epoch: 3 [32000/40200 (79%)]	Loss: 0.876076	Acc: 77.22%
Pre-train Epoch: 3 [38400/40200 (95%)]	Loss: 0.643388	Acc: 77.18%
Pre-train Epoch: 4 [0/40200 (0%)]	Loss: 0.746608	Acc: 82.81%
Pre-train Epoch: 4 [6400/40200 (16%)]	Loss: 0.748472	Acc: 79.33%
Pre-train Epoch: 4 [12800/40200 (32%)]	Loss: 0.580893	Acc: 79.27%
Pre-train Epoch: 4 [19200/40200 (48%)]	Loss: 0.617270	Acc: 78.85%
Pre-train Epoch: 4 [25600/40200 (64%)]	Loss: 0.652378	Acc: 78.78%
Pre-train Epoch: 4 [32000/40200 (79%)]	Loss: 0.696236	Acc: 78.77%
Pre-train Epoch: 4 [38400/40200 (95%)]	Loss: 0.793240	Acc: 78.69%
Pre-train Epoch: 5 [0/40200 (0%)]	Loss: 0.821830	Acc: 76.56%
Pre-train Epoch: 5 [6400/40200 (16%)]	Loss: 0.663379	Acc: 79.58%
Pre-train Epoch: 5 [12800/40200 (32%)]	Loss: 0.800315	Acc: 79.65%
Pre-train Epoch: 5 [19200/40200 (48%)]	Loss: 0.655810	Acc: 79.29%
Pre-train Epoch: 5 [25600/40200 (64%)]	Loss: 0.577342	Acc: 79.15%
Pre-train Epoch: 5 [32000/40200 (79%)]	Loss: 0.686655	Acc: 79.10%
Pre-train Epoch: 5 [38400/40200 (95%)]	Loss: 0.623393	Acc: 79.24%
Pre-train Epoch: 6 [0/40200 (0%)]	Loss: 0.841971	Acc: 73.44%
Pre-train Epoch: 6 [6400/40200 (16%)]	Loss: 0.566105	Acc: 79.42%
Pre-train Epoch: 6 [12800/40200 (32%)]	Loss: 0.689755	Acc: 79.69%
Pre-train Epoch: 6 [19200/40200 (48%)]	Loss: 0.655880	Acc: 79.83%
Pre-train Epoch: 6 [25600/40200 (64%)]	Loss: 0.843359	Acc: 79.50%
Pre-train Epoch: 6 [32000/40200 (79%)]	Loss: 0.675790	Acc: 79.62%
Pre-train Epoch: 6 [38400/40200 (95%)]	Loss: 0.680454	Acc: 79.80%
Pre-train Epoch: 7 [0/40200 (0%)]	Loss: 0.732131	Acc: 79.69%
Pre-train Epoch: 7 [6400/40200 (16%)]	Loss: 0.514449	Acc: 79.67%
Pre-train Epoch: 7 [12800/40200 (32%)]	Loss: 0.617630	Acc: 80.18%
Pre-train Epoch: 7 [19200/40200 (48%)]	Loss: 0.900980	Acc: 80.40%
Pre-train Epoch: 7 [25600/40200 (64%)]	Loss: 0.767417	Acc: 80.41%
Pre-train Epoch: 7 [32000/40200 (79%)]	Loss: 0.698473	Acc: 80.38%
Pre-train Epoch: 7 [38400/40200 (95%)]	Loss: 0.574712	Acc: 80.32%
Pre-train Epoch: 8 [0/40200 (0%)]	Loss: 0.673891	Acc: 87.50%
Pre-train Epoch: 8 [6400/40200 (16%)]	Loss: 0.765038	Acc: 80.88%
Pre-train Epoch: 8 [12800/40200 (32%)]	Loss: 0.666697	Acc: 80.61%
Pre-train Epoch: 8 [19200/40200 (48%)]	Loss: 0.692958	Acc: 80.29%
Pre-train Epoch: 8 [25600/40200 (64%)]	Loss: 0.650066	Acc: 80.46%
Pre-train Epoch: 8 [32000/40200 (79%)]	Loss: 0.759836	Acc: 80.45%
Pre-train Epoch: 8 [38400/40200 (95%)]	Loss: 0.687546	Acc: 80.36%
Pre-train Epoch: 9 [0/40200 (0%)]	Loss: 0.689895	Acc: 78.12%
Pre-train Epoch: 9 [6400/40200 (16%)]	Loss: 0.584628	Acc: 80.97%
Pre-train Epoch: 9 [12800/40200 (32%)]	Loss: 0.595414	Acc: 80.86%
Pre-train Epoch: 9 [19200/40200 (48%)]	Loss: 0.536733	Acc: 80.83%
Pre-train Epoch: 9 [25600/40200 (64%)]	Loss: 0.618075	Acc: 80.53%
Pre-train Epoch: 9 [32000/40200 (79%)]	Loss: 0.439465	Acc: 80.82%
Pre-train Epoch: 9 [38400/40200 (95%)]	Loss: 0.567531	Acc: 80.80%
Pre-train Epoch: 10 [0/40200 (0%)]	Loss: 0.730154	Acc: 73.44%
Pre-train Epoch: 10 [6400/40200 (16%)]	Loss: 0.551474	Acc: 80.85%
Pre-train Epoch: 10 [12800/40200 (32%)]	Loss: 0.584825	Acc: 81.46%
Pre-train Epoch: 10 [19200/40200 (48%)]	Loss: 0.537401	Acc: 81.15%
Pre-train Epoch: 10 [25600/40200 (64%)]	Loss: 0.778737	Acc: 81.04%
Pre-train Epoch: 10 [32000/40200 (79%)]	Loss: 0.664694	Acc: 80.98%
Pre-train Epoch: 10 [38400/40200 (95%)]	Loss: 0.691002	Acc: 81.03%
Pre-train Epoch: 11 [0/40200 (0%)]	Loss: 0.611700	Acc: 78.12%
Pre-train Epoch: 11 [6400/40200 (16%)]	Loss: 0.884716	Acc: 81.68%
Pre-train Epoch: 11 [12800/40200 (32%)]	Loss: 0.622219	Acc: 81.48%
Pre-train Epoch: 11 [19200/40200 (48%)]	Loss: 0.637038	Acc: 81.31%
Pre-train Epoch: 11 [25600/40200 (64%)]	Loss: 0.834680	Acc: 81.18%
Pre-train Epoch: 11 [32000/40200 (79%)]	Loss: 0.714283	Acc: 81.22%
Pre-train Epoch: 11 [38400/40200 (95%)]	Loss: 0.687741	Acc: 81.09%
Pre-train Epoch: 12 [0/40200 (0%)]	Loss: 0.779771	Acc: 78.12%
Pre-train Epoch: 12 [6400/40200 (16%)]	Loss: 0.648481	Acc: 81.20%
Pre-train Epoch: 12 [12800/40200 (32%)]	Loss: 0.804480	Acc: 81.23%
Pre-train Epoch: 12 [19200/40200 (48%)]	Loss: 0.892261	Acc: 80.90%
Pre-train Epoch: 12 [25600/40200 (64%)]	Loss: 0.715139	Acc: 80.85%
Pre-train Epoch: 12 [32000/40200 (79%)]	Loss: 0.621670	Acc: 80.86%
Pre-train Epoch: 12 [38400/40200 (95%)]	Loss: 0.653880	Acc: 80.98%
Pre-train Epoch: 13 [0/40200 (0%)]	Loss: 0.712028	Acc: 76.56%
Pre-train Epoch: 13 [6400/40200 (16%)]	Loss: 0.669512	Acc: 81.82%
Pre-train Epoch: 13 [12800/40200 (32%)]	Loss: 0.640919	Acc: 81.32%
Pre-train Epoch: 13 [19200/40200 (48%)]	Loss: 0.647388	Acc: 81.21%
Pre-train Epoch: 13 [25600/40200 (64%)]	Loss: 0.737668	Acc: 81.15%
Pre-train Epoch: 13 [32000/40200 (79%)]	Loss: 0.928904	Acc: 81.12%
Pre-train Epoch: 13 [38400/40200 (95%)]	Loss: 0.598502	Acc: 81.08%
Pre-train Epoch: 14 [0/40200 (0%)]	Loss: 0.499388	Acc: 87.50%
Pre-train Epoch: 14 [6400/40200 (16%)]	Loss: 0.660618	Acc: 82.30%
Pre-train Epoch: 14 [12800/40200 (32%)]	Loss: 0.649361	Acc: 81.70%
Pre-train Epoch: 14 [19200/40200 (48%)]	Loss: 0.766386	Acc: 81.68%
Pre-train Epoch: 14 [25600/40200 (64%)]	Loss: 0.598648	Acc: 81.74%
Pre-train Epoch: 14 [32000/40200 (79%)]	Loss: 0.755606	Acc: 81.71%
Pre-train Epoch: 14 [38400/40200 (95%)]	Loss: 0.560153	Acc: 81.72%
Pre-train Epoch: 15 [0/40200 (0%)]	Loss: 0.609449	Acc: 78.12%
Pre-train Epoch: 15 [6400/40200 (16%)]	Loss: 0.757273	Acc: 81.03%
Pre-train Epoch: 15 [12800/40200 (32%)]	Loss: 0.684623	Acc: 81.51%
Pre-train Epoch: 15 [19200/40200 (48%)]	Loss: 0.608554	Acc: 81.56%
Pre-train Epoch: 15 [25600/40200 (64%)]	Loss: 0.621531	Acc: 81.45%
Pre-train Epoch: 15 [32000/40200 (79%)]	Loss: 0.597281	Acc: 81.45%
Pre-train Epoch: 15 [38400/40200 (95%)]	Loss: 0.454697	Acc: 81.37%
Pre-train Epoch: 16 [0/40200 (0%)]	Loss: 0.642433	Acc: 82.81%
Pre-train Epoch: 16 [6400/40200 (16%)]	Loss: 0.657618	Acc: 81.85%
Pre-train Epoch: 16 [12800/40200 (32%)]	Loss: 0.717066	Acc: 81.78%
Pre-train Epoch: 16 [19200/40200 (48%)]	Loss: 0.597056	Acc: 81.71%
Pre-train Epoch: 16 [25600/40200 (64%)]	Loss: 0.563897	Acc: 81.73%
Pre-train Epoch: 16 [32000/40200 (79%)]	Loss: 0.562321	Acc: 81.64%
Pre-train Epoch: 16 [38400/40200 (95%)]	Loss: 0.576056	Acc: 81.71%
Pre-train Epoch: 17 [0/40200 (0%)]	Loss: 0.560417	Acc: 89.06%
Pre-train Epoch: 17 [6400/40200 (16%)]	Loss: 0.651691	Acc: 82.15%
Pre-train Epoch: 17 [12800/40200 (32%)]	Loss: 0.764417	Acc: 82.15%
Pre-train Epoch: 17 [19200/40200 (48%)]	Loss: 0.578223	Acc: 82.16%
Pre-train Epoch: 17 [25600/40200 (64%)]	Loss: 0.596503	Acc: 82.03%
Pre-train Epoch: 17 [32000/40200 (79%)]	Loss: 0.510301	Acc: 81.87%
Pre-train Epoch: 17 [38400/40200 (95%)]	Loss: 0.719654	Acc: 81.70%
Pre-train Epoch: 18 [0/40200 (0%)]	Loss: 0.487987	Acc: 87.50%
Pre-train Epoch: 18 [6400/40200 (16%)]	Loss: 0.493213	Acc: 82.10%
Pre-train Epoch: 18 [12800/40200 (32%)]	Loss: 0.614442	Acc: 82.67%
Pre-train Epoch: 18 [19200/40200 (48%)]	Loss: 0.688115	Acc: 82.39%
Pre-train Epoch: 18 [25600/40200 (64%)]	Loss: 0.803973	Acc: 82.19%
Pre-train Epoch: 18 [32000/40200 (79%)]	Loss: 0.781427	Acc: 82.00%
Pre-train Epoch: 18 [38400/40200 (95%)]	Loss: 0.787170	Acc: 81.88%
Pre-train Epoch: 19 [0/40200 (0%)]	Loss: 0.625295	Acc: 79.69%
Pre-train Epoch: 19 [6400/40200 (16%)]	Loss: 0.560749	Acc: 83.00%
Pre-train Epoch: 19 [12800/40200 (32%)]	Loss: 0.683624	Acc: 82.31%
Pre-train Epoch: 19 [19200/40200 (48%)]	Loss: 0.659539	Acc: 82.32%
Pre-train Epoch: 19 [25600/40200 (64%)]	Loss: 0.741922	Acc: 81.96%
Pre-train Epoch: 19 [32000/40200 (79%)]	Loss: 0.735098	Acc: 81.95%
Pre-train Epoch: 19 [38400/40200 (95%)]	Loss: 0.694374	Acc: 81.98%
Pre-train Epoch: 20 [0/40200 (0%)]	Loss: 0.717510	Acc: 78.12%
Pre-train Epoch: 20 [6400/40200 (16%)]	Loss: 0.796661	Acc: 81.00%
Pre-train Epoch: 20 [12800/40200 (32%)]	Loss: 0.678474	Acc: 81.76%
Pre-train Epoch: 20 [19200/40200 (48%)]	Loss: 0.641748	Acc: 81.43%
Pre-train Epoch: 20 [25600/40200 (64%)]	Loss: 0.748156	Acc: 81.74%
Pre-train Epoch: 20 [32000/40200 (79%)]	Loss: 0.747825	Acc: 81.71%
Pre-train Epoch: 20 [38400/40200 (95%)]	Loss: 0.615704	Acc: 81.76%
Pre-train Epoch: 21 [0/40200 (0%)]	Loss: 0.577897	Acc: 84.38%
Pre-train Epoch: 21 [6400/40200 (16%)]	Loss: 0.515997	Acc: 82.22%
Pre-train Epoch: 21 [12800/40200 (32%)]	Loss: 0.693963	Acc: 82.35%
Pre-train Epoch: 21 [19200/40200 (48%)]	Loss: 0.663245	Acc: 82.49%
Pre-train Epoch: 21 [25600/40200 (64%)]	Loss: 0.716163	Acc: 82.43%
Pre-train Epoch: 21 [32000/40200 (79%)]	Loss: 0.542970	Acc: 82.23%
Pre-train Epoch: 21 [38400/40200 (95%)]	Loss: 0.550591	Acc: 82.13%
Pre-train Epoch: 22 [0/40200 (0%)]	Loss: 0.647720	Acc: 79.69%
Pre-train Epoch: 22 [6400/40200 (16%)]	Loss: 0.557914	Acc: 82.74%
Pre-train Epoch: 22 [12800/40200 (32%)]	Loss: 0.495582	Acc: 82.37%
Pre-train Epoch: 22 [19200/40200 (48%)]	Loss: 0.497273	Acc: 82.48%
Pre-train Epoch: 22 [25600/40200 (64%)]	Loss: 0.583076	Acc: 82.39%
Pre-train Epoch: 22 [32000/40200 (79%)]	Loss: 0.641351	Acc: 82.34%
Pre-train Epoch: 22 [38400/40200 (95%)]	Loss: 0.576538	Acc: 82.31%
Pre-train Epoch: 23 [0/40200 (0%)]	Loss: 0.555645	Acc: 87.50%
Pre-train Epoch: 23 [6400/40200 (16%)]	Loss: 0.636862	Acc: 82.10%
Pre-train Epoch: 23 [12800/40200 (32%)]	Loss: 0.760817	Acc: 82.00%
Pre-train Epoch: 23 [19200/40200 (48%)]	Loss: 0.776106	Acc: 82.22%
Pre-train Epoch: 23 [25600/40200 (64%)]	Loss: 0.625991	Acc: 82.17%
Pre-train Epoch: 23 [32000/40200 (79%)]	Loss: 0.581058	Acc: 82.09%
Pre-train Epoch: 23 [38400/40200 (95%)]	Loss: 0.547319	Acc: 82.08%
Pre-train Epoch: 24 [0/40200 (0%)]	Loss: 0.703191	Acc: 79.69%
Pre-train Epoch: 24 [6400/40200 (16%)]	Loss: 0.518267	Acc: 82.15%
Pre-train Epoch: 24 [12800/40200 (32%)]	Loss: 0.609161	Acc: 82.49%
Pre-train Epoch: 24 [19200/40200 (48%)]	Loss: 0.440337	Acc: 82.51%
Pre-train Epoch: 24 [25600/40200 (64%)]	Loss: 0.518594	Acc: 82.64%
Pre-train Epoch: 24 [32000/40200 (79%)]	Loss: 0.701361	Acc: 82.44%
Pre-train Epoch: 24 [38400/40200 (95%)]	Loss: 0.643724	Acc: 82.37%
Pre-train Epoch: 25 [0/40200 (0%)]	Loss: 0.596975	Acc: 81.25%
Pre-train Epoch: 25 [6400/40200 (16%)]	Loss: 0.446691	Acc: 82.16%
Pre-train Epoch: 25 [12800/40200 (32%)]	Loss: 0.627948	Acc: 82.10%
Pre-train Epoch: 25 [19200/40200 (48%)]	Loss: 0.690908	Acc: 82.24%
Pre-train Epoch: 25 [25600/40200 (64%)]	Loss: 0.610726	Acc: 82.17%
Pre-train Epoch: 25 [32000/40200 (79%)]	Loss: 0.603963	Acc: 82.26%
Pre-train Epoch: 25 [38400/40200 (95%)]	Loss: 0.694356	Acc: 82.34%
Pre-train Epoch: 26 [0/40200 (0%)]	Loss: 0.509295	Acc: 89.06%
Pre-train Epoch: 26 [6400/40200 (16%)]	Loss: 0.664421	Acc: 83.09%
Pre-train Epoch: 26 [12800/40200 (32%)]	Loss: 0.711587	Acc: 82.70%
Pre-train Epoch: 26 [19200/40200 (48%)]	Loss: 0.520480	Acc: 82.76%
Pre-train Epoch: 26 [25600/40200 (64%)]	Loss: 0.614388	Acc: 82.48%
Pre-train Epoch: 26 [32000/40200 (79%)]	Loss: 0.855958	Acc: 82.53%
Pre-train Epoch: 26 [38400/40200 (95%)]	Loss: 0.738774	Acc: 82.47%
Pre-train Epoch: 27 [0/40200 (0%)]	Loss: 0.665889	Acc: 85.94%
Pre-train Epoch: 27 [6400/40200 (16%)]	Loss: 0.497582	Acc: 82.98%
Pre-train Epoch: 27 [12800/40200 (32%)]	Loss: 0.557354	Acc: 82.80%
Pre-train Epoch: 27 [19200/40200 (48%)]	Loss: 0.577190	Acc: 82.78%
Pre-train Epoch: 27 [25600/40200 (64%)]	Loss: 0.652530	Acc: 82.94%
Pre-train Epoch: 27 [32000/40200 (79%)]	Loss: 0.683206	Acc: 82.87%
Pre-train Epoch: 27 [38400/40200 (95%)]	Loss: 0.650240	Acc: 82.57%
Pre-train Epoch: 28 [0/40200 (0%)]	Loss: 0.906484	Acc: 68.75%
Pre-train Epoch: 28 [6400/40200 (16%)]	Loss: 0.591693	Acc: 83.49%
Pre-train Epoch: 28 [12800/40200 (32%)]	Loss: 0.683061	Acc: 83.22%
Pre-train Epoch: 28 [19200/40200 (48%)]	Loss: 0.496919	Acc: 83.17%
Pre-train Epoch: 28 [25600/40200 (64%)]	Loss: 0.644301	Acc: 82.90%
Pre-train Epoch: 28 [32000/40200 (79%)]	Loss: 0.531716	Acc: 82.78%
Pre-train Epoch: 28 [38400/40200 (95%)]	Loss: 0.639470	Acc: 82.66%
Pre-train Epoch: 29 [0/40200 (0%)]	Loss: 0.778897	Acc: 73.44%
Pre-train Epoch: 29 [6400/40200 (16%)]	Loss: 0.485962	Acc: 84.05%
Pre-train Epoch: 29 [12800/40200 (32%)]	Loss: 0.697687	Acc: 83.36%
Pre-train Epoch: 29 [19200/40200 (48%)]	Loss: 0.789264	Acc: 82.89%
Pre-train Epoch: 29 [25600/40200 (64%)]	Loss: 0.569684	Acc: 82.77%
Pre-train Epoch: 29 [32000/40200 (79%)]	Loss: 0.546661	Acc: 82.69%
Pre-train Epoch: 29 [38400/40200 (95%)]	Loss: 0.614959	Acc: 82.62%
Pre-train Epoch: 30 [0/40200 (0%)]	Loss: 0.635612	Acc: 81.25%
Pre-train Epoch: 30 [6400/40200 (16%)]	Loss: 0.545466	Acc: 83.40%
Pre-train Epoch: 30 [12800/40200 (32%)]	Loss: 0.570202	Acc: 83.39%
Pre-train Epoch: 30 [19200/40200 (48%)]	Loss: 0.711141	Acc: 83.16%
Pre-train Epoch: 30 [25600/40200 (64%)]	Loss: 0.643626	Acc: 83.25%
Pre-train Epoch: 30 [32000/40200 (79%)]	Loss: 0.728420	Acc: 83.03%
Pre-train Epoch: 30 [38400/40200 (95%)]	Loss: 0.785903	Acc: 82.90%
Pre-train Epoch: 31 [0/40200 (0%)]	Loss: 0.639258	Acc: 78.12%
Pre-train Epoch: 31 [6400/40200 (16%)]	Loss: 0.648290	Acc: 83.03%
Pre-train Epoch: 31 [12800/40200 (32%)]	Loss: 0.554308	Acc: 82.82%
Pre-train Epoch: 31 [19200/40200 (48%)]	Loss: 0.650046	Acc: 82.83%
Pre-train Epoch: 31 [25600/40200 (64%)]	Loss: 0.611333	Acc: 82.64%
Pre-train Epoch: 31 [32000/40200 (79%)]	Loss: 0.757069	Acc: 82.57%
Pre-train Epoch: 31 [38400/40200 (95%)]	Loss: 0.822276	Acc: 82.61%
Pre-train Epoch: 32 [0/40200 (0%)]	Loss: 0.478879	Acc: 85.94%
Pre-train Epoch: 32 [6400/40200 (16%)]	Loss: 0.621735	Acc: 83.99%
Pre-train Epoch: 32 [12800/40200 (32%)]	Loss: 0.540652	Acc: 83.79%
Pre-train Epoch: 32 [19200/40200 (48%)]	Loss: 0.514993	Acc: 83.70%
Pre-train Epoch: 32 [25600/40200 (64%)]	Loss: 0.589906	Acc: 83.44%
Pre-train Epoch: 32 [32000/40200 (79%)]	Loss: 0.481547	Acc: 83.26%
Pre-train Epoch: 32 [38400/40200 (95%)]	Loss: 0.536352	Acc: 83.26%
Pre-train Epoch: 33 [0/40200 (0%)]	Loss: 0.502057	Acc: 89.06%
Pre-train Epoch: 33 [6400/40200 (16%)]	Loss: 0.639820	Acc: 83.37%
Pre-train Epoch: 33 [12800/40200 (32%)]	Loss: 0.655046	Acc: 83.22%
Pre-train Epoch: 33 [19200/40200 (48%)]	Loss: 0.577482	Acc: 83.38%
Pre-train Epoch: 33 [25600/40200 (64%)]	Loss: 0.730911	Acc: 83.13%
Pre-train Epoch: 33 [32000/40200 (79%)]	Loss: 0.741826	Acc: 82.89%
Pre-train Epoch: 33 [38400/40200 (95%)]	Loss: 0.678615	Acc: 82.99%
Pre-train Epoch: 34 [0/40200 (0%)]	Loss: 0.611788	Acc: 84.38%
Pre-train Epoch: 34 [6400/40200 (16%)]	Loss: 0.503255	Acc: 84.44%
Pre-train Epoch: 34 [12800/40200 (32%)]	Loss: 0.675987	Acc: 83.62%
Pre-train Epoch: 34 [19200/40200 (48%)]	Loss: 0.557770	Acc: 83.41%
Pre-train Epoch: 34 [25600/40200 (64%)]	Loss: 0.695732	Acc: 83.28%
Pre-train Epoch: 34 [32000/40200 (79%)]	Loss: 0.746738	Acc: 83.22%
Pre-train Epoch: 34 [38400/40200 (95%)]	Loss: 0.729174	Acc: 83.28%
Pre-train Epoch: 35 [0/40200 (0%)]	Loss: 0.484403	Acc: 87.50%
Pre-train Epoch: 35 [6400/40200 (16%)]	Loss: 0.648103	Acc: 84.13%
Pre-train Epoch: 35 [12800/40200 (32%)]	Loss: 0.636970	Acc: 84.05%
Pre-train Epoch: 35 [19200/40200 (48%)]	Loss: 0.462943	Acc: 83.95%
Pre-train Epoch: 35 [25600/40200 (64%)]	Loss: 0.637582	Acc: 83.66%
Pre-train Epoch: 35 [32000/40200 (79%)]	Loss: 0.729062	Acc: 83.40%
Pre-train Epoch: 35 [38400/40200 (95%)]	Loss: 0.622438	Acc: 83.36%
Pre-train Epoch: 36 [0/40200 (0%)]	Loss: 0.539370	Acc: 87.50%
Pre-train Epoch: 36 [6400/40200 (16%)]	Loss: 0.441005	Acc: 83.60%
Pre-train Epoch: 36 [12800/40200 (32%)]	Loss: 0.682495	Acc: 83.66%
Pre-train Epoch: 36 [19200/40200 (48%)]	Loss: 0.552424	Acc: 83.63%
Pre-train Epoch: 36 [25600/40200 (64%)]	Loss: 0.511414	Acc: 83.58%
Pre-train Epoch: 36 [32000/40200 (79%)]	Loss: 0.528551	Acc: 83.45%
Pre-train Epoch: 36 [38400/40200 (95%)]	Loss: 0.571676	Acc: 83.42%
Pre-train Epoch: 37 [0/40200 (0%)]	Loss: 0.595187	Acc: 85.94%
Pre-train Epoch: 37 [6400/40200 (16%)]	Loss: 0.503892	Acc: 83.69%
Pre-train Epoch: 37 [12800/40200 (32%)]	Loss: 0.458660	Acc: 83.67%
Pre-train Epoch: 37 [19200/40200 (48%)]	Loss: 0.748332	Acc: 83.77%
Pre-train Epoch: 37 [25600/40200 (64%)]	Loss: 0.555369	Acc: 83.86%
Pre-train Epoch: 37 [32000/40200 (79%)]	Loss: 0.517091	Acc: 83.60%
Pre-train Epoch: 37 [38400/40200 (95%)]	Loss: 0.645537	Acc: 83.48%
Pre-train Epoch: 38 [0/40200 (0%)]	Loss: 0.785005	Acc: 79.69%
Pre-train Epoch: 38 [6400/40200 (16%)]	Loss: 0.579420	Acc: 84.59%
Pre-train Epoch: 38 [12800/40200 (32%)]	Loss: 0.573352	Acc: 84.20%
Pre-train Epoch: 38 [19200/40200 (48%)]	Loss: 0.564644	Acc: 83.95%
Pre-train Epoch: 38 [25600/40200 (64%)]	Loss: 0.708690	Acc: 83.59%
Pre-train Epoch: 38 [32000/40200 (79%)]	Loss: 0.577551	Acc: 83.69%
Pre-train Epoch: 38 [38400/40200 (95%)]	Loss: 0.599919	Acc: 83.78%
Pre-train Epoch: 39 [0/40200 (0%)]	Loss: 0.480513	Acc: 90.62%
Pre-train Epoch: 39 [6400/40200 (16%)]	Loss: 0.516826	Acc: 84.24%
Pre-train Epoch: 39 [12800/40200 (32%)]	Loss: 0.355888	Acc: 84.05%
Pre-train Epoch: 39 [19200/40200 (48%)]	Loss: 0.544736	Acc: 83.88%
Pre-train Epoch: 39 [25600/40200 (64%)]	Loss: 0.474127	Acc: 83.61%
Pre-train Epoch: 39 [32000/40200 (79%)]	Loss: 0.711006	Acc: 83.63%
Pre-train Epoch: 39 [38400/40200 (95%)]	Loss: 0.559069	Acc: 83.64%
Pre-train Epoch: 40 [0/40200 (0%)]	Loss: 0.497228	Acc: 85.94%
Pre-train Epoch: 40 [6400/40200 (16%)]	Loss: 0.708707	Acc: 84.39%
Pre-train Epoch: 40 [12800/40200 (32%)]	Loss: 0.753173	Acc: 84.15%
Pre-train Epoch: 40 [19200/40200 (48%)]	Loss: 0.555743	Acc: 84.12%
Pre-train Epoch: 40 [25600/40200 (64%)]	Loss: 0.623108	Acc: 83.96%
Pre-train Epoch: 40 [32000/40200 (79%)]	Loss: 0.549220	Acc: 83.90%
Pre-train Epoch: 40 [38400/40200 (95%)]	Loss: 0.546487	Acc: 83.85%
Pre-train Epoch: 41 [0/40200 (0%)]	Loss: 0.538080	Acc: 87.50%
Pre-train Epoch: 41 [6400/40200 (16%)]	Loss: 0.528074	Acc: 84.73%
Pre-train Epoch: 41 [12800/40200 (32%)]	Loss: 0.581860	Acc: 84.47%
Pre-train Epoch: 41 [19200/40200 (48%)]	Loss: 0.580743	Acc: 84.14%
Pre-train Epoch: 41 [25600/40200 (64%)]	Loss: 0.529814	Acc: 84.00%
Pre-train Epoch: 41 [32000/40200 (79%)]	Loss: 0.693411	Acc: 83.96%
Pre-train Epoch: 41 [38400/40200 (95%)]	Loss: 0.512364	Acc: 83.82%
Pre-train Epoch: 42 [0/40200 (0%)]	Loss: 0.579604	Acc: 82.81%
Pre-train Epoch: 42 [6400/40200 (16%)]	Loss: 0.473800	Acc: 83.80%
Pre-train Epoch: 42 [12800/40200 (32%)]	Loss: 0.573853	Acc: 84.14%
Pre-train Epoch: 42 [19200/40200 (48%)]	Loss: 0.892805	Acc: 83.95%
Pre-train Epoch: 42 [25600/40200 (64%)]	Loss: 0.543305	Acc: 83.77%
Pre-train Epoch: 42 [32000/40200 (79%)]	Loss: 0.563693	Acc: 83.85%
Pre-train Epoch: 42 [38400/40200 (95%)]	Loss: 0.459776	Acc: 83.89%
Pre-train Epoch: 43 [0/40200 (0%)]	Loss: 0.505143	Acc: 84.38%
Pre-train Epoch: 43 [6400/40200 (16%)]	Loss: 0.392297	Acc: 85.04%
Pre-train Epoch: 43 [12800/40200 (32%)]	Loss: 0.576976	Acc: 85.12%
Pre-train Epoch: 43 [19200/40200 (48%)]	Loss: 0.701751	Acc: 84.90%
Pre-train Epoch: 43 [25600/40200 (64%)]	Loss: 0.628066	Acc: 84.76%
Pre-train Epoch: 43 [32000/40200 (79%)]	Loss: 0.630111	Acc: 84.53%
Pre-train Epoch: 43 [38400/40200 (95%)]	Loss: 0.587583	Acc: 84.25%
Pre-train Epoch: 44 [0/40200 (0%)]	Loss: 0.477303	Acc: 87.50%
Pre-train Epoch: 44 [6400/40200 (16%)]	Loss: 0.518069	Acc: 85.09%
Pre-train Epoch: 44 [12800/40200 (32%)]	Loss: 0.570487	Acc: 84.76%
Pre-train Epoch: 44 [19200/40200 (48%)]	Loss: 0.538237	Acc: 84.42%
Pre-train Epoch: 44 [25600/40200 (64%)]	Loss: 0.552527	Acc: 84.25%
Pre-train Epoch: 44 [32000/40200 (79%)]	Loss: 0.493346	Acc: 84.09%
Pre-train Epoch: 44 [38400/40200 (95%)]	Loss: 0.453565	Acc: 83.86%
Pre-train Epoch: 45 [0/40200 (0%)]	Loss: 0.707336	Acc: 79.69%
Pre-train Epoch: 45 [6400/40200 (16%)]	Loss: 0.636367	Acc: 84.59%
Pre-train Epoch: 45 [12800/40200 (32%)]	Loss: 0.498739	Acc: 84.73%
Pre-train Epoch: 45 [19200/40200 (48%)]	Loss: 0.556698	Acc: 84.59%
Pre-train Epoch: 45 [25600/40200 (64%)]	Loss: 0.612464	Acc: 84.45%
Pre-train Epoch: 45 [32000/40200 (79%)]	Loss: 0.675445	Acc: 84.31%
Pre-train Epoch: 45 [38400/40200 (95%)]	Loss: 0.593649	Acc: 84.23%
Pre-train Epoch: 46 [0/40200 (0%)]	Loss: 0.575593	Acc: 82.81%
Pre-train Epoch: 46 [6400/40200 (16%)]	Loss: 0.591715	Acc: 84.85%
Pre-train Epoch: 46 [12800/40200 (32%)]	Loss: 0.567814	Acc: 85.05%
Pre-train Epoch: 46 [19200/40200 (48%)]	Loss: 0.539134	Acc: 84.98%
Pre-train Epoch: 46 [25600/40200 (64%)]	Loss: 0.529262	Acc: 84.76%
Pre-train Epoch: 46 [32000/40200 (79%)]	Loss: 0.531004	Acc: 84.53%
Pre-train Epoch: 46 [38400/40200 (95%)]	Loss: 0.711446	Acc: 84.44%
Pre-train Epoch: 47 [0/40200 (0%)]	Loss: 0.681788	Acc: 78.12%
Pre-train Epoch: 47 [6400/40200 (16%)]	Loss: 0.607873	Acc: 85.47%
Pre-train Epoch: 47 [12800/40200 (32%)]	Loss: 0.582504	Acc: 85.16%
Pre-train Epoch: 47 [19200/40200 (48%)]	Loss: 0.544822	Acc: 84.84%
Pre-train Epoch: 47 [25600/40200 (64%)]	Loss: 0.423001	Acc: 84.62%
Pre-train Epoch: 47 [32000/40200 (79%)]	Loss: 0.503344	Acc: 84.59%
Pre-train Epoch: 47 [38400/40200 (95%)]	Loss: 0.662335	Acc: 84.41%
Pre-train Epoch: 48 [0/40200 (0%)]	Loss: 0.532117	Acc: 87.50%
Pre-train Epoch: 48 [6400/40200 (16%)]	Loss: 0.487123	Acc: 84.56%
Pre-train Epoch: 48 [12800/40200 (32%)]	Loss: 0.625991	Acc: 84.91%
Pre-train Epoch: 48 [19200/40200 (48%)]	Loss: 0.477607	Acc: 85.00%
Pre-train Epoch: 48 [25600/40200 (64%)]	Loss: 0.612989	Acc: 84.94%
Pre-train Epoch: 48 [32000/40200 (79%)]	Loss: 0.566442	Acc: 84.75%
Pre-train Epoch: 48 [38400/40200 (95%)]	Loss: 0.529043	Acc: 84.75%
Pre-train Epoch: 49 [0/40200 (0%)]	Loss: 0.590143	Acc: 82.81%
Pre-train Epoch: 49 [6400/40200 (16%)]	Loss: 0.613066	Acc: 84.41%
Pre-train Epoch: 49 [12800/40200 (32%)]	Loss: 0.525986	Acc: 84.39%
Pre-train Epoch: 49 [19200/40200 (48%)]	Loss: 0.720299	Acc: 84.76%
Pre-train Epoch: 49 [25600/40200 (64%)]	Loss: 0.410584	Acc: 84.77%
Pre-train Epoch: 49 [32000/40200 (79%)]	Loss: 0.763725	Acc: 84.72%
Pre-train Epoch: 49 [38400/40200 (95%)]	Loss: 0.485472	Acc: 84.68%
Pre-train Epoch: 50 [0/40200 (0%)]	Loss: 0.618176	Acc: 84.38%
Pre-train Epoch: 50 [6400/40200 (16%)]	Loss: 0.446227	Acc: 85.75%
Pre-train Epoch: 50 [12800/40200 (32%)]	Loss: 0.519047	Acc: 85.13%
Pre-train Epoch: 50 [19200/40200 (48%)]	Loss: 0.539954	Acc: 85.20%
Pre-train Epoch: 50 [25600/40200 (64%)]	Loss: 0.441275	Acc: 85.17%
Pre-train Epoch: 50 [32000/40200 (79%)]	Loss: 0.585000	Acc: 85.02%
Pre-train Epoch: 50 [38400/40200 (95%)]	Loss: 0.567654	Acc: 84.83%
Pre-train Epoch: 51 [0/40200 (0%)]	Loss: 0.441467	Acc: 93.75%
Pre-train Epoch: 51 [6400/40200 (16%)]	Loss: 0.503945	Acc: 85.89%
Pre-train Epoch: 51 [12800/40200 (32%)]	Loss: 0.520861	Acc: 85.49%
Pre-train Epoch: 51 [19200/40200 (48%)]	Loss: 0.607082	Acc: 85.24%
Pre-train Epoch: 51 [25600/40200 (64%)]	Loss: 0.565897	Acc: 85.25%
Pre-train Epoch: 51 [32000/40200 (79%)]	Loss: 0.568538	Acc: 85.12%
Pre-train Epoch: 51 [38400/40200 (95%)]	Loss: 0.683257	Acc: 84.94%
Pre-train Epoch: 52 [0/40200 (0%)]	Loss: 0.628216	Acc: 79.69%
Pre-train Epoch: 52 [6400/40200 (16%)]	Loss: 0.498469	Acc: 84.96%
Pre-train Epoch: 52 [12800/40200 (32%)]	Loss: 0.499850	Acc: 85.14%
Pre-train Epoch: 52 [19200/40200 (48%)]	Loss: 0.617461	Acc: 85.05%
Pre-train Epoch: 52 [25600/40200 (64%)]	Loss: 0.508248	Acc: 84.93%
Pre-train Epoch: 52 [32000/40200 (79%)]	Loss: 0.605925	Acc: 84.84%
Pre-train Epoch: 52 [38400/40200 (95%)]	Loss: 0.491298	Acc: 84.86%
Pre-train Epoch: 53 [0/40200 (0%)]	Loss: 0.524717	Acc: 87.50%
Pre-train Epoch: 53 [6400/40200 (16%)]	Loss: 0.596728	Acc: 85.60%
Pre-train Epoch: 53 [12800/40200 (32%)]	Loss: 0.478565	Acc: 85.21%
Pre-train Epoch: 53 [19200/40200 (48%)]	Loss: 0.569635	Acc: 85.44%
Pre-train Epoch: 53 [25600/40200 (64%)]	Loss: 0.589777	Acc: 85.29%
Pre-train Epoch: 53 [32000/40200 (79%)]	Loss: 0.605526	Acc: 85.22%
Pre-train Epoch: 53 [38400/40200 (95%)]	Loss: 0.585610	Acc: 85.15%
Pre-train Epoch: 54 [0/40200 (0%)]	Loss: 0.525255	Acc: 87.50%
Pre-train Epoch: 54 [6400/40200 (16%)]	Loss: 0.433110	Acc: 85.47%
Pre-train Epoch: 54 [12800/40200 (32%)]	Loss: 0.594194	Acc: 85.39%
Pre-train Epoch: 54 [19200/40200 (48%)]	Loss: 0.507195	Acc: 85.26%
Pre-train Epoch: 54 [25600/40200 (64%)]	Loss: 0.523378	Acc: 85.23%
Pre-train Epoch: 54 [32000/40200 (79%)]	Loss: 0.630079	Acc: 85.13%
Pre-train Epoch: 54 [38400/40200 (95%)]	Loss: 0.456639	Acc: 85.07%
Pre-train Epoch: 55 [0/40200 (0%)]	Loss: 0.427985	Acc: 89.06%
Pre-train Epoch: 55 [6400/40200 (16%)]	Loss: 0.382748	Acc: 85.21%
Pre-train Epoch: 55 [12800/40200 (32%)]	Loss: 0.554061	Acc: 85.60%
Pre-train Epoch: 55 [19200/40200 (48%)]	Loss: 0.479383	Acc: 85.58%
Pre-train Epoch: 55 [25600/40200 (64%)]	Loss: 0.525234	Acc: 85.50%
Pre-train Epoch: 55 [32000/40200 (79%)]	Loss: 0.444365	Acc: 85.52%
Pre-train Epoch: 55 [38400/40200 (95%)]	Loss: 0.578990	Acc: 85.43%
Pre-train Epoch: 56 [0/40200 (0%)]	Loss: 0.486854	Acc: 87.50%
Pre-train Epoch: 56 [6400/40200 (16%)]	Loss: 0.440144	Acc: 85.52%
Pre-train Epoch: 56 [12800/40200 (32%)]	Loss: 0.470990	Acc: 85.33%
Pre-train Epoch: 56 [19200/40200 (48%)]	Loss: 0.497262	Acc: 85.56%
Pre-train Epoch: 56 [25600/40200 (64%)]	Loss: 0.516952	Acc: 85.68%
Pre-train Epoch: 56 [32000/40200 (79%)]	Loss: 0.561996	Acc: 85.62%
Pre-train Epoch: 56 [38400/40200 (95%)]	Loss: 0.584473	Acc: 85.43%
Pre-train Epoch: 57 [0/40200 (0%)]	Loss: 0.566739	Acc: 82.81%
Pre-train Epoch: 57 [6400/40200 (16%)]	Loss: 0.420419	Acc: 86.59%
Pre-train Epoch: 57 [12800/40200 (32%)]	Loss: 0.555825	Acc: 86.24%
Pre-train Epoch: 57 [19200/40200 (48%)]	Loss: 0.594101	Acc: 85.90%
Pre-train Epoch: 57 [25600/40200 (64%)]	Loss: 0.475296	Acc: 85.84%
Pre-train Epoch: 57 [32000/40200 (79%)]	Loss: 0.475564	Acc: 85.81%
Pre-train Epoch: 57 [38400/40200 (95%)]	Loss: 0.742483	Acc: 85.66%
Pre-train Epoch: 58 [0/40200 (0%)]	Loss: 0.558462	Acc: 84.38%
Pre-train Epoch: 58 [6400/40200 (16%)]	Loss: 0.530241	Acc: 86.79%
Pre-train Epoch: 58 [12800/40200 (32%)]	Loss: 0.592720	Acc: 86.12%
Pre-train Epoch: 58 [19200/40200 (48%)]	Loss: 0.544810	Acc: 86.08%
Pre-train Epoch: 58 [25600/40200 (64%)]	Loss: 0.432374	Acc: 85.94%
Pre-train Epoch: 58 [32000/40200 (79%)]	Loss: 0.629428	Acc: 85.95%
Pre-train Epoch: 58 [38400/40200 (95%)]	Loss: 0.623126	Acc: 85.87%
Pre-train Epoch: 59 [0/40200 (0%)]	Loss: 0.408380	Acc: 95.31%
Pre-train Epoch: 59 [6400/40200 (16%)]	Loss: 0.548839	Acc: 86.32%
Pre-train Epoch: 59 [12800/40200 (32%)]	Loss: 0.361293	Acc: 86.32%
Pre-train Epoch: 59 [19200/40200 (48%)]	Loss: 0.484213	Acc: 86.16%
Pre-train Epoch: 59 [25600/40200 (64%)]	Loss: 0.442905	Acc: 86.13%
Pre-train Epoch: 59 [32000/40200 (79%)]	Loss: 0.572043	Acc: 86.10%
Pre-train Epoch: 59 [38400/40200 (95%)]	Loss: 0.481957	Acc: 85.98%
Pre-train Epoch: 60 [0/40200 (0%)]	Loss: 0.504594	Acc: 84.38%
Pre-train Epoch: 60 [6400/40200 (16%)]	Loss: 0.478989	Acc: 86.40%
Pre-train Epoch: 60 [12800/40200 (32%)]	Loss: 0.442121	Acc: 86.43%
Pre-train Epoch: 60 [19200/40200 (48%)]	Loss: 0.498218	Acc: 86.20%
Pre-train Epoch: 60 [25600/40200 (64%)]	Loss: 0.534611	Acc: 86.16%
Pre-train Epoch: 60 [32000/40200 (79%)]	Loss: 0.492548	Acc: 86.08%
Pre-train Epoch: 60 [38400/40200 (95%)]	Loss: 0.505336	Acc: 85.90%
Pre-train Epoch: 61 [0/40200 (0%)]	Loss: 0.379997	Acc: 90.62%
Pre-train Epoch: 61 [6400/40200 (16%)]	Loss: 0.459069	Acc: 87.41%
Pre-train Epoch: 61 [12800/40200 (32%)]	Loss: 0.514210	Acc: 87.26%
Pre-train Epoch: 61 [19200/40200 (48%)]	Loss: 0.550708	Acc: 86.65%
Pre-train Epoch: 61 [25600/40200 (64%)]	Loss: 0.476339	Acc: 86.67%
Pre-train Epoch: 61 [32000/40200 (79%)]	Loss: 0.548610	Acc: 86.56%
Pre-train Epoch: 61 [38400/40200 (95%)]	Loss: 0.505293	Acc: 86.29%
Pre-train Epoch: 62 [0/40200 (0%)]	Loss: 0.406396	Acc: 90.62%
Pre-train Epoch: 62 [6400/40200 (16%)]	Loss: 0.432184	Acc: 86.83%
Pre-train Epoch: 62 [12800/40200 (32%)]	Loss: 0.452877	Acc: 86.63%
Pre-train Epoch: 62 [19200/40200 (48%)]	Loss: 0.613846	Acc: 86.66%
Pre-train Epoch: 62 [25600/40200 (64%)]	Loss: 0.674586	Acc: 86.51%
Pre-train Epoch: 62 [32000/40200 (79%)]	Loss: 0.687014	Acc: 86.46%
Pre-train Epoch: 62 [38400/40200 (95%)]	Loss: 0.560903	Acc: 86.29%
Pre-train Epoch: 63 [0/40200 (0%)]	Loss: 0.517237	Acc: 87.50%
Pre-train Epoch: 63 [6400/40200 (16%)]	Loss: 0.388033	Acc: 86.62%
Pre-train Epoch: 63 [12800/40200 (32%)]	Loss: 0.534559	Acc: 86.37%
Pre-train Epoch: 63 [19200/40200 (48%)]	Loss: 0.475334	Acc: 86.64%
Pre-train Epoch: 63 [25600/40200 (64%)]	Loss: 0.674232	Acc: 86.58%
Pre-train Epoch: 63 [32000/40200 (79%)]	Loss: 0.512331	Acc: 86.52%
Pre-train Epoch: 63 [38400/40200 (95%)]	Loss: 0.448927	Acc: 86.42%
Pre-train Epoch: 64 [0/40200 (0%)]	Loss: 0.374294	Acc: 92.19%
Pre-train Epoch: 64 [6400/40200 (16%)]	Loss: 0.431503	Acc: 86.91%
Pre-train Epoch: 64 [12800/40200 (32%)]	Loss: 0.523809	Acc: 87.30%
Pre-train Epoch: 64 [19200/40200 (48%)]	Loss: 0.473852	Acc: 87.10%
Pre-train Epoch: 64 [25600/40200 (64%)]	Loss: 0.402601	Acc: 86.75%
Pre-train Epoch: 64 [32000/40200 (79%)]	Loss: 0.553365	Acc: 86.76%
Pre-train Epoch: 64 [38400/40200 (95%)]	Loss: 0.563999	Acc: 86.63%
Pre-train Epoch: 65 [0/40200 (0%)]	Loss: 0.359354	Acc: 92.19%
Pre-train Epoch: 65 [6400/40200 (16%)]	Loss: 0.529525	Acc: 86.91%
Pre-train Epoch: 65 [12800/40200 (32%)]	Loss: 0.450198	Acc: 87.10%
Pre-train Epoch: 65 [19200/40200 (48%)]	Loss: 0.448055	Acc: 87.22%
Pre-train Epoch: 65 [25600/40200 (64%)]	Loss: 0.366564	Acc: 87.19%
Pre-train Epoch: 65 [32000/40200 (79%)]	Loss: 0.651312	Acc: 86.99%
Pre-train Epoch: 65 [38400/40200 (95%)]	Loss: 0.515632	Acc: 86.75%
Pre-train Epoch: 66 [0/40200 (0%)]	Loss: 0.568396	Acc: 89.06%
Pre-train Epoch: 66 [6400/40200 (16%)]	Loss: 0.531382	Acc: 87.62%
Pre-train Epoch: 66 [12800/40200 (32%)]	Loss: 0.440720	Acc: 87.30%
Pre-train Epoch: 66 [19200/40200 (48%)]	Loss: 0.405753	Acc: 87.17%
Pre-train Epoch: 66 [25600/40200 (64%)]	Loss: 0.480663	Acc: 87.09%
Pre-train Epoch: 66 [32000/40200 (79%)]	Loss: 0.847186	Acc: 86.98%
Pre-train Epoch: 66 [38400/40200 (95%)]	Loss: 0.509126	Acc: 86.86%
Pre-train Epoch: 67 [0/40200 (0%)]	Loss: 0.526153	Acc: 84.38%
Pre-train Epoch: 67 [6400/40200 (16%)]	Loss: 0.464481	Acc: 86.70%
Pre-train Epoch: 67 [12800/40200 (32%)]	Loss: 0.615649	Acc: 87.26%
Pre-train Epoch: 67 [19200/40200 (48%)]	Loss: 0.547704	Acc: 87.10%
Pre-train Epoch: 67 [25600/40200 (64%)]	Loss: 0.489493	Acc: 87.16%
Pre-train Epoch: 67 [32000/40200 (79%)]	Loss: 0.464205	Acc: 87.11%
Pre-train Epoch: 67 [38400/40200 (95%)]	Loss: 0.437737	Acc: 87.01%
Pre-train Epoch: 68 [0/40200 (0%)]	Loss: 0.557959	Acc: 81.25%
Pre-train Epoch: 68 [6400/40200 (16%)]	Loss: 0.537648	Acc: 88.00%
Pre-train Epoch: 68 [12800/40200 (32%)]	Loss: 0.612402	Acc: 87.66%
Pre-train Epoch: 68 [19200/40200 (48%)]	Loss: 0.447923	Acc: 87.64%
Pre-train Epoch: 68 [25600/40200 (64%)]	Loss: 0.446599	Acc: 87.50%
Pre-train Epoch: 68 [32000/40200 (79%)]	Loss: 0.504339	Acc: 87.44%
Pre-train Epoch: 68 [38400/40200 (95%)]	Loss: 0.520514	Acc: 87.36%
Pre-train Epoch: 69 [0/40200 (0%)]	Loss: 0.467140	Acc: 89.06%
Pre-train Epoch: 69 [6400/40200 (16%)]	Loss: 0.537915	Acc: 87.52%
Pre-train Epoch: 69 [12800/40200 (32%)]	Loss: 0.521464	Acc: 87.04%
Pre-train Epoch: 69 [19200/40200 (48%)]	Loss: 0.449081	Acc: 87.29%
Pre-train Epoch: 69 [25600/40200 (64%)]	Loss: 0.479809	Acc: 87.29%
Pre-train Epoch: 69 [32000/40200 (79%)]	Loss: 0.394472	Acc: 87.27%
Pre-train Epoch: 69 [38400/40200 (95%)]	Loss: 0.771646	Acc: 87.25%
Pre-train Epoch: 70 [0/40200 (0%)]	Loss: 0.615709	Acc: 84.38%
Pre-train Epoch: 70 [6400/40200 (16%)]	Loss: 0.391134	Acc: 87.86%
Pre-train Epoch: 70 [12800/40200 (32%)]	Loss: 0.453328	Acc: 88.07%
Pre-train Epoch: 70 [19200/40200 (48%)]	Loss: 0.566072	Acc: 87.55%
Pre-train Epoch: 70 [25600/40200 (64%)]	Loss: 0.496806	Acc: 87.50%
Pre-train Epoch: 70 [32000/40200 (79%)]	Loss: 0.506794	Acc: 87.51%
Pre-train Epoch: 70 [38400/40200 (95%)]	Loss: 0.424154	Acc: 87.41%
Pre-train Epoch: 71 [0/40200 (0%)]	Loss: 0.304092	Acc: 93.75%
Pre-train Epoch: 71 [6400/40200 (16%)]	Loss: 0.600929	Acc: 87.58%
Pre-train Epoch: 71 [12800/40200 (32%)]	Loss: 0.510332	Acc: 87.62%
Pre-train Epoch: 71 [19200/40200 (48%)]	Loss: 0.501082	Acc: 87.53%
Pre-train Epoch: 71 [25600/40200 (64%)]	Loss: 0.396897	Acc: 87.51%
Pre-train Epoch: 71 [32000/40200 (79%)]	Loss: 0.456630	Acc: 87.49%
Pre-train Epoch: 71 [38400/40200 (95%)]	Loss: 0.590934	Acc: 87.45%
Pre-train Epoch: 72 [0/40200 (0%)]	Loss: 0.414839	Acc: 92.19%
Pre-train Epoch: 72 [6400/40200 (16%)]	Loss: 0.476116	Acc: 87.79%
Pre-train Epoch: 72 [12800/40200 (32%)]	Loss: 0.454947	Acc: 87.61%
Pre-train Epoch: 72 [19200/40200 (48%)]	Loss: 0.444237	Acc: 87.92%
Pre-train Epoch: 72 [25600/40200 (64%)]	Loss: 0.548058	Acc: 87.89%
Pre-train Epoch: 72 [32000/40200 (79%)]	Loss: 0.652402	Acc: 87.69%
Pre-train Epoch: 72 [38400/40200 (95%)]	Loss: 0.444542	Acc: 87.65%
Pre-train Epoch: 73 [0/40200 (0%)]	Loss: 0.451754	Acc: 89.06%
Pre-train Epoch: 73 [6400/40200 (16%)]	Loss: 0.508300	Acc: 88.26%
Pre-train Epoch: 73 [12800/40200 (32%)]	Loss: 0.557315	Acc: 88.10%
Pre-train Epoch: 73 [19200/40200 (48%)]	Loss: 0.421446	Acc: 88.20%
Pre-train Epoch: 73 [25600/40200 (64%)]	Loss: 0.417402	Acc: 88.18%
Pre-train Epoch: 73 [32000/40200 (79%)]	Loss: 0.489526	Acc: 87.92%
Pre-train Epoch: 73 [38400/40200 (95%)]	Loss: 0.493772	Acc: 87.82%
Pre-train Epoch: 74 [0/40200 (0%)]	Loss: 0.486716	Acc: 87.50%
Pre-train Epoch: 74 [6400/40200 (16%)]	Loss: 0.383085	Acc: 89.00%
Pre-train Epoch: 74 [12800/40200 (32%)]	Loss: 0.423634	Acc: 88.33%
Pre-train Epoch: 74 [19200/40200 (48%)]	Loss: 0.494897	Acc: 88.28%
Pre-train Epoch: 74 [25600/40200 (64%)]	Loss: 0.339912	Acc: 88.27%
Pre-train Epoch: 74 [32000/40200 (79%)]	Loss: 0.338958	Acc: 88.16%
Pre-train Epoch: 74 [38400/40200 (95%)]	Loss: 0.575692	Acc: 88.01%
Pre-train Epoch: 75 [0/40200 (0%)]	Loss: 0.453165	Acc: 90.62%
Pre-train Epoch: 75 [6400/40200 (16%)]	Loss: 0.458880	Acc: 88.30%
Pre-train Epoch: 75 [12800/40200 (32%)]	Loss: 0.428122	Acc: 88.32%
Pre-train Epoch: 75 [19200/40200 (48%)]	Loss: 0.548230	Acc: 88.22%
Pre-train Epoch: 75 [25600/40200 (64%)]	Loss: 0.585078	Acc: 88.26%
Pre-train Epoch: 75 [32000/40200 (79%)]	Loss: 0.648953	Acc: 88.19%
Pre-train Epoch: 75 [38400/40200 (95%)]	Loss: 0.511739	Acc: 88.15%
Pre-train Epoch: 76 [0/40200 (0%)]	Loss: 0.627211	Acc: 82.81%
Pre-train Epoch: 76 [6400/40200 (16%)]	Loss: 0.478379	Acc: 88.63%
Pre-train Epoch: 76 [12800/40200 (32%)]	Loss: 0.438124	Acc: 88.76%
Pre-train Epoch: 76 [19200/40200 (48%)]	Loss: 0.478738	Acc: 88.87%
Pre-train Epoch: 76 [25600/40200 (64%)]	Loss: 0.281660	Acc: 88.64%
Pre-train Epoch: 76 [32000/40200 (79%)]	Loss: 0.539749	Acc: 88.53%
Pre-train Epoch: 76 [38400/40200 (95%)]	Loss: 0.460268	Acc: 88.31%
Pre-train Epoch: 77 [0/40200 (0%)]	Loss: 0.288632	Acc: 92.19%
Pre-train Epoch: 77 [6400/40200 (16%)]	Loss: 0.384790	Acc: 88.69%
Pre-train Epoch: 77 [12800/40200 (32%)]	Loss: 0.411201	Acc: 88.61%
Pre-train Epoch: 77 [19200/40200 (48%)]	Loss: 0.463023	Acc: 88.75%
Pre-train Epoch: 77 [25600/40200 (64%)]	Loss: 0.473967	Acc: 88.65%
Pre-train Epoch: 77 [32000/40200 (79%)]	Loss: 0.360638	Acc: 88.48%
Pre-train Epoch: 77 [38400/40200 (95%)]	Loss: 0.420648	Acc: 88.50%
Pre-train Epoch: 78 [0/40200 (0%)]	Loss: 0.453476	Acc: 89.06%
Pre-train Epoch: 78 [6400/40200 (16%)]	Loss: 0.396043	Acc: 88.95%
Pre-train Epoch: 78 [12800/40200 (32%)]	Loss: 0.362089	Acc: 89.11%
Pre-train Epoch: 78 [19200/40200 (48%)]	Loss: 0.403680	Acc: 88.83%
Pre-train Epoch: 78 [25600/40200 (64%)]	Loss: 0.542971	Acc: 88.92%
Pre-train Epoch: 78 [32000/40200 (79%)]	Loss: 0.381031	Acc: 88.65%
Pre-train Epoch: 78 [38400/40200 (95%)]	Loss: 0.428362	Acc: 88.65%
Pre-train Epoch: 79 [0/40200 (0%)]	Loss: 0.430178	Acc: 95.31%
Pre-train Epoch: 79 [6400/40200 (16%)]	Loss: 0.560304	Acc: 89.63%
Pre-train Epoch: 79 [12800/40200 (32%)]	Loss: 0.405967	Acc: 89.12%
Pre-train Epoch: 79 [19200/40200 (48%)]	Loss: 0.306317	Acc: 89.08%
Pre-train Epoch: 79 [25600/40200 (64%)]	Loss: 0.385301	Acc: 88.81%
Pre-train Epoch: 79 [32000/40200 (79%)]	Loss: 0.458894	Acc: 88.79%
Pre-train Epoch: 79 [38400/40200 (95%)]	Loss: 0.568196	Acc: 88.64%
Pre-train Epoch: 80 [0/40200 (0%)]	Loss: 0.254899	Acc: 93.75%
Pre-train Epoch: 80 [6400/40200 (16%)]	Loss: 0.414151	Acc: 89.40%
Pre-train Epoch: 80 [12800/40200 (32%)]	Loss: 0.628053	Acc: 89.44%
Pre-train Epoch: 80 [19200/40200 (48%)]	Loss: 0.469315	Acc: 89.25%
Pre-train Epoch: 80 [25600/40200 (64%)]	Loss: 0.362106	Acc: 89.15%
Pre-train Epoch: 80 [32000/40200 (79%)]	Loss: 0.508843	Acc: 88.96%
Pre-train Epoch: 80 [38400/40200 (95%)]	Loss: 0.289910	Acc: 88.89%
Pre-train Epoch: 81 [0/40200 (0%)]	Loss: 0.444228	Acc: 92.19%
Pre-train Epoch: 81 [6400/40200 (16%)]	Loss: 0.357731	Acc: 89.33%
Pre-train Epoch: 81 [12800/40200 (32%)]	Loss: 0.602988	Acc: 89.09%
Pre-train Epoch: 81 [19200/40200 (48%)]	Loss: 0.448179	Acc: 88.97%
Pre-train Epoch: 81 [25600/40200 (64%)]	Loss: 0.467369	Acc: 88.95%
Pre-train Epoch: 81 [32000/40200 (79%)]	Loss: 0.375248	Acc: 88.91%
Pre-train Epoch: 81 [38400/40200 (95%)]	Loss: 0.452807	Acc: 88.94%
Pre-train Epoch: 82 [0/40200 (0%)]	Loss: 0.358537	Acc: 90.62%
Pre-train Epoch: 82 [6400/40200 (16%)]	Loss: 0.446544	Acc: 89.33%
Pre-train Epoch: 82 [12800/40200 (32%)]	Loss: 0.581337	Acc: 89.48%
Pre-train Epoch: 82 [19200/40200 (48%)]	Loss: 0.406279	Acc: 89.11%
Pre-train Epoch: 82 [25600/40200 (64%)]	Loss: 0.476082	Acc: 88.85%
Pre-train Epoch: 82 [32000/40200 (79%)]	Loss: 0.441229	Acc: 88.91%
Pre-train Epoch: 82 [38400/40200 (95%)]	Loss: 0.484271	Acc: 88.96%
Pre-train Epoch: 83 [0/40200 (0%)]	Loss: 0.456943	Acc: 89.06%
Pre-train Epoch: 83 [6400/40200 (16%)]	Loss: 0.403924	Acc: 90.05%
Pre-train Epoch: 83 [12800/40200 (32%)]	Loss: 0.389697	Acc: 89.44%
Pre-train Epoch: 83 [19200/40200 (48%)]	Loss: 0.504047	Acc: 89.30%
Pre-train Epoch: 83 [25600/40200 (64%)]	Loss: 0.405967	Acc: 89.23%
Pre-train Epoch: 83 [32000/40200 (79%)]	Loss: 0.390248	Acc: 89.19%
Pre-train Epoch: 83 [38400/40200 (95%)]	Loss: 0.330227	Acc: 89.18%
Pre-train Epoch: 84 [0/40200 (0%)]	Loss: 0.470190	Acc: 89.06%
Pre-train Epoch: 84 [6400/40200 (16%)]	Loss: 0.426339	Acc: 89.65%
Pre-train Epoch: 84 [12800/40200 (32%)]	Loss: 0.507367	Acc: 89.65%
Pre-train Epoch: 84 [19200/40200 (48%)]	Loss: 0.492199	Acc: 89.59%
Pre-train Epoch: 84 [25600/40200 (64%)]	Loss: 0.399813	Acc: 89.52%
Pre-train Epoch: 84 [32000/40200 (79%)]	Loss: 0.491550	Acc: 89.42%
Pre-train Epoch: 84 [38400/40200 (95%)]	Loss: 0.502018	Acc: 89.46%
Pre-train Epoch: 85 [0/40200 (0%)]	Loss: 0.382470	Acc: 93.75%
Pre-train Epoch: 85 [6400/40200 (16%)]	Loss: 0.631565	Acc: 90.02%
Pre-train Epoch: 85 [12800/40200 (32%)]	Loss: 0.578063	Acc: 90.24%
Pre-train Epoch: 85 [19200/40200 (48%)]	Loss: 0.411368	Acc: 90.03%
Pre-train Epoch: 85 [25600/40200 (64%)]	Loss: 0.359423	Acc: 89.74%
Pre-train Epoch: 85 [32000/40200 (79%)]	Loss: 0.332516	Acc: 89.68%
Pre-train Epoch: 85 [38400/40200 (95%)]	Loss: 0.372847	Acc: 89.52%
Pre-train Epoch: 86 [0/40200 (0%)]	Loss: 0.430804	Acc: 89.06%
Pre-train Epoch: 86 [6400/40200 (16%)]	Loss: 0.480223	Acc: 89.11%
Pre-train Epoch: 86 [12800/40200 (32%)]	Loss: 0.299169	Acc: 89.40%
Pre-train Epoch: 86 [19200/40200 (48%)]	Loss: 0.445372	Acc: 89.53%
Pre-train Epoch: 86 [25600/40200 (64%)]	Loss: 0.428624	Acc: 89.60%
Pre-train Epoch: 86 [32000/40200 (79%)]	Loss: 0.482024	Acc: 89.66%
Pre-train Epoch: 86 [38400/40200 (95%)]	Loss: 0.362566	Acc: 89.64%
Pre-train Epoch: 87 [0/40200 (0%)]	Loss: 0.413728	Acc: 92.19%
Pre-train Epoch: 87 [6400/40200 (16%)]	Loss: 0.284348	Acc: 89.63%
Pre-train Epoch: 87 [12800/40200 (32%)]	Loss: 0.346146	Acc: 89.65%
Pre-train Epoch: 87 [19200/40200 (48%)]	Loss: 0.283545	Acc: 89.61%
Pre-train Epoch: 87 [25600/40200 (64%)]	Loss: 0.397657	Acc: 89.60%
Pre-train Epoch: 87 [32000/40200 (79%)]	Loss: 0.354994	Acc: 89.56%
Pre-train Epoch: 87 [38400/40200 (95%)]	Loss: 0.490002	Acc: 89.60%
Pre-train Epoch: 88 [0/40200 (0%)]	Loss: 0.360374	Acc: 90.62%
Pre-train Epoch: 88 [6400/40200 (16%)]	Loss: 0.370291	Acc: 89.60%
Pre-train Epoch: 88 [12800/40200 (32%)]	Loss: 0.365894	Acc: 89.85%
Pre-train Epoch: 88 [19200/40200 (48%)]	Loss: 0.426417	Acc: 89.93%
Pre-train Epoch: 88 [25600/40200 (64%)]	Loss: 0.380666	Acc: 89.91%
Pre-train Epoch: 88 [32000/40200 (79%)]	Loss: 0.554232	Acc: 89.86%
Pre-train Epoch: 88 [38400/40200 (95%)]	Loss: 0.367224	Acc: 89.75%
Pre-train Epoch: 89 [0/40200 (0%)]	Loss: 0.360005	Acc: 92.19%
Pre-train Epoch: 89 [6400/40200 (16%)]	Loss: 0.419345	Acc: 90.22%
Pre-train Epoch: 89 [12800/40200 (32%)]	Loss: 0.547244	Acc: 90.21%
Pre-train Epoch: 89 [19200/40200 (48%)]	Loss: 0.433062	Acc: 89.86%
Pre-train Epoch: 89 [25600/40200 (64%)]	Loss: 0.302598	Acc: 90.00%
Pre-train Epoch: 89 [32000/40200 (79%)]	Loss: 0.428521	Acc: 89.89%
Pre-train Epoch: 89 [38400/40200 (95%)]	Loss: 0.462358	Acc: 89.87%
Pre-train Epoch: 90 [0/40200 (0%)]	Loss: 0.561201	Acc: 84.38%
Pre-train Epoch: 90 [6400/40200 (16%)]	Loss: 0.358703	Acc: 90.39%
Pre-train Epoch: 90 [12800/40200 (32%)]	Loss: 0.320290	Acc: 90.53%
Pre-train Epoch: 90 [19200/40200 (48%)]	Loss: 0.407743	Acc: 90.27%
Pre-train Epoch: 90 [25600/40200 (64%)]	Loss: 0.356796	Acc: 90.14%
Pre-train Epoch: 90 [32000/40200 (79%)]	Loss: 0.444245	Acc: 90.19%
Pre-train Epoch: 90 [38400/40200 (95%)]	Loss: 0.434620	Acc: 90.13%
Pre-train Epoch: 91 [0/40200 (0%)]	Loss: 0.413466	Acc: 87.50%
Pre-train Epoch: 91 [6400/40200 (16%)]	Loss: 0.328581	Acc: 90.61%
Pre-train Epoch: 91 [12800/40200 (32%)]	Loss: 0.438498	Acc: 90.55%
Pre-train Epoch: 91 [19200/40200 (48%)]	Loss: 0.308851	Acc: 90.45%
Pre-train Epoch: 91 [25600/40200 (64%)]	Loss: 0.370684	Acc: 90.18%
Pre-train Epoch: 91 [32000/40200 (79%)]	Loss: 0.386108	Acc: 90.10%
Pre-train Epoch: 91 [38400/40200 (95%)]	Loss: 0.381339	Acc: 90.03%
Pre-train Epoch: 92 [0/40200 (0%)]	Loss: 0.360759	Acc: 92.19%
Pre-train Epoch: 92 [6400/40200 (16%)]	Loss: 0.413532	Acc: 90.95%
Pre-train Epoch: 92 [12800/40200 (32%)]	Loss: 0.320128	Acc: 90.45%
Pre-train Epoch: 92 [19200/40200 (48%)]	Loss: 0.490827	Acc: 90.37%
Pre-train Epoch: 92 [25600/40200 (64%)]	Loss: 0.350801	Acc: 90.32%
Pre-train Epoch: 92 [32000/40200 (79%)]	Loss: 0.441398	Acc: 90.23%
Pre-train Epoch: 92 [38400/40200 (95%)]	Loss: 0.391404	Acc: 90.18%
Pre-train Epoch: 93 [0/40200 (0%)]	Loss: 0.392691	Acc: 89.06%
Pre-train Epoch: 93 [6400/40200 (16%)]	Loss: 0.291837	Acc: 89.74%
Pre-train Epoch: 93 [12800/40200 (32%)]	Loss: 0.495880	Acc: 89.92%
Pre-train Epoch: 93 [19200/40200 (48%)]	Loss: 0.438264	Acc: 89.98%
Pre-train Epoch: 93 [25600/40200 (64%)]	Loss: 0.401419	Acc: 90.04%
Pre-train Epoch: 93 [32000/40200 (79%)]	Loss: 0.567686	Acc: 90.06%
Pre-train Epoch: 93 [38400/40200 (95%)]	Loss: 0.428116	Acc: 90.13%
Pre-train Epoch: 94 [0/40200 (0%)]	Loss: 0.396310	Acc: 89.06%
Pre-train Epoch: 94 [6400/40200 (16%)]	Loss: 0.543266	Acc: 90.05%
Pre-train Epoch: 94 [12800/40200 (32%)]	Loss: 0.388677	Acc: 90.18%
Pre-train Epoch: 94 [19200/40200 (48%)]	Loss: 0.373514	Acc: 90.16%
Pre-train Epoch: 94 [25600/40200 (64%)]	Loss: 0.523922	Acc: 90.20%
Pre-train Epoch: 94 [32000/40200 (79%)]	Loss: 0.299020	Acc: 90.29%
Pre-train Epoch: 94 [38400/40200 (95%)]	Loss: 0.263936	Acc: 90.20%
Pre-train Epoch: 95 [0/40200 (0%)]	Loss: 0.432651	Acc: 87.50%
Pre-train Epoch: 95 [6400/40200 (16%)]	Loss: 0.294202	Acc: 90.38%
Pre-train Epoch: 95 [12800/40200 (32%)]	Loss: 0.399818	Acc: 90.14%
Pre-train Epoch: 95 [19200/40200 (48%)]	Loss: 0.343840	Acc: 90.30%
Pre-train Epoch: 95 [25600/40200 (64%)]	Loss: 0.361694	Acc: 90.17%
Pre-train Epoch: 95 [32000/40200 (79%)]	Loss: 0.575733	Acc: 90.19%
Pre-train Epoch: 95 [38400/40200 (95%)]	Loss: 0.444000	Acc: 90.20%
Pre-train Epoch: 96 [0/40200 (0%)]	Loss: 0.330767	Acc: 92.19%
Pre-train Epoch: 96 [6400/40200 (16%)]	Loss: 0.471759	Acc: 90.30%
Pre-train Epoch: 96 [12800/40200 (32%)]	Loss: 0.381428	Acc: 90.52%
Pre-train Epoch: 96 [19200/40200 (48%)]	Loss: 0.275592	Acc: 90.47%
Pre-train Epoch: 96 [25600/40200 (64%)]	Loss: 0.389759	Acc: 90.43%
Pre-train Epoch: 96 [32000/40200 (79%)]	Loss: 0.405961	Acc: 90.43%
Pre-train Epoch: 96 [38400/40200 (95%)]	Loss: 0.445800	Acc: 90.37%
Pre-train Epoch: 97 [0/40200 (0%)]	Loss: 0.391046	Acc: 92.19%
Pre-train Epoch: 97 [6400/40200 (16%)]	Loss: 0.284481	Acc: 90.25%
Pre-train Epoch: 97 [12800/40200 (32%)]	Loss: 0.381976	Acc: 90.39%
Pre-train Epoch: 97 [19200/40200 (48%)]	Loss: 0.429110	Acc: 90.46%
Pre-train Epoch: 97 [25600/40200 (64%)]	Loss: 0.324429	Acc: 90.41%
Pre-train Epoch: 97 [32000/40200 (79%)]	Loss: 0.351260	Acc: 90.37%
Pre-train Epoch: 97 [38400/40200 (95%)]	Loss: 0.396334	Acc: 90.34%
Pre-train Epoch: 98 [0/40200 (0%)]	Loss: 0.494832	Acc: 89.06%
Pre-train Epoch: 98 [6400/40200 (16%)]	Loss: 0.355692	Acc: 90.42%
Pre-train Epoch: 98 [12800/40200 (32%)]	Loss: 0.299524	Acc: 90.38%
Pre-train Epoch: 98 [19200/40200 (48%)]	Loss: 0.382125	Acc: 90.26%
Pre-train Epoch: 98 [25600/40200 (64%)]	Loss: 0.319966	Acc: 90.25%
Pre-train Epoch: 98 [32000/40200 (79%)]	Loss: 0.499597	Acc: 90.15%
Pre-train Epoch: 98 [38400/40200 (95%)]	Loss: 0.424370	Acc: 90.23%
Pre-train Epoch: 99 [0/40200 (0%)]	Loss: 0.445286	Acc: 87.50%
Pre-train Epoch: 99 [6400/40200 (16%)]	Loss: 0.427644	Acc: 90.28%
Pre-train Epoch: 99 [12800/40200 (32%)]	Loss: 0.438349	Acc: 90.25%
Pre-train Epoch: 99 [19200/40200 (48%)]	Loss: 0.417184	Acc: 90.18%
Pre-train Epoch: 99 [25600/40200 (64%)]	Loss: 0.365405	Acc: 90.20%
Pre-train Epoch: 99 [32000/40200 (79%)]	Loss: 0.443485	Acc: 90.33%
Pre-train Epoch: 99 [38400/40200 (95%)]	Loss: 0.566360	Acc: 90.42%
Pre-train Epoch: 100 [0/40200 (0%)]	Loss: 0.540551	Acc: 85.94%
Pre-train Epoch: 100 [6400/40200 (16%)]	Loss: 0.289544	Acc: 90.30%
Pre-train Epoch: 100 [12800/40200 (32%)]	Loss: 0.402939	Acc: 90.30%
Pre-train Epoch: 100 [19200/40200 (48%)]	Loss: 0.546231	Acc: 90.52%
Pre-train Epoch: 100 [25600/40200 (64%)]	Loss: 0.358024	Acc: 90.52%
Pre-train Epoch: 100 [32000/40200 (79%)]	Loss: 0.466796	Acc: 90.41%
Pre-train Epoch: 100 [38400/40200 (95%)]	Loss: 0.393272	Acc: 90.39%

--- Evaluating on Validation Split ---

Validation set: Average loss: 0.5252, Accuracy: 16653/19800 (84.11%)

Reference model saved to models/raman_reference_model.pth

--- Starting Finetuning ---
Applying RamanSPy preprocessing to data/X_finetune.npy...
Finetune Epoch: 1 [0/3000 (0%)]	Loss: 2.480605	Acc: 39.06%
Finetune Epoch: 2 [0/3000 (0%)]	Loss: 1.093711	Acc: 75.00%
Finetune Epoch: 3 [0/3000 (0%)]	Loss: 0.598381	Acc: 84.38%
Finetune Epoch: 4 [0/3000 (0%)]	Loss: 0.880588	Acc: 76.56%
Finetune Epoch: 5 [0/3000 (0%)]	Loss: 0.722645	Acc: 76.56%
Finetune Epoch: 6 [0/3000 (0%)]	Loss: 0.396683	Acc: 92.19%
Finetune Epoch: 7 [0/3000 (0%)]	Loss: 0.577047	Acc: 84.38%
Finetune Epoch: 8 [0/3000 (0%)]	Loss: 0.526154	Acc: 90.62%
Finetune Epoch: 9 [0/3000 (0%)]	Loss: 0.478733	Acc: 85.94%
Finetune Epoch: 10 [0/3000 (0%)]	Loss: 0.416907	Acc: 95.31%
Finetune Epoch: 11 [0/3000 (0%)]	Loss: 0.457158	Acc: 84.38%
Finetune Epoch: 12 [0/3000 (0%)]	Loss: 0.353879	Acc: 92.19%
Finetune Epoch: 13 [0/3000 (0%)]	Loss: 0.467697	Acc: 90.62%
Finetune Epoch: 14 [0/3000 (0%)]	Loss: 0.404665	Acc: 92.19%
Finetune Epoch: 15 [0/3000 (0%)]	Loss: 0.530324	Acc: 84.38%
Finetune Epoch: 16 [0/3000 (0%)]	Loss: 0.339550	Acc: 93.75%
Finetune Epoch: 17 [0/3000 (0%)]	Loss: 0.463877	Acc: 92.19%
Finetune Epoch: 18 [0/3000 (0%)]	Loss: 0.348436	Acc: 92.19%
Finetune Epoch: 19 [0/3000 (0%)]	Loss: 0.367609	Acc: 87.50%
Finetune Epoch: 20 [0/3000 (0%)]	Loss: 0.398124	Acc: 92.19%
Finetuned model saved to models/raman_finetuned_model.pth

--- Evaluating on Test Set ---
Applying RamanSPy preprocessing to data/X_test.npy...

Test set: Average loss: 0.8282, Accuracy: 2253/3000 (75.10%)

