Using device: mps
Loading reference dataset...
Applying RamanSPy preprocessing to data/X_reference.npy...
Detected 30 classes.
Split reference data: 40200 train / 19800 val

--- Starting Reference Training ---
Pre-train Epoch: 1 [0/40200 (0%)]	Loss: 3.415733	Acc: 3.12%
Pre-train Epoch: 1 [6400/40200 (16%)]	Loss: 2.763735	Acc: 13.99%
Pre-train Epoch: 1 [12800/40200 (32%)]	Loss: 2.614703	Acc: 15.30%
Pre-train Epoch: 1 [19200/40200 (48%)]	Loss: 2.536155	Acc: 17.04%
Pre-train Epoch: 1 [25600/40200 (64%)]	Loss: 2.217643	Acc: 18.89%
Pre-train Epoch: 1 [32000/40200 (79%)]	Loss: 2.419387	Acc: 20.63%
Pre-train Epoch: 1 [38400/40200 (95%)]	Loss: 2.114096	Acc: 22.38%
Pre-train Epoch: 2 [0/40200 (0%)]	Loss: 1.976045	Acc: 35.94%
Pre-train Epoch: 2 [6400/40200 (16%)]	Loss: 2.029811	Acc: 34.48%
Pre-train Epoch: 2 [12800/40200 (32%)]	Loss: 1.737722	Acc: 36.16%
Pre-train Epoch: 2 [19200/40200 (48%)]	Loss: 1.942710	Acc: 37.41%
Pre-train Epoch: 2 [25600/40200 (64%)]	Loss: 1.847585	Acc: 38.63%
Pre-train Epoch: 2 [32000/40200 (79%)]	Loss: 1.809014	Acc: 39.49%
Pre-train Epoch: 2 [38400/40200 (95%)]	Loss: 1.581441	Acc: 40.48%
Pre-train Epoch: 3 [0/40200 (0%)]	Loss: 1.693452	Acc: 40.62%
Pre-train Epoch: 3 [6400/40200 (16%)]	Loss: 1.557550	Acc: 46.33%
Pre-train Epoch: 3 [12800/40200 (32%)]	Loss: 1.604177	Acc: 46.73%
Pre-train Epoch: 3 [19200/40200 (48%)]	Loss: 1.770698	Acc: 46.89%
Pre-train Epoch: 3 [25600/40200 (64%)]	Loss: 1.616750	Acc: 47.43%
Pre-train Epoch: 3 [32000/40200 (79%)]	Loss: 1.665349	Acc: 47.86%
Pre-train Epoch: 3 [38400/40200 (95%)]	Loss: 1.739731	Acc: 48.22%
Pre-train Epoch: 4 [0/40200 (0%)]	Loss: 1.501324	Acc: 57.81%
Pre-train Epoch: 4 [6400/40200 (16%)]	Loss: 1.356590	Acc: 50.88%
Pre-train Epoch: 4 [12800/40200 (32%)]	Loss: 1.436625	Acc: 50.76%
Pre-train Epoch: 4 [19200/40200 (48%)]	Loss: 1.685777	Acc: 51.29%
Pre-train Epoch: 4 [25600/40200 (64%)]	Loss: 1.525787	Acc: 51.52%
Pre-train Epoch: 4 [32000/40200 (79%)]	Loss: 1.538807	Acc: 51.64%
Pre-train Epoch: 4 [38400/40200 (95%)]	Loss: 1.426366	Acc: 51.59%
Pre-train Epoch: 5 [0/40200 (0%)]	Loss: 1.359819	Acc: 56.25%
Pre-train Epoch: 5 [6400/40200 (16%)]	Loss: 1.565516	Acc: 52.24%
Pre-train Epoch: 5 [12800/40200 (32%)]	Loss: 1.286066	Acc: 52.88%
Pre-train Epoch: 5 [19200/40200 (48%)]	Loss: 1.629505	Acc: 52.87%
Pre-train Epoch: 5 [25600/40200 (64%)]	Loss: 1.342643	Acc: 52.87%
Pre-train Epoch: 5 [32000/40200 (79%)]	Loss: 1.692213	Acc: 52.72%
Pre-train Epoch: 5 [38400/40200 (95%)]	Loss: 1.259970	Acc: 53.00%
Pre-train Epoch: 6 [0/40200 (0%)]	Loss: 1.506925	Acc: 56.25%
Pre-train Epoch: 6 [6400/40200 (16%)]	Loss: 1.250971	Acc: 54.18%
Pre-train Epoch: 6 [12800/40200 (32%)]	Loss: 1.609940	Acc: 54.29%
Pre-train Epoch: 6 [19200/40200 (48%)]	Loss: 1.450779	Acc: 54.33%
Pre-train Epoch: 6 [25600/40200 (64%)]	Loss: 1.544678	Acc: 54.41%
Pre-train Epoch: 6 [32000/40200 (79%)]	Loss: 1.450998	Acc: 54.50%
Pre-train Epoch: 6 [38400/40200 (95%)]	Loss: 1.348478	Acc: 54.42%
Pre-train Epoch: 7 [0/40200 (0%)]	Loss: 1.360065	Acc: 60.94%
Pre-train Epoch: 7 [6400/40200 (16%)]	Loss: 1.552202	Acc: 54.59%
Pre-train Epoch: 7 [12800/40200 (32%)]	Loss: 1.599306	Acc: 55.22%
Pre-train Epoch: 7 [19200/40200 (48%)]	Loss: 1.416258	Acc: 55.26%
Pre-train Epoch: 7 [25600/40200 (64%)]	Loss: 1.188617	Acc: 55.40%
Pre-train Epoch: 7 [32000/40200 (79%)]	Loss: 1.317991	Acc: 55.60%
Pre-train Epoch: 7 [38400/40200 (95%)]	Loss: 1.313875	Acc: 55.40%
Pre-train Epoch: 8 [0/40200 (0%)]	Loss: 1.497345	Acc: 54.69%
Pre-train Epoch: 8 [6400/40200 (16%)]	Loss: 1.434501	Acc: 55.48%
Pre-train Epoch: 8 [12800/40200 (32%)]	Loss: 1.269490	Acc: 55.77%
Pre-train Epoch: 8 [19200/40200 (48%)]	Loss: 1.381909	Acc: 55.69%
Pre-train Epoch: 8 [25600/40200 (64%)]	Loss: 1.381198	Acc: 55.65%
Pre-train Epoch: 8 [32000/40200 (79%)]	Loss: 1.332493	Acc: 55.79%
Pre-train Epoch: 8 [38400/40200 (95%)]	Loss: 1.349987	Acc: 55.85%
Pre-train Epoch: 9 [0/40200 (0%)]	Loss: 1.385715	Acc: 62.50%
Pre-train Epoch: 9 [6400/40200 (16%)]	Loss: 1.165212	Acc: 56.28%
Pre-train Epoch: 9 [12800/40200 (32%)]	Loss: 1.244826	Acc: 56.58%
Pre-train Epoch: 9 [19200/40200 (48%)]	Loss: 1.220141	Acc: 57.03%
Pre-train Epoch: 9 [25600/40200 (64%)]	Loss: 1.127194	Acc: 57.06%
Pre-train Epoch: 9 [32000/40200 (79%)]	Loss: 1.224721	Acc: 56.83%
Pre-train Epoch: 9 [38400/40200 (95%)]	Loss: 1.436863	Acc: 56.78%
Pre-train Epoch: 10 [0/40200 (0%)]	Loss: 1.435248	Acc: 45.31%
Pre-train Epoch: 10 [6400/40200 (16%)]	Loss: 1.333585	Acc: 57.53%
Pre-train Epoch: 10 [12800/40200 (32%)]	Loss: 1.254609	Acc: 57.63%
Pre-train Epoch: 10 [19200/40200 (48%)]	Loss: 1.306264	Acc: 57.74%
Pre-train Epoch: 10 [25600/40200 (64%)]	Loss: 1.224966	Acc: 57.78%
Pre-train Epoch: 10 [32000/40200 (79%)]	Loss: 1.214026	Acc: 57.69%
Pre-train Epoch: 10 [38400/40200 (95%)]	Loss: 1.160636	Acc: 57.78%
Pre-train Epoch: 11 [0/40200 (0%)]	Loss: 1.489600	Acc: 54.69%
Pre-train Epoch: 11 [6400/40200 (16%)]	Loss: 1.484727	Acc: 58.52%
Pre-train Epoch: 11 [12800/40200 (32%)]	Loss: 1.249674	Acc: 58.14%
Pre-train Epoch: 11 [19200/40200 (48%)]	Loss: 1.263442	Acc: 58.32%
Pre-train Epoch: 11 [25600/40200 (64%)]	Loss: 1.187127	Acc: 58.50%
Pre-train Epoch: 11 [32000/40200 (79%)]	Loss: 1.322995	Acc: 58.43%
Pre-train Epoch: 11 [38400/40200 (95%)]	Loss: 1.235201	Acc: 58.31%
Pre-train Epoch: 12 [0/40200 (0%)]	Loss: 1.279452	Acc: 65.62%
Pre-train Epoch: 12 [6400/40200 (16%)]	Loss: 1.262025	Acc: 58.40%
Pre-train Epoch: 12 [12800/40200 (32%)]	Loss: 1.328150	Acc: 58.71%
Pre-train Epoch: 12 [19200/40200 (48%)]	Loss: 1.423982	Acc: 58.67%
Pre-train Epoch: 12 [25600/40200 (64%)]	Loss: 1.252542	Acc: 58.69%
Pre-train Epoch: 12 [32000/40200 (79%)]	Loss: 1.265423	Acc: 58.69%
Pre-train Epoch: 12 [38400/40200 (95%)]	Loss: 1.365859	Acc: 58.70%
Pre-train Epoch: 13 [0/40200 (0%)]	Loss: 1.334891	Acc: 56.25%
Pre-train Epoch: 13 [6400/40200 (16%)]	Loss: 1.205264	Acc: 59.73%
Pre-train Epoch: 13 [12800/40200 (32%)]	Loss: 1.449300	Acc: 59.29%
Pre-train Epoch: 13 [19200/40200 (48%)]	Loss: 1.414397	Acc: 58.87%
Pre-train Epoch: 13 [25600/40200 (64%)]	Loss: 1.543509	Acc: 58.93%
Pre-train Epoch: 13 [32000/40200 (79%)]	Loss: 1.367177	Acc: 58.67%
Pre-train Epoch: 13 [38400/40200 (95%)]	Loss: 1.033742	Acc: 58.80%
Pre-train Epoch: 14 [0/40200 (0%)]	Loss: 1.435403	Acc: 59.38%
Pre-train Epoch: 14 [6400/40200 (16%)]	Loss: 1.293930	Acc: 58.57%
Pre-train Epoch: 14 [12800/40200 (32%)]	Loss: 1.245087	Acc: 59.32%
Pre-train Epoch: 14 [19200/40200 (48%)]	Loss: 1.375550	Acc: 59.47%
Pre-train Epoch: 14 [25600/40200 (64%)]	Loss: 1.309480	Acc: 59.55%
Pre-train Epoch: 14 [32000/40200 (79%)]	Loss: 1.253845	Acc: 59.42%
Pre-train Epoch: 14 [38400/40200 (95%)]	Loss: 1.219257	Acc: 59.39%
Pre-train Epoch: 15 [0/40200 (0%)]	Loss: 1.000967	Acc: 67.19%
Pre-train Epoch: 15 [6400/40200 (16%)]	Loss: 1.408036	Acc: 59.81%
Pre-train Epoch: 15 [12800/40200 (32%)]	Loss: 1.255526	Acc: 60.09%
Pre-train Epoch: 15 [19200/40200 (48%)]	Loss: 1.138472	Acc: 59.71%
Pre-train Epoch: 15 [25600/40200 (64%)]	Loss: 1.406157	Acc: 59.52%
Pre-train Epoch: 15 [32000/40200 (79%)]	Loss: 1.381939	Acc: 59.54%
Pre-train Epoch: 15 [38400/40200 (95%)]	Loss: 1.200197	Acc: 59.72%
Pre-train Epoch: 16 [0/40200 (0%)]	Loss: 1.285219	Acc: 54.69%
Pre-train Epoch: 16 [6400/40200 (16%)]	Loss: 1.039578	Acc: 60.92%
Pre-train Epoch: 16 [12800/40200 (32%)]	Loss: 1.165434	Acc: 60.25%
Pre-train Epoch: 16 [19200/40200 (48%)]	Loss: 1.402056	Acc: 60.30%
Pre-train Epoch: 16 [25600/40200 (64%)]	Loss: 1.377631	Acc: 60.10%
Pre-train Epoch: 16 [32000/40200 (79%)]	Loss: 1.399552	Acc: 59.84%
Pre-train Epoch: 16 [38400/40200 (95%)]	Loss: 1.171431	Acc: 60.01%
Pre-train Epoch: 17 [0/40200 (0%)]	Loss: 1.382983	Acc: 53.12%
Pre-train Epoch: 17 [6400/40200 (16%)]	Loss: 1.243250	Acc: 59.53%
Pre-train Epoch: 17 [12800/40200 (32%)]	Loss: 1.107159	Acc: 60.11%
Pre-train Epoch: 17 [19200/40200 (48%)]	Loss: 1.107938	Acc: 59.85%
Pre-train Epoch: 17 [25600/40200 (64%)]	Loss: 1.342808	Acc: 59.97%
Pre-train Epoch: 17 [32000/40200 (79%)]	Loss: 1.178353	Acc: 60.23%
Pre-train Epoch: 17 [38400/40200 (95%)]	Loss: 1.240722	Acc: 60.36%
Pre-train Epoch: 18 [0/40200 (0%)]	Loss: 1.330730	Acc: 57.81%
Pre-train Epoch: 18 [6400/40200 (16%)]	Loss: 1.238569	Acc: 60.46%
Pre-train Epoch: 18 [12800/40200 (32%)]	Loss: 1.507895	Acc: 60.53%
Pre-train Epoch: 18 [19200/40200 (48%)]	Loss: 1.401135	Acc: 60.45%
Pre-train Epoch: 18 [25600/40200 (64%)]	Loss: 1.213151	Acc: 60.81%
Pre-train Epoch: 18 [32000/40200 (79%)]	Loss: 1.246100	Acc: 60.93%
Pre-train Epoch: 18 [38400/40200 (95%)]	Loss: 0.966302	Acc: 60.68%
Pre-train Epoch: 19 [0/40200 (0%)]	Loss: 1.144804	Acc: 70.31%
Pre-train Epoch: 19 [6400/40200 (16%)]	Loss: 1.119481	Acc: 60.64%
Pre-train Epoch: 19 [12800/40200 (32%)]	Loss: 1.098306	Acc: 61.02%
Pre-train Epoch: 19 [19200/40200 (48%)]	Loss: 1.145047	Acc: 60.80%
Pre-train Epoch: 19 [25600/40200 (64%)]	Loss: 1.235353	Acc: 60.72%
Pre-train Epoch: 19 [32000/40200 (79%)]	Loss: 1.247764	Acc: 60.67%
Pre-train Epoch: 19 [38400/40200 (95%)]	Loss: 1.306949	Acc: 60.64%
Pre-train Epoch: 20 [0/40200 (0%)]	Loss: 1.178095	Acc: 62.50%
Pre-train Epoch: 20 [6400/40200 (16%)]	Loss: 1.277254	Acc: 60.91%
Pre-train Epoch: 20 [12800/40200 (32%)]	Loss: 1.054274	Acc: 60.99%
Pre-train Epoch: 20 [19200/40200 (48%)]	Loss: 1.445843	Acc: 61.17%
Pre-train Epoch: 20 [25600/40200 (64%)]	Loss: 1.214203	Acc: 60.97%
Pre-train Epoch: 20 [32000/40200 (79%)]	Loss: 1.058143	Acc: 61.14%
Pre-train Epoch: 20 [38400/40200 (95%)]	Loss: 1.302770	Acc: 61.08%
Pre-train Epoch: 21 [0/40200 (0%)]	Loss: 1.277808	Acc: 53.12%
Pre-train Epoch: 21 [6400/40200 (16%)]	Loss: 1.126231	Acc: 61.14%
Pre-train Epoch: 21 [12800/40200 (32%)]	Loss: 1.074544	Acc: 61.04%
Pre-train Epoch: 21 [19200/40200 (48%)]	Loss: 1.088677	Acc: 60.88%
Pre-train Epoch: 21 [25600/40200 (64%)]	Loss: 1.119780	Acc: 60.96%
Pre-train Epoch: 21 [32000/40200 (79%)]	Loss: 1.320035	Acc: 61.04%
Pre-train Epoch: 21 [38400/40200 (95%)]	Loss: 1.268971	Acc: 61.14%
Pre-train Epoch: 22 [0/40200 (0%)]	Loss: 1.226001	Acc: 56.25%
Pre-train Epoch: 22 [6400/40200 (16%)]	Loss: 1.337652	Acc: 60.94%
Pre-train Epoch: 22 [12800/40200 (32%)]	Loss: 1.075504	Acc: 61.20%
Pre-train Epoch: 22 [19200/40200 (48%)]	Loss: 1.446814	Acc: 60.98%
Pre-train Epoch: 22 [25600/40200 (64%)]	Loss: 1.216749	Acc: 61.05%
Pre-train Epoch: 22 [32000/40200 (79%)]	Loss: 1.026873	Acc: 61.24%
Pre-train Epoch: 22 [38400/40200 (95%)]	Loss: 1.034584	Acc: 61.23%
Pre-train Epoch: 23 [0/40200 (0%)]	Loss: 1.017908	Acc: 68.75%
Pre-train Epoch: 23 [6400/40200 (16%)]	Loss: 1.045000	Acc: 62.04%
Pre-train Epoch: 23 [12800/40200 (32%)]	Loss: 1.180486	Acc: 61.39%
Pre-train Epoch: 23 [19200/40200 (48%)]	Loss: 1.097680	Acc: 61.22%
Pre-train Epoch: 23 [25600/40200 (64%)]	Loss: 1.327828	Acc: 61.32%
Pre-train Epoch: 23 [32000/40200 (79%)]	Loss: 1.094701	Acc: 61.53%
Pre-train Epoch: 23 [38400/40200 (95%)]	Loss: 1.188763	Acc: 61.38%
Pre-train Epoch: 24 [0/40200 (0%)]	Loss: 1.134918	Acc: 62.50%
Pre-train Epoch: 24 [6400/40200 (16%)]	Loss: 1.175573	Acc: 61.54%
Pre-train Epoch: 24 [12800/40200 (32%)]	Loss: 0.979572	Acc: 62.45%
Pre-train Epoch: 24 [19200/40200 (48%)]	Loss: 1.108544	Acc: 61.95%
Pre-train Epoch: 24 [25600/40200 (64%)]	Loss: 1.272576	Acc: 62.09%
Pre-train Epoch: 24 [32000/40200 (79%)]	Loss: 1.299880	Acc: 61.97%
Pre-train Epoch: 24 [38400/40200 (95%)]	Loss: 1.193857	Acc: 61.95%
Pre-train Epoch: 25 [0/40200 (0%)]	Loss: 1.474657	Acc: 48.44%
Pre-train Epoch: 25 [6400/40200 (16%)]	Loss: 1.236321	Acc: 62.07%
Pre-train Epoch: 25 [12800/40200 (32%)]	Loss: 1.170350	Acc: 61.97%
Pre-train Epoch: 25 [19200/40200 (48%)]	Loss: 1.139910	Acc: 61.88%
Pre-train Epoch: 25 [25600/40200 (64%)]	Loss: 1.395029	Acc: 61.81%
Pre-train Epoch: 25 [32000/40200 (79%)]	Loss: 1.302550	Acc: 61.89%
Pre-train Epoch: 25 [38400/40200 (95%)]	Loss: 1.355542	Acc: 61.90%
Pre-train Epoch: 26 [0/40200 (0%)]	Loss: 1.139686	Acc: 71.88%
Pre-train Epoch: 26 [6400/40200 (16%)]	Loss: 1.044428	Acc: 61.70%
Pre-train Epoch: 26 [12800/40200 (32%)]	Loss: 1.291088	Acc: 61.78%
Pre-train Epoch: 26 [19200/40200 (48%)]	Loss: 1.189969	Acc: 61.89%
Pre-train Epoch: 26 [25600/40200 (64%)]	Loss: 1.303226	Acc: 61.81%
Pre-train Epoch: 26 [32000/40200 (79%)]	Loss: 1.056198	Acc: 61.75%
Pre-train Epoch: 26 [38400/40200 (95%)]	Loss: 1.197927	Acc: 61.80%
Pre-train Epoch: 27 [0/40200 (0%)]	Loss: 1.104818	Acc: 76.56%
Pre-train Epoch: 27 [6400/40200 (16%)]	Loss: 1.111607	Acc: 61.09%
Pre-train Epoch: 27 [12800/40200 (32%)]	Loss: 1.198525	Acc: 62.03%
Pre-train Epoch: 27 [19200/40200 (48%)]	Loss: 1.342974	Acc: 62.17%
Pre-train Epoch: 27 [25600/40200 (64%)]	Loss: 1.273682	Acc: 61.77%
Pre-train Epoch: 27 [32000/40200 (79%)]	Loss: 1.068139	Acc: 61.93%
Pre-train Epoch: 27 [38400/40200 (95%)]	Loss: 1.141446	Acc: 61.88%
Pre-train Epoch: 28 [0/40200 (0%)]	Loss: 1.010852	Acc: 68.75%
Pre-train Epoch: 28 [6400/40200 (16%)]	Loss: 1.163686	Acc: 62.41%
Pre-train Epoch: 28 [12800/40200 (32%)]	Loss: 1.104647	Acc: 62.41%
Pre-train Epoch: 28 [19200/40200 (48%)]	Loss: 1.450692	Acc: 62.37%
Pre-train Epoch: 28 [25600/40200 (64%)]	Loss: 1.251668	Acc: 62.41%
Pre-train Epoch: 28 [32000/40200 (79%)]	Loss: 1.224050	Acc: 62.50%
Pre-train Epoch: 28 [38400/40200 (95%)]	Loss: 1.359255	Acc: 62.51%
Pre-train Epoch: 29 [0/40200 (0%)]	Loss: 1.295712	Acc: 51.56%
Pre-train Epoch: 29 [6400/40200 (16%)]	Loss: 1.456741	Acc: 61.48%
Pre-train Epoch: 29 [12800/40200 (32%)]	Loss: 1.327234	Acc: 62.22%
Pre-train Epoch: 29 [19200/40200 (48%)]	Loss: 1.241489	Acc: 62.17%
Pre-train Epoch: 29 [25600/40200 (64%)]	Loss: 1.244152	Acc: 62.53%
Pre-train Epoch: 29 [32000/40200 (79%)]	Loss: 1.195294	Acc: 62.49%
Pre-train Epoch: 29 [38400/40200 (95%)]	Loss: 1.274367	Acc: 62.32%
Pre-train Epoch: 30 [0/40200 (0%)]	Loss: 1.029592	Acc: 60.94%
Pre-train Epoch: 30 [6400/40200 (16%)]	Loss: 1.112944	Acc: 63.83%
Pre-train Epoch: 30 [12800/40200 (32%)]	Loss: 1.032203	Acc: 62.90%
Pre-train Epoch: 30 [19200/40200 (48%)]	Loss: 1.174789	Acc: 62.92%
Pre-train Epoch: 30 [25600/40200 (64%)]	Loss: 1.124568	Acc: 62.74%
Pre-train Epoch: 30 [32000/40200 (79%)]	Loss: 1.177461	Acc: 62.81%
Pre-train Epoch: 30 [38400/40200 (95%)]	Loss: 1.170914	Acc: 62.68%
Pre-train Epoch: 31 [0/40200 (0%)]	Loss: 1.005286	Acc: 62.50%
Pre-train Epoch: 31 [6400/40200 (16%)]	Loss: 0.977202	Acc: 63.03%
Pre-train Epoch: 31 [12800/40200 (32%)]	Loss: 1.112027	Acc: 63.32%
Pre-train Epoch: 31 [19200/40200 (48%)]	Loss: 1.146984	Acc: 63.37%
Pre-train Epoch: 31 [25600/40200 (64%)]	Loss: 1.347962	Acc: 62.96%
Pre-train Epoch: 31 [32000/40200 (79%)]	Loss: 1.001021	Acc: 62.86%
Pre-train Epoch: 31 [38400/40200 (95%)]	Loss: 1.049349	Acc: 62.77%
Pre-train Epoch: 32 [0/40200 (0%)]	Loss: 1.067783	Acc: 65.62%
Pre-train Epoch: 32 [6400/40200 (16%)]	Loss: 1.384468	Acc: 63.13%
Pre-train Epoch: 32 [12800/40200 (32%)]	Loss: 1.160661	Acc: 62.66%
Pre-train Epoch: 32 [19200/40200 (48%)]	Loss: 1.223540	Acc: 62.59%
Pre-train Epoch: 32 [25600/40200 (64%)]	Loss: 1.229820	Acc: 62.78%
Pre-train Epoch: 32 [32000/40200 (79%)]	Loss: 1.167694	Acc: 62.77%
Pre-train Epoch: 32 [38400/40200 (95%)]	Loss: 1.402337	Acc: 62.67%
Pre-train Epoch: 33 [0/40200 (0%)]	Loss: 0.961245	Acc: 76.56%
Pre-train Epoch: 33 [6400/40200 (16%)]	Loss: 1.036608	Acc: 64.14%
Pre-train Epoch: 33 [12800/40200 (32%)]	Loss: 1.081895	Acc: 63.42%
Pre-train Epoch: 33 [19200/40200 (48%)]	Loss: 0.953484	Acc: 63.31%
Pre-train Epoch: 33 [25600/40200 (64%)]	Loss: 1.053597	Acc: 63.00%
Pre-train Epoch: 33 [32000/40200 (79%)]	Loss: 1.186103	Acc: 63.15%
Pre-train Epoch: 33 [38400/40200 (95%)]	Loss: 1.121388	Acc: 63.19%
Pre-train Epoch: 34 [0/40200 (0%)]	Loss: 1.155939	Acc: 70.31%
Pre-train Epoch: 34 [6400/40200 (16%)]	Loss: 1.254127	Acc: 62.90%
Pre-train Epoch: 34 [12800/40200 (32%)]	Loss: 1.021948	Acc: 63.20%
Pre-train Epoch: 34 [19200/40200 (48%)]	Loss: 1.275347	Acc: 62.90%
Pre-train Epoch: 34 [25600/40200 (64%)]	Loss: 1.187653	Acc: 63.06%
Pre-train Epoch: 34 [32000/40200 (79%)]	Loss: 1.134546	Acc: 63.09%
Pre-train Epoch: 34 [38400/40200 (95%)]	Loss: 1.383323	Acc: 63.13%
Pre-train Epoch: 35 [0/40200 (0%)]	Loss: 0.985361	Acc: 67.19%
Pre-train Epoch: 35 [6400/40200 (16%)]	Loss: 1.042240	Acc: 63.94%
Pre-train Epoch: 35 [12800/40200 (32%)]	Loss: 1.062271	Acc: 63.41%
Pre-train Epoch: 35 [19200/40200 (48%)]	Loss: 1.046851	Acc: 63.53%
Pre-train Epoch: 35 [25600/40200 (64%)]	Loss: 1.058130	Acc: 63.30%
Pre-train Epoch: 35 [32000/40200 (79%)]	Loss: 1.616361	Acc: 63.46%
Pre-train Epoch: 35 [38400/40200 (95%)]	Loss: 1.198849	Acc: 63.38%
Pre-train Epoch: 36 [0/40200 (0%)]	Loss: 1.134171	Acc: 65.62%
Pre-train Epoch: 36 [6400/40200 (16%)]	Loss: 1.103757	Acc: 63.15%
Pre-train Epoch: 36 [12800/40200 (32%)]	Loss: 1.381175	Acc: 63.35%
Pre-train Epoch: 36 [19200/40200 (48%)]	Loss: 1.204786	Acc: 63.43%
Pre-train Epoch: 36 [25600/40200 (64%)]	Loss: 1.432820	Acc: 63.52%
Pre-train Epoch: 36 [32000/40200 (79%)]	Loss: 1.115539	Acc: 63.49%
Pre-train Epoch: 36 [38400/40200 (95%)]	Loss: 1.132784	Acc: 63.45%
Pre-train Epoch: 37 [0/40200 (0%)]	Loss: 1.160152	Acc: 60.94%
Pre-train Epoch: 37 [6400/40200 (16%)]	Loss: 1.303725	Acc: 64.40%
Pre-train Epoch: 37 [12800/40200 (32%)]	Loss: 1.143018	Acc: 63.93%
Pre-train Epoch: 37 [19200/40200 (48%)]	Loss: 1.074638	Acc: 63.67%
Pre-train Epoch: 37 [25600/40200 (64%)]	Loss: 1.255475	Acc: 63.74%
Pre-train Epoch: 37 [32000/40200 (79%)]	Loss: 1.186831	Acc: 63.50%
Pre-train Epoch: 37 [38400/40200 (95%)]	Loss: 0.910817	Acc: 63.58%
Pre-train Epoch: 38 [0/40200 (0%)]	Loss: 1.126372	Acc: 62.50%
Pre-train Epoch: 38 [6400/40200 (16%)]	Loss: 1.380115	Acc: 63.35%
Pre-train Epoch: 38 [12800/40200 (32%)]	Loss: 1.119058	Acc: 63.33%
Pre-train Epoch: 38 [19200/40200 (48%)]	Loss: 1.164375	Acc: 63.47%
Pre-train Epoch: 38 [25600/40200 (64%)]	Loss: 1.292515	Acc: 63.42%
Pre-train Epoch: 38 [32000/40200 (79%)]	Loss: 1.101252	Acc: 63.39%
Pre-train Epoch: 38 [38400/40200 (95%)]	Loss: 1.060629	Acc: 63.39%
Pre-train Epoch: 39 [0/40200 (0%)]	Loss: 1.264429	Acc: 56.25%
Pre-train Epoch: 39 [6400/40200 (16%)]	Loss: 1.042830	Acc: 63.77%
Pre-train Epoch: 39 [12800/40200 (32%)]	Loss: 1.059841	Acc: 63.36%
Pre-train Epoch: 39 [19200/40200 (48%)]	Loss: 1.177802	Acc: 63.32%
Pre-train Epoch: 39 [25600/40200 (64%)]	Loss: 1.070008	Acc: 63.44%
Pre-train Epoch: 39 [32000/40200 (79%)]	Loss: 1.320944	Acc: 63.75%
Pre-train Epoch: 39 [38400/40200 (95%)]	Loss: 1.132455	Acc: 63.66%
Pre-train Epoch: 40 [0/40200 (0%)]	Loss: 1.060458	Acc: 65.62%
Pre-train Epoch: 40 [6400/40200 (16%)]	Loss: 1.008422	Acc: 64.28%
Pre-train Epoch: 40 [12800/40200 (32%)]	Loss: 0.987677	Acc: 64.14%
Pre-train Epoch: 40 [19200/40200 (48%)]	Loss: 1.131807	Acc: 64.20%
Pre-train Epoch: 40 [25600/40200 (64%)]	Loss: 1.329419	Acc: 64.18%
Pre-train Epoch: 40 [32000/40200 (79%)]	Loss: 1.076295	Acc: 64.18%
Pre-train Epoch: 40 [38400/40200 (95%)]	Loss: 1.087135	Acc: 64.09%
Pre-train Epoch: 41 [0/40200 (0%)]	Loss: 1.049094	Acc: 67.19%
Pre-train Epoch: 41 [6400/40200 (16%)]	Loss: 1.286894	Acc: 63.15%
Pre-train Epoch: 41 [12800/40200 (32%)]	Loss: 1.017490	Acc: 63.75%
Pre-train Epoch: 41 [19200/40200 (48%)]	Loss: 1.227990	Acc: 64.13%
Pre-train Epoch: 41 [25600/40200 (64%)]	Loss: 1.061150	Acc: 64.03%
Pre-train Epoch: 41 [32000/40200 (79%)]	Loss: 1.308306	Acc: 63.95%
Pre-train Epoch: 41 [38400/40200 (95%)]	Loss: 1.062746	Acc: 64.04%
Pre-train Epoch: 42 [0/40200 (0%)]	Loss: 1.249051	Acc: 59.38%
Pre-train Epoch: 42 [6400/40200 (16%)]	Loss: 1.188231	Acc: 64.08%
Pre-train Epoch: 42 [12800/40200 (32%)]	Loss: 1.068091	Acc: 63.85%
Pre-train Epoch: 42 [19200/40200 (48%)]	Loss: 1.322464	Acc: 63.82%
Pre-train Epoch: 42 [25600/40200 (64%)]	Loss: 1.196695	Acc: 63.91%
Pre-train Epoch: 42 [32000/40200 (79%)]	Loss: 0.998995	Acc: 63.99%
Pre-train Epoch: 42 [38400/40200 (95%)]	Loss: 1.031471	Acc: 64.06%
Pre-train Epoch: 43 [0/40200 (0%)]	Loss: 1.161482	Acc: 64.06%
Pre-train Epoch: 43 [6400/40200 (16%)]	Loss: 1.487760	Acc: 64.82%
Pre-train Epoch: 43 [12800/40200 (32%)]	Loss: 0.980006	Acc: 64.72%
Pre-train Epoch: 43 [19200/40200 (48%)]	Loss: 1.481301	Acc: 64.52%
Pre-train Epoch: 43 [25600/40200 (64%)]	Loss: 1.124245	Acc: 64.35%
Pre-train Epoch: 43 [32000/40200 (79%)]	Loss: 1.255795	Acc: 64.25%
Pre-train Epoch: 43 [38400/40200 (95%)]	Loss: 1.315533	Acc: 64.31%
Pre-train Epoch: 44 [0/40200 (0%)]	Loss: 1.173344	Acc: 57.81%
Pre-train Epoch: 44 [6400/40200 (16%)]	Loss: 1.227773	Acc: 64.79%
Pre-train Epoch: 44 [12800/40200 (32%)]	Loss: 1.031794	Acc: 64.58%
Pre-train Epoch: 44 [19200/40200 (48%)]	Loss: 1.248821	Acc: 64.66%
Pre-train Epoch: 44 [25600/40200 (64%)]	Loss: 1.350384	Acc: 64.56%
Pre-train Epoch: 44 [32000/40200 (79%)]	Loss: 1.079403	Acc: 64.41%
Pre-train Epoch: 44 [38400/40200 (95%)]	Loss: 1.034811	Acc: 64.33%
Pre-train Epoch: 45 [0/40200 (0%)]	Loss: 1.122345	Acc: 68.75%
Pre-train Epoch: 45 [6400/40200 (16%)]	Loss: 1.040267	Acc: 65.92%
Pre-train Epoch: 45 [12800/40200 (32%)]	Loss: 1.249903	Acc: 64.62%
Pre-train Epoch: 45 [19200/40200 (48%)]	Loss: 1.223352	Acc: 64.83%
Pre-train Epoch: 45 [25600/40200 (64%)]	Loss: 1.063400	Acc: 64.86%
Pre-train Epoch: 45 [32000/40200 (79%)]	Loss: 1.142289	Acc: 64.64%
Pre-train Epoch: 45 [38400/40200 (95%)]	Loss: 1.146377	Acc: 64.65%
Pre-train Epoch: 46 [0/40200 (0%)]	Loss: 1.426846	Acc: 50.00%
Pre-train Epoch: 46 [6400/40200 (16%)]	Loss: 1.271033	Acc: 64.60%
Pre-train Epoch: 46 [12800/40200 (32%)]	Loss: 1.331379	Acc: 64.71%
Pre-train Epoch: 46 [19200/40200 (48%)]	Loss: 1.269291	Acc: 64.31%
Pre-train Epoch: 46 [25600/40200 (64%)]	Loss: 1.071919	Acc: 64.54%
Pre-train Epoch: 46 [32000/40200 (79%)]	Loss: 1.203024	Acc: 64.58%
Pre-train Epoch: 46 [38400/40200 (95%)]	Loss: 1.359643	Acc: 64.50%
Pre-train Epoch: 47 [0/40200 (0%)]	Loss: 1.024690	Acc: 68.75%
Pre-train Epoch: 47 [6400/40200 (16%)]	Loss: 1.035496	Acc: 65.44%
Pre-train Epoch: 47 [12800/40200 (32%)]	Loss: 1.287434	Acc: 65.42%
Pre-train Epoch: 47 [19200/40200 (48%)]	Loss: 1.041058	Acc: 65.23%
Pre-train Epoch: 47 [25600/40200 (64%)]	Loss: 1.203545	Acc: 64.96%
Pre-train Epoch: 47 [32000/40200 (79%)]	Loss: 1.152801	Acc: 64.88%
Pre-train Epoch: 47 [38400/40200 (95%)]	Loss: 1.227496	Acc: 64.81%
Pre-train Epoch: 48 [0/40200 (0%)]	Loss: 1.220129	Acc: 60.94%
Pre-train Epoch: 48 [6400/40200 (16%)]	Loss: 1.246317	Acc: 65.10%
Pre-train Epoch: 48 [12800/40200 (32%)]	Loss: 1.033396	Acc: 65.03%
Pre-train Epoch: 48 [19200/40200 (48%)]	Loss: 0.998261	Acc: 65.01%
Pre-train Epoch: 48 [25600/40200 (64%)]	Loss: 1.148536	Acc: 64.79%
Pre-train Epoch: 48 [32000/40200 (79%)]	Loss: 1.252301	Acc: 64.74%
Pre-train Epoch: 48 [38400/40200 (95%)]	Loss: 0.994222	Acc: 64.72%
Pre-train Epoch: 49 [0/40200 (0%)]	Loss: 1.149925	Acc: 65.62%
Pre-train Epoch: 49 [6400/40200 (16%)]	Loss: 1.222167	Acc: 65.45%
Pre-train Epoch: 49 [12800/40200 (32%)]	Loss: 1.116977	Acc: 65.46%
Pre-train Epoch: 49 [19200/40200 (48%)]	Loss: 0.969950	Acc: 65.43%
Pre-train Epoch: 49 [25600/40200 (64%)]	Loss: 1.095977	Acc: 65.28%
Pre-train Epoch: 49 [32000/40200 (79%)]	Loss: 1.154942	Acc: 64.95%
Pre-train Epoch: 49 [38400/40200 (95%)]	Loss: 1.186694	Acc: 64.84%
Pre-train Epoch: 50 [0/40200 (0%)]	Loss: 1.018734	Acc: 68.75%
Pre-train Epoch: 50 [6400/40200 (16%)]	Loss: 1.203386	Acc: 64.36%
Pre-train Epoch: 50 [12800/40200 (32%)]	Loss: 1.075963	Acc: 65.40%
Pre-train Epoch: 50 [19200/40200 (48%)]	Loss: 1.047522	Acc: 65.05%
Pre-train Epoch: 50 [25600/40200 (64%)]	Loss: 0.965483	Acc: 65.34%
Pre-train Epoch: 50 [32000/40200 (79%)]	Loss: 0.835729	Acc: 65.18%
Pre-train Epoch: 50 [38400/40200 (95%)]	Loss: 1.045983	Acc: 65.14%
Pre-train Epoch: 51 [0/40200 (0%)]	Loss: 0.804810	Acc: 76.56%
Pre-train Epoch: 51 [6400/40200 (16%)]	Loss: 0.941234	Acc: 64.81%
Pre-train Epoch: 51 [12800/40200 (32%)]	Loss: 1.447219	Acc: 65.11%
Pre-train Epoch: 51 [19200/40200 (48%)]	Loss: 0.975598	Acc: 64.92%
Pre-train Epoch: 51 [25600/40200 (64%)]	Loss: 1.167776	Acc: 65.25%
Pre-train Epoch: 51 [32000/40200 (79%)]	Loss: 1.112411	Acc: 65.20%
Pre-train Epoch: 51 [38400/40200 (95%)]	Loss: 1.033354	Acc: 65.15%
Pre-train Epoch: 52 [0/40200 (0%)]	Loss: 1.126357	Acc: 73.44%
Pre-train Epoch: 52 [6400/40200 (16%)]	Loss: 1.044380	Acc: 65.53%
Pre-train Epoch: 52 [12800/40200 (32%)]	Loss: 1.196750	Acc: 65.41%
Pre-train Epoch: 52 [19200/40200 (48%)]	Loss: 1.195251	Acc: 65.25%
Pre-train Epoch: 52 [25600/40200 (64%)]	Loss: 1.215813	Acc: 65.11%
Pre-train Epoch: 52 [32000/40200 (79%)]	Loss: 1.053640	Acc: 65.17%
Pre-train Epoch: 52 [38400/40200 (95%)]	Loss: 0.995678	Acc: 65.00%
Pre-train Epoch: 53 [0/40200 (0%)]	Loss: 1.111235	Acc: 62.50%
Pre-train Epoch: 53 [6400/40200 (16%)]	Loss: 1.181646	Acc: 65.05%
Pre-train Epoch: 53 [12800/40200 (32%)]	Loss: 1.021942	Acc: 65.47%
Pre-train Epoch: 53 [19200/40200 (48%)]	Loss: 1.112629	Acc: 65.29%
Pre-train Epoch: 53 [25600/40200 (64%)]	Loss: 1.123095	Acc: 65.26%
Pre-train Epoch: 53 [32000/40200 (79%)]	Loss: 1.087634	Acc: 65.33%
Pre-train Epoch: 53 [38400/40200 (95%)]	Loss: 1.122810	Acc: 65.39%
Pre-train Epoch: 54 [0/40200 (0%)]	Loss: 1.090091	Acc: 68.75%
Pre-train Epoch: 54 [6400/40200 (16%)]	Loss: 0.861074	Acc: 65.30%
Pre-train Epoch: 54 [12800/40200 (32%)]	Loss: 0.975838	Acc: 65.71%
Pre-train Epoch: 54 [19200/40200 (48%)]	Loss: 0.864823	Acc: 65.78%
Pre-train Epoch: 54 [25600/40200 (64%)]	Loss: 1.217698	Acc: 65.56%
Pre-train Epoch: 54 [32000/40200 (79%)]	Loss: 0.850747	Acc: 65.41%
Pre-train Epoch: 54 [38400/40200 (95%)]	Loss: 1.064090	Acc: 65.52%
Pre-train Epoch: 55 [0/40200 (0%)]	Loss: 0.897538	Acc: 71.88%
Pre-train Epoch: 55 [6400/40200 (16%)]	Loss: 1.105888	Acc: 64.81%
Pre-train Epoch: 55 [12800/40200 (32%)]	Loss: 1.150642	Acc: 65.38%
Pre-train Epoch: 55 [19200/40200 (48%)]	Loss: 1.045132	Acc: 65.53%
Pre-train Epoch: 55 [25600/40200 (64%)]	Loss: 1.099588	Acc: 65.50%
Pre-train Epoch: 55 [32000/40200 (79%)]	Loss: 1.159552	Acc: 65.50%
Pre-train Epoch: 55 [38400/40200 (95%)]	Loss: 1.005092	Acc: 65.59%
Pre-train Epoch: 56 [0/40200 (0%)]	Loss: 0.924474	Acc: 73.44%
Pre-train Epoch: 56 [6400/40200 (16%)]	Loss: 1.172868	Acc: 66.32%
Pre-train Epoch: 56 [12800/40200 (32%)]	Loss: 1.137394	Acc: 66.32%
Pre-train Epoch: 56 [19200/40200 (48%)]	Loss: 1.007418	Acc: 66.08%
Pre-train Epoch: 56 [25600/40200 (64%)]	Loss: 0.931395	Acc: 65.87%
Pre-train Epoch: 56 [32000/40200 (79%)]	Loss: 1.171929	Acc: 65.89%
Pre-train Epoch: 56 [38400/40200 (95%)]	Loss: 1.138702	Acc: 65.99%
Pre-train Epoch: 57 [0/40200 (0%)]	Loss: 1.124037	Acc: 67.19%
Pre-train Epoch: 57 [6400/40200 (16%)]	Loss: 1.372777	Acc: 66.43%
Pre-train Epoch: 57 [12800/40200 (32%)]	Loss: 1.266500	Acc: 65.70%
Pre-train Epoch: 57 [19200/40200 (48%)]	Loss: 1.008334	Acc: 65.52%
Pre-train Epoch: 57 [25600/40200 (64%)]	Loss: 1.077438	Acc: 65.54%
Pre-train Epoch: 57 [32000/40200 (79%)]	Loss: 1.022263	Acc: 65.78%
Pre-train Epoch: 57 [38400/40200 (95%)]	Loss: 1.102968	Acc: 65.76%
Pre-train Epoch: 58 [0/40200 (0%)]	Loss: 0.791579	Acc: 76.56%
Pre-train Epoch: 58 [6400/40200 (16%)]	Loss: 1.077055	Acc: 65.76%
Pre-train Epoch: 58 [12800/40200 (32%)]	Loss: 0.883319	Acc: 65.63%
Pre-train Epoch: 58 [19200/40200 (48%)]	Loss: 0.884382	Acc: 66.18%
Pre-train Epoch: 58 [25600/40200 (64%)]	Loss: 0.986293	Acc: 65.97%
Pre-train Epoch: 58 [32000/40200 (79%)]	Loss: 1.243355	Acc: 65.91%
Pre-train Epoch: 58 [38400/40200 (95%)]	Loss: 1.242348	Acc: 65.98%
Pre-train Epoch: 59 [0/40200 (0%)]	Loss: 0.949450	Acc: 73.44%
Pre-train Epoch: 59 [6400/40200 (16%)]	Loss: 1.043900	Acc: 65.49%
Pre-train Epoch: 59 [12800/40200 (32%)]	Loss: 1.177826	Acc: 66.17%
Pre-train Epoch: 59 [19200/40200 (48%)]	Loss: 0.939920	Acc: 65.91%
Pre-train Epoch: 59 [25600/40200 (64%)]	Loss: 1.205772	Acc: 66.20%
Pre-train Epoch: 59 [32000/40200 (79%)]	Loss: 0.904156	Acc: 66.27%
Pre-train Epoch: 59 [38400/40200 (95%)]	Loss: 1.233850	Acc: 66.12%
Pre-train Epoch: 60 [0/40200 (0%)]	Loss: 1.212360	Acc: 62.50%
Pre-train Epoch: 60 [6400/40200 (16%)]	Loss: 0.865616	Acc: 65.90%
Pre-train Epoch: 60 [12800/40200 (32%)]	Loss: 1.185057	Acc: 66.10%
Pre-train Epoch: 60 [19200/40200 (48%)]	Loss: 1.246938	Acc: 66.04%
Pre-train Epoch: 60 [25600/40200 (64%)]	Loss: 1.103744	Acc: 66.35%
Pre-train Epoch: 60 [32000/40200 (79%)]	Loss: 1.119458	Acc: 66.42%
Pre-train Epoch: 60 [38400/40200 (95%)]	Loss: 1.176302	Acc: 66.46%
Pre-train Epoch: 61 [0/40200 (0%)]	Loss: 1.081405	Acc: 71.88%
Pre-train Epoch: 61 [6400/40200 (16%)]	Loss: 1.110282	Acc: 66.27%
Pre-train Epoch: 61 [12800/40200 (32%)]	Loss: 1.077412	Acc: 66.36%
Pre-train Epoch: 61 [19200/40200 (48%)]	Loss: 1.073954	Acc: 66.08%
Pre-train Epoch: 61 [25600/40200 (64%)]	Loss: 1.138707	Acc: 65.94%
Pre-train Epoch: 61 [32000/40200 (79%)]	Loss: 1.034591	Acc: 66.24%
Pre-train Epoch: 61 [38400/40200 (95%)]	Loss: 1.181256	Acc: 66.42%
Pre-train Epoch: 62 [0/40200 (0%)]	Loss: 0.942693	Acc: 65.62%
Pre-train Epoch: 62 [6400/40200 (16%)]	Loss: 1.319045	Acc: 66.62%
Pre-train Epoch: 62 [12800/40200 (32%)]	Loss: 0.945040	Acc: 66.25%
Pre-train Epoch: 62 [19200/40200 (48%)]	Loss: 1.071616	Acc: 66.36%
Pre-train Epoch: 62 [25600/40200 (64%)]	Loss: 0.974316	Acc: 66.70%
Pre-train Epoch: 62 [32000/40200 (79%)]	Loss: 1.036979	Acc: 66.67%
Pre-train Epoch: 62 [38400/40200 (95%)]	Loss: 0.963071	Acc: 66.59%
Pre-train Epoch: 63 [0/40200 (0%)]	Loss: 1.097407	Acc: 67.19%
Pre-train Epoch: 63 [6400/40200 (16%)]	Loss: 1.025960	Acc: 66.68%
Pre-train Epoch: 63 [12800/40200 (32%)]	Loss: 0.826273	Acc: 66.88%
Pre-train Epoch: 63 [19200/40200 (48%)]	Loss: 1.083050	Acc: 66.90%
Pre-train Epoch: 63 [25600/40200 (64%)]	Loss: 1.105131	Acc: 66.97%
Pre-train Epoch: 63 [32000/40200 (79%)]	Loss: 0.990037	Acc: 66.98%
Pre-train Epoch: 63 [38400/40200 (95%)]	Loss: 1.109151	Acc: 66.85%
Pre-train Epoch: 64 [0/40200 (0%)]	Loss: 0.924036	Acc: 75.00%
Pre-train Epoch: 64 [6400/40200 (16%)]	Loss: 1.203497	Acc: 67.11%
Pre-train Epoch: 64 [12800/40200 (32%)]	Loss: 1.052954	Acc: 66.76%
Pre-train Epoch: 64 [19200/40200 (48%)]	Loss: 0.898049	Acc: 66.90%
Pre-train Epoch: 64 [25600/40200 (64%)]	Loss: 1.006351	Acc: 66.97%
Pre-train Epoch: 64 [32000/40200 (79%)]	Loss: 1.199006	Acc: 66.91%
Pre-train Epoch: 64 [38400/40200 (95%)]	Loss: 1.082932	Acc: 66.86%
Pre-train Epoch: 65 [0/40200 (0%)]	Loss: 1.241950	Acc: 59.38%
Pre-train Epoch: 65 [6400/40200 (16%)]	Loss: 1.242402	Acc: 66.46%
Pre-train Epoch: 65 [12800/40200 (32%)]	Loss: 1.150519	Acc: 67.01%
Pre-train Epoch: 65 [19200/40200 (48%)]	Loss: 0.876501	Acc: 67.05%
Pre-train Epoch: 65 [25600/40200 (64%)]	Loss: 0.899427	Acc: 67.04%
Pre-train Epoch: 65 [32000/40200 (79%)]	Loss: 1.226671	Acc: 66.90%
Pre-train Epoch: 65 [38400/40200 (95%)]	Loss: 1.095424	Acc: 66.97%
Pre-train Epoch: 66 [0/40200 (0%)]	Loss: 1.006533	Acc: 68.75%
Pre-train Epoch: 66 [6400/40200 (16%)]	Loss: 1.145996	Acc: 67.65%
Pre-train Epoch: 66 [12800/40200 (32%)]	Loss: 1.223588	Acc: 67.53%
Pre-train Epoch: 66 [19200/40200 (48%)]	Loss: 1.102852	Acc: 67.17%
Pre-train Epoch: 66 [25600/40200 (64%)]	Loss: 1.252541	Acc: 67.34%
Pre-train Epoch: 66 [32000/40200 (79%)]	Loss: 0.993583	Acc: 67.44%
Pre-train Epoch: 66 [38400/40200 (95%)]	Loss: 1.101207	Acc: 67.59%
Pre-train Epoch: 67 [0/40200 (0%)]	Loss: 0.922516	Acc: 67.19%
Pre-train Epoch: 67 [6400/40200 (16%)]	Loss: 0.964452	Acc: 67.79%
Pre-train Epoch: 67 [12800/40200 (32%)]	Loss: 1.093662	Acc: 68.18%
Pre-train Epoch: 67 [19200/40200 (48%)]	Loss: 0.934515	Acc: 67.91%
Pre-train Epoch: 67 [25600/40200 (64%)]	Loss: 1.085144	Acc: 67.53%
Pre-train Epoch: 67 [32000/40200 (79%)]	Loss: 1.037342	Acc: 67.47%
Pre-train Epoch: 67 [38400/40200 (95%)]	Loss: 1.157247	Acc: 67.43%
Pre-train Epoch: 68 [0/40200 (0%)]	Loss: 1.158944	Acc: 59.38%
Pre-train Epoch: 68 [6400/40200 (16%)]	Loss: 0.787515	Acc: 67.50%
Pre-train Epoch: 68 [12800/40200 (32%)]	Loss: 1.301854	Acc: 67.49%
Pre-train Epoch: 68 [19200/40200 (48%)]	Loss: 1.135125	Acc: 67.56%
Pre-train Epoch: 68 [25600/40200 (64%)]	Loss: 1.169547	Acc: 67.44%
Pre-train Epoch: 68 [32000/40200 (79%)]	Loss: 1.063494	Acc: 67.54%
Pre-train Epoch: 68 [38400/40200 (95%)]	Loss: 1.028233	Acc: 67.59%
Pre-train Epoch: 69 [0/40200 (0%)]	Loss: 1.061495	Acc: 70.31%
Pre-train Epoch: 69 [6400/40200 (16%)]	Loss: 1.096218	Acc: 68.36%
Pre-train Epoch: 69 [12800/40200 (32%)]	Loss: 0.842901	Acc: 67.91%
Pre-train Epoch: 69 [19200/40200 (48%)]	Loss: 1.034275	Acc: 68.15%
Pre-train Epoch: 69 [25600/40200 (64%)]	Loss: 1.095606	Acc: 68.01%
Pre-train Epoch: 69 [32000/40200 (79%)]	Loss: 0.966974	Acc: 67.92%
Pre-train Epoch: 69 [38400/40200 (95%)]	Loss: 0.970621	Acc: 67.70%
Pre-train Epoch: 70 [0/40200 (0%)]	Loss: 1.079715	Acc: 64.06%
Pre-train Epoch: 70 [6400/40200 (16%)]	Loss: 1.044352	Acc: 67.42%
Pre-train Epoch: 70 [12800/40200 (32%)]	Loss: 1.124351	Acc: 67.83%
Pre-train Epoch: 70 [19200/40200 (48%)]	Loss: 0.975871	Acc: 68.05%
Pre-train Epoch: 70 [25600/40200 (64%)]	Loss: 1.155003	Acc: 68.15%
Pre-train Epoch: 70 [32000/40200 (79%)]	Loss: 0.921921	Acc: 68.11%
Pre-train Epoch: 70 [38400/40200 (95%)]	Loss: 1.054133	Acc: 67.96%
Pre-train Epoch: 71 [0/40200 (0%)]	Loss: 1.131577	Acc: 59.38%
Pre-train Epoch: 71 [6400/40200 (16%)]	Loss: 1.088845	Acc: 68.53%
Pre-train Epoch: 71 [12800/40200 (32%)]	Loss: 1.067828	Acc: 68.24%
Pre-train Epoch: 71 [19200/40200 (48%)]	Loss: 1.006926	Acc: 68.38%
Pre-train Epoch: 71 [25600/40200 (64%)]	Loss: 0.990731	Acc: 68.54%
Pre-train Epoch: 71 [32000/40200 (79%)]	Loss: 1.159784	Acc: 68.45%
Pre-train Epoch: 71 [38400/40200 (95%)]	Loss: 1.210014	Acc: 68.48%
Pre-train Epoch: 72 [0/40200 (0%)]	Loss: 1.138925	Acc: 62.50%
Pre-train Epoch: 72 [6400/40200 (16%)]	Loss: 1.104386	Acc: 67.79%
Pre-train Epoch: 72 [12800/40200 (32%)]	Loss: 0.923896	Acc: 68.03%
Pre-train Epoch: 72 [19200/40200 (48%)]	Loss: 1.012801	Acc: 68.23%
Pre-train Epoch: 72 [25600/40200 (64%)]	Loss: 1.159331	Acc: 68.32%
Pre-train Epoch: 72 [32000/40200 (79%)]	Loss: 1.169033	Acc: 68.26%
Pre-train Epoch: 72 [38400/40200 (95%)]	Loss: 1.061967	Acc: 68.08%
Pre-train Epoch: 73 [0/40200 (0%)]	Loss: 1.095679	Acc: 73.44%
Pre-train Epoch: 73 [6400/40200 (16%)]	Loss: 0.938839	Acc: 68.73%
Pre-train Epoch: 73 [12800/40200 (32%)]	Loss: 1.005320	Acc: 68.70%
Pre-train Epoch: 73 [19200/40200 (48%)]	Loss: 0.879592	Acc: 68.45%
Pre-train Epoch: 73 [25600/40200 (64%)]	Loss: 1.106907	Acc: 68.50%
Pre-train Epoch: 73 [32000/40200 (79%)]	Loss: 1.147085	Acc: 68.45%
Pre-train Epoch: 73 [38400/40200 (95%)]	Loss: 0.912267	Acc: 68.31%
Pre-train Epoch: 74 [0/40200 (0%)]	Loss: 1.039444	Acc: 73.44%
Pre-train Epoch: 74 [6400/40200 (16%)]	Loss: 0.971382	Acc: 69.09%
Pre-train Epoch: 74 [12800/40200 (32%)]	Loss: 0.991011	Acc: 68.88%
Pre-train Epoch: 74 [19200/40200 (48%)]	Loss: 1.108145	Acc: 68.70%
Pre-train Epoch: 74 [25600/40200 (64%)]	Loss: 1.093048	Acc: 68.70%
Pre-train Epoch: 74 [32000/40200 (79%)]	Loss: 1.092132	Acc: 68.68%
Pre-train Epoch: 74 [38400/40200 (95%)]	Loss: 1.052541	Acc: 68.53%
Pre-train Epoch: 75 [0/40200 (0%)]	Loss: 0.945456	Acc: 71.88%
Pre-train Epoch: 75 [6400/40200 (16%)]	Loss: 1.469388	Acc: 68.50%
Pre-train Epoch: 75 [12800/40200 (32%)]	Loss: 1.000070	Acc: 68.92%
Pre-train Epoch: 75 [19200/40200 (48%)]	Loss: 0.881853	Acc: 69.00%
Pre-train Epoch: 75 [25600/40200 (64%)]	Loss: 0.954360	Acc: 68.97%
Pre-train Epoch: 75 [32000/40200 (79%)]	Loss: 1.152648	Acc: 68.76%
Pre-train Epoch: 75 [38400/40200 (95%)]	Loss: 1.060841	Acc: 68.82%
Pre-train Epoch: 76 [0/40200 (0%)]	Loss: 1.133965	Acc: 64.06%
Pre-train Epoch: 76 [6400/40200 (16%)]	Loss: 1.070192	Acc: 70.02%
Pre-train Epoch: 76 [12800/40200 (32%)]	Loss: 1.181709	Acc: 69.29%
Pre-train Epoch: 76 [19200/40200 (48%)]	Loss: 1.014738	Acc: 69.14%
Pre-train Epoch: 76 [25600/40200 (64%)]	Loss: 0.955335	Acc: 68.96%
Pre-train Epoch: 76 [32000/40200 (79%)]	Loss: 1.116050	Acc: 68.79%
Pre-train Epoch: 76 [38400/40200 (95%)]	Loss: 0.979103	Acc: 68.80%
Pre-train Epoch: 77 [0/40200 (0%)]	Loss: 0.827141	Acc: 71.88%
Pre-train Epoch: 77 [6400/40200 (16%)]	Loss: 0.978174	Acc: 69.82%
Pre-train Epoch: 77 [12800/40200 (32%)]	Loss: 0.956467	Acc: 69.16%
Pre-train Epoch: 77 [19200/40200 (48%)]	Loss: 1.185728	Acc: 69.11%
Pre-train Epoch: 77 [25600/40200 (64%)]	Loss: 0.993269	Acc: 69.02%
Pre-train Epoch: 77 [32000/40200 (79%)]	Loss: 1.005295	Acc: 68.97%
Pre-train Epoch: 77 [38400/40200 (95%)]	Loss: 1.030093	Acc: 69.07%
Pre-train Epoch: 78 [0/40200 (0%)]	Loss: 1.039790	Acc: 67.19%
Pre-train Epoch: 78 [6400/40200 (16%)]	Loss: 0.986946	Acc: 68.92%
Pre-train Epoch: 78 [12800/40200 (32%)]	Loss: 1.132647	Acc: 68.66%
Pre-train Epoch: 78 [19200/40200 (48%)]	Loss: 1.099287	Acc: 69.01%
Pre-train Epoch: 78 [25600/40200 (64%)]	Loss: 0.934368	Acc: 69.31%
Pre-train Epoch: 78 [32000/40200 (79%)]	Loss: 1.086866	Acc: 69.10%
Pre-train Epoch: 78 [38400/40200 (95%)]	Loss: 0.895435	Acc: 68.98%
Pre-train Epoch: 79 [0/40200 (0%)]	Loss: 0.971870	Acc: 71.88%
Pre-train Epoch: 79 [6400/40200 (16%)]	Loss: 0.915412	Acc: 70.10%
Pre-train Epoch: 79 [12800/40200 (32%)]	Loss: 1.053329	Acc: 69.17%
Pre-train Epoch: 79 [19200/40200 (48%)]	Loss: 0.939950	Acc: 69.30%
Pre-train Epoch: 79 [25600/40200 (64%)]	Loss: 1.000436	Acc: 69.34%
Pre-train Epoch: 79 [32000/40200 (79%)]	Loss: 0.950979	Acc: 69.34%
Pre-train Epoch: 79 [38400/40200 (95%)]	Loss: 0.834086	Acc: 69.29%
Pre-train Epoch: 80 [0/40200 (0%)]	Loss: 0.950907	Acc: 78.12%
Pre-train Epoch: 80 [6400/40200 (16%)]	Loss: 0.984931	Acc: 69.11%
Pre-train Epoch: 80 [12800/40200 (32%)]	Loss: 0.892654	Acc: 68.95%
Pre-train Epoch: 80 [19200/40200 (48%)]	Loss: 0.871487	Acc: 69.14%
Pre-train Epoch: 80 [25600/40200 (64%)]	Loss: 1.048131	Acc: 69.27%
Pre-train Epoch: 80 [32000/40200 (79%)]	Loss: 1.112764	Acc: 69.20%
Pre-train Epoch: 80 [38400/40200 (95%)]	Loss: 0.989418	Acc: 69.15%
Pre-train Epoch: 81 [0/40200 (0%)]	Loss: 1.059208	Acc: 68.75%
Pre-train Epoch: 81 [6400/40200 (16%)]	Loss: 0.971654	Acc: 70.19%
Pre-train Epoch: 81 [12800/40200 (32%)]	Loss: 0.998080	Acc: 69.87%
Pre-train Epoch: 81 [19200/40200 (48%)]	Loss: 1.108749	Acc: 69.96%
Pre-train Epoch: 81 [25600/40200 (64%)]	Loss: 1.067429	Acc: 69.82%
Pre-train Epoch: 81 [32000/40200 (79%)]	Loss: 1.016256	Acc: 69.69%
Pre-train Epoch: 81 [38400/40200 (95%)]	Loss: 0.912553	Acc: 69.75%
Pre-train Epoch: 82 [0/40200 (0%)]	Loss: 0.971852	Acc: 64.06%
Pre-train Epoch: 82 [6400/40200 (16%)]	Loss: 1.139946	Acc: 69.03%
Pre-train Epoch: 82 [12800/40200 (32%)]	Loss: 0.887246	Acc: 69.11%
Pre-train Epoch: 82 [19200/40200 (48%)]	Loss: 1.143443	Acc: 69.15%
Pre-train Epoch: 82 [25600/40200 (64%)]	Loss: 0.929215	Acc: 69.42%
Pre-train Epoch: 82 [32000/40200 (79%)]	Loss: 0.744209	Acc: 69.36%
Pre-train Epoch: 82 [38400/40200 (95%)]	Loss: 1.018807	Acc: 69.41%
Pre-train Epoch: 83 [0/40200 (0%)]	Loss: 1.256802	Acc: 59.38%
Pre-train Epoch: 83 [6400/40200 (16%)]	Loss: 1.095264	Acc: 70.31%
Pre-train Epoch: 83 [12800/40200 (32%)]	Loss: 0.999583	Acc: 70.19%
Pre-train Epoch: 83 [19200/40200 (48%)]	Loss: 1.000543	Acc: 69.87%
Pre-train Epoch: 83 [25600/40200 (64%)]	Loss: 1.062550	Acc: 69.88%
Pre-train Epoch: 83 [32000/40200 (79%)]	Loss: 0.996948	Acc: 69.79%
Pre-train Epoch: 83 [38400/40200 (95%)]	Loss: 1.040279	Acc: 69.71%
Pre-train Epoch: 84 [0/40200 (0%)]	Loss: 0.916183	Acc: 71.88%
Pre-train Epoch: 84 [6400/40200 (16%)]	Loss: 1.055479	Acc: 69.42%
Pre-train Epoch: 84 [12800/40200 (32%)]	Loss: 0.972888	Acc: 69.40%
Pre-train Epoch: 84 [19200/40200 (48%)]	Loss: 0.752990	Acc: 69.89%
Pre-train Epoch: 84 [25600/40200 (64%)]	Loss: 1.024121	Acc: 70.23%
Pre-train Epoch: 84 [32000/40200 (79%)]	Loss: 1.048201	Acc: 70.04%
Pre-train Epoch: 84 [38400/40200 (95%)]	Loss: 1.028190	Acc: 69.93%
Pre-train Epoch: 85 [0/40200 (0%)]	Loss: 1.022642	Acc: 71.88%
Pre-train Epoch: 85 [6400/40200 (16%)]	Loss: 1.057325	Acc: 69.63%
Pre-train Epoch: 85 [12800/40200 (32%)]	Loss: 0.746679	Acc: 69.97%
Pre-train Epoch: 85 [19200/40200 (48%)]	Loss: 0.852698	Acc: 69.95%
Pre-train Epoch: 85 [25600/40200 (64%)]	Loss: 0.793980	Acc: 69.89%
Pre-train Epoch: 85 [32000/40200 (79%)]	Loss: 0.969529	Acc: 69.86%
Pre-train Epoch: 85 [38400/40200 (95%)]	Loss: 1.106427	Acc: 69.94%
Pre-train Epoch: 86 [0/40200 (0%)]	Loss: 0.886032	Acc: 75.00%
Pre-train Epoch: 86 [6400/40200 (16%)]	Loss: 0.956794	Acc: 70.59%
Pre-train Epoch: 86 [12800/40200 (32%)]	Loss: 0.966172	Acc: 70.34%
Pre-train Epoch: 86 [19200/40200 (48%)]	Loss: 0.853356	Acc: 70.13%
Pre-train Epoch: 86 [25600/40200 (64%)]	Loss: 1.069132	Acc: 70.07%
Pre-train Epoch: 86 [32000/40200 (79%)]	Loss: 0.983198	Acc: 70.02%
Pre-train Epoch: 86 [38400/40200 (95%)]	Loss: 0.916203	Acc: 70.19%
Pre-train Epoch: 87 [0/40200 (0%)]	Loss: 1.068499	Acc: 67.19%
Pre-train Epoch: 87 [6400/40200 (16%)]	Loss: 0.710961	Acc: 70.06%
Pre-train Epoch: 87 [12800/40200 (32%)]	Loss: 0.830328	Acc: 70.19%
Pre-train Epoch: 87 [19200/40200 (48%)]	Loss: 0.958112	Acc: 70.13%
Pre-train Epoch: 87 [25600/40200 (64%)]	Loss: 1.037370	Acc: 69.83%
Pre-train Epoch: 87 [32000/40200 (79%)]	Loss: 0.895691	Acc: 69.97%
Pre-train Epoch: 87 [38400/40200 (95%)]	Loss: 0.952927	Acc: 69.99%
Pre-train Epoch: 88 [0/40200 (0%)]	Loss: 0.875178	Acc: 75.00%
Pre-train Epoch: 88 [6400/40200 (16%)]	Loss: 0.947882	Acc: 70.00%
Pre-train Epoch: 88 [12800/40200 (32%)]	Loss: 0.890754	Acc: 70.48%
Pre-train Epoch: 88 [19200/40200 (48%)]	Loss: 0.996561	Acc: 70.50%
Pre-train Epoch: 88 [25600/40200 (64%)]	Loss: 1.031037	Acc: 70.51%
Pre-train Epoch: 88 [32000/40200 (79%)]	Loss: 1.086118	Acc: 70.38%
Pre-train Epoch: 88 [38400/40200 (95%)]	Loss: 1.080910	Acc: 70.24%
Pre-train Epoch: 89 [0/40200 (0%)]	Loss: 0.859536	Acc: 79.69%
Pre-train Epoch: 89 [6400/40200 (16%)]	Loss: 0.859346	Acc: 69.65%
Pre-train Epoch: 89 [12800/40200 (32%)]	Loss: 0.815024	Acc: 70.04%
Pre-train Epoch: 89 [19200/40200 (48%)]	Loss: 1.006993	Acc: 70.32%
Pre-train Epoch: 89 [25600/40200 (64%)]	Loss: 1.162190	Acc: 70.18%
Pre-train Epoch: 89 [32000/40200 (79%)]	Loss: 0.751916	Acc: 70.23%
Pre-train Epoch: 89 [38400/40200 (95%)]	Loss: 0.991152	Acc: 70.36%
Pre-train Epoch: 90 [0/40200 (0%)]	Loss: 0.882707	Acc: 73.44%
Pre-train Epoch: 90 [6400/40200 (16%)]	Loss: 0.899166	Acc: 70.42%
Pre-train Epoch: 90 [12800/40200 (32%)]	Loss: 0.861436	Acc: 70.51%
Pre-train Epoch: 90 [19200/40200 (48%)]	Loss: 1.026979	Acc: 70.25%
Pre-train Epoch: 90 [25600/40200 (64%)]	Loss: 0.952058	Acc: 70.44%
Pre-train Epoch: 90 [32000/40200 (79%)]	Loss: 0.675445	Acc: 70.39%
Pre-train Epoch: 90 [38400/40200 (95%)]	Loss: 0.904279	Acc: 70.40%
Pre-train Epoch: 91 [0/40200 (0%)]	Loss: 0.808177	Acc: 76.56%
Pre-train Epoch: 91 [6400/40200 (16%)]	Loss: 0.929102	Acc: 70.58%
Pre-train Epoch: 91 [12800/40200 (32%)]	Loss: 0.855984	Acc: 71.04%
Pre-train Epoch: 91 [19200/40200 (48%)]	Loss: 1.169623	Acc: 71.00%
Pre-train Epoch: 91 [25600/40200 (64%)]	Loss: 1.196861	Acc: 70.67%
Pre-train Epoch: 91 [32000/40200 (79%)]	Loss: 0.937036	Acc: 70.56%
Pre-train Epoch: 91 [38400/40200 (95%)]	Loss: 1.031079	Acc: 70.61%
Pre-train Epoch: 92 [0/40200 (0%)]	Loss: 1.015308	Acc: 67.19%
Pre-train Epoch: 92 [6400/40200 (16%)]	Loss: 0.893013	Acc: 71.70%
Pre-train Epoch: 92 [12800/40200 (32%)]	Loss: 0.846946	Acc: 70.62%
Pre-train Epoch: 92 [19200/40200 (48%)]	Loss: 1.014628	Acc: 70.77%
Pre-train Epoch: 92 [25600/40200 (64%)]	Loss: 0.907682	Acc: 70.47%
Pre-train Epoch: 92 [32000/40200 (79%)]	Loss: 0.952272	Acc: 70.33%
Pre-train Epoch: 92 [38400/40200 (95%)]	Loss: 1.071683	Acc: 70.27%
Pre-train Epoch: 93 [0/40200 (0%)]	Loss: 0.850488	Acc: 76.56%
Pre-train Epoch: 93 [6400/40200 (16%)]	Loss: 0.839990	Acc: 70.20%
Pre-train Epoch: 93 [12800/40200 (32%)]	Loss: 1.116091	Acc: 70.27%
Pre-train Epoch: 93 [19200/40200 (48%)]	Loss: 1.049141	Acc: 70.25%
Pre-train Epoch: 93 [25600/40200 (64%)]	Loss: 0.952797	Acc: 70.43%
Pre-train Epoch: 93 [32000/40200 (79%)]	Loss: 0.888659	Acc: 70.37%
Pre-train Epoch: 93 [38400/40200 (95%)]	Loss: 0.944141	Acc: 70.50%
Pre-train Epoch: 94 [0/40200 (0%)]	Loss: 1.063568	Acc: 67.19%
Pre-train Epoch: 94 [6400/40200 (16%)]	Loss: 0.805162	Acc: 70.28%
Pre-train Epoch: 94 [12800/40200 (32%)]	Loss: 0.955842	Acc: 70.67%
Pre-train Epoch: 94 [19200/40200 (48%)]	Loss: 0.903260	Acc: 70.62%
Pre-train Epoch: 94 [25600/40200 (64%)]	Loss: 0.841795	Acc: 70.50%
Pre-train Epoch: 94 [32000/40200 (79%)]	Loss: 0.879616	Acc: 70.49%
Pre-train Epoch: 94 [38400/40200 (95%)]	Loss: 0.861777	Acc: 70.55%
Pre-train Epoch: 95 [0/40200 (0%)]	Loss: 0.934538	Acc: 68.75%
Pre-train Epoch: 95 [6400/40200 (16%)]	Loss: 0.925800	Acc: 69.99%
Pre-train Epoch: 95 [12800/40200 (32%)]	Loss: 1.040139	Acc: 70.33%
Pre-train Epoch: 95 [19200/40200 (48%)]	Loss: 0.854104	Acc: 70.50%
Pre-train Epoch: 95 [25600/40200 (64%)]	Loss: 1.142601	Acc: 70.55%
Pre-train Epoch: 95 [32000/40200 (79%)]	Loss: 0.895161	Acc: 70.61%
Pre-train Epoch: 95 [38400/40200 (95%)]	Loss: 0.875804	Acc: 70.61%
Pre-train Epoch: 96 [0/40200 (0%)]	Loss: 0.921346	Acc: 73.44%
Pre-train Epoch: 96 [6400/40200 (16%)]	Loss: 1.083804	Acc: 70.84%
Pre-train Epoch: 96 [12800/40200 (32%)]	Loss: 1.015134	Acc: 70.67%
Pre-train Epoch: 96 [19200/40200 (48%)]	Loss: 1.035518	Acc: 70.71%
Pre-train Epoch: 96 [25600/40200 (64%)]	Loss: 1.134170	Acc: 70.69%
Pre-train Epoch: 96 [32000/40200 (79%)]	Loss: 0.795158	Acc: 70.74%
Pre-train Epoch: 96 [38400/40200 (95%)]	Loss: 0.952502	Acc: 70.69%
Pre-train Epoch: 97 [0/40200 (0%)]	Loss: 0.944569	Acc: 71.88%
Pre-train Epoch: 97 [6400/40200 (16%)]	Loss: 0.923918	Acc: 70.47%
Pre-train Epoch: 97 [12800/40200 (32%)]	Loss: 0.755211	Acc: 70.87%
Pre-train Epoch: 97 [19200/40200 (48%)]	Loss: 0.887459	Acc: 70.93%
Pre-train Epoch: 97 [25600/40200 (64%)]	Loss: 0.901159	Acc: 71.04%
Pre-train Epoch: 97 [32000/40200 (79%)]	Loss: 0.966185	Acc: 71.09%
Pre-train Epoch: 97 [38400/40200 (95%)]	Loss: 0.958342	Acc: 71.02%
Pre-train Epoch: 98 [0/40200 (0%)]	Loss: 0.905664	Acc: 70.31%
Pre-train Epoch: 98 [6400/40200 (16%)]	Loss: 0.928221	Acc: 70.73%
Pre-train Epoch: 98 [12800/40200 (32%)]	Loss: 0.796309	Acc: 71.01%
Pre-train Epoch: 98 [19200/40200 (48%)]	Loss: 0.828469	Acc: 71.04%
Pre-train Epoch: 98 [25600/40200 (64%)]	Loss: 1.168152	Acc: 70.73%
Pre-train Epoch: 98 [32000/40200 (79%)]	Loss: 1.108242	Acc: 70.74%
Pre-train Epoch: 98 [38400/40200 (95%)]	Loss: 1.019489	Acc: 70.80%
Pre-train Epoch: 99 [0/40200 (0%)]	Loss: 1.003996	Acc: 65.62%
Pre-train Epoch: 99 [6400/40200 (16%)]	Loss: 1.073005	Acc: 71.67%
Pre-train Epoch: 99 [12800/40200 (32%)]	Loss: 0.868769	Acc: 71.15%
Pre-train Epoch: 99 [19200/40200 (48%)]	Loss: 1.068257	Acc: 70.85%
Pre-train Epoch: 99 [25600/40200 (64%)]	Loss: 1.077437	Acc: 70.81%
Pre-train Epoch: 99 [32000/40200 (79%)]	Loss: 0.856590	Acc: 70.91%
Pre-train Epoch: 99 [38400/40200 (95%)]	Loss: 0.994447	Acc: 70.99%
Pre-train Epoch: 100 [0/40200 (0%)]	Loss: 0.747052	Acc: 79.69%
Pre-train Epoch: 100 [6400/40200 (16%)]	Loss: 0.879501	Acc: 72.25%
Pre-train Epoch: 100 [12800/40200 (32%)]	Loss: 0.956847	Acc: 72.06%
Pre-train Epoch: 100 [19200/40200 (48%)]	Loss: 0.971220	Acc: 71.82%
Pre-train Epoch: 100 [25600/40200 (64%)]	Loss: 0.890860	Acc: 71.54%
Pre-train Epoch: 100 [32000/40200 (79%)]	Loss: 0.961119	Acc: 71.32%
Pre-train Epoch: 100 [38400/40200 (95%)]	Loss: 0.886869	Acc: 71.11%

--- Evaluating on Validation Split ---

Validation set: Average loss: 0.9179, Accuracy: 14051/19800 (70.96%)

Reference model saved to models/raman_reference_model.pth

--- Starting Finetuning ---
Applying RamanSPy preprocessing to data/X_finetune.npy...
Finetune Epoch: 1 [0/3000 (0%)]	Loss: 1.953540	Acc: 46.88%
Finetune Epoch: 2 [0/3000 (0%)]	Loss: 1.419137	Acc: 59.38%
Finetune Epoch: 3 [0/3000 (0%)]	Loss: 1.422201	Acc: 60.94%
Finetune Epoch: 4 [0/3000 (0%)]	Loss: 1.063676	Acc: 67.19%
Finetune Epoch: 5 [0/3000 (0%)]	Loss: 1.251796	Acc: 60.94%
Finetune Epoch: 6 [0/3000 (0%)]	Loss: 1.263840	Acc: 60.94%
Finetune Epoch: 7 [0/3000 (0%)]	Loss: 0.968938	Acc: 62.50%
Finetune Epoch: 8 [0/3000 (0%)]	Loss: 1.032624	Acc: 65.62%
Finetune Epoch: 9 [0/3000 (0%)]	Loss: 1.160140	Acc: 70.31%
Finetune Epoch: 10 [0/3000 (0%)]	Loss: 0.950321	Acc: 67.19%
Finetune Epoch: 11 [0/3000 (0%)]	Loss: 0.745404	Acc: 81.25%
Finetune Epoch: 12 [0/3000 (0%)]	Loss: 0.769376	Acc: 84.38%
Finetune Epoch: 13 [0/3000 (0%)]	Loss: 0.727569	Acc: 79.69%
Finetune Epoch: 14 [0/3000 (0%)]	Loss: 0.859271	Acc: 78.12%
Finetune Epoch: 15 [0/3000 (0%)]	Loss: 0.952928	Acc: 71.88%
Finetune Epoch: 16 [0/3000 (0%)]	Loss: 0.810024	Acc: 75.00%
Finetune Epoch: 17 [0/3000 (0%)]	Loss: 0.808813	Acc: 76.56%
Finetune Epoch: 18 [0/3000 (0%)]	Loss: 0.857835	Acc: 75.00%
Finetune Epoch: 19 [0/3000 (0%)]	Loss: 0.784258	Acc: 75.00%
Finetune Epoch: 20 [0/3000 (0%)]	Loss: 0.679586	Acc: 81.25%
Finetuned model saved to models/raman_finetuned_model.pth

--- Evaluating on Test Set ---
Applying RamanSPy preprocessing to data/X_test.npy...

Test set: Average loss: 1.1549, Accuracy: 1912/3000 (63.73%)

