Using device: mps

Loading reference dataset...
Applying RamanSPy preprocessing to data/X_reference.npy...

--- Phase 1: Pre-training (Single Run) ---
Pre-train Epoch: 1 [0/54000 (0%)]	Loss: 3.454813	Acc: 3.12%
Pre-train Epoch: 1 [6400/54000 (12%)]	Loss: 2.406149	Acc: 21.81%
Pre-train Epoch: 1 [12800/54000 (24%)]	Loss: 1.725104	Acc: 29.66%
Pre-train Epoch: 1 [19200/54000 (36%)]	Loss: 1.912485	Acc: 35.23%
Pre-train Epoch: 1 [25600/54000 (47%)]	Loss: 1.377011	Acc: 39.57%
Pre-train Epoch: 1 [32000/54000 (59%)]	Loss: 1.251061	Acc: 43.01%
Pre-train Epoch: 1 [38400/54000 (71%)]	Loss: 1.304892	Acc: 45.65%
Pre-train Epoch: 1 [44800/54000 (83%)]	Loss: 1.061938	Acc: 48.01%
Pre-train Epoch: 1 [51200/54000 (95%)]	Loss: 1.140913	Acc: 50.00%

Validation set: Average loss: 1.0407, Accuracy: 4092/6000 (68.20%)

Pre-train Epoch: 2 [0/54000 (0%)]	Loss: 1.180927	Acc: 59.38%
Pre-train Epoch: 2 [6400/54000 (12%)]	Loss: 1.256156	Acc: 66.72%
Pre-train Epoch: 2 [12800/54000 (24%)]	Loss: 1.177779	Acc: 67.19%
Pre-train Epoch: 2 [19200/54000 (36%)]	Loss: 1.046106	Acc: 67.36%
Pre-train Epoch: 2 [25600/54000 (47%)]	Loss: 0.870356	Acc: 67.45%
Pre-train Epoch: 2 [32000/54000 (59%)]	Loss: 1.171269	Acc: 67.74%
Pre-train Epoch: 2 [38400/54000 (71%)]	Loss: 0.839954	Acc: 67.98%
Pre-train Epoch: 2 [44800/54000 (83%)]	Loss: 0.918312	Acc: 68.27%
Pre-train Epoch: 2 [51200/54000 (95%)]	Loss: 0.850384	Acc: 68.43%

Validation set: Average loss: 0.9041, Accuracy: 4331/6000 (72.18%)

Pre-train Epoch: 3 [0/54000 (0%)]	Loss: 1.003199	Acc: 76.56%
Pre-train Epoch: 3 [6400/54000 (12%)]	Loss: 0.949642	Acc: 70.08%
Pre-train Epoch: 3 [12800/54000 (24%)]	Loss: 0.857935	Acc: 70.21%
Pre-train Epoch: 3 [19200/54000 (36%)]	Loss: 1.029855	Acc: 70.80%
Pre-train Epoch: 3 [25600/54000 (47%)]	Loss: 0.821598	Acc: 71.00%
Pre-train Epoch: 3 [32000/54000 (59%)]	Loss: 0.804623	Acc: 71.29%
Pre-train Epoch: 3 [38400/54000 (71%)]	Loss: 1.044648	Acc: 71.43%
Pre-train Epoch: 3 [44800/54000 (83%)]	Loss: 1.098782	Acc: 71.48%
Pre-train Epoch: 3 [51200/54000 (95%)]	Loss: 0.848601	Acc: 71.59%

Validation set: Average loss: 0.8588, Accuracy: 4509/6000 (75.15%)

Pre-train Epoch: 4 [0/54000 (0%)]	Loss: 0.795675	Acc: 78.12%
Pre-train Epoch: 4 [6400/54000 (12%)]	Loss: 0.836916	Acc: 73.11%
Pre-train Epoch: 4 [12800/54000 (24%)]	Loss: 0.812555	Acc: 72.63%
Pre-train Epoch: 4 [19200/54000 (36%)]	Loss: 0.772668	Acc: 72.74%
Pre-train Epoch: 4 [25600/54000 (47%)]	Loss: 1.298898	Acc: 72.32%
Pre-train Epoch: 4 [32000/54000 (59%)]	Loss: 0.841688	Acc: 72.53%
Pre-train Epoch: 4 [38400/54000 (71%)]	Loss: 0.945322	Acc: 72.68%
Pre-train Epoch: 4 [44800/54000 (83%)]	Loss: 0.782203	Acc: 72.56%
Pre-train Epoch: 4 [51200/54000 (95%)]	Loss: 0.654985	Acc: 72.64%

Validation set: Average loss: 0.8654, Accuracy: 4433/6000 (73.88%)

Pre-train Epoch: 5 [0/54000 (0%)]	Loss: 0.809596	Acc: 82.81%
Pre-train Epoch: 5 [6400/54000 (12%)]	Loss: 0.643131	Acc: 73.24%
Pre-train Epoch: 5 [12800/54000 (24%)]	Loss: 0.755453	Acc: 73.31%
Pre-train Epoch: 5 [19200/54000 (36%)]	Loss: 0.825487	Acc: 73.51%
Pre-train Epoch: 5 [25600/54000 (47%)]	Loss: 0.891279	Acc: 73.46%
Pre-train Epoch: 5 [32000/54000 (59%)]	Loss: 0.915702	Acc: 73.52%
Pre-train Epoch: 5 [38400/54000 (71%)]	Loss: 1.170994	Acc: 73.58%
Pre-train Epoch: 5 [44800/54000 (83%)]	Loss: 0.931350	Acc: 73.62%
Pre-train Epoch: 5 [51200/54000 (95%)]	Loss: 0.854103	Acc: 73.62%

Validation set: Average loss: 0.8881, Accuracy: 4396/6000 (73.27%)

Pre-train Epoch: 6 [0/54000 (0%)]	Loss: 1.039588	Acc: 62.50%
Pre-train Epoch: 6 [6400/54000 (12%)]	Loss: 1.154598	Acc: 73.50%
Pre-train Epoch: 6 [12800/54000 (24%)]	Loss: 0.847427	Acc: 73.94%
Pre-train Epoch: 6 [19200/54000 (36%)]	Loss: 0.779857	Acc: 74.12%
Pre-train Epoch: 6 [25600/54000 (47%)]	Loss: 0.751962	Acc: 74.00%
Pre-train Epoch: 6 [32000/54000 (59%)]	Loss: 0.977266	Acc: 73.99%
Pre-train Epoch: 6 [38400/54000 (71%)]	Loss: 0.825010	Acc: 74.10%
Pre-train Epoch: 6 [44800/54000 (83%)]	Loss: 0.775824	Acc: 74.15%
Pre-train Epoch: 6 [51200/54000 (95%)]	Loss: 0.988953	Acc: 74.09%

Validation set: Average loss: 0.8118, Accuracy: 4509/6000 (75.15%)

Pre-train Epoch: 7 [0/54000 (0%)]	Loss: 0.822496	Acc: 76.56%
Pre-train Epoch: 7 [6400/54000 (12%)]	Loss: 0.915717	Acc: 74.92%
Pre-train Epoch: 7 [12800/54000 (24%)]	Loss: 0.673919	Acc: 74.74%
Pre-train Epoch: 7 [19200/54000 (36%)]	Loss: 0.641490	Acc: 74.68%
Pre-train Epoch: 7 [25600/54000 (47%)]	Loss: 0.938705	Acc: 74.51%
Pre-train Epoch: 7 [32000/54000 (59%)]	Loss: 0.918141	Acc: 74.32%
Pre-train Epoch: 7 [38400/54000 (71%)]	Loss: 1.050167	Acc: 74.29%
Pre-train Epoch: 7 [44800/54000 (83%)]	Loss: 0.956146	Acc: 74.42%
Pre-train Epoch: 7 [51200/54000 (95%)]	Loss: 0.675053	Acc: 74.39%

Validation set: Average loss: 0.7552, Accuracy: 4615/6000 (76.92%)

Pre-train Epoch: 8 [0/54000 (0%)]	Loss: 0.805096	Acc: 75.00%
Pre-train Epoch: 8 [6400/54000 (12%)]	Loss: 0.756627	Acc: 75.77%
Pre-train Epoch: 8 [12800/54000 (24%)]	Loss: 0.640904	Acc: 75.22%
Pre-train Epoch: 8 [19200/54000 (36%)]	Loss: 0.755796	Acc: 75.14%
Pre-train Epoch: 8 [25600/54000 (47%)]	Loss: 1.021641	Acc: 74.93%
Pre-train Epoch: 8 [32000/54000 (59%)]	Loss: 0.829427	Acc: 74.87%
Pre-train Epoch: 8 [38400/54000 (71%)]	Loss: 0.793978	Acc: 74.70%
Pre-train Epoch: 8 [44800/54000 (83%)]	Loss: 0.850398	Acc: 74.55%
Pre-train Epoch: 8 [51200/54000 (95%)]	Loss: 1.072239	Acc: 74.47%

Validation set: Average loss: 0.7403, Accuracy: 4652/6000 (77.53%)

Pre-train Epoch: 9 [0/54000 (0%)]	Loss: 1.017956	Acc: 70.31%
Pre-train Epoch: 9 [6400/54000 (12%)]	Loss: 0.813803	Acc: 75.51%
Pre-train Epoch: 9 [12800/54000 (24%)]	Loss: 0.783229	Acc: 74.79%
Pre-train Epoch: 9 [19200/54000 (36%)]	Loss: 0.890945	Acc: 75.05%
Pre-train Epoch: 9 [25600/54000 (47%)]	Loss: 1.009311	Acc: 75.02%
Pre-train Epoch: 9 [32000/54000 (59%)]	Loss: 0.962681	Acc: 75.06%
Pre-train Epoch: 9 [38400/54000 (71%)]	Loss: 0.686132	Acc: 75.18%
Pre-train Epoch: 9 [44800/54000 (83%)]	Loss: 0.879804	Acc: 75.14%
Pre-train Epoch: 9 [51200/54000 (95%)]	Loss: 1.024678	Acc: 75.08%

Validation set: Average loss: 0.8271, Accuracy: 4464/6000 (74.40%)

Pre-train Epoch: 10 [0/54000 (0%)]	Loss: 0.633396	Acc: 81.25%
Pre-train Epoch: 10 [6400/54000 (12%)]	Loss: 0.784642	Acc: 76.16%
Pre-train Epoch: 10 [12800/54000 (24%)]	Loss: 0.866017	Acc: 75.44%
Pre-train Epoch: 10 [19200/54000 (36%)]	Loss: 0.873107	Acc: 75.35%
Pre-train Epoch: 10 [25600/54000 (47%)]	Loss: 1.000295	Acc: 75.21%
Pre-train Epoch: 10 [32000/54000 (59%)]	Loss: 0.865086	Acc: 75.07%
Pre-train Epoch: 10 [38400/54000 (71%)]	Loss: 0.708262	Acc: 75.04%
Pre-train Epoch: 10 [44800/54000 (83%)]	Loss: 0.771642	Acc: 75.16%
Pre-train Epoch: 10 [51200/54000 (95%)]	Loss: 0.669392	Acc: 75.06%

Validation set: Average loss: 0.7894, Accuracy: 4501/6000 (75.02%)

Pre-train Epoch: 11 [0/54000 (0%)]	Loss: 0.728496	Acc: 84.38%
Pre-train Epoch: 11 [6400/54000 (12%)]	Loss: 1.030854	Acc: 75.50%
Pre-train Epoch: 11 [12800/54000 (24%)]	Loss: 0.846216	Acc: 75.17%
Pre-train Epoch: 11 [19200/54000 (36%)]	Loss: 0.755968	Acc: 74.89%
Pre-train Epoch: 11 [25600/54000 (47%)]	Loss: 0.756168	Acc: 75.00%
Pre-train Epoch: 11 [32000/54000 (59%)]	Loss: 0.805605	Acc: 74.95%
Pre-train Epoch: 11 [38400/54000 (71%)]	Loss: 0.747989	Acc: 74.88%
Pre-train Epoch: 11 [44800/54000 (83%)]	Loss: 0.721919	Acc: 75.03%
Pre-train Epoch: 11 [51200/54000 (95%)]	Loss: 0.850322	Acc: 74.98%

Validation set: Average loss: 0.9443, Accuracy: 4318/6000 (71.97%)

Pre-train Epoch: 12 [0/54000 (0%)]	Loss: 1.143237	Acc: 64.06%
Pre-train Epoch: 12 [6400/54000 (12%)]	Loss: 0.808509	Acc: 75.79%
Pre-train Epoch: 12 [12800/54000 (24%)]	Loss: 0.734637	Acc: 75.58%
Pre-train Epoch: 12 [19200/54000 (36%)]	Loss: 0.713045	Acc: 75.55%
Pre-train Epoch: 12 [25600/54000 (47%)]	Loss: 0.751711	Acc: 75.16%
Pre-train Epoch: 12 [32000/54000 (59%)]	Loss: 0.851986	Acc: 75.12%
Pre-train Epoch: 12 [38400/54000 (71%)]	Loss: 0.961152	Acc: 75.10%
Pre-train Epoch: 12 [44800/54000 (83%)]	Loss: 0.682353	Acc: 75.10%
Pre-train Epoch: 12 [51200/54000 (95%)]	Loss: 0.899481	Acc: 75.19%

Validation set: Average loss: 0.7974, Accuracy: 4502/6000 (75.03%)

Pre-train Epoch: 13 [0/54000 (0%)]	Loss: 0.856057	Acc: 70.31%
Pre-train Epoch: 13 [6400/54000 (12%)]	Loss: 0.852854	Acc: 74.57%
Pre-train Epoch: 13 [12800/54000 (24%)]	Loss: 0.771930	Acc: 74.96%
Pre-train Epoch: 13 [19200/54000 (36%)]	Loss: 0.753641	Acc: 74.92%
Pre-train Epoch: 13 [25600/54000 (47%)]	Loss: 0.698874	Acc: 75.09%
Pre-train Epoch: 13 [32000/54000 (59%)]	Loss: 0.623532	Acc: 74.99%
Pre-train Epoch: 13 [38400/54000 (71%)]	Loss: 0.655971	Acc: 75.16%
Pre-train Epoch: 13 [44800/54000 (83%)]	Loss: 0.910001	Acc: 75.31%
Pre-train Epoch: 13 [51200/54000 (95%)]	Loss: 0.719301	Acc: 75.34%

Validation set: Average loss: 0.8674, Accuracy: 4391/6000 (73.18%)

Pre-train Epoch: 14 [0/54000 (0%)]	Loss: 1.035014	Acc: 62.50%
Pre-train Epoch: 14 [6400/54000 (12%)]	Loss: 0.743107	Acc: 76.05%
Pre-train Epoch: 14 [12800/54000 (24%)]	Loss: 0.685902	Acc: 76.06%
Pre-train Epoch: 14 [19200/54000 (36%)]	Loss: 0.857484	Acc: 75.89%
Pre-train Epoch: 14 [25600/54000 (47%)]	Loss: 0.859666	Acc: 75.77%
Pre-train Epoch: 14 [32000/54000 (59%)]	Loss: 1.151998	Acc: 75.82%
Pre-train Epoch: 14 [38400/54000 (71%)]	Loss: 0.898353	Acc: 75.74%
Pre-train Epoch: 14 [44800/54000 (83%)]	Loss: 0.877316	Acc: 75.64%
Pre-train Epoch: 14 [51200/54000 (95%)]	Loss: 1.047983	Acc: 75.68%

Validation set: Average loss: 0.7557, Accuracy: 4560/6000 (76.00%)

Pre-train Epoch: 15 [0/54000 (0%)]	Loss: 0.767275	Acc: 76.56%
Pre-train Epoch: 15 [6400/54000 (12%)]	Loss: 0.683164	Acc: 75.11%
Pre-train Epoch: 15 [12800/54000 (24%)]	Loss: 0.941120	Acc: 74.64%
Pre-train Epoch: 15 [19200/54000 (36%)]	Loss: 0.861032	Acc: 74.94%
Pre-train Epoch: 15 [25600/54000 (47%)]	Loss: 0.597000	Acc: 75.22%
Pre-train Epoch: 15 [32000/54000 (59%)]	Loss: 0.957432	Acc: 75.34%
Pre-train Epoch: 15 [38400/54000 (71%)]	Loss: 0.843001	Acc: 75.29%
Pre-train Epoch: 15 [44800/54000 (83%)]	Loss: 0.912150	Acc: 75.33%
Pre-train Epoch: 15 [51200/54000 (95%)]	Loss: 0.722235	Acc: 75.50%

Validation set: Average loss: 0.7518, Accuracy: 4595/6000 (76.58%)

Pre-train Epoch: 16 [0/54000 (0%)]	Loss: 0.856128	Acc: 68.75%
Pre-train Epoch: 16 [6400/54000 (12%)]	Loss: 0.937776	Acc: 75.99%
Pre-train Epoch: 16 [12800/54000 (24%)]	Loss: 0.819446	Acc: 76.41%
Pre-train Epoch: 16 [19200/54000 (36%)]	Loss: 0.928367	Acc: 76.15%
Pre-train Epoch: 16 [25600/54000 (47%)]	Loss: 0.575746	Acc: 75.98%
Pre-train Epoch: 16 [32000/54000 (59%)]	Loss: 0.914025	Acc: 75.84%
Pre-train Epoch: 16 [38400/54000 (71%)]	Loss: 0.850348	Acc: 75.77%
Pre-train Epoch: 16 [44800/54000 (83%)]	Loss: 0.840874	Acc: 75.87%
Pre-train Epoch: 16 [51200/54000 (95%)]	Loss: 0.751407	Acc: 75.71%

Validation set: Average loss: 0.8118, Accuracy: 4532/6000 (75.53%)

Pre-train Epoch: 17 [0/54000 (0%)]	Loss: 0.790831	Acc: 78.12%
Pre-train Epoch: 17 [6400/54000 (12%)]	Loss: 0.754544	Acc: 75.74%
Pre-train Epoch: 17 [12800/54000 (24%)]	Loss: 0.745817	Acc: 75.94%
Pre-train Epoch: 17 [19200/54000 (36%)]	Loss: 1.012764	Acc: 75.87%
Pre-train Epoch: 17 [25600/54000 (47%)]	Loss: 0.794927	Acc: 76.05%
Pre-train Epoch: 17 [32000/54000 (59%)]	Loss: 0.730398	Acc: 75.94%
Pre-train Epoch: 17 [38400/54000 (71%)]	Loss: 0.746582	Acc: 75.89%
Pre-train Epoch: 17 [44800/54000 (83%)]	Loss: 0.903322	Acc: 75.89%
Pre-train Epoch: 17 [51200/54000 (95%)]	Loss: 0.852667	Acc: 75.88%

Validation set: Average loss: 0.8765, Accuracy: 4369/6000 (72.82%)

Pre-train Epoch: 18 [0/54000 (0%)]	Loss: 0.713812	Acc: 82.81%
Pre-train Epoch: 18 [6400/54000 (12%)]	Loss: 0.931424	Acc: 76.14%
Pre-train Epoch: 18 [12800/54000 (24%)]	Loss: 0.834454	Acc: 76.24%
Pre-train Epoch: 18 [19200/54000 (36%)]	Loss: 0.789641	Acc: 75.89%
Pre-train Epoch: 18 [25600/54000 (47%)]	Loss: 0.709222	Acc: 75.97%
Pre-train Epoch: 18 [32000/54000 (59%)]	Loss: 0.765282	Acc: 75.99%
Pre-train Epoch: 18 [38400/54000 (71%)]	Loss: 0.577235	Acc: 76.10%
Pre-train Epoch: 18 [44800/54000 (83%)]	Loss: 0.839259	Acc: 76.02%
Pre-train Epoch: 18 [51200/54000 (95%)]	Loss: 0.818466	Acc: 75.92%

Validation set: Average loss: 0.7781, Accuracy: 4528/6000 (75.47%)

Early stopping at epoch 18
Pre-training complete. Best model saved to models/kfold_reference_model.pth

--- Phase 2: 5-Fold Finetuning ---
Applying RamanSPy preprocessing to data/X_finetune.npy...
Applying RamanSPy preprocessing to data/X_test.npy...

>>> Starting Fold 1/5 <<<
Fold 1 Finetune Epoch: 1 [0/2700 (0%)]	Loss: 1.604695	Acc: 48.44%

Fold 1 Val set: Average loss: 1.0547, Accuracy: 194/300 (64.67%)

Fold 1 Finetune Epoch: 2 [0/2700 (0%)]	Loss: 1.158627	Acc: 59.38%

Fold 1 Val set: Average loss: 0.9094, Accuracy: 210/300 (70.00%)

Fold 1 Finetune Epoch: 3 [0/2700 (0%)]	Loss: 1.111274	Acc: 65.62%

Fold 1 Val set: Average loss: 0.8348, Accuracy: 222/300 (74.00%)

Fold 1 Finetune Epoch: 4 [0/2700 (0%)]	Loss: 0.966541	Acc: 75.00%

Fold 1 Val set: Average loss: 0.7796, Accuracy: 230/300 (76.67%)

Fold 1 Finetune Epoch: 5 [0/2700 (0%)]	Loss: 0.875943	Acc: 79.69%

Fold 1 Val set: Average loss: 0.7375, Accuracy: 238/300 (79.33%)

Fold 1 Finetune Epoch: 6 [0/2700 (0%)]	Loss: 0.806121	Acc: 76.56%

Fold 1 Val set: Average loss: 0.7116, Accuracy: 243/300 (81.00%)

Fold 1 Finetune Epoch: 7 [0/2700 (0%)]	Loss: 0.783036	Acc: 78.12%

Fold 1 Val set: Average loss: 0.6829, Accuracy: 238/300 (79.33%)

Fold 1 Finetune Epoch: 8 [0/2700 (0%)]	Loss: 0.791356	Acc: 76.56%

Fold 1 Val set: Average loss: 0.6621, Accuracy: 244/300 (81.33%)

Fold 1 Finetune Epoch: 9 [0/2700 (0%)]	Loss: 0.704628	Acc: 85.94%

Fold 1 Val set: Average loss: 0.6513, Accuracy: 247/300 (82.33%)

Fold 1 Finetune Epoch: 10 [0/2700 (0%)]	Loss: 0.609356	Acc: 79.69%

Fold 1 Val set: Average loss: 0.6385, Accuracy: 248/300 (82.67%)

Fold 1 Finetune Epoch: 11 [0/2700 (0%)]	Loss: 0.653221	Acc: 82.81%

Fold 1 Val set: Average loss: 0.6229, Accuracy: 249/300 (83.00%)

Fold 1 Finetune Epoch: 12 [0/2700 (0%)]	Loss: 0.657243	Acc: 84.38%

Fold 1 Val set: Average loss: 0.6191, Accuracy: 251/300 (83.67%)

Fold 1 Finetune Epoch: 13 [0/2700 (0%)]	Loss: 0.513490	Acc: 89.06%

Fold 1 Val set: Average loss: 0.6085, Accuracy: 251/300 (83.67%)

Fold 1 Finetune Epoch: 14 [0/2700 (0%)]	Loss: 0.645843	Acc: 81.25%

Fold 1 Val set: Average loss: 0.6042, Accuracy: 252/300 (84.00%)

Fold 1 Finetune Epoch: 15 [0/2700 (0%)]	Loss: 0.578846	Acc: 82.81%

Fold 1 Val set: Average loss: 0.6061, Accuracy: 251/300 (83.67%)

Fold 1 Finetune Epoch: 16 [0/2700 (0%)]	Loss: 0.646583	Acc: 81.25%

Fold 1 Val set: Average loss: 0.5939, Accuracy: 253/300 (84.33%)

Fold 1 Finetune Epoch: 17 [0/2700 (0%)]	Loss: 0.490982	Acc: 90.62%

Fold 1 Val set: Average loss: 0.6003, Accuracy: 252/300 (84.00%)

Fold 1 Finetune Epoch: 18 [0/2700 (0%)]	Loss: 0.651613	Acc: 84.38%

Fold 1 Val set: Average loss: 0.5979, Accuracy: 255/300 (85.00%)

Fold 1 Finetune Epoch: 19 [0/2700 (0%)]	Loss: 0.656512	Acc: 81.25%

Fold 1 Val set: Average loss: 0.5982, Accuracy: 252/300 (84.00%)

Fold 1 Finetune Epoch: 20 [0/2700 (0%)]	Loss: 0.519135	Acc: 89.06%

Fold 1 Val set: Average loss: 0.5989, Accuracy: 256/300 (85.33%)


Evaluating Fold 1 on Test Set...

Fold 1 Test set: Average loss: 0.8769, Accuracy: 2194/3000 (73.13%)


>>> Starting Fold 2/5 <<<
Fold 2 Finetune Epoch: 1 [0/2700 (0%)]	Loss: 1.661468	Acc: 48.44%

Fold 2 Val set: Average loss: 1.0998, Accuracy: 196/300 (65.33%)

Fold 2 Finetune Epoch: 2 [0/2700 (0%)]	Loss: 1.256123	Acc: 64.06%

Fold 2 Val set: Average loss: 0.9616, Accuracy: 214/300 (71.33%)

Fold 2 Finetune Epoch: 3 [0/2700 (0%)]	Loss: 0.912747	Acc: 81.25%

Fold 2 Val set: Average loss: 0.8809, Accuracy: 228/300 (76.00%)

Fold 2 Finetune Epoch: 4 [0/2700 (0%)]	Loss: 0.861326	Acc: 73.44%

Fold 2 Val set: Average loss: 0.8162, Accuracy: 235/300 (78.33%)

Fold 2 Finetune Epoch: 5 [0/2700 (0%)]	Loss: 0.768643	Acc: 78.12%

Fold 2 Val set: Average loss: 0.7795, Accuracy: 235/300 (78.33%)

Fold 2 Finetune Epoch: 6 [0/2700 (0%)]	Loss: 0.813539	Acc: 73.44%

Fold 2 Val set: Average loss: 0.7482, Accuracy: 238/300 (79.33%)

Fold 2 Finetune Epoch: 7 [0/2700 (0%)]	Loss: 0.675792	Acc: 84.38%

Fold 2 Val set: Average loss: 0.7098, Accuracy: 237/300 (79.00%)

Fold 2 Finetune Epoch: 8 [0/2700 (0%)]	Loss: 0.585706	Acc: 87.50%

Fold 2 Val set: Average loss: 0.6923, Accuracy: 238/300 (79.33%)

Fold 2 Finetune Epoch: 9 [0/2700 (0%)]	Loss: 0.893488	Acc: 82.81%

Fold 2 Val set: Average loss: 0.6709, Accuracy: 241/300 (80.33%)

Fold 2 Finetune Epoch: 10 [0/2700 (0%)]	Loss: 0.631261	Acc: 87.50%

Fold 2 Val set: Average loss: 0.6681, Accuracy: 240/300 (80.00%)

Fold 2 Finetune Epoch: 11 [0/2700 (0%)]	Loss: 0.658433	Acc: 79.69%

Fold 2 Val set: Average loss: 0.6610, Accuracy: 240/300 (80.00%)

Fold 2 Finetune Epoch: 12 [0/2700 (0%)]	Loss: 0.575545	Acc: 84.38%

Fold 2 Val set: Average loss: 0.6473, Accuracy: 241/300 (80.33%)

Fold 2 Finetune Epoch: 13 [0/2700 (0%)]	Loss: 0.603836	Acc: 85.94%

Fold 2 Val set: Average loss: 0.6498, Accuracy: 243/300 (81.00%)

Fold 2 Finetune Epoch: 14 [0/2700 (0%)]	Loss: 0.644767	Acc: 85.94%

Fold 2 Val set: Average loss: 0.6338, Accuracy: 241/300 (80.33%)

Fold 2 Finetune Epoch: 15 [0/2700 (0%)]	Loss: 0.446350	Acc: 90.62%

Fold 2 Val set: Average loss: 0.6315, Accuracy: 242/300 (80.67%)

Fold 2 Finetune Epoch: 16 [0/2700 (0%)]	Loss: 0.478676	Acc: 92.19%

Fold 2 Val set: Average loss: 0.6315, Accuracy: 243/300 (81.00%)

Fold 2 Finetune Epoch: 17 [0/2700 (0%)]	Loss: 0.574911	Acc: 85.94%

Fold 2 Val set: Average loss: 0.6246, Accuracy: 241/300 (80.33%)

Fold 2 Finetune Epoch: 18 [0/2700 (0%)]	Loss: 0.515686	Acc: 87.50%

Fold 2 Val set: Average loss: 0.6280, Accuracy: 241/300 (80.33%)

Fold 2 Finetune Epoch: 19 [0/2700 (0%)]	Loss: 0.648697	Acc: 82.81%

Fold 2 Val set: Average loss: 0.6238, Accuracy: 242/300 (80.67%)

Fold 2 Finetune Epoch: 20 [0/2700 (0%)]	Loss: 0.600422	Acc: 87.50%

Fold 2 Val set: Average loss: 0.6277, Accuracy: 240/300 (80.00%)


Evaluating Fold 2 on Test Set...

Fold 2 Test set: Average loss: 0.8772, Accuracy: 2201/3000 (73.37%)


>>> Starting Fold 3/5 <<<
Fold 3 Finetune Epoch: 1 [0/2700 (0%)]	Loss: 1.751254	Acc: 35.94%

Fold 3 Val set: Average loss: 1.2872, Accuracy: 184/300 (61.33%)

Fold 3 Finetune Epoch: 2 [0/2700 (0%)]	Loss: 1.131280	Acc: 60.94%

Fold 3 Val set: Average loss: 1.1326, Accuracy: 197/300 (65.67%)

Fold 3 Finetune Epoch: 3 [0/2700 (0%)]	Loss: 0.865537	Acc: 68.75%

Fold 3 Val set: Average loss: 1.0391, Accuracy: 201/300 (67.00%)

Fold 3 Finetune Epoch: 4 [0/2700 (0%)]	Loss: 0.860865	Acc: 76.56%

Fold 3 Val set: Average loss: 0.9853, Accuracy: 206/300 (68.67%)

Fold 3 Finetune Epoch: 5 [0/2700 (0%)]	Loss: 0.808810	Acc: 78.12%

Fold 3 Val set: Average loss: 0.9392, Accuracy: 212/300 (70.67%)

Fold 3 Finetune Epoch: 6 [0/2700 (0%)]	Loss: 0.719799	Acc: 85.94%

Fold 3 Val set: Average loss: 0.9056, Accuracy: 218/300 (72.67%)

Fold 3 Finetune Epoch: 7 [0/2700 (0%)]	Loss: 0.805900	Acc: 78.12%

Fold 3 Val set: Average loss: 0.8670, Accuracy: 222/300 (74.00%)

Fold 3 Finetune Epoch: 8 [0/2700 (0%)]	Loss: 0.758982	Acc: 75.00%

Fold 3 Val set: Average loss: 0.8551, Accuracy: 219/300 (73.00%)

Fold 3 Finetune Epoch: 9 [0/2700 (0%)]	Loss: 0.530162	Acc: 89.06%

Fold 3 Val set: Average loss: 0.8410, Accuracy: 222/300 (74.00%)

Fold 3 Finetune Epoch: 10 [0/2700 (0%)]	Loss: 0.646269	Acc: 82.81%

Fold 3 Val set: Average loss: 0.8178, Accuracy: 228/300 (76.00%)

Fold 3 Finetune Epoch: 11 [0/2700 (0%)]	Loss: 0.725766	Acc: 87.50%

Fold 3 Val set: Average loss: 0.7997, Accuracy: 224/300 (74.67%)

Fold 3 Finetune Epoch: 12 [0/2700 (0%)]	Loss: 0.738210	Acc: 82.81%

Fold 3 Val set: Average loss: 0.7896, Accuracy: 233/300 (77.67%)

Fold 3 Finetune Epoch: 13 [0/2700 (0%)]	Loss: 0.609925	Acc: 89.06%

Fold 3 Val set: Average loss: 0.7882, Accuracy: 228/300 (76.00%)

Fold 3 Finetune Epoch: 14 [0/2700 (0%)]	Loss: 0.606606	Acc: 85.94%

Fold 3 Val set: Average loss: 0.7901, Accuracy: 228/300 (76.00%)

Fold 3 Finetune Epoch: 15 [0/2700 (0%)]	Loss: 0.608455	Acc: 81.25%

Fold 3 Val set: Average loss: 0.7860, Accuracy: 223/300 (74.33%)

Fold 3 Finetune Epoch: 16 [0/2700 (0%)]	Loss: 0.584562	Acc: 85.94%

Fold 3 Val set: Average loss: 0.7766, Accuracy: 227/300 (75.67%)

Fold 3 Finetune Epoch: 17 [0/2700 (0%)]	Loss: 0.564260	Acc: 85.94%

Fold 3 Val set: Average loss: 0.7737, Accuracy: 227/300 (75.67%)

Fold 3 Finetune Epoch: 18 [0/2700 (0%)]	Loss: 0.633081	Acc: 81.25%

Fold 3 Val set: Average loss: 0.7788, Accuracy: 229/300 (76.33%)

Fold 3 Finetune Epoch: 19 [0/2700 (0%)]	Loss: 0.686919	Acc: 81.25%

Fold 3 Val set: Average loss: 0.7828, Accuracy: 226/300 (75.33%)

Fold 3 Finetune Epoch: 20 [0/2700 (0%)]	Loss: 0.633698	Acc: 85.94%

Fold 3 Val set: Average loss: 0.7693, Accuracy: 232/300 (77.33%)


Evaluating Fold 3 on Test Set...

Fold 3 Test set: Average loss: 0.8739, Accuracy: 2194/3000 (73.13%)


>>> Starting Fold 4/5 <<<
Fold 4 Finetune Epoch: 1 [0/2700 (0%)]	Loss: 1.755727	Acc: 43.75%

Fold 4 Val set: Average loss: 1.1777, Accuracy: 177/300 (59.00%)

Fold 4 Finetune Epoch: 2 [0/2700 (0%)]	Loss: 1.146302	Acc: 67.19%

Fold 4 Val set: Average loss: 1.0246, Accuracy: 203/300 (67.67%)

Fold 4 Finetune Epoch: 3 [0/2700 (0%)]	Loss: 0.837987	Acc: 73.44%

Fold 4 Val set: Average loss: 0.9308, Accuracy: 211/300 (70.33%)

Fold 4 Finetune Epoch: 4 [0/2700 (0%)]	Loss: 0.859893	Acc: 73.44%

Fold 4 Val set: Average loss: 0.8716, Accuracy: 223/300 (74.33%)

Fold 4 Finetune Epoch: 5 [0/2700 (0%)]	Loss: 0.939448	Acc: 73.44%

Fold 4 Val set: Average loss: 0.8199, Accuracy: 227/300 (75.67%)

Fold 4 Finetune Epoch: 6 [0/2700 (0%)]	Loss: 0.628218	Acc: 79.69%

Fold 4 Val set: Average loss: 0.7853, Accuracy: 230/300 (76.67%)

Fold 4 Finetune Epoch: 7 [0/2700 (0%)]	Loss: 1.114639	Acc: 65.62%

Fold 4 Val set: Average loss: 0.7501, Accuracy: 234/300 (78.00%)

Fold 4 Finetune Epoch: 8 [0/2700 (0%)]	Loss: 0.701656	Acc: 76.56%

Fold 4 Val set: Average loss: 0.7362, Accuracy: 235/300 (78.33%)

Fold 4 Finetune Epoch: 9 [0/2700 (0%)]	Loss: 0.711022	Acc: 82.81%

Fold 4 Val set: Average loss: 0.7205, Accuracy: 238/300 (79.33%)

Fold 4 Finetune Epoch: 10 [0/2700 (0%)]	Loss: 0.849813	Acc: 76.56%

Fold 4 Val set: Average loss: 0.7017, Accuracy: 245/300 (81.67%)

Fold 4 Finetune Epoch: 11 [0/2700 (0%)]	Loss: 0.701614	Acc: 81.25%

Fold 4 Val set: Average loss: 0.6865, Accuracy: 241/300 (80.33%)

Fold 4 Finetune Epoch: 12 [0/2700 (0%)]	Loss: 0.726853	Acc: 75.00%

Fold 4 Val set: Average loss: 0.6830, Accuracy: 245/300 (81.67%)

Fold 4 Finetune Epoch: 13 [0/2700 (0%)]	Loss: 0.679885	Acc: 82.81%

Fold 4 Val set: Average loss: 0.6741, Accuracy: 247/300 (82.33%)

Fold 4 Finetune Epoch: 14 [0/2700 (0%)]	Loss: 0.698299	Acc: 87.50%

Fold 4 Val set: Average loss: 0.6659, Accuracy: 248/300 (82.67%)

Fold 4 Finetune Epoch: 15 [0/2700 (0%)]	Loss: 0.680916	Acc: 78.12%

Fold 4 Val set: Average loss: 0.6595, Accuracy: 246/300 (82.00%)

Fold 4 Finetune Epoch: 16 [0/2700 (0%)]	Loss: 0.597242	Acc: 84.38%

Fold 4 Val set: Average loss: 0.6648, Accuracy: 247/300 (82.33%)

Fold 4 Finetune Epoch: 17 [0/2700 (0%)]	Loss: 0.617355	Acc: 84.38%

Fold 4 Val set: Average loss: 0.6568, Accuracy: 249/300 (83.00%)

Fold 4 Finetune Epoch: 18 [0/2700 (0%)]	Loss: 0.656341	Acc: 82.81%

Fold 4 Val set: Average loss: 0.6630, Accuracy: 248/300 (82.67%)

Fold 4 Finetune Epoch: 19 [0/2700 (0%)]	Loss: 0.541033	Acc: 85.94%

Fold 4 Val set: Average loss: 0.6586, Accuracy: 247/300 (82.33%)

Fold 4 Finetune Epoch: 20 [0/2700 (0%)]	Loss: 0.750961	Acc: 85.94%

Fold 4 Val set: Average loss: 0.6617, Accuracy: 247/300 (82.33%)


Evaluating Fold 4 on Test Set...

Fold 4 Test set: Average loss: 0.8783, Accuracy: 2194/3000 (73.13%)


>>> Starting Fold 5/5 <<<
Fold 5 Finetune Epoch: 1 [0/2700 (0%)]	Loss: 1.622176	Acc: 50.00%

Fold 5 Val set: Average loss: 1.0979, Accuracy: 194/300 (64.67%)

Fold 5 Finetune Epoch: 2 [0/2700 (0%)]	Loss: 1.237823	Acc: 62.50%

Fold 5 Val set: Average loss: 0.9437, Accuracy: 215/300 (71.67%)

Fold 5 Finetune Epoch: 3 [0/2700 (0%)]	Loss: 1.022129	Acc: 67.19%

Fold 5 Val set: Average loss: 0.8647, Accuracy: 225/300 (75.00%)

Fold 5 Finetune Epoch: 4 [0/2700 (0%)]	Loss: 0.872312	Acc: 70.31%

Fold 5 Val set: Average loss: 0.8126, Accuracy: 234/300 (78.00%)

Fold 5 Finetune Epoch: 5 [0/2700 (0%)]	Loss: 0.859702	Acc: 76.56%

Fold 5 Val set: Average loss: 0.7646, Accuracy: 235/300 (78.33%)

Fold 5 Finetune Epoch: 6 [0/2700 (0%)]	Loss: 0.788241	Acc: 76.56%

Fold 5 Val set: Average loss: 0.7318, Accuracy: 240/300 (80.00%)

Fold 5 Finetune Epoch: 7 [0/2700 (0%)]	Loss: 0.929218	Acc: 78.12%

Fold 5 Val set: Average loss: 0.7064, Accuracy: 239/300 (79.67%)

Fold 5 Finetune Epoch: 8 [0/2700 (0%)]	Loss: 0.951617	Acc: 68.75%

Fold 5 Val set: Average loss: 0.6840, Accuracy: 242/300 (80.67%)

Fold 5 Finetune Epoch: 9 [0/2700 (0%)]	Loss: 0.955580	Acc: 70.31%

Fold 5 Val set: Average loss: 0.6703, Accuracy: 243/300 (81.00%)

Fold 5 Finetune Epoch: 10 [0/2700 (0%)]	Loss: 0.602987	Acc: 85.94%

Fold 5 Val set: Average loss: 0.6499, Accuracy: 245/300 (81.67%)

Fold 5 Finetune Epoch: 11 [0/2700 (0%)]	Loss: 0.714185	Acc: 81.25%

Fold 5 Val set: Average loss: 0.6437, Accuracy: 247/300 (82.33%)

Fold 5 Finetune Epoch: 12 [0/2700 (0%)]	Loss: 0.650065	Acc: 78.12%

Fold 5 Val set: Average loss: 0.6334, Accuracy: 245/300 (81.67%)

Fold 5 Finetune Epoch: 13 [0/2700 (0%)]	Loss: 0.875835	Acc: 78.12%

Fold 5 Val set: Average loss: 0.6217, Accuracy: 251/300 (83.67%)

Fold 5 Finetune Epoch: 14 [0/2700 (0%)]	Loss: 0.637346	Acc: 79.69%

Fold 5 Val set: Average loss: 0.6183, Accuracy: 251/300 (83.67%)

Fold 5 Finetune Epoch: 15 [0/2700 (0%)]	Loss: 0.391451	Acc: 93.75%

Fold 5 Val set: Average loss: 0.6186, Accuracy: 248/300 (82.67%)

Fold 5 Finetune Epoch: 16 [0/2700 (0%)]	Loss: 0.696776	Acc: 81.25%

Fold 5 Val set: Average loss: 0.6137, Accuracy: 251/300 (83.67%)

Fold 5 Finetune Epoch: 17 [0/2700 (0%)]	Loss: 0.600945	Acc: 81.25%

Fold 5 Val set: Average loss: 0.6103, Accuracy: 248/300 (82.67%)

Fold 5 Finetune Epoch: 18 [0/2700 (0%)]	Loss: 0.554446	Acc: 87.50%

Fold 5 Val set: Average loss: 0.6092, Accuracy: 250/300 (83.33%)

Fold 5 Finetune Epoch: 19 [0/2700 (0%)]	Loss: 0.515847	Acc: 85.94%

Fold 5 Val set: Average loss: 0.6056, Accuracy: 248/300 (82.67%)

Fold 5 Finetune Epoch: 20 [0/2700 (0%)]	Loss: 0.617060	Acc: 81.25%

Fold 5 Val set: Average loss: 0.6147, Accuracy: 250/300 (83.33%)


Evaluating Fold 5 on Test Set...

Fold 5 Test set: Average loss: 0.8749, Accuracy: 2201/3000 (73.37%)


========================================
FINAL 5-FOLD CROSS VALIDATION RESULTS
========================================
Fold 1 Test Accuracy: 73.13%
Fold 2 Test Accuracy: 73.37%
Fold 3 Test Accuracy: 73.13%
Fold 4 Test Accuracy: 73.13%
Fold 5 Test Accuracy: 73.37%
----------------------------------------
Average Test Accuracy: 73.23% ± 0.11%
========================================

