Using device: mps
Loading reference dataset...
Applying RamanSPy preprocessing to data/X_reference.npy...
Detected 30 classes.
Split reference data: 40200 train / 19800 val

--- Starting Reference Training ---
Pre-train Epoch: 1 [0/40200 (0%)]	Loss: 3.415775	Acc: 3.12%
Pre-train Epoch: 1 [6400/40200 (16%)]	Loss: 2.726769	Acc: 12.44%
Pre-train Epoch: 1 [12800/40200 (32%)]	Loss: 2.593260	Acc: 14.69%
Pre-train Epoch: 1 [19200/40200 (48%)]	Loss: 2.577002	Acc: 15.12%
Pre-train Epoch: 1 [25600/40200 (64%)]	Loss: 2.723900	Acc: 15.79%
Pre-train Epoch: 1 [32000/40200 (79%)]	Loss: 2.765563	Acc: 16.45%
Pre-train Epoch: 1 [38400/40200 (95%)]	Loss: 2.678582	Acc: 16.69%
Pre-train Epoch: 2 [0/40200 (0%)]	Loss: 2.690453	Acc: 21.88%
Pre-train Epoch: 2 [6400/40200 (16%)]	Loss: 2.775362	Acc: 17.67%
Pre-train Epoch: 2 [12800/40200 (32%)]	Loss: 2.576594	Acc: 18.10%
Pre-train Epoch: 2 [19200/40200 (48%)]	Loss: 2.694365	Acc: 18.57%
Pre-train Epoch: 2 [25600/40200 (64%)]	Loss: 2.691201	Acc: 18.68%
Pre-train Epoch: 2 [32000/40200 (79%)]	Loss: 2.675996	Acc: 18.65%
Pre-train Epoch: 2 [38400/40200 (95%)]	Loss: 2.737082	Acc: 18.79%
Pre-train Epoch: 3 [0/40200 (0%)]	Loss: 2.650430	Acc: 28.12%
Pre-train Epoch: 3 [6400/40200 (16%)]	Loss: 2.652006	Acc: 19.76%
Pre-train Epoch: 3 [12800/40200 (32%)]	Loss: 2.712027	Acc: 19.49%
Pre-train Epoch: 3 [19200/40200 (48%)]	Loss: 2.777544	Acc: 19.18%
Pre-train Epoch: 3 [25600/40200 (64%)]	Loss: 2.827240	Acc: 19.00%
Pre-train Epoch: 3 [32000/40200 (79%)]	Loss: 2.808525	Acc: 18.87%
Pre-train Epoch: 3 [38400/40200 (95%)]	Loss: 2.781475	Acc: 18.74%
Pre-train Epoch: 4 [0/40200 (0%)]	Loss: 2.950761	Acc: 7.81%
Pre-train Epoch: 4 [6400/40200 (16%)]	Loss: 2.774943	Acc: 18.15%
Pre-train Epoch: 4 [12800/40200 (32%)]	Loss: 2.681813	Acc: 19.26%
Pre-train Epoch: 4 [19200/40200 (48%)]	Loss: 2.743928	Acc: 19.16%
Pre-train Epoch: 4 [25600/40200 (64%)]	Loss: 2.785253	Acc: 18.83%
Pre-train Epoch: 4 [32000/40200 (79%)]	Loss: 2.745961	Acc: 18.74%
Pre-train Epoch: 4 [38400/40200 (95%)]	Loss: 2.703653	Acc: 18.95%
Pre-train Epoch: 5 [0/40200 (0%)]	Loss: 2.973251	Acc: 10.94%
Pre-train Epoch: 5 [6400/40200 (16%)]	Loss: 2.777081	Acc: 20.61%
Pre-train Epoch: 5 [12800/40200 (32%)]	Loss: 2.930536	Acc: 19.85%
Pre-train Epoch: 5 [19200/40200 (48%)]	Loss: 2.657415	Acc: 19.76%
Pre-train Epoch: 5 [25600/40200 (64%)]	Loss: 2.736735	Acc: 19.73%
Pre-train Epoch: 5 [32000/40200 (79%)]	Loss: 2.712837	Acc: 19.67%
Pre-train Epoch: 5 [38400/40200 (95%)]	Loss: 2.883695	Acc: 19.74%
Pre-train Epoch: 6 [0/40200 (0%)]	Loss: 2.662188	Acc: 21.88%
Pre-train Epoch: 6 [6400/40200 (16%)]	Loss: 2.687720	Acc: 19.29%
Pre-train Epoch: 6 [12800/40200 (32%)]	Loss: 2.824877	Acc: 19.76%
Pre-train Epoch: 6 [19200/40200 (48%)]	Loss: 2.776361	Acc: 19.53%
Pre-train Epoch: 6 [25600/40200 (64%)]	Loss: 2.651768	Acc: 19.65%
Pre-train Epoch: 6 [32000/40200 (79%)]	Loss: 2.654307	Acc: 19.81%
Pre-train Epoch: 6 [38400/40200 (95%)]	Loss: 2.673320	Acc: 19.93%
Pre-train Epoch: 7 [0/40200 (0%)]	Loss: 2.624435	Acc: 23.44%
Pre-train Epoch: 7 [6400/40200 (16%)]	Loss: 2.533824	Acc: 20.08%
Pre-train Epoch: 7 [12800/40200 (32%)]	Loss: 2.794804	Acc: 20.73%
Pre-train Epoch: 7 [19200/40200 (48%)]	Loss: 2.599399	Acc: 20.77%
Pre-train Epoch: 7 [25600/40200 (64%)]	Loss: 2.658421	Acc: 20.90%
Pre-train Epoch: 7 [32000/40200 (79%)]	Loss: 2.778284	Acc: 21.13%
Pre-train Epoch: 7 [38400/40200 (95%)]	Loss: 2.750380	Acc: 21.16%
Pre-train Epoch: 8 [0/40200 (0%)]	Loss: 2.906205	Acc: 12.50%
Pre-train Epoch: 8 [6400/40200 (16%)]	Loss: 2.625004	Acc: 23.17%
Pre-train Epoch: 8 [12800/40200 (32%)]	Loss: 2.713337	Acc: 23.57%
Pre-train Epoch: 8 [19200/40200 (48%)]	Loss: 2.586929	Acc: 23.93%
Pre-train Epoch: 8 [25600/40200 (64%)]	Loss: 2.588922	Acc: 23.85%
Pre-train Epoch: 8 [32000/40200 (79%)]	Loss: 2.565824	Acc: 23.96%
Pre-train Epoch: 8 [38400/40200 (95%)]	Loss: 2.596832	Acc: 24.07%
Pre-train Epoch: 9 [0/40200 (0%)]	Loss: 2.562000	Acc: 23.44%
Pre-train Epoch: 9 [6400/40200 (16%)]	Loss: 2.523735	Acc: 23.82%
Pre-train Epoch: 9 [12800/40200 (32%)]	Loss: 2.431255	Acc: 24.36%
Pre-train Epoch: 9 [19200/40200 (48%)]	Loss: 2.720379	Acc: 24.37%
Pre-train Epoch: 9 [25600/40200 (64%)]	Loss: 2.564718	Acc: 24.62%
Pre-train Epoch: 9 [32000/40200 (79%)]	Loss: 2.522575	Acc: 24.75%
Pre-train Epoch: 9 [38400/40200 (95%)]	Loss: 2.627360	Acc: 24.88%
Pre-train Epoch: 10 [0/40200 (0%)]	Loss: 2.655518	Acc: 15.62%
Pre-train Epoch: 10 [6400/40200 (16%)]	Loss: 2.533518	Acc: 25.42%
Pre-train Epoch: 10 [12800/40200 (32%)]	Loss: 2.534304	Acc: 25.44%
Pre-train Epoch: 10 [19200/40200 (48%)]	Loss: 2.565053	Acc: 25.79%
Pre-train Epoch: 10 [25600/40200 (64%)]	Loss: 2.519597	Acc: 25.88%
Pre-train Epoch: 10 [32000/40200 (79%)]	Loss: 2.561056	Acc: 25.82%
Pre-train Epoch: 10 [38400/40200 (95%)]	Loss: 2.446437	Acc: 25.83%
Pre-train Epoch: 11 [0/40200 (0%)]	Loss: 2.539980	Acc: 25.00%
Pre-train Epoch: 11 [6400/40200 (16%)]	Loss: 2.460596	Acc: 25.84%
Pre-train Epoch: 11 [12800/40200 (32%)]	Loss: 2.442228	Acc: 25.48%
Pre-train Epoch: 11 [19200/40200 (48%)]	Loss: 2.574985	Acc: 25.77%
Pre-train Epoch: 11 [25600/40200 (64%)]	Loss: 2.458139	Acc: 25.93%
Pre-train Epoch: 11 [32000/40200 (79%)]	Loss: 2.517034	Acc: 25.85%
Pre-train Epoch: 11 [38400/40200 (95%)]	Loss: 2.764245	Acc: 25.85%
Pre-train Epoch: 12 [0/40200 (0%)]	Loss: 2.610163	Acc: 20.31%
Pre-train Epoch: 12 [6400/40200 (16%)]	Loss: 2.535149	Acc: 26.24%
Pre-train Epoch: 12 [12800/40200 (32%)]	Loss: 2.594475	Acc: 26.42%
Pre-train Epoch: 12 [19200/40200 (48%)]	Loss: 2.545436	Acc: 26.17%
Pre-train Epoch: 12 [25600/40200 (64%)]	Loss: 2.681960	Acc: 26.25%
Pre-train Epoch: 12 [32000/40200 (79%)]	Loss: 2.360965	Acc: 26.04%
Pre-train Epoch: 12 [38400/40200 (95%)]	Loss: 2.610983	Acc: 26.01%
Pre-train Epoch: 13 [0/40200 (0%)]	Loss: 2.597558	Acc: 20.31%
Pre-train Epoch: 13 [6400/40200 (16%)]	Loss: 2.369441	Acc: 26.42%
Pre-train Epoch: 13 [12800/40200 (32%)]	Loss: 2.520877	Acc: 26.38%
Pre-train Epoch: 13 [19200/40200 (48%)]	Loss: 2.489814	Acc: 25.78%
Pre-train Epoch: 13 [25600/40200 (64%)]	Loss: 2.738372	Acc: 25.91%
Pre-train Epoch: 13 [32000/40200 (79%)]	Loss: 2.509631	Acc: 25.86%
Pre-train Epoch: 13 [38400/40200 (95%)]	Loss: 2.375851	Acc: 26.01%
Pre-train Epoch: 14 [0/40200 (0%)]	Loss: 2.523586	Acc: 25.00%
Pre-train Epoch: 14 [6400/40200 (16%)]	Loss: 2.546560	Acc: 26.16%
Pre-train Epoch: 14 [12800/40200 (32%)]	Loss: 2.687066	Acc: 26.36%
Pre-train Epoch: 14 [19200/40200 (48%)]	Loss: 2.381141	Acc: 26.31%
Pre-train Epoch: 14 [25600/40200 (64%)]	Loss: 2.500517	Acc: 26.20%
Pre-train Epoch: 14 [32000/40200 (79%)]	Loss: 2.649440	Acc: 26.04%
Pre-train Epoch: 14 [38400/40200 (95%)]	Loss: 2.377798	Acc: 26.07%
Pre-train Epoch: 15 [0/40200 (0%)]	Loss: 2.558534	Acc: 25.00%
Pre-train Epoch: 15 [6400/40200 (16%)]	Loss: 2.714484	Acc: 25.67%
Pre-train Epoch: 15 [12800/40200 (32%)]	Loss: 2.674058	Acc: 25.78%
Pre-train Epoch: 15 [19200/40200 (48%)]	Loss: 2.714032	Acc: 25.95%
Pre-train Epoch: 15 [25600/40200 (64%)]	Loss: 2.665439	Acc: 25.90%
Pre-train Epoch: 15 [32000/40200 (79%)]	Loss: 2.459204	Acc: 25.98%
Pre-train Epoch: 15 [38400/40200 (95%)]	Loss: 2.316518	Acc: 26.17%
Pre-train Epoch: 16 [0/40200 (0%)]	Loss: 2.543576	Acc: 21.88%
Pre-train Epoch: 16 [6400/40200 (16%)]	Loss: 2.501994	Acc: 25.40%
Pre-train Epoch: 16 [12800/40200 (32%)]	Loss: 2.503586	Acc: 25.89%
Pre-train Epoch: 16 [19200/40200 (48%)]	Loss: 2.502854	Acc: 25.89%
Pre-train Epoch: 16 [25600/40200 (64%)]	Loss: 2.496558	Acc: 25.94%
Pre-train Epoch: 16 [32000/40200 (79%)]	Loss: 2.637886	Acc: 25.92%
Pre-train Epoch: 16 [38400/40200 (95%)]	Loss: 2.494860	Acc: 26.03%
Pre-train Epoch: 17 [0/40200 (0%)]	Loss: 2.723570	Acc: 14.06%
Pre-train Epoch: 17 [6400/40200 (16%)]	Loss: 2.528644	Acc: 26.41%
Pre-train Epoch: 17 [12800/40200 (32%)]	Loss: 2.544178	Acc: 26.59%
Pre-train Epoch: 17 [19200/40200 (48%)]	Loss: 2.472303	Acc: 26.51%
Pre-train Epoch: 17 [25600/40200 (64%)]	Loss: 2.504501	Acc: 26.56%
Pre-train Epoch: 17 [32000/40200 (79%)]	Loss: 2.395299	Acc: 26.56%
Pre-train Epoch: 17 [38400/40200 (95%)]	Loss: 2.486322	Acc: 26.40%
Pre-train Epoch: 18 [0/40200 (0%)]	Loss: 2.642505	Acc: 23.44%
Pre-train Epoch: 18 [6400/40200 (16%)]	Loss: 2.384369	Acc: 26.59%
Pre-train Epoch: 18 [12800/40200 (32%)]	Loss: 2.718002	Acc: 26.71%
Pre-train Epoch: 18 [19200/40200 (48%)]	Loss: 2.497935	Acc: 26.46%
Pre-train Epoch: 18 [25600/40200 (64%)]	Loss: 2.594536	Acc: 26.46%
Pre-train Epoch: 18 [32000/40200 (79%)]	Loss: 2.611181	Acc: 26.19%
Pre-train Epoch: 18 [38400/40200 (95%)]	Loss: 2.544809	Acc: 26.20%
Pre-train Epoch: 19 [0/40200 (0%)]	Loss: 2.346733	Acc: 34.38%
Pre-train Epoch: 19 [6400/40200 (16%)]	Loss: 2.414571	Acc: 25.74%
Pre-train Epoch: 19 [12800/40200 (32%)]	Loss: 2.589003	Acc: 26.06%
Pre-train Epoch: 19 [19200/40200 (48%)]	Loss: 2.467352	Acc: 25.66%
Pre-train Epoch: 19 [25600/40200 (64%)]	Loss: 2.418182	Acc: 25.93%
Pre-train Epoch: 19 [32000/40200 (79%)]	Loss: 2.463065	Acc: 25.98%
Pre-train Epoch: 19 [38400/40200 (95%)]	Loss: 2.456392	Acc: 25.81%
Pre-train Epoch: 20 [0/40200 (0%)]	Loss: 2.488808	Acc: 29.69%
Pre-train Epoch: 20 [6400/40200 (16%)]	Loss: 2.402352	Acc: 26.04%
Pre-train Epoch: 20 [12800/40200 (32%)]	Loss: 2.640068	Acc: 26.03%
Pre-train Epoch: 20 [19200/40200 (48%)]	Loss: 2.488534	Acc: 26.13%
Pre-train Epoch: 20 [25600/40200 (64%)]	Loss: 2.349455	Acc: 26.16%
Pre-train Epoch: 20 [32000/40200 (79%)]	Loss: 2.458263	Acc: 26.19%
Pre-train Epoch: 20 [38400/40200 (95%)]	Loss: 2.626768	Acc: 26.22%
Pre-train Epoch: 21 [0/40200 (0%)]	Loss: 2.463233	Acc: 31.25%
Pre-train Epoch: 21 [6400/40200 (16%)]	Loss: 2.566922	Acc: 26.41%
Pre-train Epoch: 21 [12800/40200 (32%)]	Loss: 2.568998	Acc: 26.14%
Pre-train Epoch: 21 [19200/40200 (48%)]	Loss: 2.650888	Acc: 26.31%
Pre-train Epoch: 21 [25600/40200 (64%)]	Loss: 2.607141	Acc: 26.34%
Pre-train Epoch: 21 [32000/40200 (79%)]	Loss: 2.490874	Acc: 26.37%
Pre-train Epoch: 21 [38400/40200 (95%)]	Loss: 2.380418	Acc: 26.16%
Pre-train Epoch: 22 [0/40200 (0%)]	Loss: 2.291243	Acc: 35.94%
Pre-train Epoch: 22 [6400/40200 (16%)]	Loss: 2.432792	Acc: 27.32%
Pre-train Epoch: 22 [12800/40200 (32%)]	Loss: 2.381886	Acc: 26.90%
Pre-train Epoch: 22 [19200/40200 (48%)]	Loss: 2.521421	Acc: 26.83%
Pre-train Epoch: 22 [25600/40200 (64%)]	Loss: 2.329976	Acc: 26.69%
Pre-train Epoch: 22 [32000/40200 (79%)]	Loss: 2.463892	Acc: 26.61%
Pre-train Epoch: 22 [38400/40200 (95%)]	Loss: 2.477918	Acc: 26.51%
Pre-train Epoch: 23 [0/40200 (0%)]	Loss: 2.522909	Acc: 28.12%
Pre-train Epoch: 23 [6400/40200 (16%)]	Loss: 2.609864	Acc: 26.25%
Pre-train Epoch: 23 [12800/40200 (32%)]	Loss: 2.672740	Acc: 26.10%
Pre-train Epoch: 23 [19200/40200 (48%)]	Loss: 2.364337	Acc: 26.18%
Pre-train Epoch: 23 [25600/40200 (64%)]	Loss: 2.426099	Acc: 26.25%
Pre-train Epoch: 23 [32000/40200 (79%)]	Loss: 2.564478	Acc: 26.40%
Pre-train Epoch: 23 [38400/40200 (95%)]	Loss: 2.573391	Acc: 26.21%
Pre-train Epoch: 24 [0/40200 (0%)]	Loss: 2.526945	Acc: 26.56%
Pre-train Epoch: 24 [6400/40200 (16%)]	Loss: 2.485330	Acc: 26.62%
Pre-train Epoch: 24 [12800/40200 (32%)]	Loss: 2.456823	Acc: 26.65%
Pre-train Epoch: 24 [19200/40200 (48%)]	Loss: 2.444558	Acc: 26.41%
Pre-train Epoch: 24 [25600/40200 (64%)]	Loss: 2.363868	Acc: 26.59%
Pre-train Epoch: 24 [32000/40200 (79%)]	Loss: 2.474768	Acc: 26.35%
Pre-train Epoch: 24 [38400/40200 (95%)]	Loss: 2.538341	Acc: 26.34%
Pre-train Epoch: 25 [0/40200 (0%)]	Loss: 2.754189	Acc: 14.06%
Pre-train Epoch: 25 [6400/40200 (16%)]	Loss: 2.250484	Acc: 26.31%
Pre-train Epoch: 25 [12800/40200 (32%)]	Loss: 2.574794	Acc: 26.29%
Pre-train Epoch: 25 [19200/40200 (48%)]	Loss: 2.461454	Acc: 26.61%
Pre-train Epoch: 25 [25600/40200 (64%)]	Loss: 2.360697	Acc: 26.73%
Pre-train Epoch: 25 [32000/40200 (79%)]	Loss: 2.264929	Acc: 26.62%
Pre-train Epoch: 25 [38400/40200 (95%)]	Loss: 2.419305	Acc: 26.65%
Pre-train Epoch: 26 [0/40200 (0%)]	Loss: 2.526262	Acc: 21.88%
Pre-train Epoch: 26 [6400/40200 (16%)]	Loss: 2.615538	Acc: 26.98%
Pre-train Epoch: 26 [12800/40200 (32%)]	Loss: 2.571771	Acc: 26.90%
Pre-train Epoch: 26 [19200/40200 (48%)]	Loss: 2.477377	Acc: 26.52%
Pre-train Epoch: 26 [25600/40200 (64%)]	Loss: 2.677854	Acc: 26.68%
Pre-train Epoch: 26 [32000/40200 (79%)]	Loss: 2.576607	Acc: 26.67%
Pre-train Epoch: 26 [38400/40200 (95%)]	Loss: 2.348624	Acc: 26.63%
Pre-train Epoch: 27 [0/40200 (0%)]	Loss: 2.567988	Acc: 23.44%
Pre-train Epoch: 27 [6400/40200 (16%)]	Loss: 2.415573	Acc: 26.75%
Pre-train Epoch: 27 [12800/40200 (32%)]	Loss: 2.479163	Acc: 26.94%
Pre-train Epoch: 27 [19200/40200 (48%)]	Loss: 2.594564	Acc: 26.65%
Pre-train Epoch: 27 [25600/40200 (64%)]	Loss: 2.551944	Acc: 26.53%
Pre-train Epoch: 27 [32000/40200 (79%)]	Loss: 2.584728	Acc: 26.34%
Pre-train Epoch: 27 [38400/40200 (95%)]	Loss: 2.352304	Acc: 26.39%
Pre-train Epoch: 28 [0/40200 (0%)]	Loss: 2.549310	Acc: 23.44%
Pre-train Epoch: 28 [6400/40200 (16%)]	Loss: 2.542984	Acc: 25.37%
Pre-train Epoch: 28 [12800/40200 (32%)]	Loss: 2.485631	Acc: 26.13%
Pre-train Epoch: 28 [19200/40200 (48%)]	Loss: 2.595336	Acc: 26.16%
Pre-train Epoch: 28 [25600/40200 (64%)]	Loss: 2.433423	Acc: 26.41%
Pre-train Epoch: 28 [32000/40200 (79%)]	Loss: 2.432366	Acc: 26.35%
Pre-train Epoch: 28 [38400/40200 (95%)]	Loss: 2.501119	Acc: 26.35%
Pre-train Epoch: 29 [0/40200 (0%)]	Loss: 2.457381	Acc: 23.44%
Pre-train Epoch: 29 [6400/40200 (16%)]	Loss: 2.546925	Acc: 25.97%
Pre-train Epoch: 29 [12800/40200 (32%)]	Loss: 2.693466	Acc: 26.20%
Pre-train Epoch: 29 [19200/40200 (48%)]	Loss: 2.391905	Acc: 26.19%
Pre-train Epoch: 29 [25600/40200 (64%)]	Loss: 2.492370	Acc: 26.34%
Pre-train Epoch: 29 [32000/40200 (79%)]	Loss: 2.383453	Acc: 26.35%
Pre-train Epoch: 29 [38400/40200 (95%)]	Loss: 2.405152	Acc: 26.26%
Pre-train Epoch: 30 [0/40200 (0%)]	Loss: 2.538367	Acc: 21.88%
Pre-train Epoch: 30 [6400/40200 (16%)]	Loss: 2.328109	Acc: 27.29%
Pre-train Epoch: 30 [12800/40200 (32%)]	Loss: 2.591286	Acc: 26.52%
Pre-train Epoch: 30 [19200/40200 (48%)]	Loss: 2.454366	Acc: 26.83%
Pre-train Epoch: 30 [25600/40200 (64%)]	Loss: 2.645615	Acc: 26.73%
Pre-train Epoch: 30 [32000/40200 (79%)]	Loss: 2.596518	Acc: 26.73%
Pre-train Epoch: 30 [38400/40200 (95%)]	Loss: 2.528476	Acc: 26.65%
Pre-train Epoch: 31 [0/40200 (0%)]	Loss: 2.485914	Acc: 26.56%
Pre-train Epoch: 31 [6400/40200 (16%)]	Loss: 2.411784	Acc: 26.05%
Pre-train Epoch: 31 [12800/40200 (32%)]	Loss: 2.553203	Acc: 25.75%
Pre-train Epoch: 31 [19200/40200 (48%)]	Loss: 2.449165	Acc: 25.92%
Pre-train Epoch: 31 [25600/40200 (64%)]	Loss: 2.661669	Acc: 26.12%
Pre-train Epoch: 31 [32000/40200 (79%)]	Loss: 2.722428	Acc: 26.23%
Pre-train Epoch: 31 [38400/40200 (95%)]	Loss: 2.469641	Acc: 26.36%
Pre-train Epoch: 32 [0/40200 (0%)]	Loss: 2.474768	Acc: 28.12%
Pre-train Epoch: 32 [6400/40200 (16%)]	Loss: 2.605864	Acc: 26.24%
Pre-train Epoch: 32 [12800/40200 (32%)]	Loss: 2.509252	Acc: 26.64%
Pre-train Epoch: 32 [19200/40200 (48%)]	Loss: 2.469066	Acc: 26.96%
Pre-train Epoch: 32 [25600/40200 (64%)]	Loss: 2.442638	Acc: 26.81%
Pre-train Epoch: 32 [32000/40200 (79%)]	Loss: 2.378657	Acc: 26.86%
Pre-train Epoch: 32 [38400/40200 (95%)]	Loss: 2.482489	Acc: 26.66%
Pre-train Epoch: 33 [0/40200 (0%)]	Loss: 2.480823	Acc: 28.12%
Pre-train Epoch: 33 [6400/40200 (16%)]	Loss: 2.333393	Acc: 26.69%
Pre-train Epoch: 33 [12800/40200 (32%)]	Loss: 2.414373	Acc: 27.01%
Pre-train Epoch: 33 [19200/40200 (48%)]	Loss: 2.417383	Acc: 26.79%
Pre-train Epoch: 33 [25600/40200 (64%)]	Loss: 2.464842	Acc: 27.12%
Pre-train Epoch: 33 [32000/40200 (79%)]	Loss: 2.456446	Acc: 26.91%
Pre-train Epoch: 33 [38400/40200 (95%)]	Loss: 2.546773	Acc: 26.68%
Pre-train Epoch: 34 [0/40200 (0%)]	Loss: 2.463383	Acc: 29.69%
Pre-train Epoch: 34 [6400/40200 (16%)]	Loss: 2.426890	Acc: 26.70%
Pre-train Epoch: 34 [12800/40200 (32%)]	Loss: 2.520361	Acc: 26.74%
Pre-train Epoch: 34 [19200/40200 (48%)]	Loss: 2.572190	Acc: 26.85%
Pre-train Epoch: 34 [25600/40200 (64%)]	Loss: 2.556015	Acc: 27.11%
Pre-train Epoch: 34 [32000/40200 (79%)]	Loss: 2.490382	Acc: 27.12%
Pre-train Epoch: 34 [38400/40200 (95%)]	Loss: 2.488856	Acc: 26.91%
Pre-train Epoch: 35 [0/40200 (0%)]	Loss: 2.446466	Acc: 18.75%
Pre-train Epoch: 35 [6400/40200 (16%)]	Loss: 2.433044	Acc: 27.09%
Pre-train Epoch: 35 [12800/40200 (32%)]	Loss: 2.635666	Acc: 26.62%
Pre-train Epoch: 35 [19200/40200 (48%)]	Loss: 2.416150	Acc: 26.50%
Pre-train Epoch: 35 [25600/40200 (64%)]	Loss: 2.610106	Acc: 26.62%
Pre-train Epoch: 35 [32000/40200 (79%)]	Loss: 2.652660	Acc: 26.43%
Pre-train Epoch: 35 [38400/40200 (95%)]	Loss: 2.703426	Acc: 26.65%
Pre-train Epoch: 36 [0/40200 (0%)]	Loss: 2.462554	Acc: 21.88%
Pre-train Epoch: 36 [6400/40200 (16%)]	Loss: 2.487217	Acc: 26.98%
Pre-train Epoch: 36 [12800/40200 (32%)]	Loss: 2.470399	Acc: 26.97%
Pre-train Epoch: 36 [19200/40200 (48%)]	Loss: 2.554183	Acc: 26.90%
Pre-train Epoch: 36 [25600/40200 (64%)]	Loss: 2.441226	Acc: 26.69%
Pre-train Epoch: 36 [32000/40200 (79%)]	Loss: 2.353766	Acc: 26.82%
Pre-train Epoch: 36 [38400/40200 (95%)]	Loss: 2.403630	Acc: 26.83%
Pre-train Epoch: 37 [0/40200 (0%)]	Loss: 2.263423	Acc: 42.19%
Pre-train Epoch: 37 [6400/40200 (16%)]	Loss: 2.502423	Acc: 26.73%
Pre-train Epoch: 37 [12800/40200 (32%)]	Loss: 2.420103	Acc: 27.23%
Pre-train Epoch: 37 [19200/40200 (48%)]	Loss: 2.372491	Acc: 27.36%
Pre-train Epoch: 37 [25600/40200 (64%)]	Loss: 2.437622	Acc: 27.06%
Pre-train Epoch: 37 [32000/40200 (79%)]	Loss: 2.339897	Acc: 27.03%
Pre-train Epoch: 37 [38400/40200 (95%)]	Loss: 2.569256	Acc: 26.78%
Pre-train Epoch: 38 [0/40200 (0%)]	Loss: 2.545377	Acc: 23.44%
Pre-train Epoch: 38 [6400/40200 (16%)]	Loss: 2.474057	Acc: 26.53%
Pre-train Epoch: 38 [12800/40200 (32%)]	Loss: 2.526172	Acc: 26.75%
Pre-train Epoch: 38 [19200/40200 (48%)]	Loss: 2.451930	Acc: 26.81%
Pre-train Epoch: 38 [25600/40200 (64%)]	Loss: 2.378754	Acc: 26.82%
Pre-train Epoch: 38 [32000/40200 (79%)]	Loss: 2.549369	Acc: 26.71%
Pre-train Epoch: 38 [38400/40200 (95%)]	Loss: 2.526989	Acc: 26.78%
Pre-train Epoch: 39 [0/40200 (0%)]	Loss: 2.520606	Acc: 26.56%
Pre-train Epoch: 39 [6400/40200 (16%)]	Loss: 2.458425	Acc: 27.17%
Pre-train Epoch: 39 [12800/40200 (32%)]	Loss: 2.475167	Acc: 27.02%
Pre-train Epoch: 39 [19200/40200 (48%)]	Loss: 2.533414	Acc: 26.87%
Pre-train Epoch: 39 [25600/40200 (64%)]	Loss: 2.377911	Acc: 26.98%
Pre-train Epoch: 39 [32000/40200 (79%)]	Loss: 2.719148	Acc: 27.07%
Pre-train Epoch: 39 [38400/40200 (95%)]	Loss: 2.587498	Acc: 27.04%
Pre-train Epoch: 40 [0/40200 (0%)]	Loss: 2.678622	Acc: 18.75%
Pre-train Epoch: 40 [6400/40200 (16%)]	Loss: 2.426959	Acc: 27.37%
Pre-train Epoch: 40 [12800/40200 (32%)]	Loss: 2.524357	Acc: 26.86%
Pre-train Epoch: 40 [19200/40200 (48%)]	Loss: 2.274378	Acc: 26.81%
Pre-train Epoch: 40 [25600/40200 (64%)]	Loss: 2.498979	Acc: 26.78%
Pre-train Epoch: 40 [32000/40200 (79%)]	Loss: 2.439768	Acc: 27.00%
Pre-train Epoch: 40 [38400/40200 (95%)]	Loss: 2.450271	Acc: 27.03%
Pre-train Epoch: 41 [0/40200 (0%)]	Loss: 2.512126	Acc: 29.69%
Pre-train Epoch: 41 [6400/40200 (16%)]	Loss: 2.520542	Acc: 26.95%
Pre-train Epoch: 41 [12800/40200 (32%)]	Loss: 2.306413	Acc: 26.94%
Pre-train Epoch: 41 [19200/40200 (48%)]	Loss: 2.359118	Acc: 27.23%
Pre-train Epoch: 41 [25600/40200 (64%)]	Loss: 2.306988	Acc: 26.92%
Pre-train Epoch: 41 [32000/40200 (79%)]	Loss: 2.542745	Acc: 26.77%
Pre-train Epoch: 41 [38400/40200 (95%)]	Loss: 2.559464	Acc: 26.85%
Pre-train Epoch: 42 [0/40200 (0%)]	Loss: 2.611286	Acc: 18.75%
Pre-train Epoch: 42 [6400/40200 (16%)]	Loss: 2.622912	Acc: 25.65%
Pre-train Epoch: 42 [12800/40200 (32%)]	Loss: 2.318096	Acc: 26.57%
Pre-train Epoch: 42 [19200/40200 (48%)]	Loss: 2.354616	Acc: 26.44%
Pre-train Epoch: 42 [25600/40200 (64%)]	Loss: 2.562412	Acc: 26.55%
Pre-train Epoch: 42 [32000/40200 (79%)]	Loss: 2.530728	Acc: 26.55%
Pre-train Epoch: 42 [38400/40200 (95%)]	Loss: 2.417667	Acc: 26.52%
Pre-train Epoch: 43 [0/40200 (0%)]	Loss: 2.508622	Acc: 21.88%
Pre-train Epoch: 43 [6400/40200 (16%)]	Loss: 2.516966	Acc: 26.28%
Pre-train Epoch: 43 [12800/40200 (32%)]	Loss: 2.556719	Acc: 26.22%
Pre-train Epoch: 43 [19200/40200 (48%)]	Loss: 2.689368	Acc: 26.60%
Pre-train Epoch: 43 [25600/40200 (64%)]	Loss: 2.518030	Acc: 26.81%
Pre-train Epoch: 43 [32000/40200 (79%)]	Loss: 2.395347	Acc: 26.83%
Pre-train Epoch: 43 [38400/40200 (95%)]	Loss: 2.478550	Acc: 26.89%
Pre-train Epoch: 44 [0/40200 (0%)]	Loss: 2.316380	Acc: 32.81%
Pre-train Epoch: 44 [6400/40200 (16%)]	Loss: 2.666083	Acc: 26.59%
Pre-train Epoch: 44 [12800/40200 (32%)]	Loss: 2.490803	Acc: 26.53%
Pre-train Epoch: 44 [19200/40200 (48%)]	Loss: 2.482391	Acc: 26.75%
Pre-train Epoch: 44 [25600/40200 (64%)]	Loss: 2.602577	Acc: 26.77%
Pre-train Epoch: 44 [32000/40200 (79%)]	Loss: 2.428728	Acc: 27.08%
Pre-train Epoch: 44 [38400/40200 (95%)]	Loss: 2.472818	Acc: 27.15%
Pre-train Epoch: 45 [0/40200 (0%)]	Loss: 2.454765	Acc: 18.75%
Pre-train Epoch: 45 [6400/40200 (16%)]	Loss: 2.528575	Acc: 26.49%
Pre-train Epoch: 45 [12800/40200 (32%)]	Loss: 2.384333	Acc: 26.85%
Pre-train Epoch: 45 [19200/40200 (48%)]	Loss: 2.371160	Acc: 26.88%
Pre-train Epoch: 45 [25600/40200 (64%)]	Loss: 2.530842	Acc: 27.25%
Pre-train Epoch: 45 [32000/40200 (79%)]	Loss: 2.432787	Acc: 27.31%
Pre-train Epoch: 45 [38400/40200 (95%)]	Loss: 2.410032	Acc: 27.16%
Pre-train Epoch: 46 [0/40200 (0%)]	Loss: 2.419695	Acc: 23.44%
Pre-train Epoch: 46 [6400/40200 (16%)]	Loss: 2.452959	Acc: 26.81%
Pre-train Epoch: 46 [12800/40200 (32%)]	Loss: 2.553045	Acc: 26.45%
Pre-train Epoch: 46 [19200/40200 (48%)]	Loss: 2.556811	Acc: 26.73%
Pre-train Epoch: 46 [25600/40200 (64%)]	Loss: 2.516585	Acc: 27.01%
Pre-train Epoch: 46 [32000/40200 (79%)]	Loss: 2.383124	Acc: 26.81%
Pre-train Epoch: 46 [38400/40200 (95%)]	Loss: 2.372289	Acc: 26.90%
Pre-train Epoch: 47 [0/40200 (0%)]	Loss: 2.436435	Acc: 29.69%
Pre-train Epoch: 47 [6400/40200 (16%)]	Loss: 2.413842	Acc: 26.83%
Pre-train Epoch: 47 [12800/40200 (32%)]	Loss: 2.510075	Acc: 26.97%
Pre-train Epoch: 47 [19200/40200 (48%)]	Loss: 2.544700	Acc: 26.80%
Pre-train Epoch: 47 [25600/40200 (64%)]	Loss: 2.347151	Acc: 26.96%
Pre-train Epoch: 47 [32000/40200 (79%)]	Loss: 2.342363	Acc: 27.04%
Pre-train Epoch: 47 [38400/40200 (95%)]	Loss: 2.523832	Acc: 26.90%
Pre-train Epoch: 48 [0/40200 (0%)]	Loss: 2.449084	Acc: 26.56%
Pre-train Epoch: 48 [6400/40200 (16%)]	Loss: 2.598099	Acc: 26.69%
Pre-train Epoch: 48 [12800/40200 (32%)]	Loss: 2.452669	Acc: 26.85%
Pre-train Epoch: 48 [19200/40200 (48%)]	Loss: 2.475821	Acc: 26.78%
Pre-train Epoch: 48 [25600/40200 (64%)]	Loss: 2.521350	Acc: 26.56%
Pre-train Epoch: 48 [32000/40200 (79%)]	Loss: 2.321864	Acc: 26.78%
Pre-train Epoch: 48 [38400/40200 (95%)]	Loss: 2.660697	Acc: 26.84%
Pre-train Epoch: 49 [0/40200 (0%)]	Loss: 2.413690	Acc: 25.00%
Pre-train Epoch: 49 [6400/40200 (16%)]	Loss: 2.329664	Acc: 27.74%
Pre-train Epoch: 49 [12800/40200 (32%)]	Loss: 2.490762	Acc: 27.48%
Pre-train Epoch: 49 [19200/40200 (48%)]	Loss: 2.427041	Acc: 27.49%
Pre-train Epoch: 49 [25600/40200 (64%)]	Loss: 2.511191	Acc: 27.45%
Pre-train Epoch: 49 [32000/40200 (79%)]	Loss: 2.427553	Acc: 27.40%
Pre-train Epoch: 49 [38400/40200 (95%)]	Loss: 2.417507	Acc: 27.38%
Pre-train Epoch: 50 [0/40200 (0%)]	Loss: 2.438041	Acc: 32.81%
Pre-train Epoch: 50 [6400/40200 (16%)]	Loss: 2.325594	Acc: 26.69%
Pre-train Epoch: 50 [12800/40200 (32%)]	Loss: 2.454089	Acc: 26.79%
Pre-train Epoch: 50 [19200/40200 (48%)]	Loss: 2.429981	Acc: 26.54%
Pre-train Epoch: 50 [25600/40200 (64%)]	Loss: 2.621731	Acc: 26.75%
Pre-train Epoch: 50 [32000/40200 (79%)]	Loss: 2.427709	Acc: 26.75%
Pre-train Epoch: 50 [38400/40200 (95%)]	Loss: 2.456909	Acc: 26.84%
Pre-train Epoch: 51 [0/40200 (0%)]	Loss: 2.349898	Acc: 35.94%
Pre-train Epoch: 51 [6400/40200 (16%)]	Loss: 2.360819	Acc: 27.38%
Pre-train Epoch: 51 [12800/40200 (32%)]	Loss: 2.576598	Acc: 27.12%
Pre-train Epoch: 51 [19200/40200 (48%)]	Loss: 2.406657	Acc: 27.10%
Pre-train Epoch: 51 [25600/40200 (64%)]	Loss: 2.361055	Acc: 27.01%
Pre-train Epoch: 51 [32000/40200 (79%)]	Loss: 2.472108	Acc: 27.04%
Pre-train Epoch: 51 [38400/40200 (95%)]	Loss: 2.488120	Acc: 26.88%
Pre-train Epoch: 52 [0/40200 (0%)]	Loss: 2.628621	Acc: 14.06%
Pre-train Epoch: 52 [6400/40200 (16%)]	Loss: 2.451894	Acc: 27.46%
Pre-train Epoch: 52 [12800/40200 (32%)]	Loss: 2.523149	Acc: 27.36%
Pre-train Epoch: 52 [19200/40200 (48%)]	Loss: 2.489010	Acc: 26.95%
Pre-train Epoch: 52 [25600/40200 (64%)]	Loss: 2.451587	Acc: 27.00%
Pre-train Epoch: 52 [32000/40200 (79%)]	Loss: 2.449167	Acc: 27.13%
Pre-train Epoch: 52 [38400/40200 (95%)]	Loss: 2.643188	Acc: 27.14%
Pre-train Epoch: 53 [0/40200 (0%)]	Loss: 2.483503	Acc: 21.88%
Pre-train Epoch: 53 [6400/40200 (16%)]	Loss: 2.317904	Acc: 26.67%
Pre-train Epoch: 53 [12800/40200 (32%)]	Loss: 2.301245	Acc: 26.82%
Pre-train Epoch: 53 [19200/40200 (48%)]	Loss: 2.376182	Acc: 26.98%
Pre-train Epoch: 53 [25600/40200 (64%)]	Loss: 2.574633	Acc: 27.03%
Pre-train Epoch: 53 [32000/40200 (79%)]	Loss: 2.409035	Acc: 27.23%
Pre-train Epoch: 53 [38400/40200 (95%)]	Loss: 2.334802	Acc: 27.19%
Pre-train Epoch: 54 [0/40200 (0%)]	Loss: 2.359680	Acc: 23.44%
Pre-train Epoch: 54 [6400/40200 (16%)]	Loss: 2.660853	Acc: 26.89%
Pre-train Epoch: 54 [12800/40200 (32%)]	Loss: 2.339486	Acc: 26.76%
Pre-train Epoch: 54 [19200/40200 (48%)]	Loss: 2.460396	Acc: 27.06%
Pre-train Epoch: 54 [25600/40200 (64%)]	Loss: 2.328911	Acc: 27.23%
Pre-train Epoch: 54 [32000/40200 (79%)]	Loss: 2.500467	Acc: 27.13%
Pre-train Epoch: 54 [38400/40200 (95%)]	Loss: 2.328771	Acc: 27.17%
Pre-train Epoch: 55 [0/40200 (0%)]	Loss: 2.512569	Acc: 28.12%
Pre-train Epoch: 55 [6400/40200 (16%)]	Loss: 2.448989	Acc: 27.95%
Pre-train Epoch: 55 [12800/40200 (32%)]	Loss: 2.421314	Acc: 27.09%
Pre-train Epoch: 55 [19200/40200 (48%)]	Loss: 2.491242	Acc: 26.89%
Pre-train Epoch: 55 [25600/40200 (64%)]	Loss: 2.651021	Acc: 27.06%
Pre-train Epoch: 55 [32000/40200 (79%)]	Loss: 2.501117	Acc: 27.15%
Pre-train Epoch: 55 [38400/40200 (95%)]	Loss: 2.328213	Acc: 27.23%
Pre-train Epoch: 56 [0/40200 (0%)]	Loss: 2.514860	Acc: 21.88%
Pre-train Epoch: 56 [6400/40200 (16%)]	Loss: 2.368281	Acc: 27.68%
Pre-train Epoch: 56 [12800/40200 (32%)]	Loss: 2.476461	Acc: 27.71%
Pre-train Epoch: 56 [19200/40200 (48%)]	Loss: 2.589437	Acc: 27.40%
Pre-train Epoch: 56 [25600/40200 (64%)]	Loss: 2.663639	Acc: 27.56%
Pre-train Epoch: 56 [32000/40200 (79%)]	Loss: 2.505749	Acc: 27.53%
Pre-train Epoch: 56 [38400/40200 (95%)]	Loss: 2.504679	Acc: 27.35%
Pre-train Epoch: 57 [0/40200 (0%)]	Loss: 2.720273	Acc: 18.75%
Pre-train Epoch: 57 [6400/40200 (16%)]	Loss: 2.472482	Acc: 27.63%
Pre-train Epoch: 57 [12800/40200 (32%)]	Loss: 2.591721	Acc: 27.81%
Pre-train Epoch: 57 [19200/40200 (48%)]	Loss: 2.438717	Acc: 27.69%
Pre-train Epoch: 57 [25600/40200 (64%)]	Loss: 2.454648	Acc: 27.70%
Pre-train Epoch: 57 [32000/40200 (79%)]	Loss: 2.409371	Acc: 27.67%
Pre-train Epoch: 57 [38400/40200 (95%)]	Loss: 2.495947	Acc: 27.56%
Pre-train Epoch: 58 [0/40200 (0%)]	Loss: 2.375571	Acc: 32.81%
Pre-train Epoch: 58 [6400/40200 (16%)]	Loss: 2.389866	Acc: 27.46%
Pre-train Epoch: 58 [12800/40200 (32%)]	Loss: 2.481202	Acc: 27.43%
Pre-train Epoch: 58 [19200/40200 (48%)]	Loss: 2.371617	Acc: 27.33%
Pre-train Epoch: 58 [25600/40200 (64%)]	Loss: 2.463133	Acc: 27.15%
Pre-train Epoch: 58 [32000/40200 (79%)]	Loss: 2.297114	Acc: 27.23%
Pre-train Epoch: 58 [38400/40200 (95%)]	Loss: 2.401639	Acc: 27.14%
Pre-train Epoch: 59 [0/40200 (0%)]	Loss: 2.529750	Acc: 21.88%
Pre-train Epoch: 59 [6400/40200 (16%)]	Loss: 2.468000	Acc: 26.49%
Pre-train Epoch: 59 [12800/40200 (32%)]	Loss: 2.470781	Acc: 27.08%
Pre-train Epoch: 59 [19200/40200 (48%)]	Loss: 2.441616	Acc: 27.15%
Pre-train Epoch: 59 [25600/40200 (64%)]	Loss: 2.379282	Acc: 27.15%
Pre-train Epoch: 59 [32000/40200 (79%)]	Loss: 2.547992	Acc: 26.99%
Pre-train Epoch: 59 [38400/40200 (95%)]	Loss: 2.437611	Acc: 26.97%
Pre-train Epoch: 60 [0/40200 (0%)]	Loss: 2.514337	Acc: 23.44%
Pre-train Epoch: 60 [6400/40200 (16%)]	Loss: 2.326289	Acc: 26.70%
Pre-train Epoch: 60 [12800/40200 (32%)]	Loss: 2.453411	Acc: 27.33%
Pre-train Epoch: 60 [19200/40200 (48%)]	Loss: 2.364112	Acc: 27.38%
Pre-train Epoch: 60 [25600/40200 (64%)]	Loss: 2.553740	Acc: 27.09%
Pre-train Epoch: 60 [32000/40200 (79%)]	Loss: 2.380787	Acc: 26.99%
Pre-train Epoch: 60 [38400/40200 (95%)]	Loss: 2.434514	Acc: 27.12%
Pre-train Epoch: 61 [0/40200 (0%)]	Loss: 2.468426	Acc: 28.12%
Pre-train Epoch: 61 [6400/40200 (16%)]	Loss: 2.343512	Acc: 27.46%
Pre-train Epoch: 61 [12800/40200 (32%)]	Loss: 2.400989	Acc: 26.94%
Pre-train Epoch: 61 [19200/40200 (48%)]	Loss: 2.517100	Acc: 26.86%
Pre-train Epoch: 61 [25600/40200 (64%)]	Loss: 2.508655	Acc: 27.06%
Pre-train Epoch: 61 [32000/40200 (79%)]	Loss: 2.506076	Acc: 27.14%
Pre-train Epoch: 61 [38400/40200 (95%)]	Loss: 2.495981	Acc: 27.19%
Pre-train Epoch: 62 [0/40200 (0%)]	Loss: 2.289129	Acc: 45.31%
Pre-train Epoch: 62 [6400/40200 (16%)]	Loss: 2.368392	Acc: 27.82%
Pre-train Epoch: 62 [12800/40200 (32%)]	Loss: 2.386816	Acc: 27.79%
Pre-train Epoch: 62 [19200/40200 (48%)]	Loss: 2.541748	Acc: 27.69%
Pre-train Epoch: 62 [25600/40200 (64%)]	Loss: 2.432129	Acc: 27.43%
Pre-train Epoch: 62 [32000/40200 (79%)]	Loss: 2.450919	Acc: 27.39%
Pre-train Epoch: 62 [38400/40200 (95%)]	Loss: 2.449761	Acc: 27.20%
Pre-train Epoch: 63 [0/40200 (0%)]	Loss: 2.609064	Acc: 20.31%
Pre-train Epoch: 63 [6400/40200 (16%)]	Loss: 2.350419	Acc: 27.83%
Pre-train Epoch: 63 [12800/40200 (32%)]	Loss: 2.452829	Acc: 27.39%
Pre-train Epoch: 63 [19200/40200 (48%)]	Loss: 2.414092	Acc: 27.34%
Pre-train Epoch: 63 [25600/40200 (64%)]	Loss: 2.436803	Acc: 27.45%
Pre-train Epoch: 63 [32000/40200 (79%)]	Loss: 2.388676	Acc: 27.45%
Pre-train Epoch: 63 [38400/40200 (95%)]	Loss: 2.242484	Acc: 27.41%
Pre-train Epoch: 64 [0/40200 (0%)]	Loss: 2.479786	Acc: 31.25%
Pre-train Epoch: 64 [6400/40200 (16%)]	Loss: 2.446059	Acc: 27.75%
Pre-train Epoch: 64 [12800/40200 (32%)]	Loss: 2.594672	Acc: 26.95%
Pre-train Epoch: 64 [19200/40200 (48%)]	Loss: 2.316704	Acc: 27.11%
Pre-train Epoch: 64 [25600/40200 (64%)]	Loss: 2.381398	Acc: 27.33%
Pre-train Epoch: 64 [32000/40200 (79%)]	Loss: 2.437614	Acc: 27.17%
Pre-train Epoch: 64 [38400/40200 (95%)]	Loss: 2.561251	Acc: 27.24%
Pre-train Epoch: 65 [0/40200 (0%)]	Loss: 2.456853	Acc: 26.56%
Pre-train Epoch: 65 [6400/40200 (16%)]	Loss: 2.507284	Acc: 27.71%
Pre-train Epoch: 65 [12800/40200 (32%)]	Loss: 2.439500	Acc: 28.12%
Pre-train Epoch: 65 [19200/40200 (48%)]	Loss: 2.397475	Acc: 27.67%
Pre-train Epoch: 65 [25600/40200 (64%)]	Loss: 2.431759	Acc: 27.51%
Pre-train Epoch: 65 [32000/40200 (79%)]	Loss: 2.414040	Acc: 27.37%
Pre-train Epoch: 65 [38400/40200 (95%)]	Loss: 2.482936	Acc: 27.47%
Pre-train Epoch: 66 [0/40200 (0%)]	Loss: 2.353498	Acc: 32.81%
Pre-train Epoch: 66 [6400/40200 (16%)]	Loss: 2.416689	Acc: 27.95%
Pre-train Epoch: 66 [12800/40200 (32%)]	Loss: 2.577040	Acc: 27.95%
Pre-train Epoch: 66 [19200/40200 (48%)]	Loss: 2.589985	Acc: 27.97%
Pre-train Epoch: 66 [25600/40200 (64%)]	Loss: 2.557427	Acc: 27.83%
Pre-train Epoch: 66 [32000/40200 (79%)]	Loss: 2.372354	Acc: 27.73%
Pre-train Epoch: 66 [38400/40200 (95%)]	Loss: 2.350423	Acc: 27.61%
Pre-train Epoch: 67 [0/40200 (0%)]	Loss: 2.425307	Acc: 28.12%
Pre-train Epoch: 67 [6400/40200 (16%)]	Loss: 2.513711	Acc: 26.75%
Pre-train Epoch: 67 [12800/40200 (32%)]	Loss: 2.458365	Acc: 26.91%
Pre-train Epoch: 67 [19200/40200 (48%)]	Loss: 2.334355	Acc: 26.90%
Pre-train Epoch: 67 [25600/40200 (64%)]	Loss: 2.594950	Acc: 27.08%
Pre-train Epoch: 67 [32000/40200 (79%)]	Loss: 2.438083	Acc: 26.99%
Pre-train Epoch: 67 [38400/40200 (95%)]	Loss: 2.367936	Acc: 27.17%
Pre-train Epoch: 68 [0/40200 (0%)]	Loss: 2.570450	Acc: 18.75%
Pre-train Epoch: 68 [6400/40200 (16%)]	Loss: 2.364116	Acc: 27.55%
Pre-train Epoch: 68 [12800/40200 (32%)]	Loss: 2.363598	Acc: 27.95%
Pre-train Epoch: 68 [19200/40200 (48%)]	Loss: 2.362492	Acc: 27.80%
Pre-train Epoch: 68 [25600/40200 (64%)]	Loss: 2.391943	Acc: 27.57%
Pre-train Epoch: 68 [32000/40200 (79%)]	Loss: 2.284032	Acc: 27.57%
Pre-train Epoch: 68 [38400/40200 (95%)]	Loss: 2.420148	Acc: 27.48%
Pre-train Epoch: 69 [0/40200 (0%)]	Loss: 2.357944	Acc: 25.00%
Pre-train Epoch: 69 [6400/40200 (16%)]	Loss: 2.410938	Acc: 27.97%
Pre-train Epoch: 69 [12800/40200 (32%)]	Loss: 2.573792	Acc: 27.46%
Pre-train Epoch: 69 [19200/40200 (48%)]	Loss: 2.422270	Acc: 27.63%
Pre-train Epoch: 69 [25600/40200 (64%)]	Loss: 2.478918	Acc: 27.51%
Pre-train Epoch: 69 [32000/40200 (79%)]	Loss: 2.525451	Acc: 27.73%
Pre-train Epoch: 69 [38400/40200 (95%)]	Loss: 2.412842	Acc: 27.65%
Pre-train Epoch: 70 [0/40200 (0%)]	Loss: 2.654034	Acc: 17.19%
Pre-train Epoch: 70 [6400/40200 (16%)]	Loss: 2.493102	Acc: 27.61%
Pre-train Epoch: 70 [12800/40200 (32%)]	Loss: 2.381290	Acc: 27.60%
Pre-train Epoch: 70 [19200/40200 (48%)]	Loss: 2.314270	Acc: 27.40%
Pre-train Epoch: 70 [25600/40200 (64%)]	Loss: 2.683062	Acc: 27.51%
Pre-train Epoch: 70 [32000/40200 (79%)]	Loss: 2.582053	Acc: 27.43%
Pre-train Epoch: 70 [38400/40200 (95%)]	Loss: 2.473917	Acc: 27.57%
Pre-train Epoch: 71 [0/40200 (0%)]	Loss: 2.460409	Acc: 35.94%
Pre-train Epoch: 71 [6400/40200 (16%)]	Loss: 2.592482	Acc: 27.72%
Pre-train Epoch: 71 [12800/40200 (32%)]	Loss: 2.336495	Acc: 27.36%
Pre-train Epoch: 71 [19200/40200 (48%)]	Loss: 2.444148	Acc: 27.65%
Pre-train Epoch: 71 [25600/40200 (64%)]	Loss: 2.512024	Acc: 27.79%
Pre-train Epoch: 71 [32000/40200 (79%)]	Loss: 2.564720	Acc: 27.70%
Pre-train Epoch: 71 [38400/40200 (95%)]	Loss: 2.298059	Acc: 27.59%
Pre-train Epoch: 72 [0/40200 (0%)]	Loss: 2.606309	Acc: 25.00%
Pre-train Epoch: 72 [6400/40200 (16%)]	Loss: 2.446160	Acc: 26.62%
Pre-train Epoch: 72 [12800/40200 (32%)]	Loss: 2.660976	Acc: 27.10%
Pre-train Epoch: 72 [19200/40200 (48%)]	Loss: 2.645943	Acc: 27.33%
Pre-train Epoch: 72 [25600/40200 (64%)]	Loss: 2.747763	Acc: 27.44%
Pre-train Epoch: 72 [32000/40200 (79%)]	Loss: 2.479308	Acc: 27.45%
Pre-train Epoch: 72 [38400/40200 (95%)]	Loss: 2.601650	Acc: 27.42%
Pre-train Epoch: 73 [0/40200 (0%)]	Loss: 2.425210	Acc: 35.94%
Pre-train Epoch: 73 [6400/40200 (16%)]	Loss: 2.503077	Acc: 28.17%
Pre-train Epoch: 73 [12800/40200 (32%)]	Loss: 2.354793	Acc: 28.17%
Pre-train Epoch: 73 [19200/40200 (48%)]	Loss: 2.393087	Acc: 27.97%
Pre-train Epoch: 73 [25600/40200 (64%)]	Loss: 2.734657	Acc: 27.88%
Pre-train Epoch: 73 [32000/40200 (79%)]	Loss: 2.404996	Acc: 27.73%
Pre-train Epoch: 73 [38400/40200 (95%)]	Loss: 2.447727	Acc: 27.67%
Pre-train Epoch: 74 [0/40200 (0%)]	Loss: 2.277781	Acc: 35.94%
Pre-train Epoch: 74 [6400/40200 (16%)]	Loss: 2.433837	Acc: 28.23%
Pre-train Epoch: 74 [12800/40200 (32%)]	Loss: 2.453300	Acc: 28.07%
Pre-train Epoch: 74 [19200/40200 (48%)]	Loss: 2.381300	Acc: 27.96%
Pre-train Epoch: 74 [25600/40200 (64%)]	Loss: 2.469699	Acc: 27.95%
Pre-train Epoch: 74 [32000/40200 (79%)]	Loss: 2.377428	Acc: 27.81%
Pre-train Epoch: 74 [38400/40200 (95%)]	Loss: 2.558394	Acc: 27.79%
Pre-train Epoch: 75 [0/40200 (0%)]	Loss: 2.370301	Acc: 32.81%
Pre-train Epoch: 75 [6400/40200 (16%)]	Loss: 2.383457	Acc: 27.27%
Pre-train Epoch: 75 [12800/40200 (32%)]	Loss: 2.466172	Acc: 27.43%
Pre-train Epoch: 75 [19200/40200 (48%)]	Loss: 2.484338	Acc: 27.40%
Pre-train Epoch: 75 [25600/40200 (64%)]	Loss: 2.378049	Acc: 27.51%
Pre-train Epoch: 75 [32000/40200 (79%)]	Loss: 2.475523	Acc: 27.45%
Pre-train Epoch: 75 [38400/40200 (95%)]	Loss: 2.387146	Acc: 27.59%
Pre-train Epoch: 76 [0/40200 (0%)]	Loss: 2.376419	Acc: 29.69%
Pre-train Epoch: 76 [6400/40200 (16%)]	Loss: 2.348921	Acc: 28.76%
Pre-train Epoch: 76 [12800/40200 (32%)]	Loss: 2.330034	Acc: 28.05%
Pre-train Epoch: 76 [19200/40200 (48%)]	Loss: 2.447951	Acc: 28.02%
Pre-train Epoch: 76 [25600/40200 (64%)]	Loss: 2.349031	Acc: 27.77%
Pre-train Epoch: 76 [32000/40200 (79%)]	Loss: 2.457062	Acc: 27.86%
Pre-train Epoch: 76 [38400/40200 (95%)]	Loss: 2.574889	Acc: 27.76%
Pre-train Epoch: 77 [0/40200 (0%)]	Loss: 2.550281	Acc: 18.75%
Pre-train Epoch: 77 [6400/40200 (16%)]	Loss: 2.450418	Acc: 27.89%
Pre-train Epoch: 77 [12800/40200 (32%)]	Loss: 2.412607	Acc: 27.71%
Pre-train Epoch: 77 [19200/40200 (48%)]	Loss: 2.355199	Acc: 27.64%
Pre-train Epoch: 77 [25600/40200 (64%)]	Loss: 2.571105	Acc: 27.87%
Pre-train Epoch: 77 [32000/40200 (79%)]	Loss: 2.467454	Acc: 27.94%
Pre-train Epoch: 77 [38400/40200 (95%)]	Loss: 2.435494	Acc: 27.96%
Pre-train Epoch: 78 [0/40200 (0%)]	Loss: 2.419284	Acc: 29.69%
Pre-train Epoch: 78 [6400/40200 (16%)]	Loss: 2.434337	Acc: 27.03%
Pre-train Epoch: 78 [12800/40200 (32%)]	Loss: 2.636950	Acc: 27.21%
Pre-train Epoch: 78 [19200/40200 (48%)]	Loss: 2.380727	Acc: 27.23%
Pre-train Epoch: 78 [25600/40200 (64%)]	Loss: 2.474935	Acc: 27.51%
Pre-train Epoch: 78 [32000/40200 (79%)]	Loss: 2.421489	Acc: 27.61%
Pre-train Epoch: 78 [38400/40200 (95%)]	Loss: 2.580750	Acc: 27.63%
Pre-train Epoch: 79 [0/40200 (0%)]	Loss: 2.382392	Acc: 31.25%
Pre-train Epoch: 79 [6400/40200 (16%)]	Loss: 2.392168	Acc: 28.11%
Pre-train Epoch: 79 [12800/40200 (32%)]	Loss: 2.371688	Acc: 27.94%
Pre-train Epoch: 79 [19200/40200 (48%)]	Loss: 2.501745	Acc: 28.19%
Pre-train Epoch: 79 [25600/40200 (64%)]	Loss: 2.417653	Acc: 27.98%
Pre-train Epoch: 79 [32000/40200 (79%)]	Loss: 2.442970	Acc: 27.98%
Pre-train Epoch: 79 [38400/40200 (95%)]	Loss: 2.361954	Acc: 27.94%
Pre-train Epoch: 80 [0/40200 (0%)]	Loss: 2.474713	Acc: 21.88%
Pre-train Epoch: 80 [6400/40200 (16%)]	Loss: 2.428965	Acc: 27.27%
Pre-train Epoch: 80 [12800/40200 (32%)]	Loss: 2.415591	Acc: 27.82%
Pre-train Epoch: 80 [19200/40200 (48%)]	Loss: 2.482756	Acc: 28.04%
Pre-train Epoch: 80 [25600/40200 (64%)]	Loss: 2.412967	Acc: 27.91%
Pre-train Epoch: 80 [32000/40200 (79%)]	Loss: 2.418010	Acc: 28.07%
Pre-train Epoch: 80 [38400/40200 (95%)]	Loss: 2.381750	Acc: 28.05%
Pre-train Epoch: 81 [0/40200 (0%)]	Loss: 2.491646	Acc: 25.00%
Pre-train Epoch: 81 [6400/40200 (16%)]	Loss: 2.314003	Acc: 28.76%
Pre-train Epoch: 81 [12800/40200 (32%)]	Loss: 2.344779	Acc: 28.59%
Pre-train Epoch: 81 [19200/40200 (48%)]	Loss: 2.575085	Acc: 28.38%
Pre-train Epoch: 81 [25600/40200 (64%)]	Loss: 2.513307	Acc: 28.22%
Pre-train Epoch: 81 [32000/40200 (79%)]	Loss: 2.435090	Acc: 28.11%
Pre-train Epoch: 81 [38400/40200 (95%)]	Loss: 2.336770	Acc: 28.09%
Pre-train Epoch: 82 [0/40200 (0%)]	Loss: 2.342461	Acc: 34.38%
Pre-train Epoch: 82 [6400/40200 (16%)]	Loss: 2.481333	Acc: 27.24%
Pre-train Epoch: 82 [12800/40200 (32%)]	Loss: 2.405708	Acc: 27.81%
Pre-train Epoch: 82 [19200/40200 (48%)]	Loss: 2.440649	Acc: 27.82%
Pre-train Epoch: 82 [25600/40200 (64%)]	Loss: 2.475718	Acc: 28.01%
Pre-train Epoch: 82 [32000/40200 (79%)]	Loss: 2.442630	Acc: 27.87%
Pre-train Epoch: 82 [38400/40200 (95%)]	Loss: 2.293337	Acc: 27.83%
Pre-train Epoch: 83 [0/40200 (0%)]	Loss: 2.341702	Acc: 34.38%
Pre-train Epoch: 83 [6400/40200 (16%)]	Loss: 2.400214	Acc: 28.02%
Pre-train Epoch: 83 [12800/40200 (32%)]	Loss: 2.505569	Acc: 28.65%
Pre-train Epoch: 83 [19200/40200 (48%)]	Loss: 2.436866	Acc: 28.17%
Pre-train Epoch: 83 [25600/40200 (64%)]	Loss: 2.348428	Acc: 28.18%
Pre-train Epoch: 83 [32000/40200 (79%)]	Loss: 2.408452	Acc: 28.17%
Pre-train Epoch: 83 [38400/40200 (95%)]	Loss: 2.519640	Acc: 28.14%
Pre-train Epoch: 84 [0/40200 (0%)]	Loss: 2.438273	Acc: 29.69%
Pre-train Epoch: 84 [6400/40200 (16%)]	Loss: 2.494498	Acc: 27.97%
Pre-train Epoch: 84 [12800/40200 (32%)]	Loss: 2.541229	Acc: 27.53%
Pre-train Epoch: 84 [19200/40200 (48%)]	Loss: 2.424232	Acc: 27.65%
Pre-train Epoch: 84 [25600/40200 (64%)]	Loss: 2.435824	Acc: 27.77%
Pre-train Epoch: 84 [32000/40200 (79%)]	Loss: 2.347605	Acc: 28.03%
Pre-train Epoch: 84 [38400/40200 (95%)]	Loss: 2.435969	Acc: 28.17%
Pre-train Epoch: 85 [0/40200 (0%)]	Loss: 2.417964	Acc: 26.56%
Pre-train Epoch: 85 [6400/40200 (16%)]	Loss: 2.504758	Acc: 28.56%
Pre-train Epoch: 85 [12800/40200 (32%)]	Loss: 2.328537	Acc: 28.21%
Pre-train Epoch: 85 [19200/40200 (48%)]	Loss: 2.375060	Acc: 28.43%
Pre-train Epoch: 85 [25600/40200 (64%)]	Loss: 2.386597	Acc: 28.27%
Pre-train Epoch: 85 [32000/40200 (79%)]	Loss: 2.467962	Acc: 28.24%
Pre-train Epoch: 85 [38400/40200 (95%)]	Loss: 2.378967	Acc: 28.15%
Pre-train Epoch: 86 [0/40200 (0%)]	Loss: 2.447189	Acc: 28.12%
Pre-train Epoch: 86 [6400/40200 (16%)]	Loss: 2.449672	Acc: 28.40%
Pre-train Epoch: 86 [12800/40200 (32%)]	Loss: 2.585439	Acc: 28.09%
Pre-train Epoch: 86 [19200/40200 (48%)]	Loss: 2.493678	Acc: 28.21%
Pre-train Epoch: 86 [25600/40200 (64%)]	Loss: 2.389792	Acc: 28.18%
Pre-train Epoch: 86 [32000/40200 (79%)]	Loss: 2.392659	Acc: 27.98%
Pre-train Epoch: 86 [38400/40200 (95%)]	Loss: 2.359255	Acc: 27.96%
Pre-train Epoch: 87 [0/40200 (0%)]	Loss: 2.323997	Acc: 35.94%
Pre-train Epoch: 87 [6400/40200 (16%)]	Loss: 2.555922	Acc: 28.09%
Pre-train Epoch: 87 [12800/40200 (32%)]	Loss: 2.617517	Acc: 28.12%
Pre-train Epoch: 87 [19200/40200 (48%)]	Loss: 2.426557	Acc: 28.02%
Pre-train Epoch: 87 [25600/40200 (64%)]	Loss: 2.397508	Acc: 28.25%
Pre-train Epoch: 87 [32000/40200 (79%)]	Loss: 2.452147	Acc: 28.27%
Pre-train Epoch: 87 [38400/40200 (95%)]	Loss: 2.385689	Acc: 28.16%
Pre-train Epoch: 88 [0/40200 (0%)]	Loss: 2.433459	Acc: 28.12%
Pre-train Epoch: 88 [6400/40200 (16%)]	Loss: 2.423138	Acc: 27.52%
Pre-train Epoch: 88 [12800/40200 (32%)]	Loss: 2.323075	Acc: 28.37%
Pre-train Epoch: 88 [19200/40200 (48%)]	Loss: 2.550642	Acc: 28.30%
Pre-train Epoch: 88 [25600/40200 (64%)]	Loss: 2.405838	Acc: 28.31%
Pre-train Epoch: 88 [32000/40200 (79%)]	Loss: 2.365388	Acc: 28.24%
Pre-train Epoch: 88 [38400/40200 (95%)]	Loss: 2.390038	Acc: 28.26%
Pre-train Epoch: 89 [0/40200 (0%)]	Loss: 2.473882	Acc: 26.56%
Pre-train Epoch: 89 [6400/40200 (16%)]	Loss: 2.391380	Acc: 28.30%
Pre-train Epoch: 89 [12800/40200 (32%)]	Loss: 2.273721	Acc: 27.88%
Pre-train Epoch: 89 [19200/40200 (48%)]	Loss: 2.504164	Acc: 27.86%
Pre-train Epoch: 89 [25600/40200 (64%)]	Loss: 2.272049	Acc: 28.10%
Pre-train Epoch: 89 [32000/40200 (79%)]	Loss: 2.491002	Acc: 28.12%
Pre-train Epoch: 89 [38400/40200 (95%)]	Loss: 2.341763	Acc: 28.08%
Pre-train Epoch: 90 [0/40200 (0%)]	Loss: 2.436219	Acc: 18.75%
Pre-train Epoch: 90 [6400/40200 (16%)]	Loss: 2.612931	Acc: 28.26%
Pre-train Epoch: 90 [12800/40200 (32%)]	Loss: 2.425423	Acc: 28.19%
Pre-train Epoch: 90 [19200/40200 (48%)]	Loss: 2.430971	Acc: 27.92%
Pre-train Epoch: 90 [25600/40200 (64%)]	Loss: 2.443046	Acc: 28.17%
Pre-train Epoch: 90 [32000/40200 (79%)]	Loss: 2.515627	Acc: 28.15%
Pre-train Epoch: 90 [38400/40200 (95%)]	Loss: 2.489150	Acc: 28.21%
Pre-train Epoch: 91 [0/40200 (0%)]	Loss: 2.458889	Acc: 34.38%
Pre-train Epoch: 91 [6400/40200 (16%)]	Loss: 2.377389	Acc: 27.80%
Pre-train Epoch: 91 [12800/40200 (32%)]	Loss: 2.582575	Acc: 27.99%
Pre-train Epoch: 91 [19200/40200 (48%)]	Loss: 2.358150	Acc: 28.36%
Pre-train Epoch: 91 [25600/40200 (64%)]	Loss: 2.493988	Acc: 28.23%
Pre-train Epoch: 91 [32000/40200 (79%)]	Loss: 2.173940	Acc: 28.26%
Pre-train Epoch: 91 [38400/40200 (95%)]	Loss: 2.512621	Acc: 28.16%
Pre-train Epoch: 92 [0/40200 (0%)]	Loss: 2.333500	Acc: 34.38%
Pre-train Epoch: 92 [6400/40200 (16%)]	Loss: 2.476859	Acc: 27.94%
Pre-train Epoch: 92 [12800/40200 (32%)]	Loss: 2.532561	Acc: 28.36%
Pre-train Epoch: 92 [19200/40200 (48%)]	Loss: 2.393380	Acc: 28.31%
Pre-train Epoch: 92 [25600/40200 (64%)]	Loss: 2.318496	Acc: 28.20%
Pre-train Epoch: 92 [32000/40200 (79%)]	Loss: 2.414554	Acc: 28.23%
Pre-train Epoch: 92 [38400/40200 (95%)]	Loss: 2.314762	Acc: 28.38%
Pre-train Epoch: 93 [0/40200 (0%)]	Loss: 2.498700	Acc: 23.44%
Pre-train Epoch: 93 [6400/40200 (16%)]	Loss: 2.483029	Acc: 27.83%
Pre-train Epoch: 93 [12800/40200 (32%)]	Loss: 2.454609	Acc: 28.15%
Pre-train Epoch: 93 [19200/40200 (48%)]	Loss: 2.413352	Acc: 28.02%
Pre-train Epoch: 93 [25600/40200 (64%)]	Loss: 2.452505	Acc: 28.07%
Pre-train Epoch: 93 [32000/40200 (79%)]	Loss: 2.388552	Acc: 28.18%
Pre-train Epoch: 93 [38400/40200 (95%)]	Loss: 2.367083	Acc: 28.17%
Pre-train Epoch: 94 [0/40200 (0%)]	Loss: 2.347403	Acc: 35.94%
Pre-train Epoch: 94 [6400/40200 (16%)]	Loss: 2.442669	Acc: 28.40%
Pre-train Epoch: 94 [12800/40200 (32%)]	Loss: 2.379288	Acc: 27.85%
Pre-train Epoch: 94 [19200/40200 (48%)]	Loss: 2.269559	Acc: 28.02%
Pre-train Epoch: 94 [25600/40200 (64%)]	Loss: 2.367147	Acc: 27.93%
Pre-train Epoch: 94 [32000/40200 (79%)]	Loss: 2.493040	Acc: 28.15%
Pre-train Epoch: 94 [38400/40200 (95%)]	Loss: 2.349108	Acc: 28.06%
Pre-train Epoch: 95 [0/40200 (0%)]	Loss: 2.300501	Acc: 34.38%
Pre-train Epoch: 95 [6400/40200 (16%)]	Loss: 2.498624	Acc: 29.36%
Pre-train Epoch: 95 [12800/40200 (32%)]	Loss: 2.474401	Acc: 28.48%
Pre-train Epoch: 95 [19200/40200 (48%)]	Loss: 2.512466	Acc: 28.51%
Pre-train Epoch: 95 [25600/40200 (64%)]	Loss: 2.434552	Acc: 28.20%
Pre-train Epoch: 95 [32000/40200 (79%)]	Loss: 2.575409	Acc: 28.32%
Pre-train Epoch: 95 [38400/40200 (95%)]	Loss: 2.583396	Acc: 28.31%
Pre-train Epoch: 96 [0/40200 (0%)]	Loss: 2.285966	Acc: 29.69%
Pre-train Epoch: 96 [6400/40200 (16%)]	Loss: 2.408369	Acc: 28.50%
Pre-train Epoch: 96 [12800/40200 (32%)]	Loss: 2.546138	Acc: 28.39%
Pre-train Epoch: 96 [19200/40200 (48%)]	Loss: 2.329273	Acc: 28.61%
Pre-train Epoch: 96 [25600/40200 (64%)]	Loss: 2.342753	Acc: 28.44%
Pre-train Epoch: 96 [32000/40200 (79%)]	Loss: 2.528208	Acc: 28.22%
Pre-train Epoch: 96 [38400/40200 (95%)]	Loss: 2.438517	Acc: 28.36%
Pre-train Epoch: 97 [0/40200 (0%)]	Loss: 2.376763	Acc: 25.00%
Pre-train Epoch: 97 [6400/40200 (16%)]	Loss: 2.514802	Acc: 28.08%
Pre-train Epoch: 97 [12800/40200 (32%)]	Loss: 2.554865	Acc: 27.99%
Pre-train Epoch: 97 [19200/40200 (48%)]	Loss: 2.500474	Acc: 28.02%
Pre-train Epoch: 97 [25600/40200 (64%)]	Loss: 2.397043	Acc: 28.04%
Pre-train Epoch: 97 [32000/40200 (79%)]	Loss: 2.375149	Acc: 28.27%
Pre-train Epoch: 97 [38400/40200 (95%)]	Loss: 2.522477	Acc: 28.45%
Pre-train Epoch: 98 [0/40200 (0%)]	Loss: 2.400388	Acc: 25.00%
Pre-train Epoch: 98 [6400/40200 (16%)]	Loss: 2.657578	Acc: 27.65%
Pre-train Epoch: 98 [12800/40200 (32%)]	Loss: 2.405243	Acc: 28.32%
Pre-train Epoch: 98 [19200/40200 (48%)]	Loss: 2.397590	Acc: 28.51%
Pre-train Epoch: 98 [25600/40200 (64%)]	Loss: 2.419476	Acc: 28.42%
Pre-train Epoch: 98 [32000/40200 (79%)]	Loss: 2.376217	Acc: 28.43%
Pre-train Epoch: 98 [38400/40200 (95%)]	Loss: 2.492558	Acc: 28.36%
Pre-train Epoch: 99 [0/40200 (0%)]	Loss: 2.369531	Acc: 32.81%
Pre-train Epoch: 99 [6400/40200 (16%)]	Loss: 2.349691	Acc: 27.92%
Pre-train Epoch: 99 [12800/40200 (32%)]	Loss: 2.484862	Acc: 28.74%
Pre-train Epoch: 99 [19200/40200 (48%)]	Loss: 2.658646	Acc: 28.35%
Pre-train Epoch: 99 [25600/40200 (64%)]	Loss: 2.332238	Acc: 28.18%
Pre-train Epoch: 99 [32000/40200 (79%)]	Loss: 2.406589	Acc: 28.37%
Pre-train Epoch: 99 [38400/40200 (95%)]	Loss: 2.416419	Acc: 28.38%
Pre-train Epoch: 100 [0/40200 (0%)]	Loss: 2.440795	Acc: 31.25%
Pre-train Epoch: 100 [6400/40200 (16%)]	Loss: 2.412278	Acc: 28.48%
Pre-train Epoch: 100 [12800/40200 (32%)]	Loss: 2.524955	Acc: 28.21%
Pre-train Epoch: 100 [19200/40200 (48%)]	Loss: 2.468420	Acc: 28.31%
Pre-train Epoch: 100 [25600/40200 (64%)]	Loss: 2.387533	Acc: 28.09%
Pre-train Epoch: 100 [32000/40200 (79%)]	Loss: 2.352702	Acc: 28.13%
Pre-train Epoch: 100 [38400/40200 (95%)]	Loss: 2.487573	Acc: 28.15%

--- Evaluating on Validation Split ---

Validation set: Average loss: 2.3805, Accuracy: 5315/19800 (26.84%)

Reference model saved to models/raman_reference_model.pth

--- Starting Finetuning ---
Applying RamanSPy preprocessing to data/X_finetune.npy...
Finetune Epoch: 1 [0/3000 (0%)]	Loss: 2.513553	Acc: 17.19%
Finetune Epoch: 2 [0/3000 (0%)]	Loss: 2.412040	Acc: 26.56%
Finetune Epoch: 3 [0/3000 (0%)]	Loss: 2.592726	Acc: 23.44%
Finetune Epoch: 4 [0/3000 (0%)]	Loss: 2.448632	Acc: 28.12%
Finetune Epoch: 5 [0/3000 (0%)]	Loss: 2.356993	Acc: 32.81%
Finetune Epoch: 6 [0/3000 (0%)]	Loss: 2.338615	Acc: 32.81%
Finetune Epoch: 7 [0/3000 (0%)]	Loss: 2.167149	Acc: 32.81%
Finetune Epoch: 8 [0/3000 (0%)]	Loss: 2.158621	Acc: 31.25%
Finetune Epoch: 9 [0/3000 (0%)]	Loss: 2.273673	Acc: 21.88%
Finetune Epoch: 10 [0/3000 (0%)]	Loss: 2.226280	Acc: 31.25%
Finetune Epoch: 11 [0/3000 (0%)]	Loss: 2.045232	Acc: 35.94%
Finetune Epoch: 12 [0/3000 (0%)]	Loss: 2.341969	Acc: 31.25%
Finetune Epoch: 13 [0/3000 (0%)]	Loss: 2.090083	Acc: 40.62%
Finetune Epoch: 14 [0/3000 (0%)]	Loss: 2.078291	Acc: 40.62%
Finetune Epoch: 15 [0/3000 (0%)]	Loss: 2.200990	Acc: 32.81%
Finetune Epoch: 16 [0/3000 (0%)]	Loss: 2.113803	Acc: 35.94%
Finetune Epoch: 17 [0/3000 (0%)]	Loss: 2.445443	Acc: 23.44%
Finetune Epoch: 18 [0/3000 (0%)]	Loss: 2.248117	Acc: 32.81%
Finetune Epoch: 19 [0/3000 (0%)]	Loss: 2.290349	Acc: 26.56%
Finetune Epoch: 20 [0/3000 (0%)]	Loss: 2.102897	Acc: 39.06%
Finetuned model saved to models/raman_finetuned_model.pth

--- Evaluating on Test Set ---
Applying RamanSPy preprocessing to data/X_test.npy...

Test set: Average loss: 2.2640, Accuracy: 1025/3000 (34.17%)

