Using device: mps
Loading reference dataset...
Applying RamanSPy preprocessing to data/X_reference.npy...
Detected 30 classes.
Split reference data: 40200 train / 19800 val

--- Starting Reference Training ---
Pre-train Epoch: 1 [0/40200 (0%)]	Loss: 3.391156	Acc: 6.25%
Pre-train Epoch: 1 [6400/40200 (16%)]	Loss: 2.511354	Acc: 15.19%
Pre-train Epoch: 1 [12800/40200 (32%)]	Loss: 2.164452	Acc: 19.19%
Pre-train Epoch: 1 [19200/40200 (48%)]	Loss: 2.160925	Acc: 23.30%
Pre-train Epoch: 1 [25600/40200 (64%)]	Loss: 1.666503	Acc: 27.38%
Pre-train Epoch: 1 [32000/40200 (79%)]	Loss: 1.579947	Acc: 30.60%
Pre-train Epoch: 1 [38400/40200 (95%)]	Loss: 1.421938	Acc: 33.29%
Pre-train Epoch: 2 [0/40200 (0%)]	Loss: 1.330232	Acc: 56.25%
Pre-train Epoch: 2 [6400/40200 (16%)]	Loss: 1.522578	Acc: 49.55%
Pre-train Epoch: 2 [12800/40200 (32%)]	Loss: 1.537483	Acc: 50.37%
Pre-train Epoch: 2 [19200/40200 (48%)]	Loss: 1.283963	Acc: 51.26%
Pre-train Epoch: 2 [25600/40200 (64%)]	Loss: 1.461194	Acc: 52.11%
Pre-train Epoch: 2 [32000/40200 (79%)]	Loss: 1.075347	Acc: 52.69%
Pre-train Epoch: 2 [38400/40200 (95%)]	Loss: 1.378246	Acc: 53.53%
Pre-train Epoch: 3 [0/40200 (0%)]	Loss: 1.198894	Acc: 67.19%
Pre-train Epoch: 3 [6400/40200 (16%)]	Loss: 1.070743	Acc: 57.04%
Pre-train Epoch: 3 [12800/40200 (32%)]	Loss: 1.341091	Acc: 57.88%
Pre-train Epoch: 3 [19200/40200 (48%)]	Loss: 1.553514	Acc: 58.43%
Pre-train Epoch: 3 [25600/40200 (64%)]	Loss: 1.229762	Acc: 58.62%
Pre-train Epoch: 3 [32000/40200 (79%)]	Loss: 1.236055	Acc: 58.84%
Pre-train Epoch: 3 [38400/40200 (95%)]	Loss: 1.220960	Acc: 59.34%
Pre-train Epoch: 4 [0/40200 (0%)]	Loss: 1.296767	Acc: 51.56%
Pre-train Epoch: 4 [6400/40200 (16%)]	Loss: 1.275795	Acc: 61.77%
Pre-train Epoch: 4 [12800/40200 (32%)]	Loss: 1.150396	Acc: 61.70%
Pre-train Epoch: 4 [19200/40200 (48%)]	Loss: 1.145711	Acc: 61.80%
Pre-train Epoch: 4 [25600/40200 (64%)]	Loss: 1.197780	Acc: 62.03%
Pre-train Epoch: 4 [32000/40200 (79%)]	Loss: 1.507559	Acc: 62.10%
Pre-train Epoch: 4 [38400/40200 (95%)]	Loss: 0.949196	Acc: 62.22%
Pre-train Epoch: 5 [0/40200 (0%)]	Loss: 1.030006	Acc: 62.50%
Pre-train Epoch: 5 [6400/40200 (16%)]	Loss: 1.384670	Acc: 63.44%
Pre-train Epoch: 5 [12800/40200 (32%)]	Loss: 1.045834	Acc: 63.88%
Pre-train Epoch: 5 [19200/40200 (48%)]	Loss: 1.116554	Acc: 64.10%
Pre-train Epoch: 5 [25600/40200 (64%)]	Loss: 1.092327	Acc: 64.30%
Pre-train Epoch: 5 [32000/40200 (79%)]	Loss: 0.828341	Acc: 64.38%
Pre-train Epoch: 5 [38400/40200 (95%)]	Loss: 1.219559	Acc: 64.31%
Pre-train Epoch: 6 [0/40200 (0%)]	Loss: 0.955655	Acc: 70.31%
Pre-train Epoch: 6 [6400/40200 (16%)]	Loss: 1.341867	Acc: 65.08%
Pre-train Epoch: 6 [12800/40200 (32%)]	Loss: 0.866205	Acc: 64.96%
Pre-train Epoch: 6 [19200/40200 (48%)]	Loss: 1.050717	Acc: 65.07%
Pre-train Epoch: 6 [25600/40200 (64%)]	Loss: 1.092902	Acc: 65.00%
Pre-train Epoch: 6 [32000/40200 (79%)]	Loss: 1.112599	Acc: 65.20%
Pre-train Epoch: 6 [38400/40200 (95%)]	Loss: 1.131441	Acc: 65.42%
Pre-train Epoch: 7 [0/40200 (0%)]	Loss: 1.135347	Acc: 54.69%
Pre-train Epoch: 7 [6400/40200 (16%)]	Loss: 1.017407	Acc: 67.23%
Pre-train Epoch: 7 [12800/40200 (32%)]	Loss: 1.070076	Acc: 66.77%
Pre-train Epoch: 7 [19200/40200 (48%)]	Loss: 0.901351	Acc: 67.02%
Pre-train Epoch: 7 [25600/40200 (64%)]	Loss: 0.989882	Acc: 67.23%
Pre-train Epoch: 7 [32000/40200 (79%)]	Loss: 0.904981	Acc: 67.16%
Pre-train Epoch: 7 [38400/40200 (95%)]	Loss: 0.981699	Acc: 67.30%
Pre-train Epoch: 8 [0/40200 (0%)]	Loss: 0.975027	Acc: 76.56%
Pre-train Epoch: 8 [6400/40200 (16%)]	Loss: 1.019493	Acc: 69.34%
Pre-train Epoch: 8 [12800/40200 (32%)]	Loss: 0.895889	Acc: 68.52%
Pre-train Epoch: 8 [19200/40200 (48%)]	Loss: 1.014688	Acc: 68.17%
Pre-train Epoch: 8 [25600/40200 (64%)]	Loss: 0.797246	Acc: 68.05%
Pre-train Epoch: 8 [32000/40200 (79%)]	Loss: 0.926548	Acc: 68.06%
Pre-train Epoch: 8 [38400/40200 (95%)]	Loss: 0.864479	Acc: 67.91%
Pre-train Epoch: 9 [0/40200 (0%)]	Loss: 1.198711	Acc: 59.38%
Pre-train Epoch: 9 [6400/40200 (16%)]	Loss: 0.957713	Acc: 69.09%
Pre-train Epoch: 9 [12800/40200 (32%)]	Loss: 0.907619	Acc: 68.88%
Pre-train Epoch: 9 [19200/40200 (48%)]	Loss: 1.295636	Acc: 69.11%
Pre-train Epoch: 9 [25600/40200 (64%)]	Loss: 1.081754	Acc: 69.39%
Pre-train Epoch: 9 [32000/40200 (79%)]	Loss: 1.050053	Acc: 69.23%
Pre-train Epoch: 9 [38400/40200 (95%)]	Loss: 0.979133	Acc: 69.13%
Pre-train Epoch: 10 [0/40200 (0%)]	Loss: 1.022235	Acc: 70.31%
Pre-train Epoch: 10 [6400/40200 (16%)]	Loss: 1.043021	Acc: 69.46%
Pre-train Epoch: 10 [12800/40200 (32%)]	Loss: 1.023493	Acc: 69.35%
Pre-train Epoch: 10 [19200/40200 (48%)]	Loss: 1.136626	Acc: 69.38%
Pre-train Epoch: 10 [25600/40200 (64%)]	Loss: 1.011719	Acc: 69.27%
Pre-train Epoch: 10 [32000/40200 (79%)]	Loss: 1.053765	Acc: 69.52%
Pre-train Epoch: 10 [38400/40200 (95%)]	Loss: 0.856868	Acc: 69.43%
Pre-train Epoch: 11 [0/40200 (0%)]	Loss: 1.059272	Acc: 70.31%
Pre-train Epoch: 11 [6400/40200 (16%)]	Loss: 0.810654	Acc: 69.26%
Pre-train Epoch: 11 [12800/40200 (32%)]	Loss: 0.966407	Acc: 69.74%
Pre-train Epoch: 11 [19200/40200 (48%)]	Loss: 1.043272	Acc: 69.88%
Pre-train Epoch: 11 [25600/40200 (64%)]	Loss: 1.077484	Acc: 69.83%
Pre-train Epoch: 11 [32000/40200 (79%)]	Loss: 0.856461	Acc: 69.92%
Pre-train Epoch: 11 [38400/40200 (95%)]	Loss: 0.838449	Acc: 70.02%
Pre-train Epoch: 12 [0/40200 (0%)]	Loss: 0.749247	Acc: 79.69%
Pre-train Epoch: 12 [6400/40200 (16%)]	Loss: 0.978268	Acc: 69.12%
Pre-train Epoch: 12 [12800/40200 (32%)]	Loss: 0.839410	Acc: 70.00%
Pre-train Epoch: 12 [19200/40200 (48%)]	Loss: 0.825774	Acc: 69.77%
Pre-train Epoch: 12 [25600/40200 (64%)]	Loss: 1.262081	Acc: 69.89%
Pre-train Epoch: 12 [32000/40200 (79%)]	Loss: 0.914284	Acc: 70.03%
Pre-train Epoch: 12 [38400/40200 (95%)]	Loss: 1.049290	Acc: 70.02%
Pre-train Epoch: 13 [0/40200 (0%)]	Loss: 0.680287	Acc: 76.56%
Pre-train Epoch: 13 [6400/40200 (16%)]	Loss: 0.909169	Acc: 70.88%
Pre-train Epoch: 13 [12800/40200 (32%)]	Loss: 1.113337	Acc: 71.18%
Pre-train Epoch: 13 [19200/40200 (48%)]	Loss: 0.866475	Acc: 71.09%
Pre-train Epoch: 13 [25600/40200 (64%)]	Loss: 1.015807	Acc: 70.90%
Pre-train Epoch: 13 [32000/40200 (79%)]	Loss: 0.943026	Acc: 70.99%
Pre-train Epoch: 13 [38400/40200 (95%)]	Loss: 0.894711	Acc: 71.04%
Pre-train Epoch: 14 [0/40200 (0%)]	Loss: 1.148190	Acc: 71.88%
Pre-train Epoch: 14 [6400/40200 (16%)]	Loss: 0.990152	Acc: 71.89%
Pre-train Epoch: 14 [12800/40200 (32%)]	Loss: 1.027629	Acc: 71.00%
Pre-train Epoch: 14 [19200/40200 (48%)]	Loss: 1.121687	Acc: 71.35%
Pre-train Epoch: 14 [25600/40200 (64%)]	Loss: 0.968997	Acc: 71.15%
Pre-train Epoch: 14 [32000/40200 (79%)]	Loss: 1.003782	Acc: 71.14%
Pre-train Epoch: 14 [38400/40200 (95%)]	Loss: 0.969866	Acc: 70.97%
Pre-train Epoch: 15 [0/40200 (0%)]	Loss: 1.127721	Acc: 64.06%
Pre-train Epoch: 15 [6400/40200 (16%)]	Loss: 0.853202	Acc: 71.58%
Pre-train Epoch: 15 [12800/40200 (32%)]	Loss: 1.102313	Acc: 71.72%
Pre-train Epoch: 15 [19200/40200 (48%)]	Loss: 0.928933	Acc: 71.67%
Pre-train Epoch: 15 [25600/40200 (64%)]	Loss: 1.020406	Acc: 71.66%
Pre-train Epoch: 15 [32000/40200 (79%)]	Loss: 0.871476	Acc: 71.61%
Pre-train Epoch: 15 [38400/40200 (95%)]	Loss: 0.789783	Acc: 71.49%
Pre-train Epoch: 16 [0/40200 (0%)]	Loss: 0.819420	Acc: 79.69%
Pre-train Epoch: 16 [6400/40200 (16%)]	Loss: 1.002049	Acc: 71.41%
Pre-train Epoch: 16 [12800/40200 (32%)]	Loss: 1.039810	Acc: 71.38%
Pre-train Epoch: 16 [19200/40200 (48%)]	Loss: 0.950909	Acc: 71.63%
Pre-train Epoch: 16 [25600/40200 (64%)]	Loss: 1.022413	Acc: 71.72%
Pre-train Epoch: 16 [32000/40200 (79%)]	Loss: 1.035862	Acc: 71.69%
Pre-train Epoch: 16 [38400/40200 (95%)]	Loss: 0.775503	Acc: 71.87%
Pre-train Epoch: 17 [0/40200 (0%)]	Loss: 0.777581	Acc: 76.56%
Pre-train Epoch: 17 [6400/40200 (16%)]	Loss: 0.888960	Acc: 72.32%
Pre-train Epoch: 17 [12800/40200 (32%)]	Loss: 0.887227	Acc: 72.15%
Pre-train Epoch: 17 [19200/40200 (48%)]	Loss: 0.800029	Acc: 71.95%
Pre-train Epoch: 17 [25600/40200 (64%)]	Loss: 0.808259	Acc: 71.89%
Pre-train Epoch: 17 [32000/40200 (79%)]	Loss: 0.794955	Acc: 71.81%
Pre-train Epoch: 17 [38400/40200 (95%)]	Loss: 0.831115	Acc: 71.86%
Pre-train Epoch: 18 [0/40200 (0%)]	Loss: 1.072532	Acc: 67.19%
Pre-train Epoch: 18 [6400/40200 (16%)]	Loss: 0.772212	Acc: 71.44%
Pre-train Epoch: 18 [12800/40200 (32%)]	Loss: 1.076557	Acc: 71.77%
Pre-train Epoch: 18 [19200/40200 (48%)]	Loss: 1.120832	Acc: 71.85%
Pre-train Epoch: 18 [25600/40200 (64%)]	Loss: 0.887416	Acc: 72.03%
Pre-train Epoch: 18 [32000/40200 (79%)]	Loss: 0.933216	Acc: 72.14%
Pre-train Epoch: 18 [38400/40200 (95%)]	Loss: 0.970947	Acc: 72.07%
Pre-train Epoch: 19 [0/40200 (0%)]	Loss: 1.034409	Acc: 65.62%
Pre-train Epoch: 19 [6400/40200 (16%)]	Loss: 1.055979	Acc: 71.53%
Pre-train Epoch: 19 [12800/40200 (32%)]	Loss: 0.814686	Acc: 72.19%
Pre-train Epoch: 19 [19200/40200 (48%)]	Loss: 0.956236	Acc: 72.20%
Pre-train Epoch: 19 [25600/40200 (64%)]	Loss: 0.736453	Acc: 72.44%
Pre-train Epoch: 19 [32000/40200 (79%)]	Loss: 0.578822	Acc: 72.45%
Pre-train Epoch: 19 [38400/40200 (95%)]	Loss: 0.877599	Acc: 72.53%
Pre-train Epoch: 20 [0/40200 (0%)]	Loss: 0.759654	Acc: 79.69%
Pre-train Epoch: 20 [6400/40200 (16%)]	Loss: 0.787468	Acc: 72.79%
Pre-train Epoch: 20 [12800/40200 (32%)]	Loss: 0.735633	Acc: 72.59%
Pre-train Epoch: 20 [19200/40200 (48%)]	Loss: 1.038338	Acc: 72.78%
Pre-train Epoch: 20 [25600/40200 (64%)]	Loss: 0.816107	Acc: 72.82%
Pre-train Epoch: 20 [32000/40200 (79%)]	Loss: 0.793232	Acc: 72.79%
Pre-train Epoch: 20 [38400/40200 (95%)]	Loss: 1.050472	Acc: 72.72%
Pre-train Epoch: 21 [0/40200 (0%)]	Loss: 0.870897	Acc: 79.69%
Pre-train Epoch: 21 [6400/40200 (16%)]	Loss: 0.745744	Acc: 73.34%
Pre-train Epoch: 21 [12800/40200 (32%)]	Loss: 0.990387	Acc: 73.37%
Pre-train Epoch: 21 [19200/40200 (48%)]	Loss: 0.645819	Acc: 73.16%
Pre-train Epoch: 21 [25600/40200 (64%)]	Loss: 0.914765	Acc: 73.11%
Pre-train Epoch: 21 [32000/40200 (79%)]	Loss: 0.693439	Acc: 73.21%
Pre-train Epoch: 21 [38400/40200 (95%)]	Loss: 0.806103	Acc: 73.17%
Pre-train Epoch: 22 [0/40200 (0%)]	Loss: 0.826300	Acc: 75.00%
Pre-train Epoch: 22 [6400/40200 (16%)]	Loss: 0.733001	Acc: 73.56%
Pre-train Epoch: 22 [12800/40200 (32%)]	Loss: 0.992351	Acc: 73.63%
Pre-train Epoch: 22 [19200/40200 (48%)]	Loss: 0.838349	Acc: 73.78%
Pre-train Epoch: 22 [25600/40200 (64%)]	Loss: 0.868094	Acc: 73.46%
Pre-train Epoch: 22 [32000/40200 (79%)]	Loss: 0.737297	Acc: 73.28%
Pre-train Epoch: 22 [38400/40200 (95%)]	Loss: 1.031161	Acc: 73.21%
Pre-train Epoch: 23 [0/40200 (0%)]	Loss: 0.907880	Acc: 75.00%
Pre-train Epoch: 23 [6400/40200 (16%)]	Loss: 0.700104	Acc: 74.78%
Pre-train Epoch: 23 [12800/40200 (32%)]	Loss: 0.730019	Acc: 74.48%
Pre-train Epoch: 23 [19200/40200 (48%)]	Loss: 0.734854	Acc: 73.98%
Pre-train Epoch: 23 [25600/40200 (64%)]	Loss: 0.832048	Acc: 73.79%
Pre-train Epoch: 23 [32000/40200 (79%)]	Loss: 0.800348	Acc: 73.65%
Pre-train Epoch: 23 [38400/40200 (95%)]	Loss: 0.884908	Acc: 73.48%
Pre-train Epoch: 24 [0/40200 (0%)]	Loss: 0.619554	Acc: 81.25%
Pre-train Epoch: 24 [6400/40200 (16%)]	Loss: 1.087419	Acc: 74.64%
Pre-train Epoch: 24 [12800/40200 (32%)]	Loss: 0.715832	Acc: 74.02%
Pre-train Epoch: 24 [19200/40200 (48%)]	Loss: 0.981766	Acc: 73.94%
Pre-train Epoch: 24 [25600/40200 (64%)]	Loss: 0.835614	Acc: 73.92%
Pre-train Epoch: 24 [32000/40200 (79%)]	Loss: 0.770799	Acc: 73.83%
Pre-train Epoch: 24 [38400/40200 (95%)]	Loss: 0.814456	Acc: 73.95%
Pre-train Epoch: 25 [0/40200 (0%)]	Loss: 0.695897	Acc: 79.69%
Pre-train Epoch: 25 [6400/40200 (16%)]	Loss: 1.043151	Acc: 74.33%
Pre-train Epoch: 25 [12800/40200 (32%)]	Loss: 1.084805	Acc: 74.17%
Pre-train Epoch: 25 [19200/40200 (48%)]	Loss: 0.739392	Acc: 73.94%
Pre-train Epoch: 25 [25600/40200 (64%)]	Loss: 0.885229	Acc: 73.98%
Pre-train Epoch: 25 [32000/40200 (79%)]	Loss: 0.939065	Acc: 73.83%
Pre-train Epoch: 25 [38400/40200 (95%)]	Loss: 0.808690	Acc: 73.75%
Pre-train Epoch: 26 [0/40200 (0%)]	Loss: 0.693956	Acc: 78.12%
Pre-train Epoch: 26 [6400/40200 (16%)]	Loss: 0.699212	Acc: 74.15%
Pre-train Epoch: 26 [12800/40200 (32%)]	Loss: 0.719318	Acc: 74.37%
Pre-train Epoch: 26 [19200/40200 (48%)]	Loss: 0.858649	Acc: 74.10%
Pre-train Epoch: 26 [25600/40200 (64%)]	Loss: 0.815559	Acc: 74.14%
Pre-train Epoch: 26 [32000/40200 (79%)]	Loss: 0.814752	Acc: 74.16%
Pre-train Epoch: 26 [38400/40200 (95%)]	Loss: 0.844551	Acc: 74.07%
Pre-train Epoch: 27 [0/40200 (0%)]	Loss: 0.893904	Acc: 78.12%
Pre-train Epoch: 27 [6400/40200 (16%)]	Loss: 0.875600	Acc: 73.99%
Pre-train Epoch: 27 [12800/40200 (32%)]	Loss: 0.777741	Acc: 74.25%
Pre-train Epoch: 27 [19200/40200 (48%)]	Loss: 0.681737	Acc: 74.29%
Pre-train Epoch: 27 [25600/40200 (64%)]	Loss: 0.704044	Acc: 74.34%
Pre-train Epoch: 27 [32000/40200 (79%)]	Loss: 1.112710	Acc: 74.45%
Pre-train Epoch: 27 [38400/40200 (95%)]	Loss: 1.065604	Acc: 74.46%
Pre-train Epoch: 28 [0/40200 (0%)]	Loss: 0.617619	Acc: 82.81%
Pre-train Epoch: 28 [6400/40200 (16%)]	Loss: 0.713125	Acc: 74.75%
Pre-train Epoch: 28 [12800/40200 (32%)]	Loss: 0.636863	Acc: 74.78%
Pre-train Epoch: 28 [19200/40200 (48%)]	Loss: 1.064866	Acc: 74.91%
Pre-train Epoch: 28 [25600/40200 (64%)]	Loss: 0.715895	Acc: 74.78%
Pre-train Epoch: 28 [32000/40200 (79%)]	Loss: 0.746727	Acc: 74.46%
Pre-train Epoch: 28 [38400/40200 (95%)]	Loss: 0.742948	Acc: 74.56%
Pre-train Epoch: 29 [0/40200 (0%)]	Loss: 0.802426	Acc: 78.12%
Pre-train Epoch: 29 [6400/40200 (16%)]	Loss: 0.685996	Acc: 75.73%
Pre-train Epoch: 29 [12800/40200 (32%)]	Loss: 0.830506	Acc: 75.31%
Pre-train Epoch: 29 [19200/40200 (48%)]	Loss: 0.746000	Acc: 74.84%
Pre-train Epoch: 29 [25600/40200 (64%)]	Loss: 0.630360	Acc: 74.97%
Pre-train Epoch: 29 [32000/40200 (79%)]	Loss: 0.655352	Acc: 75.02%
Pre-train Epoch: 29 [38400/40200 (95%)]	Loss: 0.662919	Acc: 74.83%
Pre-train Epoch: 30 [0/40200 (0%)]	Loss: 0.734284	Acc: 81.25%
Pre-train Epoch: 30 [6400/40200 (16%)]	Loss: 0.838231	Acc: 74.63%
Pre-train Epoch: 30 [12800/40200 (32%)]	Loss: 0.898778	Acc: 74.95%
Pre-train Epoch: 30 [19200/40200 (48%)]	Loss: 0.625085	Acc: 75.22%
Pre-train Epoch: 30 [25600/40200 (64%)]	Loss: 0.943680	Acc: 75.19%
Pre-train Epoch: 30 [32000/40200 (79%)]	Loss: 0.811553	Acc: 75.20%
Pre-train Epoch: 30 [38400/40200 (95%)]	Loss: 0.702530	Acc: 75.05%
Pre-train Epoch: 31 [0/40200 (0%)]	Loss: 0.776599	Acc: 76.56%
Pre-train Epoch: 31 [6400/40200 (16%)]	Loss: 0.577943	Acc: 75.62%
Pre-train Epoch: 31 [12800/40200 (32%)]	Loss: 0.918721	Acc: 75.58%
Pre-train Epoch: 31 [19200/40200 (48%)]	Loss: 0.836576	Acc: 75.47%
Pre-train Epoch: 31 [25600/40200 (64%)]	Loss: 0.751465	Acc: 75.25%
Pre-train Epoch: 31 [32000/40200 (79%)]	Loss: 0.803186	Acc: 75.31%
Pre-train Epoch: 31 [38400/40200 (95%)]	Loss: 0.857404	Acc: 75.20%
Pre-train Epoch: 32 [0/40200 (0%)]	Loss: 0.685586	Acc: 78.12%
Pre-train Epoch: 32 [6400/40200 (16%)]	Loss: 0.919935	Acc: 75.48%
Pre-train Epoch: 32 [12800/40200 (32%)]	Loss: 0.838382	Acc: 75.16%
Pre-train Epoch: 32 [19200/40200 (48%)]	Loss: 0.980859	Acc: 75.33%
Pre-train Epoch: 32 [25600/40200 (64%)]	Loss: 0.930084	Acc: 75.28%
Pre-train Epoch: 32 [32000/40200 (79%)]	Loss: 0.666978	Acc: 75.32%
Pre-train Epoch: 32 [38400/40200 (95%)]	Loss: 0.932220	Acc: 75.15%
Pre-train Epoch: 33 [0/40200 (0%)]	Loss: 0.602601	Acc: 87.50%
Pre-train Epoch: 33 [6400/40200 (16%)]	Loss: 0.739735	Acc: 76.28%
Pre-train Epoch: 33 [12800/40200 (32%)]	Loss: 0.642460	Acc: 75.85%
Pre-train Epoch: 33 [19200/40200 (48%)]	Loss: 0.896585	Acc: 75.69%
Pre-train Epoch: 33 [25600/40200 (64%)]	Loss: 0.899791	Acc: 75.37%
Pre-train Epoch: 33 [32000/40200 (79%)]	Loss: 0.915199	Acc: 75.37%
Pre-train Epoch: 33 [38400/40200 (95%)]	Loss: 0.809472	Acc: 75.51%
Pre-train Epoch: 34 [0/40200 (0%)]	Loss: 0.641542	Acc: 79.69%
Pre-train Epoch: 34 [6400/40200 (16%)]	Loss: 0.841835	Acc: 75.88%
Pre-train Epoch: 34 [12800/40200 (32%)]	Loss: 0.739238	Acc: 75.93%
Pre-train Epoch: 34 [19200/40200 (48%)]	Loss: 0.922131	Acc: 75.62%
Pre-train Epoch: 34 [25600/40200 (64%)]	Loss: 0.931524	Acc: 75.72%
Pre-train Epoch: 34 [32000/40200 (79%)]	Loss: 0.891802	Acc: 75.77%
Pre-train Epoch: 34 [38400/40200 (95%)]	Loss: 0.601802	Acc: 75.80%
Pre-train Epoch: 35 [0/40200 (0%)]	Loss: 0.571457	Acc: 89.06%
Pre-train Epoch: 35 [6400/40200 (16%)]	Loss: 0.597070	Acc: 76.02%
Pre-train Epoch: 35 [12800/40200 (32%)]	Loss: 0.833153	Acc: 76.21%
Pre-train Epoch: 35 [19200/40200 (48%)]	Loss: 1.025704	Acc: 75.92%
Pre-train Epoch: 35 [25600/40200 (64%)]	Loss: 0.721117	Acc: 75.91%
Pre-train Epoch: 35 [32000/40200 (79%)]	Loss: 0.800143	Acc: 75.93%
Pre-train Epoch: 35 [38400/40200 (95%)]	Loss: 0.676835	Acc: 75.94%
Pre-train Epoch: 36 [0/40200 (0%)]	Loss: 0.997189	Acc: 67.19%
Pre-train Epoch: 36 [6400/40200 (16%)]	Loss: 0.904376	Acc: 77.12%
Pre-train Epoch: 36 [12800/40200 (32%)]	Loss: 0.643823	Acc: 76.69%
Pre-train Epoch: 36 [19200/40200 (48%)]	Loss: 0.799959	Acc: 76.24%
Pre-train Epoch: 36 [25600/40200 (64%)]	Loss: 0.827093	Acc: 76.30%
Pre-train Epoch: 36 [32000/40200 (79%)]	Loss: 0.668395	Acc: 76.30%
Pre-train Epoch: 36 [38400/40200 (95%)]	Loss: 0.668483	Acc: 76.33%
Pre-train Epoch: 37 [0/40200 (0%)]	Loss: 0.795533	Acc: 78.12%
Pre-train Epoch: 37 [6400/40200 (16%)]	Loss: 0.932517	Acc: 76.72%
Pre-train Epoch: 37 [12800/40200 (32%)]	Loss: 0.893382	Acc: 76.75%
Pre-train Epoch: 37 [19200/40200 (48%)]	Loss: 0.844295	Acc: 76.78%
Pre-train Epoch: 37 [25600/40200 (64%)]	Loss: 0.583518	Acc: 76.61%
Pre-train Epoch: 37 [32000/40200 (79%)]	Loss: 0.772845	Acc: 76.58%
Pre-train Epoch: 37 [38400/40200 (95%)]	Loss: 0.894881	Acc: 76.43%
Pre-train Epoch: 38 [0/40200 (0%)]	Loss: 0.801987	Acc: 73.44%
Pre-train Epoch: 38 [6400/40200 (16%)]	Loss: 0.750072	Acc: 77.12%
Pre-train Epoch: 38 [12800/40200 (32%)]	Loss: 0.805981	Acc: 76.74%
Pre-train Epoch: 38 [19200/40200 (48%)]	Loss: 0.637110	Acc: 76.73%
Pre-train Epoch: 38 [25600/40200 (64%)]	Loss: 0.604500	Acc: 76.81%
Pre-train Epoch: 38 [32000/40200 (79%)]	Loss: 0.881025	Acc: 76.72%
Pre-train Epoch: 38 [38400/40200 (95%)]	Loss: 0.890135	Acc: 76.60%
Pre-train Epoch: 39 [0/40200 (0%)]	Loss: 0.679636	Acc: 79.69%
Pre-train Epoch: 39 [6400/40200 (16%)]	Loss: 0.704353	Acc: 77.99%
Pre-train Epoch: 39 [12800/40200 (32%)]	Loss: 0.732278	Acc: 77.49%
Pre-train Epoch: 39 [19200/40200 (48%)]	Loss: 0.832332	Acc: 77.05%
Pre-train Epoch: 39 [25600/40200 (64%)]	Loss: 0.784683	Acc: 77.01%
Pre-train Epoch: 39 [32000/40200 (79%)]	Loss: 0.707451	Acc: 77.14%
Pre-train Epoch: 39 [38400/40200 (95%)]	Loss: 0.778270	Acc: 77.04%
Pre-train Epoch: 40 [0/40200 (0%)]	Loss: 0.828810	Acc: 73.44%
Pre-train Epoch: 40 [6400/40200 (16%)]	Loss: 0.764947	Acc: 75.74%
Pre-train Epoch: 40 [12800/40200 (32%)]	Loss: 0.712267	Acc: 76.78%
Pre-train Epoch: 40 [19200/40200 (48%)]	Loss: 0.841625	Acc: 77.07%
Pre-train Epoch: 40 [25600/40200 (64%)]	Loss: 0.669348	Acc: 77.02%
Pre-train Epoch: 40 [32000/40200 (79%)]	Loss: 0.691536	Acc: 76.87%
Pre-train Epoch: 40 [38400/40200 (95%)]	Loss: 1.051896	Acc: 76.80%
Pre-train Epoch: 41 [0/40200 (0%)]	Loss: 0.860185	Acc: 73.44%
Pre-train Epoch: 41 [6400/40200 (16%)]	Loss: 0.767440	Acc: 76.95%
Pre-train Epoch: 41 [12800/40200 (32%)]	Loss: 0.606663	Acc: 76.87%
Pre-train Epoch: 41 [19200/40200 (48%)]	Loss: 0.814383	Acc: 76.89%
Pre-train Epoch: 41 [25600/40200 (64%)]	Loss: 0.715091	Acc: 76.95%
Pre-train Epoch: 41 [32000/40200 (79%)]	Loss: 0.963514	Acc: 77.03%
Pre-train Epoch: 41 [38400/40200 (95%)]	Loss: 0.810467	Acc: 76.87%
Pre-train Epoch: 42 [0/40200 (0%)]	Loss: 0.446887	Acc: 92.19%
Pre-train Epoch: 42 [6400/40200 (16%)]	Loss: 0.788039	Acc: 77.77%
Pre-train Epoch: 42 [12800/40200 (32%)]	Loss: 0.828853	Acc: 77.29%
Pre-train Epoch: 42 [19200/40200 (48%)]	Loss: 1.013438	Acc: 77.27%
Pre-train Epoch: 42 [25600/40200 (64%)]	Loss: 0.475102	Acc: 77.14%
Pre-train Epoch: 42 [32000/40200 (79%)]	Loss: 0.627222	Acc: 77.26%
Pre-train Epoch: 42 [38400/40200 (95%)]	Loss: 0.747810	Acc: 77.07%
Pre-train Epoch: 43 [0/40200 (0%)]	Loss: 0.672809	Acc: 84.38%
Pre-train Epoch: 43 [6400/40200 (16%)]	Loss: 0.687213	Acc: 78.16%
Pre-train Epoch: 43 [12800/40200 (32%)]	Loss: 0.863916	Acc: 78.40%
Pre-train Epoch: 43 [19200/40200 (48%)]	Loss: 0.720398	Acc: 78.12%
Pre-train Epoch: 43 [25600/40200 (64%)]	Loss: 0.556382	Acc: 77.76%
Pre-train Epoch: 43 [32000/40200 (79%)]	Loss: 0.737402	Acc: 77.61%
Pre-train Epoch: 43 [38400/40200 (95%)]	Loss: 0.685101	Acc: 77.56%
Pre-train Epoch: 44 [0/40200 (0%)]	Loss: 0.672456	Acc: 81.25%
Pre-train Epoch: 44 [6400/40200 (16%)]	Loss: 0.681943	Acc: 78.50%
Pre-train Epoch: 44 [12800/40200 (32%)]	Loss: 0.774604	Acc: 78.25%
Pre-train Epoch: 44 [19200/40200 (48%)]	Loss: 0.586956	Acc: 78.14%
Pre-train Epoch: 44 [25600/40200 (64%)]	Loss: 0.780808	Acc: 78.09%
Pre-train Epoch: 44 [32000/40200 (79%)]	Loss: 1.395789	Acc: 77.94%
Pre-train Epoch: 44 [38400/40200 (95%)]	Loss: 0.740860	Acc: 77.78%
Pre-train Epoch: 45 [0/40200 (0%)]	Loss: 0.707619	Acc: 73.44%
Pre-train Epoch: 45 [6400/40200 (16%)]	Loss: 0.686358	Acc: 78.91%
Pre-train Epoch: 45 [12800/40200 (32%)]	Loss: 0.665296	Acc: 78.75%
Pre-train Epoch: 45 [19200/40200 (48%)]	Loss: 0.719104	Acc: 78.01%
Pre-train Epoch: 45 [25600/40200 (64%)]	Loss: 0.705593	Acc: 77.88%
Pre-train Epoch: 45 [32000/40200 (79%)]	Loss: 0.917130	Acc: 77.96%
Pre-train Epoch: 45 [38400/40200 (95%)]	Loss: 0.701068	Acc: 77.83%
Pre-train Epoch: 46 [0/40200 (0%)]	Loss: 0.662987	Acc: 81.25%
Pre-train Epoch: 46 [6400/40200 (16%)]	Loss: 0.615681	Acc: 78.53%
Pre-train Epoch: 46 [12800/40200 (32%)]	Loss: 0.753554	Acc: 78.47%
Pre-train Epoch: 46 [19200/40200 (48%)]	Loss: 0.593327	Acc: 78.47%
Pre-train Epoch: 46 [25600/40200 (64%)]	Loss: 0.659694	Acc: 78.42%
Pre-train Epoch: 46 [32000/40200 (79%)]	Loss: 0.717199	Acc: 78.32%
Pre-train Epoch: 46 [38400/40200 (95%)]	Loss: 0.829712	Acc: 78.16%
Pre-train Epoch: 47 [0/40200 (0%)]	Loss: 0.529289	Acc: 89.06%
Pre-train Epoch: 47 [6400/40200 (16%)]	Loss: 0.625286	Acc: 78.23%
Pre-train Epoch: 47 [12800/40200 (32%)]	Loss: 0.860836	Acc: 77.96%
Pre-train Epoch: 47 [19200/40200 (48%)]	Loss: 0.668924	Acc: 77.96%
Pre-train Epoch: 47 [25600/40200 (64%)]	Loss: 0.996653	Acc: 77.91%
Pre-train Epoch: 47 [32000/40200 (79%)]	Loss: 0.698799	Acc: 77.74%
Pre-train Epoch: 47 [38400/40200 (95%)]	Loss: 0.665493	Acc: 77.78%
Pre-train Epoch: 48 [0/40200 (0%)]	Loss: 0.781166	Acc: 75.00%
Pre-train Epoch: 48 [6400/40200 (16%)]	Loss: 0.604146	Acc: 78.77%
Pre-train Epoch: 48 [12800/40200 (32%)]	Loss: 0.743780	Acc: 79.00%
Pre-train Epoch: 48 [19200/40200 (48%)]	Loss: 0.596599	Acc: 79.03%
Pre-train Epoch: 48 [25600/40200 (64%)]	Loss: 0.736502	Acc: 78.71%
Pre-train Epoch: 48 [32000/40200 (79%)]	Loss: 1.242193	Acc: 78.45%
Pre-train Epoch: 48 [38400/40200 (95%)]	Loss: 0.659126	Acc: 78.31%
Pre-train Epoch: 49 [0/40200 (0%)]	Loss: 0.630625	Acc: 79.69%
Pre-train Epoch: 49 [6400/40200 (16%)]	Loss: 0.626258	Acc: 79.35%
Pre-train Epoch: 49 [12800/40200 (32%)]	Loss: 0.984314	Acc: 78.66%
Pre-train Epoch: 49 [19200/40200 (48%)]	Loss: 0.793902	Acc: 78.40%
Pre-train Epoch: 49 [25600/40200 (64%)]	Loss: 0.942980	Acc: 78.58%
Pre-train Epoch: 49 [32000/40200 (79%)]	Loss: 0.741118	Acc: 78.57%
Pre-train Epoch: 49 [38400/40200 (95%)]	Loss: 0.676111	Acc: 78.55%
Pre-train Epoch: 50 [0/40200 (0%)]	Loss: 0.572805	Acc: 79.69%
Pre-train Epoch: 50 [6400/40200 (16%)]	Loss: 0.766297	Acc: 79.13%
Pre-train Epoch: 50 [12800/40200 (32%)]	Loss: 0.586802	Acc: 79.49%
Pre-train Epoch: 50 [19200/40200 (48%)]	Loss: 0.738091	Acc: 79.29%
Pre-train Epoch: 50 [25600/40200 (64%)]	Loss: 0.513252	Acc: 79.21%
Pre-train Epoch: 50 [32000/40200 (79%)]	Loss: 0.810065	Acc: 78.95%
Pre-train Epoch: 50 [38400/40200 (95%)]	Loss: 0.549665	Acc: 78.91%
Pre-train Epoch: 51 [0/40200 (0%)]	Loss: 0.663389	Acc: 78.12%
Pre-train Epoch: 51 [6400/40200 (16%)]	Loss: 0.825468	Acc: 79.33%
Pre-train Epoch: 51 [12800/40200 (32%)]	Loss: 0.754409	Acc: 78.76%
Pre-train Epoch: 51 [19200/40200 (48%)]	Loss: 0.575786	Acc: 78.90%
Pre-train Epoch: 51 [25600/40200 (64%)]	Loss: 0.797770	Acc: 78.94%
Pre-train Epoch: 51 [32000/40200 (79%)]	Loss: 0.701503	Acc: 79.04%
Pre-train Epoch: 51 [38400/40200 (95%)]	Loss: 0.625560	Acc: 79.06%
Pre-train Epoch: 52 [0/40200 (0%)]	Loss: 0.690612	Acc: 82.81%
Pre-train Epoch: 52 [6400/40200 (16%)]	Loss: 0.640997	Acc: 79.56%
Pre-train Epoch: 52 [12800/40200 (32%)]	Loss: 0.578028	Acc: 79.84%
Pre-train Epoch: 52 [19200/40200 (48%)]	Loss: 0.697953	Acc: 79.72%
Pre-train Epoch: 52 [25600/40200 (64%)]	Loss: 0.712889	Acc: 79.53%
Pre-train Epoch: 52 [32000/40200 (79%)]	Loss: 0.580938	Acc: 79.38%
Pre-train Epoch: 52 [38400/40200 (95%)]	Loss: 0.692018	Acc: 79.28%
Pre-train Epoch: 53 [0/40200 (0%)]	Loss: 0.773456	Acc: 76.56%
Pre-train Epoch: 53 [6400/40200 (16%)]	Loss: 0.679649	Acc: 79.66%
Pre-train Epoch: 53 [12800/40200 (32%)]	Loss: 0.967059	Acc: 79.53%
Pre-train Epoch: 53 [19200/40200 (48%)]	Loss: 0.717402	Acc: 79.24%
Pre-train Epoch: 53 [25600/40200 (64%)]	Loss: 0.715124	Acc: 79.18%
Pre-train Epoch: 53 [32000/40200 (79%)]	Loss: 0.801537	Acc: 79.18%
Pre-train Epoch: 53 [38400/40200 (95%)]	Loss: 0.701592	Acc: 79.11%
Pre-train Epoch: 54 [0/40200 (0%)]	Loss: 0.643978	Acc: 81.25%
Pre-train Epoch: 54 [6400/40200 (16%)]	Loss: 0.556976	Acc: 80.86%
Pre-train Epoch: 54 [12800/40200 (32%)]	Loss: 0.788016	Acc: 80.08%
Pre-train Epoch: 54 [19200/40200 (48%)]	Loss: 0.695504	Acc: 79.81%
Pre-train Epoch: 54 [25600/40200 (64%)]	Loss: 0.728638	Acc: 79.77%
Pre-train Epoch: 54 [32000/40200 (79%)]	Loss: 0.656650	Acc: 79.68%
Pre-train Epoch: 54 [38400/40200 (95%)]	Loss: 0.670288	Acc: 79.63%
Pre-train Epoch: 55 [0/40200 (0%)]	Loss: 0.755452	Acc: 75.00%
Pre-train Epoch: 55 [6400/40200 (16%)]	Loss: 0.532818	Acc: 79.42%
Pre-train Epoch: 55 [12800/40200 (32%)]	Loss: 0.689681	Acc: 80.00%
Pre-train Epoch: 55 [19200/40200 (48%)]	Loss: 0.538405	Acc: 80.17%
Pre-train Epoch: 55 [25600/40200 (64%)]	Loss: 0.656867	Acc: 79.79%
Pre-train Epoch: 55 [32000/40200 (79%)]	Loss: 0.741854	Acc: 79.80%
Pre-train Epoch: 55 [38400/40200 (95%)]	Loss: 0.717239	Acc: 79.63%
Pre-train Epoch: 56 [0/40200 (0%)]	Loss: 0.669802	Acc: 75.00%
Pre-train Epoch: 56 [6400/40200 (16%)]	Loss: 0.816268	Acc: 81.06%
Pre-train Epoch: 56 [12800/40200 (32%)]	Loss: 0.733049	Acc: 80.71%
Pre-train Epoch: 56 [19200/40200 (48%)]	Loss: 0.685757	Acc: 80.33%
Pre-train Epoch: 56 [25600/40200 (64%)]	Loss: 0.791990	Acc: 80.31%
Pre-train Epoch: 56 [32000/40200 (79%)]	Loss: 0.564976	Acc: 80.27%
Pre-train Epoch: 56 [38400/40200 (95%)]	Loss: 0.797390	Acc: 80.13%
Pre-train Epoch: 57 [0/40200 (0%)]	Loss: 0.644001	Acc: 79.69%
Pre-train Epoch: 57 [6400/40200 (16%)]	Loss: 0.489601	Acc: 81.28%
Pre-train Epoch: 57 [12800/40200 (32%)]	Loss: 0.645992	Acc: 80.91%
Pre-train Epoch: 57 [19200/40200 (48%)]	Loss: 0.705152	Acc: 80.72%
Pre-train Epoch: 57 [25600/40200 (64%)]	Loss: 0.797019	Acc: 80.63%
Pre-train Epoch: 57 [32000/40200 (79%)]	Loss: 0.774270	Acc: 80.62%
Pre-train Epoch: 57 [38400/40200 (95%)]	Loss: 0.511195	Acc: 80.45%
Pre-train Epoch: 58 [0/40200 (0%)]	Loss: 0.647199	Acc: 81.25%
Pre-train Epoch: 58 [6400/40200 (16%)]	Loss: 0.663411	Acc: 80.97%
Pre-train Epoch: 58 [12800/40200 (32%)]	Loss: 0.596988	Acc: 80.97%
Pre-train Epoch: 58 [19200/40200 (48%)]	Loss: 0.514429	Acc: 80.90%
Pre-train Epoch: 58 [25600/40200 (64%)]	Loss: 0.630475	Acc: 80.89%
Pre-train Epoch: 58 [32000/40200 (79%)]	Loss: 0.695711	Acc: 80.60%
Pre-train Epoch: 58 [38400/40200 (95%)]	Loss: 0.815171	Acc: 80.57%
Pre-train Epoch: 59 [0/40200 (0%)]	Loss: 0.822407	Acc: 75.00%
Pre-train Epoch: 59 [6400/40200 (16%)]	Loss: 0.737984	Acc: 81.27%
Pre-train Epoch: 59 [12800/40200 (32%)]	Loss: 0.573009	Acc: 81.14%
Pre-train Epoch: 59 [19200/40200 (48%)]	Loss: 0.759478	Acc: 81.09%
Pre-train Epoch: 59 [25600/40200 (64%)]	Loss: 0.551692	Acc: 81.07%
Pre-train Epoch: 59 [32000/40200 (79%)]	Loss: 0.533159	Acc: 80.85%
Pre-train Epoch: 59 [38400/40200 (95%)]	Loss: 0.666234	Acc: 80.75%
Pre-train Epoch: 60 [0/40200 (0%)]	Loss: 0.758175	Acc: 76.56%
Pre-train Epoch: 60 [6400/40200 (16%)]	Loss: 0.785247	Acc: 81.81%
Pre-train Epoch: 60 [12800/40200 (32%)]	Loss: 0.511500	Acc: 81.34%
Pre-train Epoch: 60 [19200/40200 (48%)]	Loss: 0.471460	Acc: 81.22%
Pre-train Epoch: 60 [25600/40200 (64%)]	Loss: 0.541096	Acc: 81.16%
Pre-train Epoch: 60 [32000/40200 (79%)]	Loss: 0.525097	Acc: 81.20%
Pre-train Epoch: 60 [38400/40200 (95%)]	Loss: 0.782837	Acc: 81.06%
Pre-train Epoch: 61 [0/40200 (0%)]	Loss: 0.539099	Acc: 84.38%
Pre-train Epoch: 61 [6400/40200 (16%)]	Loss: 0.585601	Acc: 81.88%
Pre-train Epoch: 61 [12800/40200 (32%)]	Loss: 0.734122	Acc: 82.06%
Pre-train Epoch: 61 [19200/40200 (48%)]	Loss: 0.875463	Acc: 81.88%
Pre-train Epoch: 61 [25600/40200 (64%)]	Loss: 0.769148	Acc: 81.70%
Pre-train Epoch: 61 [32000/40200 (79%)]	Loss: 0.625486	Acc: 81.47%
Pre-train Epoch: 61 [38400/40200 (95%)]	Loss: 0.835973	Acc: 81.26%
Pre-train Epoch: 62 [0/40200 (0%)]	Loss: 0.517138	Acc: 90.62%
Pre-train Epoch: 62 [6400/40200 (16%)]	Loss: 0.820214	Acc: 81.40%
Pre-train Epoch: 62 [12800/40200 (32%)]	Loss: 0.482591	Acc: 81.75%
Pre-train Epoch: 62 [19200/40200 (48%)]	Loss: 0.595502	Acc: 81.60%
Pre-train Epoch: 62 [25600/40200 (64%)]	Loss: 0.639964	Acc: 81.66%
Pre-train Epoch: 62 [32000/40200 (79%)]	Loss: 0.610371	Acc: 81.52%
Pre-train Epoch: 62 [38400/40200 (95%)]	Loss: 0.692188	Acc: 81.41%
Pre-train Epoch: 63 [0/40200 (0%)]	Loss: 0.543212	Acc: 84.38%
Pre-train Epoch: 63 [6400/40200 (16%)]	Loss: 0.425320	Acc: 82.78%
Pre-train Epoch: 63 [12800/40200 (32%)]	Loss: 0.562051	Acc: 82.25%
Pre-train Epoch: 63 [19200/40200 (48%)]	Loss: 0.802694	Acc: 81.98%
Pre-train Epoch: 63 [25600/40200 (64%)]	Loss: 0.600737	Acc: 81.86%
Pre-train Epoch: 63 [32000/40200 (79%)]	Loss: 0.530593	Acc: 81.82%
Pre-train Epoch: 63 [38400/40200 (95%)]	Loss: 0.536522	Acc: 81.70%
Pre-train Epoch: 64 [0/40200 (0%)]	Loss: 0.588119	Acc: 84.38%
Pre-train Epoch: 64 [6400/40200 (16%)]	Loss: 0.533194	Acc: 83.83%
Pre-train Epoch: 64 [12800/40200 (32%)]	Loss: 0.636156	Acc: 83.09%
Pre-train Epoch: 64 [19200/40200 (48%)]	Loss: 0.604080	Acc: 82.80%
Pre-train Epoch: 64 [25600/40200 (64%)]	Loss: 0.656146	Acc: 82.58%
Pre-train Epoch: 64 [32000/40200 (79%)]	Loss: 0.630518	Acc: 82.40%
Pre-train Epoch: 64 [38400/40200 (95%)]	Loss: 0.567373	Acc: 82.13%
Pre-train Epoch: 65 [0/40200 (0%)]	Loss: 0.829203	Acc: 78.12%
Pre-train Epoch: 65 [6400/40200 (16%)]	Loss: 0.643419	Acc: 82.66%
Pre-train Epoch: 65 [12800/40200 (32%)]	Loss: 0.740934	Acc: 82.76%
Pre-train Epoch: 65 [19200/40200 (48%)]	Loss: 0.675210	Acc: 82.59%
Pre-train Epoch: 65 [25600/40200 (64%)]	Loss: 0.659692	Acc: 82.54%
Pre-train Epoch: 65 [32000/40200 (79%)]	Loss: 0.500395	Acc: 82.55%
Pre-train Epoch: 65 [38400/40200 (95%)]	Loss: 0.551008	Acc: 82.39%
Pre-train Epoch: 66 [0/40200 (0%)]	Loss: 0.453456	Acc: 84.38%
Pre-train Epoch: 66 [6400/40200 (16%)]	Loss: 0.530549	Acc: 82.84%
Pre-train Epoch: 66 [12800/40200 (32%)]	Loss: 0.548243	Acc: 83.32%
Pre-train Epoch: 66 [19200/40200 (48%)]	Loss: 0.647654	Acc: 83.00%
Pre-train Epoch: 66 [25600/40200 (64%)]	Loss: 0.634669	Acc: 82.74%
Pre-train Epoch: 66 [32000/40200 (79%)]	Loss: 0.543713	Acc: 82.56%
Pre-train Epoch: 66 [38400/40200 (95%)]	Loss: 0.711430	Acc: 82.58%
Pre-train Epoch: 67 [0/40200 (0%)]	Loss: 0.494940	Acc: 87.50%
Pre-train Epoch: 67 [6400/40200 (16%)]	Loss: 0.658647	Acc: 82.46%
Pre-train Epoch: 67 [12800/40200 (32%)]	Loss: 0.524133	Acc: 82.63%
Pre-train Epoch: 67 [19200/40200 (48%)]	Loss: 0.755751	Acc: 82.74%
Pre-train Epoch: 67 [25600/40200 (64%)]	Loss: 0.539533	Acc: 82.82%
Pre-train Epoch: 67 [32000/40200 (79%)]	Loss: 0.605047	Acc: 82.86%
Pre-train Epoch: 67 [38400/40200 (95%)]	Loss: 0.520540	Acc: 82.82%
Pre-train Epoch: 68 [0/40200 (0%)]	Loss: 0.391169	Acc: 92.19%
Pre-train Epoch: 68 [6400/40200 (16%)]	Loss: 0.616861	Acc: 83.26%
Pre-train Epoch: 68 [12800/40200 (32%)]	Loss: 0.665590	Acc: 83.38%
Pre-train Epoch: 68 [19200/40200 (48%)]	Loss: 0.486760	Acc: 83.20%
Pre-train Epoch: 68 [25600/40200 (64%)]	Loss: 0.539343	Acc: 83.20%
Pre-train Epoch: 68 [32000/40200 (79%)]	Loss: 0.478942	Acc: 83.30%
Pre-train Epoch: 68 [38400/40200 (95%)]	Loss: 0.556003	Acc: 83.22%
Pre-train Epoch: 69 [0/40200 (0%)]	Loss: 0.442488	Acc: 92.19%
Pre-train Epoch: 69 [6400/40200 (16%)]	Loss: 0.448429	Acc: 84.25%
Pre-train Epoch: 69 [12800/40200 (32%)]	Loss: 0.599322	Acc: 83.82%
Pre-train Epoch: 69 [19200/40200 (48%)]	Loss: 0.600094	Acc: 83.47%
Pre-train Epoch: 69 [25600/40200 (64%)]	Loss: 0.609069	Acc: 83.58%
Pre-train Epoch: 69 [32000/40200 (79%)]	Loss: 0.507755	Acc: 83.50%
Pre-train Epoch: 69 [38400/40200 (95%)]	Loss: 0.419990	Acc: 83.39%
Pre-train Epoch: 70 [0/40200 (0%)]	Loss: 0.513674	Acc: 85.94%
Pre-train Epoch: 70 [6400/40200 (16%)]	Loss: 0.663970	Acc: 85.12%
Pre-train Epoch: 70 [12800/40200 (32%)]	Loss: 0.605721	Acc: 84.44%
Pre-train Epoch: 70 [19200/40200 (48%)]	Loss: 0.609447	Acc: 84.23%
Pre-train Epoch: 70 [25600/40200 (64%)]	Loss: 0.525521	Acc: 84.07%
Pre-train Epoch: 70 [32000/40200 (79%)]	Loss: 0.560959	Acc: 83.94%
Pre-train Epoch: 70 [38400/40200 (95%)]	Loss: 0.479293	Acc: 84.00%
Pre-train Epoch: 71 [0/40200 (0%)]	Loss: 0.403970	Acc: 93.75%
Pre-train Epoch: 71 [6400/40200 (16%)]	Loss: 0.657556	Acc: 84.25%
Pre-train Epoch: 71 [12800/40200 (32%)]	Loss: 0.475128	Acc: 84.54%
Pre-train Epoch: 71 [19200/40200 (48%)]	Loss: 0.606697	Acc: 84.38%
Pre-train Epoch: 71 [25600/40200 (64%)]	Loss: 0.501364	Acc: 84.32%
Pre-train Epoch: 71 [32000/40200 (79%)]	Loss: 0.663000	Acc: 84.22%
Pre-train Epoch: 71 [38400/40200 (95%)]	Loss: 0.610671	Acc: 84.23%
Pre-train Epoch: 72 [0/40200 (0%)]	Loss: 0.434573	Acc: 90.62%
Pre-train Epoch: 72 [6400/40200 (16%)]	Loss: 0.547838	Acc: 84.17%
Pre-train Epoch: 72 [12800/40200 (32%)]	Loss: 0.698270	Acc: 84.44%
Pre-train Epoch: 72 [19200/40200 (48%)]	Loss: 0.494650	Acc: 84.52%
Pre-train Epoch: 72 [25600/40200 (64%)]	Loss: 0.527593	Acc: 84.46%
Pre-train Epoch: 72 [32000/40200 (79%)]	Loss: 0.565958	Acc: 84.40%
Pre-train Epoch: 72 [38400/40200 (95%)]	Loss: 0.467969	Acc: 84.30%
Pre-train Epoch: 73 [0/40200 (0%)]	Loss: 0.468003	Acc: 92.19%
Pre-train Epoch: 73 [6400/40200 (16%)]	Loss: 0.448553	Acc: 85.10%
Pre-train Epoch: 73 [12800/40200 (32%)]	Loss: 0.604419	Acc: 84.97%
Pre-train Epoch: 73 [19200/40200 (48%)]	Loss: 0.578941	Acc: 84.99%
Pre-train Epoch: 73 [25600/40200 (64%)]	Loss: 0.680699	Acc: 84.81%
Pre-train Epoch: 73 [32000/40200 (79%)]	Loss: 0.515876	Acc: 84.78%
Pre-train Epoch: 73 [38400/40200 (95%)]	Loss: 0.396190	Acc: 84.76%
Pre-train Epoch: 74 [0/40200 (0%)]	Loss: 0.359033	Acc: 90.62%
Pre-train Epoch: 74 [6400/40200 (16%)]	Loss: 0.394099	Acc: 86.22%
Pre-train Epoch: 74 [12800/40200 (32%)]	Loss: 0.541028	Acc: 85.62%
Pre-train Epoch: 74 [19200/40200 (48%)]	Loss: 0.569384	Acc: 85.26%
Pre-train Epoch: 74 [25600/40200 (64%)]	Loss: 0.529400	Acc: 85.13%
Pre-train Epoch: 74 [32000/40200 (79%)]	Loss: 0.534738	Acc: 85.02%
Pre-train Epoch: 74 [38400/40200 (95%)]	Loss: 0.689391	Acc: 85.08%
Pre-train Epoch: 75 [0/40200 (0%)]	Loss: 0.527891	Acc: 84.38%
Pre-train Epoch: 75 [6400/40200 (16%)]	Loss: 0.556665	Acc: 86.37%
Pre-train Epoch: 75 [12800/40200 (32%)]	Loss: 0.415264	Acc: 85.63%
Pre-train Epoch: 75 [19200/40200 (48%)]	Loss: 0.490984	Acc: 85.68%
Pre-train Epoch: 75 [25600/40200 (64%)]	Loss: 0.583615	Acc: 85.77%
Pre-train Epoch: 75 [32000/40200 (79%)]	Loss: 0.333244	Acc: 85.72%
Pre-train Epoch: 75 [38400/40200 (95%)]	Loss: 0.431091	Acc: 85.49%
Pre-train Epoch: 76 [0/40200 (0%)]	Loss: 0.382281	Acc: 87.50%
Pre-train Epoch: 76 [6400/40200 (16%)]	Loss: 0.684063	Acc: 85.35%
Pre-train Epoch: 76 [12800/40200 (32%)]	Loss: 0.533677	Acc: 85.46%
Pre-train Epoch: 76 [19200/40200 (48%)]	Loss: 0.478194	Acc: 85.50%
Pre-train Epoch: 76 [25600/40200 (64%)]	Loss: 0.469124	Acc: 85.53%
Pre-train Epoch: 76 [32000/40200 (79%)]	Loss: 0.493852	Acc: 85.59%
Pre-train Epoch: 76 [38400/40200 (95%)]	Loss: 0.527070	Acc: 85.54%
Pre-train Epoch: 77 [0/40200 (0%)]	Loss: 0.599085	Acc: 78.12%
Pre-train Epoch: 77 [6400/40200 (16%)]	Loss: 0.435228	Acc: 86.74%
Pre-train Epoch: 77 [12800/40200 (32%)]	Loss: 0.571491	Acc: 86.60%
Pre-train Epoch: 77 [19200/40200 (48%)]	Loss: 0.455750	Acc: 86.34%
Pre-train Epoch: 77 [25600/40200 (64%)]	Loss: 0.416966	Acc: 86.26%
Pre-train Epoch: 77 [32000/40200 (79%)]	Loss: 0.470690	Acc: 86.07%
Pre-train Epoch: 77 [38400/40200 (95%)]	Loss: 0.549213	Acc: 86.08%
Pre-train Epoch: 78 [0/40200 (0%)]	Loss: 0.689085	Acc: 84.38%
Pre-train Epoch: 78 [6400/40200 (16%)]	Loss: 0.391307	Acc: 87.27%
Pre-train Epoch: 78 [12800/40200 (32%)]	Loss: 0.492718	Acc: 87.09%
Pre-train Epoch: 78 [19200/40200 (48%)]	Loss: 0.424418	Acc: 86.85%
Pre-train Epoch: 78 [25600/40200 (64%)]	Loss: 0.483803	Acc: 86.60%
Pre-train Epoch: 78 [32000/40200 (79%)]	Loss: 0.501146	Acc: 86.45%
Pre-train Epoch: 78 [38400/40200 (95%)]	Loss: 0.456978	Acc: 86.42%
Pre-train Epoch: 79 [0/40200 (0%)]	Loss: 0.434628	Acc: 87.50%
Pre-train Epoch: 79 [6400/40200 (16%)]	Loss: 0.484776	Acc: 87.53%
Pre-train Epoch: 79 [12800/40200 (32%)]	Loss: 0.355739	Acc: 87.07%
Pre-train Epoch: 79 [19200/40200 (48%)]	Loss: 0.439461	Acc: 87.30%
Pre-train Epoch: 79 [25600/40200 (64%)]	Loss: 0.363243	Acc: 87.05%
Pre-train Epoch: 79 [32000/40200 (79%)]	Loss: 0.362268	Acc: 86.85%
Pre-train Epoch: 79 [38400/40200 (95%)]	Loss: 0.399389	Acc: 86.92%
Pre-train Epoch: 80 [0/40200 (0%)]	Loss: 0.444924	Acc: 89.06%
Pre-train Epoch: 80 [6400/40200 (16%)]	Loss: 0.524516	Acc: 87.90%
Pre-train Epoch: 80 [12800/40200 (32%)]	Loss: 0.461637	Acc: 87.45%
Pre-train Epoch: 80 [19200/40200 (48%)]	Loss: 0.436391	Acc: 87.38%
Pre-train Epoch: 80 [25600/40200 (64%)]	Loss: 0.537519	Acc: 87.36%
Pre-train Epoch: 80 [32000/40200 (79%)]	Loss: 0.503854	Acc: 87.23%
Pre-train Epoch: 80 [38400/40200 (95%)]	Loss: 0.537552	Acc: 87.22%
Pre-train Epoch: 81 [0/40200 (0%)]	Loss: 0.456785	Acc: 82.81%
Pre-train Epoch: 81 [6400/40200 (16%)]	Loss: 0.306282	Acc: 87.58%
Pre-train Epoch: 81 [12800/40200 (32%)]	Loss: 0.370227	Acc: 87.48%
Pre-train Epoch: 81 [19200/40200 (48%)]	Loss: 0.491641	Acc: 87.54%
Pre-train Epoch: 81 [25600/40200 (64%)]	Loss: 0.393982	Acc: 87.58%
Pre-train Epoch: 81 [32000/40200 (79%)]	Loss: 0.437866	Acc: 87.55%
Pre-train Epoch: 81 [38400/40200 (95%)]	Loss: 0.405364	Acc: 87.59%
Pre-train Epoch: 82 [0/40200 (0%)]	Loss: 0.587561	Acc: 79.69%
Pre-train Epoch: 82 [6400/40200 (16%)]	Loss: 0.478325	Acc: 88.04%
Pre-train Epoch: 82 [12800/40200 (32%)]	Loss: 0.394354	Acc: 88.03%
Pre-train Epoch: 82 [19200/40200 (48%)]	Loss: 0.482413	Acc: 87.93%
Pre-train Epoch: 82 [25600/40200 (64%)]	Loss: 0.442387	Acc: 87.95%
Pre-train Epoch: 82 [32000/40200 (79%)]	Loss: 0.572067	Acc: 87.81%
Pre-train Epoch: 82 [38400/40200 (95%)]	Loss: 0.561854	Acc: 87.65%
Pre-train Epoch: 83 [0/40200 (0%)]	Loss: 0.406816	Acc: 85.94%
Pre-train Epoch: 83 [6400/40200 (16%)]	Loss: 0.355035	Acc: 88.63%
Pre-train Epoch: 83 [12800/40200 (32%)]	Loss: 0.499818	Acc: 88.44%
Pre-train Epoch: 83 [19200/40200 (48%)]	Loss: 0.419968	Acc: 88.38%
Pre-train Epoch: 83 [25600/40200 (64%)]	Loss: 0.626302	Acc: 88.28%
Pre-train Epoch: 83 [32000/40200 (79%)]	Loss: 0.501524	Acc: 88.19%
Pre-train Epoch: 83 [38400/40200 (95%)]	Loss: 0.515907	Acc: 88.09%
Pre-train Epoch: 84 [0/40200 (0%)]	Loss: 0.391816	Acc: 89.06%
Pre-train Epoch: 84 [6400/40200 (16%)]	Loss: 0.500119	Acc: 88.29%
Pre-train Epoch: 84 [12800/40200 (32%)]	Loss: 0.543368	Acc: 88.38%
Pre-train Epoch: 84 [19200/40200 (48%)]	Loss: 0.410974	Acc: 88.47%
Pre-train Epoch: 84 [25600/40200 (64%)]	Loss: 0.375239	Acc: 88.32%
Pre-train Epoch: 84 [32000/40200 (79%)]	Loss: 0.451136	Acc: 88.30%
Pre-train Epoch: 84 [38400/40200 (95%)]	Loss: 0.394382	Acc: 88.27%
Pre-train Epoch: 85 [0/40200 (0%)]	Loss: 0.418850	Acc: 82.81%
Pre-train Epoch: 85 [6400/40200 (16%)]	Loss: 0.321258	Acc: 89.17%
Pre-train Epoch: 85 [12800/40200 (32%)]	Loss: 0.417719	Acc: 88.75%
Pre-train Epoch: 85 [19200/40200 (48%)]	Loss: 0.511526	Acc: 88.91%
Pre-train Epoch: 85 [25600/40200 (64%)]	Loss: 0.408120	Acc: 88.98%
Pre-train Epoch: 85 [32000/40200 (79%)]	Loss: 0.354588	Acc: 88.98%
Pre-train Epoch: 85 [38400/40200 (95%)]	Loss: 0.478592	Acc: 88.89%
Pre-train Epoch: 86 [0/40200 (0%)]	Loss: 0.515661	Acc: 87.50%
Pre-train Epoch: 86 [6400/40200 (16%)]	Loss: 0.348489	Acc: 89.29%
Pre-train Epoch: 86 [12800/40200 (32%)]	Loss: 0.370540	Acc: 89.10%
Pre-train Epoch: 86 [19200/40200 (48%)]	Loss: 0.354385	Acc: 89.31%
Pre-train Epoch: 86 [25600/40200 (64%)]	Loss: 0.407928	Acc: 89.39%
Pre-train Epoch: 86 [32000/40200 (79%)]	Loss: 0.474870	Acc: 89.30%
Pre-train Epoch: 86 [38400/40200 (95%)]	Loss: 0.401745	Acc: 89.17%
Pre-train Epoch: 87 [0/40200 (0%)]	Loss: 0.460996	Acc: 90.62%
Pre-train Epoch: 87 [6400/40200 (16%)]	Loss: 0.295643	Acc: 90.19%
Pre-train Epoch: 87 [12800/40200 (32%)]	Loss: 0.391172	Acc: 89.73%
Pre-train Epoch: 87 [19200/40200 (48%)]	Loss: 0.378245	Acc: 89.61%
Pre-train Epoch: 87 [25600/40200 (64%)]	Loss: 0.470731	Acc: 89.47%
Pre-train Epoch: 87 [32000/40200 (79%)]	Loss: 0.314417	Acc: 89.46%
Pre-train Epoch: 87 [38400/40200 (95%)]	Loss: 0.495007	Acc: 89.39%
Pre-train Epoch: 88 [0/40200 (0%)]	Loss: 0.385668	Acc: 90.62%
Pre-train Epoch: 88 [6400/40200 (16%)]	Loss: 0.346539	Acc: 90.01%
Pre-train Epoch: 88 [12800/40200 (32%)]	Loss: 0.448589	Acc: 89.98%
Pre-train Epoch: 88 [19200/40200 (48%)]	Loss: 0.403097	Acc: 90.02%
Pre-train Epoch: 88 [25600/40200 (64%)]	Loss: 0.477933	Acc: 89.82%
Pre-train Epoch: 88 [32000/40200 (79%)]	Loss: 0.362091	Acc: 89.85%
Pre-train Epoch: 88 [38400/40200 (95%)]	Loss: 0.482814	Acc: 89.84%
Pre-train Epoch: 89 [0/40200 (0%)]	Loss: 0.469921	Acc: 93.75%
Pre-train Epoch: 89 [6400/40200 (16%)]	Loss: 0.406780	Acc: 89.93%
Pre-train Epoch: 89 [12800/40200 (32%)]	Loss: 0.335253	Acc: 90.04%
Pre-train Epoch: 89 [19200/40200 (48%)]	Loss: 0.415051	Acc: 90.10%
Pre-train Epoch: 89 [25600/40200 (64%)]	Loss: 0.465158	Acc: 90.04%
Pre-train Epoch: 89 [32000/40200 (79%)]	Loss: 0.329106	Acc: 90.10%
Pre-train Epoch: 89 [38400/40200 (95%)]	Loss: 0.476082	Acc: 90.01%
Pre-train Epoch: 90 [0/40200 (0%)]	Loss: 0.279306	Acc: 95.31%
Pre-train Epoch: 90 [6400/40200 (16%)]	Loss: 0.409115	Acc: 91.09%
Pre-train Epoch: 90 [12800/40200 (32%)]	Loss: 0.466244	Acc: 90.61%
Pre-train Epoch: 90 [19200/40200 (48%)]	Loss: 0.504902	Acc: 90.39%
Pre-train Epoch: 90 [25600/40200 (64%)]	Loss: 0.576008	Acc: 90.33%
Pre-train Epoch: 90 [32000/40200 (79%)]	Loss: 0.396891	Acc: 90.33%
Pre-train Epoch: 90 [38400/40200 (95%)]	Loss: 0.392981	Acc: 90.29%
Pre-train Epoch: 91 [0/40200 (0%)]	Loss: 0.393397	Acc: 87.50%
Pre-train Epoch: 91 [6400/40200 (16%)]	Loss: 0.322549	Acc: 90.44%
Pre-train Epoch: 91 [12800/40200 (32%)]	Loss: 0.421570	Acc: 90.29%
Pre-train Epoch: 91 [19200/40200 (48%)]	Loss: 0.408175	Acc: 90.16%
Pre-train Epoch: 91 [25600/40200 (64%)]	Loss: 0.259764	Acc: 90.31%
Pre-train Epoch: 91 [32000/40200 (79%)]	Loss: 0.442157	Acc: 90.24%
Pre-train Epoch: 91 [38400/40200 (95%)]	Loss: 0.503086	Acc: 90.22%
Pre-train Epoch: 92 [0/40200 (0%)]	Loss: 0.458711	Acc: 85.94%
Pre-train Epoch: 92 [6400/40200 (16%)]	Loss: 0.332926	Acc: 90.27%
Pre-train Epoch: 92 [12800/40200 (32%)]	Loss: 0.396694	Acc: 90.49%
Pre-train Epoch: 92 [19200/40200 (48%)]	Loss: 0.374767	Acc: 90.54%
Pre-train Epoch: 92 [25600/40200 (64%)]	Loss: 0.335723	Acc: 90.71%
Pre-train Epoch: 92 [32000/40200 (79%)]	Loss: 0.499974	Acc: 90.72%
Pre-train Epoch: 92 [38400/40200 (95%)]	Loss: 0.397482	Acc: 90.66%
Pre-train Epoch: 93 [0/40200 (0%)]	Loss: 0.321124	Acc: 92.19%
Pre-train Epoch: 93 [6400/40200 (16%)]	Loss: 0.402099	Acc: 90.45%
Pre-train Epoch: 93 [12800/40200 (32%)]	Loss: 0.245170	Acc: 90.85%
Pre-train Epoch: 93 [19200/40200 (48%)]	Loss: 0.381495	Acc: 91.11%
Pre-train Epoch: 93 [25600/40200 (64%)]	Loss: 0.291389	Acc: 90.92%
Pre-train Epoch: 93 [32000/40200 (79%)]	Loss: 0.267777	Acc: 90.88%
Pre-train Epoch: 93 [38400/40200 (95%)]	Loss: 0.395231	Acc: 90.82%
Pre-train Epoch: 94 [0/40200 (0%)]	Loss: 0.301318	Acc: 92.19%
Pre-train Epoch: 94 [6400/40200 (16%)]	Loss: 0.408083	Acc: 91.26%
Pre-train Epoch: 94 [12800/40200 (32%)]	Loss: 0.455600	Acc: 90.88%
Pre-train Epoch: 94 [19200/40200 (48%)]	Loss: 0.399557	Acc: 90.85%
Pre-train Epoch: 94 [25600/40200 (64%)]	Loss: 0.287434	Acc: 90.89%
Pre-train Epoch: 94 [32000/40200 (79%)]	Loss: 0.315576	Acc: 90.94%
Pre-train Epoch: 94 [38400/40200 (95%)]	Loss: 0.329823	Acc: 90.86%
Pre-train Epoch: 95 [0/40200 (0%)]	Loss: 0.335486	Acc: 95.31%
Pre-train Epoch: 95 [6400/40200 (16%)]	Loss: 0.400757	Acc: 91.10%
Pre-train Epoch: 95 [12800/40200 (32%)]	Loss: 0.406860	Acc: 91.17%
Pre-train Epoch: 95 [19200/40200 (48%)]	Loss: 0.413003	Acc: 91.09%
Pre-train Epoch: 95 [25600/40200 (64%)]	Loss: 0.359830	Acc: 91.07%
Pre-train Epoch: 95 [32000/40200 (79%)]	Loss: 0.427547	Acc: 91.06%
Pre-train Epoch: 95 [38400/40200 (95%)]	Loss: 0.384014	Acc: 90.86%
Pre-train Epoch: 96 [0/40200 (0%)]	Loss: 0.277595	Acc: 96.88%
Pre-train Epoch: 96 [6400/40200 (16%)]	Loss: 0.429729	Acc: 91.03%
Pre-train Epoch: 96 [12800/40200 (32%)]	Loss: 0.366033	Acc: 91.16%
Pre-train Epoch: 96 [19200/40200 (48%)]	Loss: 0.337960	Acc: 91.12%
Pre-train Epoch: 96 [25600/40200 (64%)]	Loss: 0.308617	Acc: 91.10%
Pre-train Epoch: 96 [32000/40200 (79%)]	Loss: 0.346455	Acc: 91.01%
Pre-train Epoch: 96 [38400/40200 (95%)]	Loss: 0.330813	Acc: 91.03%
Pre-train Epoch: 97 [0/40200 (0%)]	Loss: 0.247716	Acc: 92.19%
Pre-train Epoch: 97 [6400/40200 (16%)]	Loss: 0.456256	Acc: 90.98%
Pre-train Epoch: 97 [12800/40200 (32%)]	Loss: 0.408863	Acc: 90.65%
Pre-train Epoch: 97 [19200/40200 (48%)]	Loss: 0.358302	Acc: 90.80%
Pre-train Epoch: 97 [25600/40200 (64%)]	Loss: 0.388184	Acc: 90.80%
Pre-train Epoch: 97 [32000/40200 (79%)]	Loss: 0.353587	Acc: 90.89%
Pre-train Epoch: 97 [38400/40200 (95%)]	Loss: 0.309284	Acc: 90.94%
Pre-train Epoch: 98 [0/40200 (0%)]	Loss: 0.409161	Acc: 92.19%
Pre-train Epoch: 98 [6400/40200 (16%)]	Loss: 0.392455	Acc: 91.27%
Pre-train Epoch: 98 [12800/40200 (32%)]	Loss: 0.334347	Acc: 91.33%
Pre-train Epoch: 98 [19200/40200 (48%)]	Loss: 0.335988	Acc: 91.18%
Pre-train Epoch: 98 [25600/40200 (64%)]	Loss: 0.245433	Acc: 91.24%
Pre-train Epoch: 98 [32000/40200 (79%)]	Loss: 0.325125	Acc: 91.29%
Pre-train Epoch: 98 [38400/40200 (95%)]	Loss: 0.330853	Acc: 91.27%
Pre-train Epoch: 99 [0/40200 (0%)]	Loss: 0.304865	Acc: 93.75%
Pre-train Epoch: 99 [6400/40200 (16%)]	Loss: 0.358732	Acc: 90.52%
Pre-train Epoch: 99 [12800/40200 (32%)]	Loss: 0.284959	Acc: 91.00%
Pre-train Epoch: 99 [19200/40200 (48%)]	Loss: 0.339544	Acc: 91.21%
Pre-train Epoch: 99 [25600/40200 (64%)]	Loss: 0.330073	Acc: 91.35%
Pre-train Epoch: 99 [32000/40200 (79%)]	Loss: 0.415675	Acc: 91.27%
Pre-train Epoch: 99 [38400/40200 (95%)]	Loss: 0.328483	Acc: 91.22%
Pre-train Epoch: 100 [0/40200 (0%)]	Loss: 0.249640	Acc: 95.31%
Pre-train Epoch: 100 [6400/40200 (16%)]	Loss: 0.582358	Acc: 90.69%
Pre-train Epoch: 100 [12800/40200 (32%)]	Loss: 0.337647	Acc: 91.25%
Pre-train Epoch: 100 [19200/40200 (48%)]	Loss: 0.348939	Acc: 91.39%
Pre-train Epoch: 100 [25600/40200 (64%)]	Loss: 0.409218	Acc: 91.32%
Pre-train Epoch: 100 [32000/40200 (79%)]	Loss: 0.411854	Acc: 91.38%
Pre-train Epoch: 100 [38400/40200 (95%)]	Loss: 0.478192	Acc: 91.34%

--- Evaluating on Validation Split ---

Validation set: Average loss: 0.6184, Accuracy: 15842/19800 (80.01%)

Reference model saved to models/raman_reference_model.pth

--- Starting Finetuning ---
Applying RamanSPy preprocessing to data/X_finetune.npy...
Finetune Epoch: 1 [0/3000 (0%)]	Loss: 2.452098	Acc: 43.75%
Finetune Epoch: 2 [0/3000 (0%)]	Loss: 1.049777	Acc: 71.88%
Finetune Epoch: 3 [0/3000 (0%)]	Loss: 0.860582	Acc: 78.12%
Finetune Epoch: 4 [0/3000 (0%)]	Loss: 0.605081	Acc: 84.38%
Finetune Epoch: 5 [0/3000 (0%)]	Loss: 0.673314	Acc: 82.81%
Finetune Epoch: 6 [0/3000 (0%)]	Loss: 0.646177	Acc: 81.25%
Finetune Epoch: 7 [0/3000 (0%)]	Loss: 0.682358	Acc: 79.69%
Finetune Epoch: 8 [0/3000 (0%)]	Loss: 0.544948	Acc: 87.50%
Finetune Epoch: 9 [0/3000 (0%)]	Loss: 0.439921	Acc: 89.06%
Finetune Epoch: 10 [0/3000 (0%)]	Loss: 0.527113	Acc: 85.94%
Finetune Epoch: 11 [0/3000 (0%)]	Loss: 0.434819	Acc: 87.50%
Finetune Epoch: 12 [0/3000 (0%)]	Loss: 0.330755	Acc: 95.31%
Finetune Epoch: 13 [0/3000 (0%)]	Loss: 0.496327	Acc: 89.06%
Finetune Epoch: 14 [0/3000 (0%)]	Loss: 0.313215	Acc: 92.19%
Finetune Epoch: 15 [0/3000 (0%)]	Loss: 0.403140	Acc: 93.75%
Finetune Epoch: 16 [0/3000 (0%)]	Loss: 0.412579	Acc: 92.19%
Finetune Epoch: 17 [0/3000 (0%)]	Loss: 0.300638	Acc: 95.31%
Finetune Epoch: 18 [0/3000 (0%)]	Loss: 0.358138	Acc: 95.31%
Finetune Epoch: 19 [0/3000 (0%)]	Loss: 0.327304	Acc: 90.62%
Finetune Epoch: 20 [0/3000 (0%)]	Loss: 0.351988	Acc: 93.75%
Finetuned model saved to models/raman_finetuned_model.pth

--- Evaluating on Test Set ---
Applying RamanSPy preprocessing to data/X_test.npy...

Test set: Average loss: 1.0343, Accuracy: 2024/3000 (67.47%)

