Using device: mps
Loading reference dataset...
Applying RamanSPy preprocessing to data/X_reference.npy...
Detected 30 classes.
Split reference data: 40200 train / 19800 val

--- Starting Reference Training ---
Pre-train Epoch: 1 [0/40200 (0%)]	Loss: 3.603252	Acc: 4.69%
Pre-train Epoch: 1 [6400/40200 (16%)]	Loss: 3.009525	Acc: 6.59%
Pre-train Epoch: 1 [12800/40200 (32%)]	Loss: 2.731597	Acc: 8.93%
Pre-train Epoch: 1 [19200/40200 (48%)]	Loss: 2.844260	Acc: 10.17%
Pre-train Epoch: 1 [25600/40200 (64%)]	Loss: 2.777100	Acc: 11.12%
Pre-train Epoch: 1 [32000/40200 (79%)]	Loss: 2.697104	Acc: 11.70%
Pre-train Epoch: 1 [38400/40200 (95%)]	Loss: 2.945779	Acc: 12.15%
Pre-train Epoch: 2 [0/40200 (0%)]	Loss: 2.854285	Acc: 14.06%
Pre-train Epoch: 2 [6400/40200 (16%)]	Loss: 2.871209	Acc: 14.40%
Pre-train Epoch: 2 [12800/40200 (32%)]	Loss: 2.402240	Acc: 14.43%
Pre-train Epoch: 2 [19200/40200 (48%)]	Loss: 2.934783	Acc: 14.57%
Pre-train Epoch: 2 [25600/40200 (64%)]	Loss: 2.741359	Acc: 14.74%
Pre-train Epoch: 2 [32000/40200 (79%)]	Loss: 2.707246	Acc: 14.90%
Pre-train Epoch: 2 [38400/40200 (95%)]	Loss: 2.630748	Acc: 15.01%
Pre-train Epoch: 3 [0/40200 (0%)]	Loss: 2.669139	Acc: 17.19%
Pre-train Epoch: 3 [6400/40200 (16%)]	Loss: 2.725587	Acc: 15.61%
Pre-train Epoch: 3 [12800/40200 (32%)]	Loss: 2.776512	Acc: 15.66%
Pre-train Epoch: 3 [19200/40200 (48%)]	Loss: 2.637244	Acc: 15.69%
Pre-train Epoch: 3 [25600/40200 (64%)]	Loss: 2.745876	Acc: 15.64%
Pre-train Epoch: 3 [32000/40200 (79%)]	Loss: 2.576098	Acc: 15.74%
Pre-train Epoch: 3 [38400/40200 (95%)]	Loss: 2.833242	Acc: 15.67%
Pre-train Epoch: 4 [0/40200 (0%)]	Loss: 2.514626	Acc: 23.44%
Pre-train Epoch: 4 [6400/40200 (16%)]	Loss: 2.683280	Acc: 16.54%
Pre-train Epoch: 4 [12800/40200 (32%)]	Loss: 2.663674	Acc: 16.34%
Pre-train Epoch: 4 [19200/40200 (48%)]	Loss: 2.695132	Acc: 16.47%
Pre-train Epoch: 4 [25600/40200 (64%)]	Loss: 2.692463	Acc: 16.60%
Pre-train Epoch: 4 [32000/40200 (79%)]	Loss: 2.876810	Acc: 16.56%
Pre-train Epoch: 4 [38400/40200 (95%)]	Loss: 2.637654	Acc: 16.65%
Pre-train Epoch: 5 [0/40200 (0%)]	Loss: 2.605371	Acc: 28.12%
Pre-train Epoch: 5 [6400/40200 (16%)]	Loss: 2.522369	Acc: 18.98%
Pre-train Epoch: 5 [12800/40200 (32%)]	Loss: 2.589419	Acc: 20.81%
Pre-train Epoch: 5 [19200/40200 (48%)]	Loss: 2.899887	Acc: 22.08%
Pre-train Epoch: 5 [25600/40200 (64%)]	Loss: 2.509839	Acc: 22.82%
Pre-train Epoch: 5 [32000/40200 (79%)]	Loss: 2.169943	Acc: 23.68%
Pre-train Epoch: 5 [38400/40200 (95%)]	Loss: 2.257264	Acc: 24.35%
Pre-train Epoch: 6 [0/40200 (0%)]	Loss: 2.303511	Acc: 18.75%
Pre-train Epoch: 6 [6400/40200 (16%)]	Loss: 2.365356	Acc: 28.47%
Pre-train Epoch: 6 [12800/40200 (32%)]	Loss: 2.246691	Acc: 28.32%
Pre-train Epoch: 6 [19200/40200 (48%)]	Loss: 2.162522	Acc: 28.44%
Pre-train Epoch: 6 [25600/40200 (64%)]	Loss: 2.490843	Acc: 28.41%
Pre-train Epoch: 6 [32000/40200 (79%)]	Loss: 2.286059	Acc: 28.34%
Pre-train Epoch: 6 [38400/40200 (95%)]	Loss: 2.336483	Acc: 28.53%
Pre-train Epoch: 7 [0/40200 (0%)]	Loss: 2.252798	Acc: 26.56%
Pre-train Epoch: 7 [6400/40200 (16%)]	Loss: 2.050066	Acc: 29.27%
Pre-train Epoch: 7 [12800/40200 (32%)]	Loss: 2.016237	Acc: 29.31%
Pre-train Epoch: 7 [19200/40200 (48%)]	Loss: 2.447951	Acc: 29.44%
Pre-train Epoch: 7 [25600/40200 (64%)]	Loss: 2.116629	Acc: 29.85%
Pre-train Epoch: 7 [32000/40200 (79%)]	Loss: 1.900366	Acc: 30.31%
Pre-train Epoch: 7 [38400/40200 (95%)]	Loss: 1.936269	Acc: 30.96%
Pre-train Epoch: 8 [0/40200 (0%)]	Loss: 2.082875	Acc: 39.06%
Pre-train Epoch: 8 [6400/40200 (16%)]	Loss: 1.964938	Acc: 35.72%
Pre-train Epoch: 8 [12800/40200 (32%)]	Loss: 1.871062	Acc: 34.90%
Pre-train Epoch: 8 [19200/40200 (48%)]	Loss: 1.781264	Acc: 34.96%
Pre-train Epoch: 8 [25600/40200 (64%)]	Loss: 1.904780	Acc: 35.33%
Pre-train Epoch: 8 [32000/40200 (79%)]	Loss: 2.003561	Acc: 35.50%
Pre-train Epoch: 8 [38400/40200 (95%)]	Loss: 2.066192	Acc: 35.73%
Pre-train Epoch: 9 [0/40200 (0%)]	Loss: 1.952373	Acc: 34.38%
Pre-train Epoch: 9 [6400/40200 (16%)]	Loss: 1.993175	Acc: 36.91%
Pre-train Epoch: 9 [12800/40200 (32%)]	Loss: 1.758801	Acc: 37.76%
Pre-train Epoch: 9 [19200/40200 (48%)]	Loss: 2.058453	Acc: 37.55%
Pre-train Epoch: 9 [25600/40200 (64%)]	Loss: 1.492513	Acc: 37.95%
Pre-train Epoch: 9 [32000/40200 (79%)]	Loss: 1.624618	Acc: 38.44%
Pre-train Epoch: 9 [38400/40200 (95%)]	Loss: 2.048549	Acc: 38.61%
Pre-train Epoch: 10 [0/40200 (0%)]	Loss: 1.964507	Acc: 40.62%
Pre-train Epoch: 10 [6400/40200 (16%)]	Loss: 1.758663	Acc: 40.30%
Pre-train Epoch: 10 [12800/40200 (32%)]	Loss: 1.866292	Acc: 40.14%
Pre-train Epoch: 10 [19200/40200 (48%)]	Loss: 1.736803	Acc: 40.48%
Pre-train Epoch: 10 [25600/40200 (64%)]	Loss: 1.832793	Acc: 40.34%
Pre-train Epoch: 10 [32000/40200 (79%)]	Loss: 1.915293	Acc: 40.19%
Pre-train Epoch: 10 [38400/40200 (95%)]	Loss: 1.812050	Acc: 40.49%
Pre-train Epoch: 11 [0/40200 (0%)]	Loss: 1.818269	Acc: 32.81%
Pre-train Epoch: 11 [6400/40200 (16%)]	Loss: 1.853085	Acc: 39.98%
Pre-train Epoch: 11 [12800/40200 (32%)]	Loss: 1.586611	Acc: 41.14%
Pre-train Epoch: 11 [19200/40200 (48%)]	Loss: 1.369998	Acc: 41.50%
Pre-train Epoch: 11 [25600/40200 (64%)]	Loss: 1.911297	Acc: 41.76%
Pre-train Epoch: 11 [32000/40200 (79%)]	Loss: 1.461545	Acc: 42.22%
Pre-train Epoch: 11 [38400/40200 (95%)]	Loss: 1.527150	Acc: 42.77%
Pre-train Epoch: 12 [0/40200 (0%)]	Loss: 1.796507	Acc: 37.50%
Pre-train Epoch: 12 [6400/40200 (16%)]	Loss: 1.797015	Acc: 43.58%
Pre-train Epoch: 12 [12800/40200 (32%)]	Loss: 1.628110	Acc: 44.47%
Pre-train Epoch: 12 [19200/40200 (48%)]	Loss: 1.658129	Acc: 44.69%
Pre-train Epoch: 12 [25600/40200 (64%)]	Loss: 1.639842	Acc: 44.92%
Pre-train Epoch: 12 [32000/40200 (79%)]	Loss: 1.493693	Acc: 45.14%
Pre-train Epoch: 12 [38400/40200 (95%)]	Loss: 1.947495	Acc: 45.18%
Pre-train Epoch: 13 [0/40200 (0%)]	Loss: 1.629565	Acc: 43.75%
Pre-train Epoch: 13 [6400/40200 (16%)]	Loss: 1.724741	Acc: 46.07%
Pre-train Epoch: 13 [12800/40200 (32%)]	Loss: 1.441103	Acc: 46.10%
Pre-train Epoch: 13 [19200/40200 (48%)]	Loss: 1.769154	Acc: 46.60%
Pre-train Epoch: 13 [25600/40200 (64%)]	Loss: 1.527968	Acc: 46.44%
Pre-train Epoch: 13 [32000/40200 (79%)]	Loss: 1.899642	Acc: 46.63%
Pre-train Epoch: 13 [38400/40200 (95%)]	Loss: 1.399792	Acc: 46.90%
Pre-train Epoch: 14 [0/40200 (0%)]	Loss: 1.642185	Acc: 46.88%
Pre-train Epoch: 14 [6400/40200 (16%)]	Loss: 1.454935	Acc: 48.30%
Pre-train Epoch: 14 [12800/40200 (32%)]	Loss: 1.446454	Acc: 48.58%
Pre-train Epoch: 14 [19200/40200 (48%)]	Loss: 1.420107	Acc: 48.34%
Pre-train Epoch: 14 [25600/40200 (64%)]	Loss: 1.563887	Acc: 48.24%
Pre-train Epoch: 14 [32000/40200 (79%)]	Loss: 1.441127	Acc: 48.86%
Pre-train Epoch: 14 [38400/40200 (95%)]	Loss: 1.502635	Acc: 49.03%
Pre-train Epoch: 15 [0/40200 (0%)]	Loss: 1.845834	Acc: 39.06%
Pre-train Epoch: 15 [6400/40200 (16%)]	Loss: 1.393959	Acc: 50.23%
Pre-train Epoch: 15 [12800/40200 (32%)]	Loss: 1.378016	Acc: 50.92%
Pre-train Epoch: 15 [19200/40200 (48%)]	Loss: 1.555000	Acc: 50.74%
Pre-train Epoch: 15 [25600/40200 (64%)]	Loss: 1.505818	Acc: 51.02%
Pre-train Epoch: 15 [32000/40200 (79%)]	Loss: 1.497222	Acc: 51.36%
Pre-train Epoch: 15 [38400/40200 (95%)]	Loss: 1.601580	Acc: 51.48%
Pre-train Epoch: 16 [0/40200 (0%)]	Loss: 1.431055	Acc: 56.25%
Pre-train Epoch: 16 [6400/40200 (16%)]	Loss: 1.318395	Acc: 51.50%
Pre-train Epoch: 16 [12800/40200 (32%)]	Loss: 1.291401	Acc: 52.38%
Pre-train Epoch: 16 [19200/40200 (48%)]	Loss: 1.426986	Acc: 52.24%
Pre-train Epoch: 16 [25600/40200 (64%)]	Loss: 1.289137	Acc: 52.41%
Pre-train Epoch: 16 [32000/40200 (79%)]	Loss: 1.397620	Acc: 52.33%
Pre-train Epoch: 16 [38400/40200 (95%)]	Loss: 1.259863	Acc: 52.47%
Pre-train Epoch: 17 [0/40200 (0%)]	Loss: 1.181597	Acc: 71.88%
Pre-train Epoch: 17 [6400/40200 (16%)]	Loss: 1.776520	Acc: 52.35%
Pre-train Epoch: 17 [12800/40200 (32%)]	Loss: 1.465873	Acc: 52.70%
Pre-train Epoch: 17 [19200/40200 (48%)]	Loss: 1.407346	Acc: 52.75%
Pre-train Epoch: 17 [25600/40200 (64%)]	Loss: 1.321230	Acc: 52.98%
Pre-train Epoch: 17 [32000/40200 (79%)]	Loss: 1.398786	Acc: 53.14%
Pre-train Epoch: 17 [38400/40200 (95%)]	Loss: 1.430391	Acc: 53.29%
Pre-train Epoch: 18 [0/40200 (0%)]	Loss: 1.509544	Acc: 48.44%
Pre-train Epoch: 18 [6400/40200 (16%)]	Loss: 1.480051	Acc: 54.41%
Pre-train Epoch: 18 [12800/40200 (32%)]	Loss: 1.564902	Acc: 53.66%
Pre-train Epoch: 18 [19200/40200 (48%)]	Loss: 1.211321	Acc: 54.43%
Pre-train Epoch: 18 [25600/40200 (64%)]	Loss: 1.260592	Acc: 54.29%
Pre-train Epoch: 18 [32000/40200 (79%)]	Loss: 1.327350	Acc: 54.40%
Pre-train Epoch: 18 [38400/40200 (95%)]	Loss: 1.300060	Acc: 54.53%
Pre-train Epoch: 19 [0/40200 (0%)]	Loss: 1.502205	Acc: 46.88%
Pre-train Epoch: 19 [6400/40200 (16%)]	Loss: 1.195896	Acc: 54.78%
Pre-train Epoch: 19 [12800/40200 (32%)]	Loss: 1.606076	Acc: 54.11%
Pre-train Epoch: 19 [19200/40200 (48%)]	Loss: 1.159652	Acc: 54.73%
Pre-train Epoch: 19 [25600/40200 (64%)]	Loss: 1.091388	Acc: 54.83%
Pre-train Epoch: 19 [32000/40200 (79%)]	Loss: 1.143985	Acc: 54.91%
Pre-train Epoch: 19 [38400/40200 (95%)]	Loss: 1.264124	Acc: 54.81%
Pre-train Epoch: 20 [0/40200 (0%)]	Loss: 1.380841	Acc: 42.19%
Pre-train Epoch: 20 [6400/40200 (16%)]	Loss: 1.501783	Acc: 56.25%
Pre-train Epoch: 20 [12800/40200 (32%)]	Loss: 1.209245	Acc: 55.64%
Pre-train Epoch: 20 [19200/40200 (48%)]	Loss: 1.271686	Acc: 55.69%
Pre-train Epoch: 20 [25600/40200 (64%)]	Loss: 1.311775	Acc: 56.12%
Pre-train Epoch: 20 [32000/40200 (79%)]	Loss: 1.375723	Acc: 56.25%
Pre-train Epoch: 20 [38400/40200 (95%)]	Loss: 1.046652	Acc: 56.33%
Pre-train Epoch: 21 [0/40200 (0%)]	Loss: 1.305347	Acc: 57.81%
Pre-train Epoch: 21 [6400/40200 (16%)]	Loss: 1.015671	Acc: 57.35%
Pre-train Epoch: 21 [12800/40200 (32%)]	Loss: 1.128491	Acc: 57.16%
Pre-train Epoch: 21 [19200/40200 (48%)]	Loss: 1.178312	Acc: 57.30%
Pre-train Epoch: 21 [25600/40200 (64%)]	Loss: 1.021261	Acc: 57.25%
Pre-train Epoch: 21 [32000/40200 (79%)]	Loss: 1.421983	Acc: 57.25%
Pre-train Epoch: 21 [38400/40200 (95%)]	Loss: 1.128852	Acc: 57.15%
Pre-train Epoch: 22 [0/40200 (0%)]	Loss: 1.288762	Acc: 54.69%
Pre-train Epoch: 22 [6400/40200 (16%)]	Loss: 1.274255	Acc: 56.93%
Pre-train Epoch: 22 [12800/40200 (32%)]	Loss: 1.299376	Acc: 57.44%
Pre-train Epoch: 22 [19200/40200 (48%)]	Loss: 1.150127	Acc: 57.88%
Pre-train Epoch: 22 [25600/40200 (64%)]	Loss: 1.121748	Acc: 57.84%
Pre-train Epoch: 22 [32000/40200 (79%)]	Loss: 1.258672	Acc: 57.73%
Pre-train Epoch: 22 [38400/40200 (95%)]	Loss: 1.312033	Acc: 57.61%
Pre-train Epoch: 23 [0/40200 (0%)]	Loss: 1.447637	Acc: 56.25%
Pre-train Epoch: 23 [6400/40200 (16%)]	Loss: 1.289328	Acc: 57.95%
Pre-train Epoch: 23 [12800/40200 (32%)]	Loss: 1.349138	Acc: 57.94%
Pre-train Epoch: 23 [19200/40200 (48%)]	Loss: 1.363956	Acc: 57.82%
Pre-train Epoch: 23 [25600/40200 (64%)]	Loss: 1.141824	Acc: 58.04%
Pre-train Epoch: 23 [32000/40200 (79%)]	Loss: 1.270289	Acc: 58.06%
Pre-train Epoch: 23 [38400/40200 (95%)]	Loss: 1.511542	Acc: 58.10%
Pre-train Epoch: 24 [0/40200 (0%)]	Loss: 0.993672	Acc: 60.94%
Pre-train Epoch: 24 [6400/40200 (16%)]	Loss: 1.068066	Acc: 59.33%
Pre-train Epoch: 24 [12800/40200 (32%)]	Loss: 1.061555	Acc: 59.34%
Pre-train Epoch: 24 [19200/40200 (48%)]	Loss: 1.246418	Acc: 58.74%
Pre-train Epoch: 24 [25600/40200 (64%)]	Loss: 1.039216	Acc: 58.53%
Pre-train Epoch: 24 [32000/40200 (79%)]	Loss: 1.443168	Acc: 58.52%
Pre-train Epoch: 24 [38400/40200 (95%)]	Loss: 1.168136	Acc: 58.57%
Pre-train Epoch: 25 [0/40200 (0%)]	Loss: 1.365134	Acc: 54.69%
Pre-train Epoch: 25 [6400/40200 (16%)]	Loss: 1.279570	Acc: 57.05%
Pre-train Epoch: 25 [12800/40200 (32%)]	Loss: 1.199158	Acc: 58.02%
Pre-train Epoch: 25 [19200/40200 (48%)]	Loss: 1.041089	Acc: 58.66%
Pre-train Epoch: 25 [25600/40200 (64%)]	Loss: 1.020211	Acc: 58.66%
Pre-train Epoch: 25 [32000/40200 (79%)]	Loss: 1.094173	Acc: 58.88%
Pre-train Epoch: 25 [38400/40200 (95%)]	Loss: 1.310061	Acc: 58.95%
Pre-train Epoch: 26 [0/40200 (0%)]	Loss: 1.163345	Acc: 57.81%
Pre-train Epoch: 26 [6400/40200 (16%)]	Loss: 1.215836	Acc: 59.82%
Pre-train Epoch: 26 [12800/40200 (32%)]	Loss: 1.303799	Acc: 59.14%
Pre-train Epoch: 26 [19200/40200 (48%)]	Loss: 1.001611	Acc: 59.25%
Pre-train Epoch: 26 [25600/40200 (64%)]	Loss: 1.067222	Acc: 59.22%
Pre-train Epoch: 26 [32000/40200 (79%)]	Loss: 1.241893	Acc: 59.05%
Pre-train Epoch: 26 [38400/40200 (95%)]	Loss: 1.255886	Acc: 59.30%
Pre-train Epoch: 27 [0/40200 (0%)]	Loss: 1.320847	Acc: 54.69%
Pre-train Epoch: 27 [6400/40200 (16%)]	Loss: 1.157055	Acc: 59.42%
Pre-train Epoch: 27 [12800/40200 (32%)]	Loss: 1.313539	Acc: 59.83%
Pre-train Epoch: 27 [19200/40200 (48%)]	Loss: 0.891042	Acc: 60.03%
Pre-train Epoch: 27 [25600/40200 (64%)]	Loss: 1.128794	Acc: 59.96%
Pre-train Epoch: 27 [32000/40200 (79%)]	Loss: 1.031985	Acc: 60.00%
Pre-train Epoch: 27 [38400/40200 (95%)]	Loss: 1.317992	Acc: 59.91%
Pre-train Epoch: 28 [0/40200 (0%)]	Loss: 1.158672	Acc: 62.50%
Pre-train Epoch: 28 [6400/40200 (16%)]	Loss: 1.330259	Acc: 59.96%
Pre-train Epoch: 28 [12800/40200 (32%)]	Loss: 1.064356	Acc: 60.21%
Pre-train Epoch: 28 [19200/40200 (48%)]	Loss: 1.510339	Acc: 59.99%
Pre-train Epoch: 28 [25600/40200 (64%)]	Loss: 1.439392	Acc: 59.98%
Pre-train Epoch: 28 [32000/40200 (79%)]	Loss: 1.016353	Acc: 60.05%
Pre-train Epoch: 28 [38400/40200 (95%)]	Loss: 1.322531	Acc: 60.13%
Pre-train Epoch: 29 [0/40200 (0%)]	Loss: 1.339265	Acc: 53.12%
Pre-train Epoch: 29 [6400/40200 (16%)]	Loss: 1.109486	Acc: 60.41%
Pre-train Epoch: 29 [12800/40200 (32%)]	Loss: 1.175513	Acc: 60.78%
Pre-train Epoch: 29 [19200/40200 (48%)]	Loss: 1.055017	Acc: 60.73%
Pre-train Epoch: 29 [25600/40200 (64%)]	Loss: 1.149447	Acc: 61.02%
Pre-train Epoch: 29 [32000/40200 (79%)]	Loss: 1.174486	Acc: 60.83%
Pre-train Epoch: 29 [38400/40200 (95%)]	Loss: 1.308108	Acc: 60.79%
Pre-train Epoch: 30 [0/40200 (0%)]	Loss: 1.425699	Acc: 57.81%
Pre-train Epoch: 30 [6400/40200 (16%)]	Loss: 1.213808	Acc: 61.26%
Pre-train Epoch: 30 [12800/40200 (32%)]	Loss: 1.034416	Acc: 61.20%
Pre-train Epoch: 30 [19200/40200 (48%)]	Loss: 1.062749	Acc: 61.29%
Pre-train Epoch: 30 [25600/40200 (64%)]	Loss: 1.121927	Acc: 61.34%
Pre-train Epoch: 30 [32000/40200 (79%)]	Loss: 1.343971	Acc: 61.36%
Pre-train Epoch: 30 [38400/40200 (95%)]	Loss: 1.313263	Acc: 61.19%
Pre-train Epoch: 31 [0/40200 (0%)]	Loss: 1.227004	Acc: 60.94%
Pre-train Epoch: 31 [6400/40200 (16%)]	Loss: 1.163573	Acc: 60.01%
Pre-train Epoch: 31 [12800/40200 (32%)]	Loss: 1.367249	Acc: 60.74%
Pre-train Epoch: 31 [19200/40200 (48%)]	Loss: 1.239444	Acc: 61.18%
Pre-train Epoch: 31 [25600/40200 (64%)]	Loss: 1.170225	Acc: 61.26%
Pre-train Epoch: 31 [32000/40200 (79%)]	Loss: 1.047796	Acc: 61.25%
Pre-train Epoch: 31 [38400/40200 (95%)]	Loss: 0.921972	Acc: 61.29%
Pre-train Epoch: 32 [0/40200 (0%)]	Loss: 1.209577	Acc: 62.50%
Pre-train Epoch: 32 [6400/40200 (16%)]	Loss: 0.980548	Acc: 61.85%
Pre-train Epoch: 32 [12800/40200 (32%)]	Loss: 1.214434	Acc: 61.72%
Pre-train Epoch: 32 [19200/40200 (48%)]	Loss: 0.989063	Acc: 61.45%
Pre-train Epoch: 32 [25600/40200 (64%)]	Loss: 1.203014	Acc: 61.47%
Pre-train Epoch: 32 [32000/40200 (79%)]	Loss: 1.331723	Acc: 61.47%
Pre-train Epoch: 32 [38400/40200 (95%)]	Loss: 1.100535	Acc: 61.52%
Pre-train Epoch: 33 [0/40200 (0%)]	Loss: 1.410680	Acc: 51.56%
Pre-train Epoch: 33 [6400/40200 (16%)]	Loss: 1.097553	Acc: 60.89%
Pre-train Epoch: 33 [12800/40200 (32%)]	Loss: 0.907954	Acc: 61.26%
Pre-train Epoch: 33 [19200/40200 (48%)]	Loss: 1.177699	Acc: 61.40%
Pre-train Epoch: 33 [25600/40200 (64%)]	Loss: 1.103305	Acc: 61.50%
Pre-train Epoch: 33 [32000/40200 (79%)]	Loss: 1.131219	Acc: 61.43%
Pre-train Epoch: 33 [38400/40200 (95%)]	Loss: 1.132884	Acc: 61.40%
Pre-train Epoch: 34 [0/40200 (0%)]	Loss: 1.090964	Acc: 64.06%
Pre-train Epoch: 34 [6400/40200 (16%)]	Loss: 0.987560	Acc: 60.66%
Pre-train Epoch: 34 [12800/40200 (32%)]	Loss: 1.257688	Acc: 61.37%
Pre-train Epoch: 34 [19200/40200 (48%)]	Loss: 0.978722	Acc: 61.75%
Pre-train Epoch: 34 [25600/40200 (64%)]	Loss: 1.146207	Acc: 62.00%
Pre-train Epoch: 34 [32000/40200 (79%)]	Loss: 1.426065	Acc: 61.85%
Pre-train Epoch: 34 [38400/40200 (95%)]	Loss: 1.068194	Acc: 61.75%
Pre-train Epoch: 35 [0/40200 (0%)]	Loss: 1.243919	Acc: 54.69%
Pre-train Epoch: 35 [6400/40200 (16%)]	Loss: 1.005605	Acc: 63.23%
Pre-train Epoch: 35 [12800/40200 (32%)]	Loss: 1.074106	Acc: 62.47%
Pre-train Epoch: 35 [19200/40200 (48%)]	Loss: 0.999424	Acc: 61.97%
Pre-train Epoch: 35 [25600/40200 (64%)]	Loss: 1.107116	Acc: 61.73%
Pre-train Epoch: 35 [32000/40200 (79%)]	Loss: 1.201504	Acc: 62.04%
Pre-train Epoch: 35 [38400/40200 (95%)]	Loss: 1.061217	Acc: 62.10%
Pre-train Epoch: 36 [0/40200 (0%)]	Loss: 1.056209	Acc: 64.06%
Pre-train Epoch: 36 [6400/40200 (16%)]	Loss: 1.094684	Acc: 61.91%
Pre-train Epoch: 36 [12800/40200 (32%)]	Loss: 0.847747	Acc: 62.20%
Pre-train Epoch: 36 [19200/40200 (48%)]	Loss: 0.983680	Acc: 62.51%
Pre-train Epoch: 36 [25600/40200 (64%)]	Loss: 1.110560	Acc: 62.62%
Pre-train Epoch: 36 [32000/40200 (79%)]	Loss: 1.125486	Acc: 62.53%
Pre-train Epoch: 36 [38400/40200 (95%)]	Loss: 1.242661	Acc: 62.40%
Pre-train Epoch: 37 [0/40200 (0%)]	Loss: 1.078577	Acc: 67.19%
Pre-train Epoch: 37 [6400/40200 (16%)]	Loss: 1.068317	Acc: 62.13%
Pre-train Epoch: 37 [12800/40200 (32%)]	Loss: 1.115900	Acc: 62.25%
Pre-train Epoch: 37 [19200/40200 (48%)]	Loss: 0.921223	Acc: 62.48%
Pre-train Epoch: 37 [25600/40200 (64%)]	Loss: 1.058941	Acc: 62.57%
Pre-train Epoch: 37 [32000/40200 (79%)]	Loss: 1.156596	Acc: 62.60%
Pre-train Epoch: 37 [38400/40200 (95%)]	Loss: 1.249720	Acc: 62.43%
Pre-train Epoch: 38 [0/40200 (0%)]	Loss: 1.213327	Acc: 57.81%
Pre-train Epoch: 38 [6400/40200 (16%)]	Loss: 0.901759	Acc: 63.18%
Pre-train Epoch: 38 [12800/40200 (32%)]	Loss: 1.039984	Acc: 62.99%
Pre-train Epoch: 38 [19200/40200 (48%)]	Loss: 1.080928	Acc: 63.06%
Pre-train Epoch: 38 [25600/40200 (64%)]	Loss: 1.026997	Acc: 63.09%
Pre-train Epoch: 38 [32000/40200 (79%)]	Loss: 1.015661	Acc: 62.93%
Pre-train Epoch: 38 [38400/40200 (95%)]	Loss: 1.224207	Acc: 62.86%
Pre-train Epoch: 39 [0/40200 (0%)]	Loss: 1.178898	Acc: 54.69%
Pre-train Epoch: 39 [6400/40200 (16%)]	Loss: 1.021114	Acc: 63.26%
Pre-train Epoch: 39 [12800/40200 (32%)]	Loss: 0.964691	Acc: 62.79%
Pre-train Epoch: 39 [19200/40200 (48%)]	Loss: 1.364425	Acc: 62.73%
Pre-train Epoch: 39 [25600/40200 (64%)]	Loss: 1.083789	Acc: 62.60%
Pre-train Epoch: 39 [32000/40200 (79%)]	Loss: 0.873722	Acc: 62.75%
Pre-train Epoch: 39 [38400/40200 (95%)]	Loss: 1.028224	Acc: 62.84%
Pre-train Epoch: 40 [0/40200 (0%)]	Loss: 1.024833	Acc: 62.50%
Pre-train Epoch: 40 [6400/40200 (16%)]	Loss: 1.296685	Acc: 62.59%
Pre-train Epoch: 40 [12800/40200 (32%)]	Loss: 0.969089	Acc: 62.68%
Pre-train Epoch: 40 [19200/40200 (48%)]	Loss: 1.171586	Acc: 62.62%
Pre-train Epoch: 40 [25600/40200 (64%)]	Loss: 0.832008	Acc: 62.71%
Pre-train Epoch: 40 [32000/40200 (79%)]	Loss: 1.128996	Acc: 62.70%
Pre-train Epoch: 40 [38400/40200 (95%)]	Loss: 1.241414	Acc: 62.88%
Pre-train Epoch: 41 [0/40200 (0%)]	Loss: 1.069575	Acc: 59.38%
Pre-train Epoch: 41 [6400/40200 (16%)]	Loss: 1.012421	Acc: 61.62%
Pre-train Epoch: 41 [12800/40200 (32%)]	Loss: 1.229652	Acc: 61.76%
Pre-train Epoch: 41 [19200/40200 (48%)]	Loss: 1.288785	Acc: 62.26%
Pre-train Epoch: 41 [25600/40200 (64%)]	Loss: 1.325879	Acc: 62.44%
Pre-train Epoch: 41 [32000/40200 (79%)]	Loss: 1.192921	Acc: 62.71%
Pre-train Epoch: 41 [38400/40200 (95%)]	Loss: 1.049408	Acc: 62.94%
Pre-train Epoch: 42 [0/40200 (0%)]	Loss: 1.069775	Acc: 57.81%
Pre-train Epoch: 42 [6400/40200 (16%)]	Loss: 1.205607	Acc: 63.47%
Pre-train Epoch: 42 [12800/40200 (32%)]	Loss: 1.162127	Acc: 63.50%
Pre-train Epoch: 42 [19200/40200 (48%)]	Loss: 1.105478	Acc: 63.54%
Pre-train Epoch: 42 [25600/40200 (64%)]	Loss: 1.019215	Acc: 63.47%
Pre-train Epoch: 42 [32000/40200 (79%)]	Loss: 1.073413	Acc: 63.49%
Pre-train Epoch: 42 [38400/40200 (95%)]	Loss: 1.039737	Acc: 63.25%
Pre-train Epoch: 43 [0/40200 (0%)]	Loss: 1.164629	Acc: 60.94%
Pre-train Epoch: 43 [6400/40200 (16%)]	Loss: 1.172921	Acc: 63.80%
Pre-train Epoch: 43 [12800/40200 (32%)]	Loss: 1.502161	Acc: 63.35%
Pre-train Epoch: 43 [19200/40200 (48%)]	Loss: 0.927555	Acc: 63.29%
Pre-train Epoch: 43 [25600/40200 (64%)]	Loss: 1.233532	Acc: 63.40%
Pre-train Epoch: 43 [32000/40200 (79%)]	Loss: 1.016986	Acc: 63.40%
Pre-train Epoch: 43 [38400/40200 (95%)]	Loss: 1.311183	Acc: 63.32%
Pre-train Epoch: 44 [0/40200 (0%)]	Loss: 1.135645	Acc: 59.38%
Pre-train Epoch: 44 [6400/40200 (16%)]	Loss: 0.901407	Acc: 63.51%
Pre-train Epoch: 44 [12800/40200 (32%)]	Loss: 1.174635	Acc: 63.96%
Pre-train Epoch: 44 [19200/40200 (48%)]	Loss: 1.197015	Acc: 63.78%
Pre-train Epoch: 44 [25600/40200 (64%)]	Loss: 1.026578	Acc: 63.56%
Pre-train Epoch: 44 [32000/40200 (79%)]	Loss: 1.016093	Acc: 63.76%
Pre-train Epoch: 44 [38400/40200 (95%)]	Loss: 1.173841	Acc: 63.69%
Pre-train Epoch: 45 [0/40200 (0%)]	Loss: 1.213255	Acc: 60.94%
Pre-train Epoch: 45 [6400/40200 (16%)]	Loss: 1.194648	Acc: 63.89%
Pre-train Epoch: 45 [12800/40200 (32%)]	Loss: 1.104348	Acc: 63.22%
Pre-train Epoch: 45 [19200/40200 (48%)]	Loss: 0.870204	Acc: 63.26%
Pre-train Epoch: 45 [25600/40200 (64%)]	Loss: 1.000939	Acc: 63.28%
Pre-train Epoch: 45 [32000/40200 (79%)]	Loss: 1.039537	Acc: 63.31%
Pre-train Epoch: 45 [38400/40200 (95%)]	Loss: 1.126222	Acc: 63.61%
Pre-train Epoch: 46 [0/40200 (0%)]	Loss: 1.241326	Acc: 59.38%
Pre-train Epoch: 46 [6400/40200 (16%)]	Loss: 1.210869	Acc: 63.17%
Pre-train Epoch: 46 [12800/40200 (32%)]	Loss: 1.232985	Acc: 62.84%
Pre-train Epoch: 46 [19200/40200 (48%)]	Loss: 0.939848	Acc: 63.15%
Pre-train Epoch: 46 [25600/40200 (64%)]	Loss: 1.280088	Acc: 63.43%
Pre-train Epoch: 46 [32000/40200 (79%)]	Loss: 0.936594	Acc: 63.54%
Pre-train Epoch: 46 [38400/40200 (95%)]	Loss: 1.149659	Acc: 63.55%
Pre-train Epoch: 47 [0/40200 (0%)]	Loss: 1.075296	Acc: 67.19%
Pre-train Epoch: 47 [6400/40200 (16%)]	Loss: 1.040612	Acc: 62.96%
Pre-train Epoch: 47 [12800/40200 (32%)]	Loss: 1.096107	Acc: 63.70%
Pre-train Epoch: 47 [19200/40200 (48%)]	Loss: 1.139814	Acc: 63.86%
Pre-train Epoch: 47 [25600/40200 (64%)]	Loss: 0.984114	Acc: 63.86%
Pre-train Epoch: 47 [32000/40200 (79%)]	Loss: 0.985165	Acc: 63.94%
Pre-train Epoch: 47 [38400/40200 (95%)]	Loss: 1.249883	Acc: 63.82%
Pre-train Epoch: 48 [0/40200 (0%)]	Loss: 1.145444	Acc: 60.94%
Pre-train Epoch: 48 [6400/40200 (16%)]	Loss: 1.034662	Acc: 63.89%
Pre-train Epoch: 48 [12800/40200 (32%)]	Loss: 1.314005	Acc: 63.54%
Pre-train Epoch: 48 [19200/40200 (48%)]	Loss: 1.048745	Acc: 63.62%
Pre-train Epoch: 48 [25600/40200 (64%)]	Loss: 0.977481	Acc: 63.79%
Pre-train Epoch: 48 [32000/40200 (79%)]	Loss: 0.872540	Acc: 63.81%
Pre-train Epoch: 48 [38400/40200 (95%)]	Loss: 1.060152	Acc: 63.86%
Pre-train Epoch: 49 [0/40200 (0%)]	Loss: 0.969886	Acc: 70.31%
Pre-train Epoch: 49 [6400/40200 (16%)]	Loss: 1.014231	Acc: 64.20%
Pre-train Epoch: 49 [12800/40200 (32%)]	Loss: 0.906591	Acc: 64.11%
Pre-train Epoch: 49 [19200/40200 (48%)]	Loss: 1.070753	Acc: 64.12%
Pre-train Epoch: 49 [25600/40200 (64%)]	Loss: 1.159684	Acc: 64.15%
Pre-train Epoch: 49 [32000/40200 (79%)]	Loss: 1.116315	Acc: 64.19%
Pre-train Epoch: 49 [38400/40200 (95%)]	Loss: 1.149313	Acc: 64.17%
Pre-train Epoch: 50 [0/40200 (0%)]	Loss: 0.993949	Acc: 64.06%
Pre-train Epoch: 50 [6400/40200 (16%)]	Loss: 0.706698	Acc: 64.46%
Pre-train Epoch: 50 [12800/40200 (32%)]	Loss: 1.123288	Acc: 64.45%
Pre-train Epoch: 50 [19200/40200 (48%)]	Loss: 1.229115	Acc: 64.23%
Pre-train Epoch: 50 [25600/40200 (64%)]	Loss: 1.087356	Acc: 64.41%
Pre-train Epoch: 50 [32000/40200 (79%)]	Loss: 1.143654	Acc: 64.48%
Pre-train Epoch: 50 [38400/40200 (95%)]	Loss: 0.932217	Acc: 64.41%
Pre-train Epoch: 51 [0/40200 (0%)]	Loss: 1.282894	Acc: 56.25%
Pre-train Epoch: 51 [6400/40200 (16%)]	Loss: 1.244954	Acc: 63.88%
Pre-train Epoch: 51 [12800/40200 (32%)]	Loss: 0.902860	Acc: 64.16%
Pre-train Epoch: 51 [19200/40200 (48%)]	Loss: 1.277446	Acc: 64.55%
Pre-train Epoch: 51 [25600/40200 (64%)]	Loss: 1.100061	Acc: 64.58%
Pre-train Epoch: 51 [32000/40200 (79%)]	Loss: 1.311022	Acc: 64.50%
Pre-train Epoch: 51 [38400/40200 (95%)]	Loss: 1.115387	Acc: 64.39%
Pre-train Epoch: 52 [0/40200 (0%)]	Loss: 1.222960	Acc: 59.38%
Pre-train Epoch: 52 [6400/40200 (16%)]	Loss: 1.353755	Acc: 63.75%
Pre-train Epoch: 52 [12800/40200 (32%)]	Loss: 1.056207	Acc: 64.43%
Pre-train Epoch: 52 [19200/40200 (48%)]	Loss: 0.809506	Acc: 64.57%
Pre-train Epoch: 52 [25600/40200 (64%)]	Loss: 1.343353	Acc: 64.37%
Pre-train Epoch: 52 [32000/40200 (79%)]	Loss: 1.301091	Acc: 64.54%
Pre-train Epoch: 52 [38400/40200 (95%)]	Loss: 0.956543	Acc: 64.50%
Pre-train Epoch: 53 [0/40200 (0%)]	Loss: 1.420199	Acc: 51.56%
Pre-train Epoch: 53 [6400/40200 (16%)]	Loss: 1.040786	Acc: 64.45%
Pre-train Epoch: 53 [12800/40200 (32%)]	Loss: 1.222443	Acc: 64.75%
Pre-train Epoch: 53 [19200/40200 (48%)]	Loss: 1.249918	Acc: 64.27%
Pre-train Epoch: 53 [25600/40200 (64%)]	Loss: 1.076517	Acc: 64.27%
Pre-train Epoch: 53 [32000/40200 (79%)]	Loss: 1.043151	Acc: 64.50%
Pre-train Epoch: 53 [38400/40200 (95%)]	Loss: 1.074284	Acc: 64.61%
Pre-train Epoch: 54 [0/40200 (0%)]	Loss: 1.003950	Acc: 62.50%
Pre-train Epoch: 54 [6400/40200 (16%)]	Loss: 1.016499	Acc: 64.90%
Pre-train Epoch: 54 [12800/40200 (32%)]	Loss: 1.229542	Acc: 65.39%
Pre-train Epoch: 54 [19200/40200 (48%)]	Loss: 1.211468	Acc: 65.32%
Pre-train Epoch: 54 [25600/40200 (64%)]	Loss: 1.183049	Acc: 65.21%
Pre-train Epoch: 54 [32000/40200 (79%)]	Loss: 0.862436	Acc: 65.02%
Pre-train Epoch: 54 [38400/40200 (95%)]	Loss: 1.303765	Acc: 64.89%
Pre-train Epoch: 55 [0/40200 (0%)]	Loss: 0.996508	Acc: 70.31%
Pre-train Epoch: 55 [6400/40200 (16%)]	Loss: 1.088913	Acc: 63.68%
Pre-train Epoch: 55 [12800/40200 (32%)]	Loss: 1.253117	Acc: 63.59%
Pre-train Epoch: 55 [19200/40200 (48%)]	Loss: 1.196919	Acc: 64.31%
Pre-train Epoch: 55 [25600/40200 (64%)]	Loss: 0.830732	Acc: 64.42%
Pre-train Epoch: 55 [32000/40200 (79%)]	Loss: 0.982762	Acc: 64.58%
Pre-train Epoch: 55 [38400/40200 (95%)]	Loss: 0.949948	Acc: 64.49%
Pre-train Epoch: 56 [0/40200 (0%)]	Loss: 0.771447	Acc: 76.56%
Pre-train Epoch: 56 [6400/40200 (16%)]	Loss: 1.056099	Acc: 64.36%
Pre-train Epoch: 56 [12800/40200 (32%)]	Loss: 1.113316	Acc: 64.42%
Pre-train Epoch: 56 [19200/40200 (48%)]	Loss: 1.015284	Acc: 64.43%
Pre-train Epoch: 56 [25600/40200 (64%)]	Loss: 0.877017	Acc: 64.52%
Pre-train Epoch: 56 [32000/40200 (79%)]	Loss: 1.238221	Acc: 64.69%
Pre-train Epoch: 56 [38400/40200 (95%)]	Loss: 0.816543	Acc: 64.79%
Pre-train Epoch: 57 [0/40200 (0%)]	Loss: 0.933592	Acc: 62.50%
Pre-train Epoch: 57 [6400/40200 (16%)]	Loss: 1.028820	Acc: 65.73%
Pre-train Epoch: 57 [12800/40200 (32%)]	Loss: 0.916271	Acc: 66.11%
Pre-train Epoch: 57 [19200/40200 (48%)]	Loss: 1.064775	Acc: 65.58%
Pre-train Epoch: 57 [25600/40200 (64%)]	Loss: 1.240350	Acc: 65.43%
Pre-train Epoch: 57 [32000/40200 (79%)]	Loss: 1.043229	Acc: 65.56%
Pre-train Epoch: 57 [38400/40200 (95%)]	Loss: 0.912423	Acc: 65.39%
Pre-train Epoch: 58 [0/40200 (0%)]	Loss: 1.080544	Acc: 67.19%
Pre-train Epoch: 58 [6400/40200 (16%)]	Loss: 1.196323	Acc: 64.20%
Pre-train Epoch: 58 [12800/40200 (32%)]	Loss: 0.833111	Acc: 64.33%
Pre-train Epoch: 58 [19200/40200 (48%)]	Loss: 1.159250	Acc: 64.68%
Pre-train Epoch: 58 [25600/40200 (64%)]	Loss: 0.853230	Acc: 64.66%
Pre-train Epoch: 58 [32000/40200 (79%)]	Loss: 0.851993	Acc: 64.81%
Pre-train Epoch: 58 [38400/40200 (95%)]	Loss: 0.879166	Acc: 64.80%
Pre-train Epoch: 59 [0/40200 (0%)]	Loss: 0.984938	Acc: 62.50%
Pre-train Epoch: 59 [6400/40200 (16%)]	Loss: 1.297554	Acc: 65.36%
Pre-train Epoch: 59 [12800/40200 (32%)]	Loss: 1.087247	Acc: 65.91%
Pre-train Epoch: 59 [19200/40200 (48%)]	Loss: 0.998866	Acc: 65.96%
Pre-train Epoch: 59 [25600/40200 (64%)]	Loss: 1.023991	Acc: 65.67%
Pre-train Epoch: 59 [32000/40200 (79%)]	Loss: 1.138569	Acc: 65.64%
Pre-train Epoch: 59 [38400/40200 (95%)]	Loss: 1.113424	Acc: 65.48%
Pre-train Epoch: 60 [0/40200 (0%)]	Loss: 0.947638	Acc: 70.31%
Pre-train Epoch: 60 [6400/40200 (16%)]	Loss: 1.069436	Acc: 65.93%
Pre-train Epoch: 60 [12800/40200 (32%)]	Loss: 1.337179	Acc: 65.46%
Pre-train Epoch: 60 [19200/40200 (48%)]	Loss: 1.008696	Acc: 65.31%
Pre-train Epoch: 60 [25600/40200 (64%)]	Loss: 1.067088	Acc: 65.18%
Pre-train Epoch: 60 [32000/40200 (79%)]	Loss: 0.823907	Acc: 65.28%
Pre-train Epoch: 60 [38400/40200 (95%)]	Loss: 1.246934	Acc: 65.32%
Pre-train Epoch: 61 [0/40200 (0%)]	Loss: 0.881222	Acc: 65.62%
Pre-train Epoch: 61 [6400/40200 (16%)]	Loss: 1.237185	Acc: 65.83%
Pre-train Epoch: 61 [12800/40200 (32%)]	Loss: 1.141174	Acc: 65.54%
Pre-train Epoch: 61 [19200/40200 (48%)]	Loss: 0.914473	Acc: 64.98%
Pre-train Epoch: 61 [25600/40200 (64%)]	Loss: 1.264672	Acc: 64.99%
Pre-train Epoch: 61 [32000/40200 (79%)]	Loss: 0.953559	Acc: 64.95%
Pre-train Epoch: 61 [38400/40200 (95%)]	Loss: 0.877549	Acc: 64.88%
Pre-train Epoch: 62 [0/40200 (0%)]	Loss: 1.039110	Acc: 67.19%
Pre-train Epoch: 62 [6400/40200 (16%)]	Loss: 0.944460	Acc: 65.93%
Pre-train Epoch: 62 [12800/40200 (32%)]	Loss: 0.727108	Acc: 66.27%
Pre-train Epoch: 62 [19200/40200 (48%)]	Loss: 1.067296	Acc: 65.98%
Pre-train Epoch: 62 [25600/40200 (64%)]	Loss: 1.104137	Acc: 66.03%
Pre-train Epoch: 62 [32000/40200 (79%)]	Loss: 0.902140	Acc: 65.82%
Pre-train Epoch: 62 [38400/40200 (95%)]	Loss: 1.017037	Acc: 65.66%
Pre-train Epoch: 63 [0/40200 (0%)]	Loss: 1.063399	Acc: 65.62%
Pre-train Epoch: 63 [6400/40200 (16%)]	Loss: 0.970596	Acc: 65.53%
Pre-train Epoch: 63 [12800/40200 (32%)]	Loss: 0.846756	Acc: 65.32%
Pre-train Epoch: 63 [19200/40200 (48%)]	Loss: 0.858481	Acc: 65.77%
Pre-train Epoch: 63 [25600/40200 (64%)]	Loss: 1.159232	Acc: 65.76%
Pre-train Epoch: 63 [32000/40200 (79%)]	Loss: 0.963493	Acc: 65.80%
Pre-train Epoch: 63 [38400/40200 (95%)]	Loss: 1.129228	Acc: 65.81%
Pre-train Epoch: 64 [0/40200 (0%)]	Loss: 1.281961	Acc: 65.62%
Pre-train Epoch: 64 [6400/40200 (16%)]	Loss: 1.105544	Acc: 65.21%
Pre-train Epoch: 64 [12800/40200 (32%)]	Loss: 1.010647	Acc: 64.79%
Pre-train Epoch: 64 [19200/40200 (48%)]	Loss: 1.130021	Acc: 65.15%
Pre-train Epoch: 64 [25600/40200 (64%)]	Loss: 1.113600	Acc: 65.20%
Pre-train Epoch: 64 [32000/40200 (79%)]	Loss: 1.055369	Acc: 65.50%
Pre-train Epoch: 64 [38400/40200 (95%)]	Loss: 1.273533	Acc: 65.66%
Pre-train Epoch: 65 [0/40200 (0%)]	Loss: 0.991629	Acc: 64.06%
Pre-train Epoch: 65 [6400/40200 (16%)]	Loss: 0.803675	Acc: 65.44%
Pre-train Epoch: 65 [12800/40200 (32%)]	Loss: 1.302195	Acc: 65.80%
Pre-train Epoch: 65 [19200/40200 (48%)]	Loss: 1.258759	Acc: 66.07%
Pre-train Epoch: 65 [25600/40200 (64%)]	Loss: 1.316874	Acc: 66.08%
Pre-train Epoch: 65 [32000/40200 (79%)]	Loss: 1.133729	Acc: 65.97%
Pre-train Epoch: 65 [38400/40200 (95%)]	Loss: 1.150372	Acc: 65.81%
Pre-train Epoch: 66 [0/40200 (0%)]	Loss: 1.083292	Acc: 60.94%
Pre-train Epoch: 66 [6400/40200 (16%)]	Loss: 0.972536	Acc: 65.35%
Pre-train Epoch: 66 [12800/40200 (32%)]	Loss: 1.188593	Acc: 65.96%
Pre-train Epoch: 66 [19200/40200 (48%)]	Loss: 0.870329	Acc: 66.01%
Pre-train Epoch: 66 [25600/40200 (64%)]	Loss: 0.947757	Acc: 65.88%
Pre-train Epoch: 66 [32000/40200 (79%)]	Loss: 1.211619	Acc: 65.98%
Pre-train Epoch: 66 [38400/40200 (95%)]	Loss: 1.304020	Acc: 65.93%
Pre-train Epoch: 67 [0/40200 (0%)]	Loss: 0.954333	Acc: 65.62%
Pre-train Epoch: 67 [6400/40200 (16%)]	Loss: 0.879668	Acc: 66.48%
Pre-train Epoch: 67 [12800/40200 (32%)]	Loss: 0.813825	Acc: 66.46%
Pre-train Epoch: 67 [19200/40200 (48%)]	Loss: 0.958841	Acc: 66.40%
Pre-train Epoch: 67 [25600/40200 (64%)]	Loss: 0.769605	Acc: 65.99%
Pre-train Epoch: 67 [32000/40200 (79%)]	Loss: 1.152055	Acc: 65.99%
Pre-train Epoch: 67 [38400/40200 (95%)]	Loss: 0.915275	Acc: 65.98%
Pre-train Epoch: 68 [0/40200 (0%)]	Loss: 0.926737	Acc: 65.62%
Pre-train Epoch: 68 [6400/40200 (16%)]	Loss: 1.175579	Acc: 66.99%
Pre-train Epoch: 68 [12800/40200 (32%)]	Loss: 0.912457	Acc: 66.81%
Pre-train Epoch: 68 [19200/40200 (48%)]	Loss: 1.052076	Acc: 66.45%
Pre-train Epoch: 68 [25600/40200 (64%)]	Loss: 1.124756	Acc: 66.12%
Pre-train Epoch: 68 [32000/40200 (79%)]	Loss: 1.071970	Acc: 66.40%
Pre-train Epoch: 68 [38400/40200 (95%)]	Loss: 1.146261	Acc: 66.13%
Pre-train Epoch: 69 [0/40200 (0%)]	Loss: 1.094602	Acc: 62.50%
Pre-train Epoch: 69 [6400/40200 (16%)]	Loss: 1.015197	Acc: 66.48%
Pre-train Epoch: 69 [12800/40200 (32%)]	Loss: 0.897570	Acc: 66.18%
Pre-train Epoch: 69 [19200/40200 (48%)]	Loss: 1.000006	Acc: 66.01%
Pre-train Epoch: 69 [25600/40200 (64%)]	Loss: 1.068935	Acc: 65.99%
Pre-train Epoch: 69 [32000/40200 (79%)]	Loss: 0.896189	Acc: 66.05%
Pre-train Epoch: 69 [38400/40200 (95%)]	Loss: 1.051866	Acc: 65.89%
Pre-train Epoch: 70 [0/40200 (0%)]	Loss: 1.076309	Acc: 62.50%
Pre-train Epoch: 70 [6400/40200 (16%)]	Loss: 1.198658	Acc: 65.55%
Pre-train Epoch: 70 [12800/40200 (32%)]	Loss: 0.912421	Acc: 65.62%
Pre-train Epoch: 70 [19200/40200 (48%)]	Loss: 1.059957	Acc: 65.78%
Pre-train Epoch: 70 [25600/40200 (64%)]	Loss: 1.310966	Acc: 65.82%
Pre-train Epoch: 70 [32000/40200 (79%)]	Loss: 0.837613	Acc: 65.92%
Pre-train Epoch: 70 [38400/40200 (95%)]	Loss: 0.942277	Acc: 66.05%
Pre-train Epoch: 71 [0/40200 (0%)]	Loss: 1.126843	Acc: 60.94%
Pre-train Epoch: 71 [6400/40200 (16%)]	Loss: 0.993634	Acc: 66.03%
Pre-train Epoch: 71 [12800/40200 (32%)]	Loss: 1.014525	Acc: 66.18%
Pre-train Epoch: 71 [19200/40200 (48%)]	Loss: 0.858645	Acc: 66.20%
Pre-train Epoch: 71 [25600/40200 (64%)]	Loss: 1.227850	Acc: 66.37%
Pre-train Epoch: 71 [32000/40200 (79%)]	Loss: 0.920091	Acc: 66.35%
Pre-train Epoch: 71 [38400/40200 (95%)]	Loss: 0.908038	Acc: 66.54%
Pre-train Epoch: 72 [0/40200 (0%)]	Loss: 1.094965	Acc: 70.31%
Pre-train Epoch: 72 [6400/40200 (16%)]	Loss: 1.076272	Acc: 65.93%
Pre-train Epoch: 72 [12800/40200 (32%)]	Loss: 1.052960	Acc: 66.28%
Pre-train Epoch: 72 [19200/40200 (48%)]	Loss: 1.096954	Acc: 66.39%
Pre-train Epoch: 72 [25600/40200 (64%)]	Loss: 1.063367	Acc: 66.55%
Pre-train Epoch: 72 [32000/40200 (79%)]	Loss: 0.766529	Acc: 66.50%
Pre-train Epoch: 72 [38400/40200 (95%)]	Loss: 0.978442	Acc: 66.45%
Pre-train Epoch: 73 [0/40200 (0%)]	Loss: 1.000812	Acc: 65.62%
Pre-train Epoch: 73 [6400/40200 (16%)]	Loss: 0.861272	Acc: 66.88%
Pre-train Epoch: 73 [12800/40200 (32%)]	Loss: 0.957821	Acc: 66.87%
Pre-train Epoch: 73 [19200/40200 (48%)]	Loss: 0.997387	Acc: 66.88%
Pre-train Epoch: 73 [25600/40200 (64%)]	Loss: 1.247798	Acc: 66.93%
Pre-train Epoch: 73 [32000/40200 (79%)]	Loss: 1.129993	Acc: 66.86%
Pre-train Epoch: 73 [38400/40200 (95%)]	Loss: 0.890969	Acc: 66.65%
Pre-train Epoch: 74 [0/40200 (0%)]	Loss: 1.033030	Acc: 70.31%
Pre-train Epoch: 74 [6400/40200 (16%)]	Loss: 1.024450	Acc: 66.38%
Pre-train Epoch: 74 [12800/40200 (32%)]	Loss: 0.742904	Acc: 66.63%
Pre-train Epoch: 74 [19200/40200 (48%)]	Loss: 1.045495	Acc: 66.67%
Pre-train Epoch: 74 [25600/40200 (64%)]	Loss: 0.941716	Acc: 66.43%
Pre-train Epoch: 74 [32000/40200 (79%)]	Loss: 1.052455	Acc: 66.41%
Pre-train Epoch: 74 [38400/40200 (95%)]	Loss: 0.847812	Acc: 66.38%
Pre-train Epoch: 75 [0/40200 (0%)]	Loss: 1.059055	Acc: 70.31%
Pre-train Epoch: 75 [6400/40200 (16%)]	Loss: 1.076126	Acc: 67.08%
Pre-train Epoch: 75 [12800/40200 (32%)]	Loss: 1.221315	Acc: 67.50%
Pre-train Epoch: 75 [19200/40200 (48%)]	Loss: 1.041428	Acc: 67.17%
Pre-train Epoch: 75 [25600/40200 (64%)]	Loss: 0.980032	Acc: 66.97%
Pre-train Epoch: 75 [32000/40200 (79%)]	Loss: 1.089266	Acc: 66.97%
Pre-train Epoch: 75 [38400/40200 (95%)]	Loss: 0.934523	Acc: 66.90%
Pre-train Epoch: 76 [0/40200 (0%)]	Loss: 1.080413	Acc: 59.38%
Pre-train Epoch: 76 [6400/40200 (16%)]	Loss: 1.176751	Acc: 66.62%
Pre-train Epoch: 76 [12800/40200 (32%)]	Loss: 0.984705	Acc: 67.03%
Pre-train Epoch: 76 [19200/40200 (48%)]	Loss: 1.038704	Acc: 66.78%
Pre-train Epoch: 76 [25600/40200 (64%)]	Loss: 1.074708	Acc: 66.64%
Pre-train Epoch: 76 [32000/40200 (79%)]	Loss: 0.947613	Acc: 66.50%
Pre-train Epoch: 76 [38400/40200 (95%)]	Loss: 1.048368	Acc: 66.57%
Pre-train Epoch: 77 [0/40200 (0%)]	Loss: 1.192932	Acc: 62.50%
Pre-train Epoch: 77 [6400/40200 (16%)]	Loss: 0.972241	Acc: 67.16%
Pre-train Epoch: 77 [12800/40200 (32%)]	Loss: 1.116881	Acc: 66.86%
Pre-train Epoch: 77 [19200/40200 (48%)]	Loss: 1.195277	Acc: 66.94%
Pre-train Epoch: 77 [25600/40200 (64%)]	Loss: 0.829458	Acc: 66.91%
Pre-train Epoch: 77 [32000/40200 (79%)]	Loss: 0.956563	Acc: 66.98%
Pre-train Epoch: 77 [38400/40200 (95%)]	Loss: 1.144112	Acc: 66.84%
Pre-train Epoch: 78 [0/40200 (0%)]	Loss: 0.860205	Acc: 73.44%
Pre-train Epoch: 78 [6400/40200 (16%)]	Loss: 1.148041	Acc: 66.37%
Pre-train Epoch: 78 [12800/40200 (32%)]	Loss: 0.749263	Acc: 67.46%
Pre-train Epoch: 78 [19200/40200 (48%)]	Loss: 1.012927	Acc: 67.16%
Pre-train Epoch: 78 [25600/40200 (64%)]	Loss: 1.123563	Acc: 66.92%
Pre-train Epoch: 78 [32000/40200 (79%)]	Loss: 1.131043	Acc: 66.74%
Pre-train Epoch: 78 [38400/40200 (95%)]	Loss: 0.894993	Acc: 66.91%
Pre-train Epoch: 79 [0/40200 (0%)]	Loss: 0.952597	Acc: 68.75%
Pre-train Epoch: 79 [6400/40200 (16%)]	Loss: 0.887824	Acc: 65.76%
Pre-train Epoch: 79 [12800/40200 (32%)]	Loss: 1.227456	Acc: 66.52%
Pre-train Epoch: 79 [19200/40200 (48%)]	Loss: 1.138520	Acc: 67.02%
Pre-train Epoch: 79 [25600/40200 (64%)]	Loss: 0.886346	Acc: 66.98%
Pre-train Epoch: 79 [32000/40200 (79%)]	Loss: 0.949321	Acc: 67.18%
Pre-train Epoch: 79 [38400/40200 (95%)]	Loss: 1.261179	Acc: 67.15%
Pre-train Epoch: 80 [0/40200 (0%)]	Loss: 1.104627	Acc: 67.19%
Pre-train Epoch: 80 [6400/40200 (16%)]	Loss: 1.055338	Acc: 66.89%
Pre-train Epoch: 80 [12800/40200 (32%)]	Loss: 1.036049	Acc: 67.34%
Pre-train Epoch: 80 [19200/40200 (48%)]	Loss: 0.838976	Acc: 67.02%
Pre-train Epoch: 80 [25600/40200 (64%)]	Loss: 0.861735	Acc: 66.90%
Pre-train Epoch: 80 [32000/40200 (79%)]	Loss: 1.040159	Acc: 67.01%
Pre-train Epoch: 80 [38400/40200 (95%)]	Loss: 1.089638	Acc: 67.14%
Pre-train Epoch: 81 [0/40200 (0%)]	Loss: 0.930750	Acc: 67.19%
Pre-train Epoch: 81 [6400/40200 (16%)]	Loss: 1.233772	Acc: 68.18%
Pre-train Epoch: 81 [12800/40200 (32%)]	Loss: 0.884084	Acc: 67.19%
Pre-train Epoch: 81 [19200/40200 (48%)]	Loss: 1.053237	Acc: 67.18%
Pre-train Epoch: 81 [25600/40200 (64%)]	Loss: 0.962596	Acc: 67.30%
Pre-train Epoch: 81 [32000/40200 (79%)]	Loss: 0.925809	Acc: 67.38%
Pre-train Epoch: 81 [38400/40200 (95%)]	Loss: 0.989953	Acc: 67.45%
Pre-train Epoch: 82 [0/40200 (0%)]	Loss: 0.895759	Acc: 67.19%
Pre-train Epoch: 82 [6400/40200 (16%)]	Loss: 0.816914	Acc: 68.36%
Pre-train Epoch: 82 [12800/40200 (32%)]	Loss: 0.996969	Acc: 68.14%
Pre-train Epoch: 82 [19200/40200 (48%)]	Loss: 0.781828	Acc: 68.03%
Pre-train Epoch: 82 [25600/40200 (64%)]	Loss: 1.011230	Acc: 67.87%
Pre-train Epoch: 82 [32000/40200 (79%)]	Loss: 0.970489	Acc: 67.76%
Pre-train Epoch: 82 [38400/40200 (95%)]	Loss: 0.957291	Acc: 67.68%
Pre-train Epoch: 83 [0/40200 (0%)]	Loss: 0.807312	Acc: 73.44%
Pre-train Epoch: 83 [6400/40200 (16%)]	Loss: 0.897575	Acc: 68.13%
Pre-train Epoch: 83 [12800/40200 (32%)]	Loss: 1.242420	Acc: 68.42%
Pre-train Epoch: 83 [19200/40200 (48%)]	Loss: 1.105866	Acc: 67.88%
Pre-train Epoch: 83 [25600/40200 (64%)]	Loss: 1.043530	Acc: 67.78%
Pre-train Epoch: 83 [32000/40200 (79%)]	Loss: 1.022240	Acc: 67.69%
Pre-train Epoch: 83 [38400/40200 (95%)]	Loss: 0.976491	Acc: 67.71%
Pre-train Epoch: 84 [0/40200 (0%)]	Loss: 0.809012	Acc: 68.75%
Pre-train Epoch: 84 [6400/40200 (16%)]	Loss: 0.697216	Acc: 67.84%
Pre-train Epoch: 84 [12800/40200 (32%)]	Loss: 0.814551	Acc: 67.74%
Pre-train Epoch: 84 [19200/40200 (48%)]	Loss: 1.047458	Acc: 67.90%
Pre-train Epoch: 84 [25600/40200 (64%)]	Loss: 1.029829	Acc: 67.74%
Pre-train Epoch: 84 [32000/40200 (79%)]	Loss: 1.053770	Acc: 67.47%
Pre-train Epoch: 84 [38400/40200 (95%)]	Loss: 1.025210	Acc: 67.58%
Pre-train Epoch: 85 [0/40200 (0%)]	Loss: 1.038843	Acc: 62.50%
Pre-train Epoch: 85 [6400/40200 (16%)]	Loss: 0.771852	Acc: 67.39%
Pre-train Epoch: 85 [12800/40200 (32%)]	Loss: 1.013349	Acc: 67.96%
Pre-train Epoch: 85 [19200/40200 (48%)]	Loss: 0.828349	Acc: 67.72%
Pre-train Epoch: 85 [25600/40200 (64%)]	Loss: 1.343078	Acc: 67.78%
Pre-train Epoch: 85 [32000/40200 (79%)]	Loss: 0.851317	Acc: 67.90%
Pre-train Epoch: 85 [38400/40200 (95%)]	Loss: 1.084089	Acc: 67.74%
Pre-train Epoch: 86 [0/40200 (0%)]	Loss: 0.899088	Acc: 70.31%
Pre-train Epoch: 86 [6400/40200 (16%)]	Loss: 1.348106	Acc: 67.23%
Pre-train Epoch: 86 [12800/40200 (32%)]	Loss: 0.879992	Acc: 67.68%
Pre-train Epoch: 86 [19200/40200 (48%)]	Loss: 0.791357	Acc: 68.06%
Pre-train Epoch: 86 [25600/40200 (64%)]	Loss: 1.145601	Acc: 67.96%
Pre-train Epoch: 86 [32000/40200 (79%)]	Loss: 0.984704	Acc: 67.80%
Pre-train Epoch: 86 [38400/40200 (95%)]	Loss: 1.071183	Acc: 67.75%
Pre-train Epoch: 87 [0/40200 (0%)]	Loss: 0.996932	Acc: 65.62%
Pre-train Epoch: 87 [6400/40200 (16%)]	Loss: 0.785204	Acc: 67.50%
Pre-train Epoch: 87 [12800/40200 (32%)]	Loss: 1.154289	Acc: 67.68%
Pre-train Epoch: 87 [19200/40200 (48%)]	Loss: 1.147161	Acc: 67.56%
Pre-train Epoch: 87 [25600/40200 (64%)]	Loss: 0.857172	Acc: 67.61%
Pre-train Epoch: 87 [32000/40200 (79%)]	Loss: 0.885342	Acc: 67.62%
Pre-train Epoch: 87 [38400/40200 (95%)]	Loss: 0.865887	Acc: 67.60%
Pre-train Epoch: 88 [0/40200 (0%)]	Loss: 1.078366	Acc: 64.06%
Pre-train Epoch: 88 [6400/40200 (16%)]	Loss: 0.752391	Acc: 68.27%
Pre-train Epoch: 88 [12800/40200 (32%)]	Loss: 1.057024	Acc: 67.89%
Pre-train Epoch: 88 [19200/40200 (48%)]	Loss: 0.886522	Acc: 67.74%
Pre-train Epoch: 88 [25600/40200 (64%)]	Loss: 0.902000	Acc: 67.63%
Pre-train Epoch: 88 [32000/40200 (79%)]	Loss: 0.884574	Acc: 67.68%
Pre-train Epoch: 88 [38400/40200 (95%)]	Loss: 0.866464	Acc: 67.53%
Pre-train Epoch: 89 [0/40200 (0%)]	Loss: 0.738631	Acc: 84.38%
Pre-train Epoch: 89 [6400/40200 (16%)]	Loss: 0.987917	Acc: 67.79%
Pre-train Epoch: 89 [12800/40200 (32%)]	Loss: 0.981385	Acc: 67.81%
Pre-train Epoch: 89 [19200/40200 (48%)]	Loss: 0.964746	Acc: 67.85%
Pre-train Epoch: 89 [25600/40200 (64%)]	Loss: 0.940615	Acc: 67.73%
Pre-train Epoch: 89 [32000/40200 (79%)]	Loss: 0.965375	Acc: 67.89%
Pre-train Epoch: 89 [38400/40200 (95%)]	Loss: 1.018431	Acc: 67.87%
Pre-train Epoch: 90 [0/40200 (0%)]	Loss: 1.174034	Acc: 59.38%
Pre-train Epoch: 90 [6400/40200 (16%)]	Loss: 0.865467	Acc: 66.88%
Pre-train Epoch: 90 [12800/40200 (32%)]	Loss: 0.905717	Acc: 67.42%
Pre-train Epoch: 90 [19200/40200 (48%)]	Loss: 0.866079	Acc: 67.59%
Pre-train Epoch: 90 [25600/40200 (64%)]	Loss: 0.809610	Acc: 67.87%
Pre-train Epoch: 90 [32000/40200 (79%)]	Loss: 0.874271	Acc: 67.80%
Pre-train Epoch: 90 [38400/40200 (95%)]	Loss: 1.074958	Acc: 67.82%
Pre-train Epoch: 91 [0/40200 (0%)]	Loss: 1.020265	Acc: 70.31%
Pre-train Epoch: 91 [6400/40200 (16%)]	Loss: 0.898599	Acc: 68.44%
Pre-train Epoch: 91 [12800/40200 (32%)]	Loss: 0.895358	Acc: 68.39%
Pre-train Epoch: 91 [19200/40200 (48%)]	Loss: 1.138190	Acc: 68.27%
Pre-train Epoch: 91 [25600/40200 (64%)]	Loss: 1.042934	Acc: 68.15%
Pre-train Epoch: 91 [32000/40200 (79%)]	Loss: 1.032698	Acc: 68.17%
Pre-train Epoch: 91 [38400/40200 (95%)]	Loss: 1.127120	Acc: 67.92%
Pre-train Epoch: 92 [0/40200 (0%)]	Loss: 1.298142	Acc: 56.25%
Pre-train Epoch: 92 [6400/40200 (16%)]	Loss: 0.974865	Acc: 68.41%
Pre-train Epoch: 92 [12800/40200 (32%)]	Loss: 1.209283	Acc: 68.03%
Pre-train Epoch: 92 [19200/40200 (48%)]	Loss: 1.044140	Acc: 68.10%
Pre-train Epoch: 92 [25600/40200 (64%)]	Loss: 1.370433	Acc: 67.74%
Pre-train Epoch: 92 [32000/40200 (79%)]	Loss: 1.148145	Acc: 67.87%
Pre-train Epoch: 92 [38400/40200 (95%)]	Loss: 0.833356	Acc: 67.94%
Pre-train Epoch: 93 [0/40200 (0%)]	Loss: 0.993055	Acc: 62.50%
Pre-train Epoch: 93 [6400/40200 (16%)]	Loss: 0.939828	Acc: 68.56%
Pre-train Epoch: 93 [12800/40200 (32%)]	Loss: 0.750912	Acc: 68.04%
Pre-train Epoch: 93 [19200/40200 (48%)]	Loss: 0.909927	Acc: 68.03%
Pre-train Epoch: 93 [25600/40200 (64%)]	Loss: 0.927596	Acc: 67.80%
Pre-train Epoch: 93 [32000/40200 (79%)]	Loss: 0.775081	Acc: 67.74%
Pre-train Epoch: 93 [38400/40200 (95%)]	Loss: 0.887557	Acc: 68.02%
Pre-train Epoch: 94 [0/40200 (0%)]	Loss: 0.947351	Acc: 71.88%
Pre-train Epoch: 94 [6400/40200 (16%)]	Loss: 1.112360	Acc: 67.31%
Pre-train Epoch: 94 [12800/40200 (32%)]	Loss: 0.925879	Acc: 67.92%
Pre-train Epoch: 94 [19200/40200 (48%)]	Loss: 0.847966	Acc: 67.68%
Pre-train Epoch: 94 [25600/40200 (64%)]	Loss: 0.783475	Acc: 67.71%
Pre-train Epoch: 94 [32000/40200 (79%)]	Loss: 0.944449	Acc: 67.78%
Pre-train Epoch: 94 [38400/40200 (95%)]	Loss: 1.042696	Acc: 68.01%
Pre-train Epoch: 95 [0/40200 (0%)]	Loss: 0.956135	Acc: 64.06%
Pre-train Epoch: 95 [6400/40200 (16%)]	Loss: 0.826169	Acc: 68.39%
Pre-train Epoch: 95 [12800/40200 (32%)]	Loss: 0.946224	Acc: 68.06%
Pre-train Epoch: 95 [19200/40200 (48%)]	Loss: 0.996957	Acc: 67.91%
Pre-train Epoch: 95 [25600/40200 (64%)]	Loss: 0.991960	Acc: 67.76%
Pre-train Epoch: 95 [32000/40200 (79%)]	Loss: 1.044582	Acc: 67.78%
Pre-train Epoch: 95 [38400/40200 (95%)]	Loss: 1.060360	Acc: 67.85%
Pre-train Epoch: 96 [0/40200 (0%)]	Loss: 1.119900	Acc: 62.50%
Pre-train Epoch: 96 [6400/40200 (16%)]	Loss: 0.931987	Acc: 68.25%
Pre-train Epoch: 96 [12800/40200 (32%)]	Loss: 0.867478	Acc: 68.13%
Pre-train Epoch: 96 [19200/40200 (48%)]	Loss: 1.112031	Acc: 68.07%
Pre-train Epoch: 96 [25600/40200 (64%)]	Loss: 1.002148	Acc: 68.08%
Pre-train Epoch: 96 [32000/40200 (79%)]	Loss: 1.149166	Acc: 68.04%
Pre-train Epoch: 96 [38400/40200 (95%)]	Loss: 1.094849	Acc: 68.04%
Pre-train Epoch: 97 [0/40200 (0%)]	Loss: 1.007254	Acc: 70.31%
Pre-train Epoch: 97 [6400/40200 (16%)]	Loss: 1.075934	Acc: 69.15%
Pre-train Epoch: 97 [12800/40200 (32%)]	Loss: 1.071548	Acc: 68.83%
Pre-train Epoch: 97 [19200/40200 (48%)]	Loss: 1.098583	Acc: 68.25%
Pre-train Epoch: 97 [25600/40200 (64%)]	Loss: 0.754076	Acc: 68.25%
Pre-train Epoch: 97 [32000/40200 (79%)]	Loss: 1.146703	Acc: 68.17%
Pre-train Epoch: 97 [38400/40200 (95%)]	Loss: 1.027201	Acc: 68.05%
Pre-train Epoch: 98 [0/40200 (0%)]	Loss: 0.973692	Acc: 65.62%
Pre-train Epoch: 98 [6400/40200 (16%)]	Loss: 0.892476	Acc: 67.93%
Pre-train Epoch: 98 [12800/40200 (32%)]	Loss: 0.978190	Acc: 67.79%
Pre-train Epoch: 98 [19200/40200 (48%)]	Loss: 0.967040	Acc: 67.85%
Pre-train Epoch: 98 [25600/40200 (64%)]	Loss: 0.924589	Acc: 67.77%
Pre-train Epoch: 98 [32000/40200 (79%)]	Loss: 0.884213	Acc: 68.00%
Pre-train Epoch: 98 [38400/40200 (95%)]	Loss: 0.913247	Acc: 67.92%
Pre-train Epoch: 99 [0/40200 (0%)]	Loss: 0.818107	Acc: 79.69%
Pre-train Epoch: 99 [6400/40200 (16%)]	Loss: 1.088352	Acc: 68.13%
Pre-train Epoch: 99 [12800/40200 (32%)]	Loss: 0.919933	Acc: 68.70%
Pre-train Epoch: 99 [19200/40200 (48%)]	Loss: 0.958718	Acc: 68.59%
Pre-train Epoch: 99 [25600/40200 (64%)]	Loss: 1.140971	Acc: 68.43%
Pre-train Epoch: 99 [32000/40200 (79%)]	Loss: 0.965316	Acc: 68.19%
Pre-train Epoch: 99 [38400/40200 (95%)]	Loss: 0.952388	Acc: 68.06%
Pre-train Epoch: 100 [0/40200 (0%)]	Loss: 1.049068	Acc: 68.75%
Pre-train Epoch: 100 [6400/40200 (16%)]	Loss: 0.958614	Acc: 67.54%
Pre-train Epoch: 100 [12800/40200 (32%)]	Loss: 1.172322	Acc: 67.87%
Pre-train Epoch: 100 [19200/40200 (48%)]	Loss: 0.739421	Acc: 68.17%
Pre-train Epoch: 100 [25600/40200 (64%)]	Loss: 0.876347	Acc: 68.16%
Pre-train Epoch: 100 [32000/40200 (79%)]	Loss: 1.103879	Acc: 68.10%
Pre-train Epoch: 100 [38400/40200 (95%)]	Loss: 0.928290	Acc: 68.17%

--- Evaluating on Validation Split ---

Validation set: Average loss: 0.8636, Accuracy: 14232/19800 (71.88%)

Reference model saved to models/raman_reference_model.pth

--- Starting Finetuning ---
Applying RamanSPy preprocessing to data/X_finetune.npy...
Finetune Epoch: 1 [0/3000 (0%)]	Loss: 3.850925	Acc: 25.00%
Finetune Epoch: 2 [0/3000 (0%)]	Loss: 1.880209	Acc: 42.19%
Finetune Epoch: 3 [0/3000 (0%)]	Loss: 1.866011	Acc: 48.44%
Finetune Epoch: 4 [0/3000 (0%)]	Loss: 1.836854	Acc: 51.56%
Finetune Epoch: 5 [0/3000 (0%)]	Loss: 1.560171	Acc: 51.56%
Finetune Epoch: 6 [0/3000 (0%)]	Loss: 1.588569	Acc: 57.81%
Finetune Epoch: 7 [0/3000 (0%)]	Loss: 1.390093	Acc: 56.25%
Finetune Epoch: 8 [0/3000 (0%)]	Loss: 1.298259	Acc: 57.81%
Finetune Epoch: 9 [0/3000 (0%)]	Loss: 1.478472	Acc: 57.81%
Finetune Epoch: 10 [0/3000 (0%)]	Loss: 1.493511	Acc: 50.00%
Finetune Epoch: 11 [0/3000 (0%)]	Loss: 1.588383	Acc: 56.25%
Finetune Epoch: 12 [0/3000 (0%)]	Loss: 1.481960	Acc: 50.00%
Finetune Epoch: 13 [0/3000 (0%)]	Loss: 1.542078	Acc: 51.56%
Finetune Epoch: 14 [0/3000 (0%)]	Loss: 1.241853	Acc: 57.81%
Finetune Epoch: 15 [0/3000 (0%)]	Loss: 1.450775	Acc: 62.50%
Finetune Epoch: 16 [0/3000 (0%)]	Loss: 1.215721	Acc: 60.94%
Finetune Epoch: 17 [0/3000 (0%)]	Loss: 1.365365	Acc: 64.06%
Finetune Epoch: 18 [0/3000 (0%)]	Loss: 1.512431	Acc: 51.56%
Finetune Epoch: 19 [0/3000 (0%)]	Loss: 1.113285	Acc: 67.19%
Finetune Epoch: 20 [0/3000 (0%)]	Loss: 1.102862	Acc: 62.50%
Finetuned model saved to models/raman_finetuned_model.pth

--- Evaluating on Test Set ---
Applying RamanSPy preprocessing to data/X_test.npy...

Test set: Average loss: 1.3351, Accuracy: 1735/3000 (57.83%)

