Using device: mps
Loading reference dataset...
Applying RamanSPy preprocessing to data/X_reference.npy...
Detected 30 classes.
Split reference data: 40200 train / 19800 val

--- Starting Reference Training ---
Pre-train Epoch: 1 [0/40200 (0%)]	Loss: 3.490020	Acc: 2.34%
Pre-train Epoch: 1 [12800/40200 (32%)]	Loss: 2.795961	Acc: 13.01%
Pre-train Epoch: 1 [25600/40200 (63%)]	Loss: 2.753907	Acc: 15.23%
Pre-train Epoch: 1 [38400/40200 (95%)]	Loss: 2.389773	Acc: 17.43%
Pre-train Epoch: 2 [0/40200 (0%)]	Loss: 2.637880	Acc: 22.66%
Pre-train Epoch: 2 [12800/40200 (32%)]	Loss: 2.211469	Acc: 28.31%
Pre-train Epoch: 2 [25600/40200 (63%)]	Loss: 1.869091	Acc: 30.67%
Pre-train Epoch: 2 [38400/40200 (95%)]	Loss: 1.755256	Acc: 33.11%
Pre-train Epoch: 3 [0/40200 (0%)]	Loss: 2.044173	Acc: 31.25%
Pre-train Epoch: 3 [12800/40200 (32%)]	Loss: 1.675835	Acc: 41.85%
Pre-train Epoch: 3 [25600/40200 (63%)]	Loss: 1.703237	Acc: 43.15%
Pre-train Epoch: 3 [38400/40200 (95%)]	Loss: 1.471709	Acc: 44.95%
Pre-train Epoch: 4 [0/40200 (0%)]	Loss: 1.448572	Acc: 52.34%
Pre-train Epoch: 4 [12800/40200 (32%)]	Loss: 1.544178	Acc: 51.11%
Pre-train Epoch: 4 [25600/40200 (63%)]	Loss: 1.289966	Acc: 52.08%
Pre-train Epoch: 4 [38400/40200 (95%)]	Loss: 1.220228	Acc: 53.00%
Pre-train Epoch: 5 [0/40200 (0%)]	Loss: 1.519573	Acc: 55.47%
Pre-train Epoch: 5 [12800/40200 (32%)]	Loss: 1.302240	Acc: 56.76%
Pre-train Epoch: 5 [25600/40200 (63%)]	Loss: 1.179694	Acc: 57.42%
Pre-train Epoch: 5 [38400/40200 (95%)]	Loss: 1.159767	Acc: 57.99%
Pre-train Epoch: 6 [0/40200 (0%)]	Loss: 1.123263	Acc: 64.84%
Pre-train Epoch: 6 [12800/40200 (32%)]	Loss: 1.197748	Acc: 60.49%
Pre-train Epoch: 6 [25600/40200 (63%)]	Loss: 1.180375	Acc: 60.97%
Pre-train Epoch: 6 [38400/40200 (95%)]	Loss: 1.318592	Acc: 61.37%
Pre-train Epoch: 7 [0/40200 (0%)]	Loss: 1.186877	Acc: 60.16%
Pre-train Epoch: 7 [12800/40200 (32%)]	Loss: 1.136857	Acc: 63.09%
Pre-train Epoch: 7 [25600/40200 (63%)]	Loss: 1.231220	Acc: 63.43%
Pre-train Epoch: 7 [38400/40200 (95%)]	Loss: 0.940867	Acc: 63.82%
Pre-train Epoch: 8 [0/40200 (0%)]	Loss: 1.004120	Acc: 72.66%
Pre-train Epoch: 8 [12800/40200 (32%)]	Loss: 1.109254	Acc: 64.81%
Pre-train Epoch: 8 [25600/40200 (63%)]	Loss: 1.071267	Acc: 65.68%
Pre-train Epoch: 8 [38400/40200 (95%)]	Loss: 1.060381	Acc: 65.82%
Pre-train Epoch: 9 [0/40200 (0%)]	Loss: 1.139880	Acc: 63.28%
Pre-train Epoch: 9 [12800/40200 (32%)]	Loss: 1.128053	Acc: 67.19%
Pre-train Epoch: 9 [25600/40200 (63%)]	Loss: 0.876471	Acc: 67.29%
Pre-train Epoch: 9 [38400/40200 (95%)]	Loss: 0.908130	Acc: 67.65%
Pre-train Epoch: 10 [0/40200 (0%)]	Loss: 0.894146	Acc: 72.66%
Pre-train Epoch: 10 [12800/40200 (32%)]	Loss: 0.909770	Acc: 68.29%
Pre-train Epoch: 10 [25600/40200 (63%)]	Loss: 0.978598	Acc: 68.39%
Pre-train Epoch: 10 [38400/40200 (95%)]	Loss: 0.907020	Acc: 68.73%
Pre-train Epoch: 11 [0/40200 (0%)]	Loss: 1.071996	Acc: 64.06%
Pre-train Epoch: 11 [12800/40200 (32%)]	Loss: 0.908703	Acc: 68.72%
Pre-train Epoch: 11 [25600/40200 (63%)]	Loss: 0.986332	Acc: 69.09%
Pre-train Epoch: 11 [38400/40200 (95%)]	Loss: 1.105619	Acc: 69.41%
Pre-train Epoch: 12 [0/40200 (0%)]	Loss: 0.858909	Acc: 74.22%
Pre-train Epoch: 12 [12800/40200 (32%)]	Loss: 0.916164	Acc: 70.27%
Pre-train Epoch: 12 [25600/40200 (63%)]	Loss: 0.987125	Acc: 70.46%
Pre-train Epoch: 12 [38400/40200 (95%)]	Loss: 0.775218	Acc: 70.34%
Pre-train Epoch: 13 [0/40200 (0%)]	Loss: 1.087681	Acc: 63.28%
Pre-train Epoch: 13 [12800/40200 (32%)]	Loss: 0.761696	Acc: 70.77%
Pre-train Epoch: 13 [25600/40200 (63%)]	Loss: 0.738795	Acc: 70.65%
Pre-train Epoch: 13 [38400/40200 (95%)]	Loss: 0.872093	Acc: 70.89%
Pre-train Epoch: 14 [0/40200 (0%)]	Loss: 0.831956	Acc: 75.78%
Pre-train Epoch: 14 [12800/40200 (32%)]	Loss: 0.894703	Acc: 71.16%
Pre-train Epoch: 14 [25600/40200 (63%)]	Loss: 0.937835	Acc: 71.60%
Pre-train Epoch: 14 [38400/40200 (95%)]	Loss: 1.034554	Acc: 71.69%
Pre-train Epoch: 15 [0/40200 (0%)]	Loss: 0.791157	Acc: 76.56%
Pre-train Epoch: 15 [12800/40200 (32%)]	Loss: 0.975996	Acc: 71.01%
Pre-train Epoch: 15 [25600/40200 (63%)]	Loss: 0.860176	Acc: 71.45%
Pre-train Epoch: 15 [38400/40200 (95%)]	Loss: 0.882565	Acc: 71.54%
Pre-train Epoch: 16 [0/40200 (0%)]	Loss: 0.799672	Acc: 78.12%
Pre-train Epoch: 16 [12800/40200 (32%)]	Loss: 0.950848	Acc: 71.91%
Pre-train Epoch: 16 [25600/40200 (63%)]	Loss: 0.919237	Acc: 72.62%
Pre-train Epoch: 16 [38400/40200 (95%)]	Loss: 0.724436	Acc: 72.43%
Pre-train Epoch: 17 [0/40200 (0%)]	Loss: 0.774995	Acc: 74.22%
Pre-train Epoch: 17 [12800/40200 (32%)]	Loss: 0.892491	Acc: 72.19%
Pre-train Epoch: 17 [25600/40200 (63%)]	Loss: 0.997621	Acc: 72.32%
Pre-train Epoch: 17 [38400/40200 (95%)]	Loss: 0.911817	Acc: 72.65%
Pre-train Epoch: 18 [0/40200 (0%)]	Loss: 0.940435	Acc: 70.31%
Pre-train Epoch: 18 [12800/40200 (32%)]	Loss: 1.036957	Acc: 72.49%
Pre-train Epoch: 18 [25600/40200 (63%)]	Loss: 0.776740	Acc: 73.08%
Pre-train Epoch: 18 [38400/40200 (95%)]	Loss: 0.862528	Acc: 73.21%
Pre-train Epoch: 19 [0/40200 (0%)]	Loss: 0.837718	Acc: 69.53%
Pre-train Epoch: 19 [12800/40200 (32%)]	Loss: 0.852460	Acc: 73.00%
Pre-train Epoch: 19 [25600/40200 (63%)]	Loss: 0.885189	Acc: 73.34%
Pre-train Epoch: 19 [38400/40200 (95%)]	Loss: 0.787910	Acc: 73.46%
Pre-train Epoch: 20 [0/40200 (0%)]	Loss: 0.789976	Acc: 74.22%
Pre-train Epoch: 20 [12800/40200 (32%)]	Loss: 0.904724	Acc: 74.14%
Pre-train Epoch: 20 [25600/40200 (63%)]	Loss: 0.816096	Acc: 74.02%
Pre-train Epoch: 20 [38400/40200 (95%)]	Loss: 0.854030	Acc: 73.94%
Pre-train Epoch: 21 [0/40200 (0%)]	Loss: 0.808563	Acc: 75.00%
Pre-train Epoch: 21 [12800/40200 (32%)]	Loss: 0.806947	Acc: 74.27%
Pre-train Epoch: 21 [25600/40200 (63%)]	Loss: 0.715150	Acc: 74.22%
Pre-train Epoch: 21 [38400/40200 (95%)]	Loss: 0.745574	Acc: 74.48%
Pre-train Epoch: 22 [0/40200 (0%)]	Loss: 0.805960	Acc: 71.88%
Pre-train Epoch: 22 [12800/40200 (32%)]	Loss: 0.731684	Acc: 74.68%
Pre-train Epoch: 22 [25600/40200 (63%)]	Loss: 0.888134	Acc: 74.44%
Pre-train Epoch: 22 [38400/40200 (95%)]	Loss: 0.844880	Acc: 74.47%
Pre-train Epoch: 23 [0/40200 (0%)]	Loss: 0.736235	Acc: 78.12%
Pre-train Epoch: 23 [12800/40200 (32%)]	Loss: 0.765276	Acc: 74.22%
Pre-train Epoch: 23 [25600/40200 (63%)]	Loss: 0.833837	Acc: 74.85%
Pre-train Epoch: 23 [38400/40200 (95%)]	Loss: 0.821295	Acc: 74.72%
Pre-train Epoch: 24 [0/40200 (0%)]	Loss: 0.826471	Acc: 73.44%
Pre-train Epoch: 24 [12800/40200 (32%)]	Loss: 1.010137	Acc: 74.53%
Pre-train Epoch: 24 [25600/40200 (63%)]	Loss: 0.814153	Acc: 75.30%
Pre-train Epoch: 24 [38400/40200 (95%)]	Loss: 0.788594	Acc: 75.22%
Pre-train Epoch: 25 [0/40200 (0%)]	Loss: 0.729566	Acc: 76.56%
Pre-train Epoch: 25 [12800/40200 (32%)]	Loss: 0.861858	Acc: 75.31%
Pre-train Epoch: 25 [25600/40200 (63%)]	Loss: 0.693775	Acc: 75.29%
Pre-train Epoch: 25 [38400/40200 (95%)]	Loss: 0.794502	Acc: 75.15%
Pre-train Epoch: 26 [0/40200 (0%)]	Loss: 0.769183	Acc: 74.22%
Pre-train Epoch: 26 [12800/40200 (32%)]	Loss: 0.789906	Acc: 75.52%
Pre-train Epoch: 26 [25600/40200 (63%)]	Loss: 0.762819	Acc: 75.59%
Pre-train Epoch: 26 [38400/40200 (95%)]	Loss: 0.766460	Acc: 75.67%
Pre-train Epoch: 27 [0/40200 (0%)]	Loss: 0.861815	Acc: 72.66%
Pre-train Epoch: 27 [12800/40200 (32%)]	Loss: 0.760373	Acc: 76.38%
Pre-train Epoch: 27 [25600/40200 (63%)]	Loss: 0.841454	Acc: 76.05%
Pre-train Epoch: 27 [38400/40200 (95%)]	Loss: 0.695192	Acc: 76.11%
Pre-train Epoch: 28 [0/40200 (0%)]	Loss: 0.671950	Acc: 79.69%
Pre-train Epoch: 28 [12800/40200 (32%)]	Loss: 0.762132	Acc: 76.82%
Pre-train Epoch: 28 [25600/40200 (63%)]	Loss: 0.768275	Acc: 76.52%
Pre-train Epoch: 28 [38400/40200 (95%)]	Loss: 0.856001	Acc: 76.30%
Pre-train Epoch: 29 [0/40200 (0%)]	Loss: 0.719050	Acc: 77.34%
Pre-train Epoch: 29 [12800/40200 (32%)]	Loss: 0.773792	Acc: 76.21%
Pre-train Epoch: 29 [25600/40200 (63%)]	Loss: 0.784859	Acc: 76.68%
Pre-train Epoch: 29 [38400/40200 (95%)]	Loss: 0.660384	Acc: 76.64%
Pre-train Epoch: 30 [0/40200 (0%)]	Loss: 0.660889	Acc: 81.25%
Pre-train Epoch: 30 [12800/40200 (32%)]	Loss: 0.776557	Acc: 76.55%
Pre-train Epoch: 30 [25600/40200 (63%)]	Loss: 0.833362	Acc: 76.66%
Pre-train Epoch: 30 [38400/40200 (95%)]	Loss: 0.806533	Acc: 76.74%
Pre-train Epoch: 31 [0/40200 (0%)]	Loss: 0.826615	Acc: 72.66%
Pre-train Epoch: 31 [12800/40200 (32%)]	Loss: 0.672826	Acc: 77.47%
Pre-train Epoch: 31 [25600/40200 (63%)]	Loss: 0.811956	Acc: 77.34%
Pre-train Epoch: 31 [38400/40200 (95%)]	Loss: 0.954762	Acc: 77.00%
Pre-train Epoch: 32 [0/40200 (0%)]	Loss: 0.793161	Acc: 75.00%
Pre-train Epoch: 32 [12800/40200 (32%)]	Loss: 0.715910	Acc: 77.38%
Pre-train Epoch: 32 [25600/40200 (63%)]	Loss: 0.683421	Acc: 77.41%
Pre-train Epoch: 32 [38400/40200 (95%)]	Loss: 0.672964	Acc: 77.10%
Pre-train Epoch: 33 [0/40200 (0%)]	Loss: 0.605666	Acc: 81.25%
Pre-train Epoch: 33 [12800/40200 (32%)]	Loss: 0.744122	Acc: 77.45%
Pre-train Epoch: 33 [25600/40200 (63%)]	Loss: 0.687921	Acc: 77.25%
Pre-train Epoch: 33 [38400/40200 (95%)]	Loss: 0.681037	Acc: 77.25%
Pre-train Epoch: 34 [0/40200 (0%)]	Loss: 0.771672	Acc: 75.78%
Pre-train Epoch: 34 [12800/40200 (32%)]	Loss: 0.809920	Acc: 78.21%
Pre-train Epoch: 34 [25600/40200 (63%)]	Loss: 0.714552	Acc: 77.99%
Pre-train Epoch: 34 [38400/40200 (95%)]	Loss: 0.622873	Acc: 77.69%
Pre-train Epoch: 35 [0/40200 (0%)]	Loss: 0.702166	Acc: 81.25%
Pre-train Epoch: 35 [12800/40200 (32%)]	Loss: 0.810156	Acc: 77.93%
Pre-train Epoch: 35 [25600/40200 (63%)]	Loss: 0.765167	Acc: 77.81%
Pre-train Epoch: 35 [38400/40200 (95%)]	Loss: 0.615306	Acc: 77.76%
Pre-train Epoch: 36 [0/40200 (0%)]	Loss: 0.762891	Acc: 76.56%
Pre-train Epoch: 36 [12800/40200 (32%)]	Loss: 0.708410	Acc: 78.34%
Pre-train Epoch: 36 [25600/40200 (63%)]	Loss: 0.771550	Acc: 78.34%
Pre-train Epoch: 36 [38400/40200 (95%)]	Loss: 0.749160	Acc: 78.06%
Pre-train Epoch: 37 [0/40200 (0%)]	Loss: 0.669865	Acc: 78.12%
Pre-train Epoch: 37 [12800/40200 (32%)]	Loss: 0.744967	Acc: 77.34%
Pre-train Epoch: 37 [25600/40200 (63%)]	Loss: 0.691579	Acc: 77.88%
Pre-train Epoch: 37 [38400/40200 (95%)]	Loss: 0.657045	Acc: 77.74%
Pre-train Epoch: 38 [0/40200 (0%)]	Loss: 0.674580	Acc: 80.47%
Pre-train Epoch: 38 [12800/40200 (32%)]	Loss: 0.635284	Acc: 78.72%
Pre-train Epoch: 38 [25600/40200 (63%)]	Loss: 0.714200	Acc: 78.49%
Pre-train Epoch: 38 [38400/40200 (95%)]	Loss: 0.704888	Acc: 78.30%
Pre-train Epoch: 39 [0/40200 (0%)]	Loss: 0.681378	Acc: 77.34%
Pre-train Epoch: 39 [12800/40200 (32%)]	Loss: 0.793936	Acc: 78.57%
Pre-train Epoch: 39 [25600/40200 (63%)]	Loss: 0.826964	Acc: 78.25%
Pre-train Epoch: 39 [38400/40200 (95%)]	Loss: 0.720938	Acc: 78.20%
Pre-train Epoch: 40 [0/40200 (0%)]	Loss: 0.734984	Acc: 78.12%
Pre-train Epoch: 40 [12800/40200 (32%)]	Loss: 0.794365	Acc: 78.04%
Pre-train Epoch: 40 [25600/40200 (63%)]	Loss: 0.757198	Acc: 78.72%
Pre-train Epoch: 40 [38400/40200 (95%)]	Loss: 0.773321	Acc: 78.71%
Pre-train Epoch: 41 [0/40200 (0%)]	Loss: 0.659205	Acc: 77.34%
Pre-train Epoch: 41 [12800/40200 (32%)]	Loss: 0.560275	Acc: 78.91%
Pre-train Epoch: 41 [25600/40200 (63%)]	Loss: 0.732250	Acc: 78.91%
Pre-train Epoch: 41 [38400/40200 (95%)]	Loss: 0.613316	Acc: 78.91%
Pre-train Epoch: 42 [0/40200 (0%)]	Loss: 0.663715	Acc: 80.47%
Pre-train Epoch: 42 [12800/40200 (32%)]	Loss: 0.638000	Acc: 79.40%
Pre-train Epoch: 42 [25600/40200 (63%)]	Loss: 0.662890	Acc: 79.74%
Pre-train Epoch: 42 [38400/40200 (95%)]	Loss: 0.710215	Acc: 79.45%
Pre-train Epoch: 43 [0/40200 (0%)]	Loss: 0.684750	Acc: 73.44%
Pre-train Epoch: 43 [12800/40200 (32%)]	Loss: 0.789048	Acc: 79.18%
Pre-train Epoch: 43 [25600/40200 (63%)]	Loss: 0.850815	Acc: 79.31%
Pre-train Epoch: 43 [38400/40200 (95%)]	Loss: 0.630997	Acc: 79.20%
Pre-train Epoch: 44 [0/40200 (0%)]	Loss: 0.532275	Acc: 83.59%
Pre-train Epoch: 44 [12800/40200 (32%)]	Loss: 0.700159	Acc: 79.40%
Pre-train Epoch: 44 [25600/40200 (63%)]	Loss: 0.669700	Acc: 79.65%
Pre-train Epoch: 44 [38400/40200 (95%)]	Loss: 0.591158	Acc: 79.52%
Pre-train Epoch: 45 [0/40200 (0%)]	Loss: 0.689856	Acc: 81.25%
Pre-train Epoch: 45 [12800/40200 (32%)]	Loss: 0.502244	Acc: 80.44%
Pre-train Epoch: 45 [25600/40200 (63%)]	Loss: 0.870190	Acc: 80.13%
Pre-train Epoch: 45 [38400/40200 (95%)]	Loss: 0.643111	Acc: 80.05%
Pre-train Epoch: 46 [0/40200 (0%)]	Loss: 0.578668	Acc: 83.59%
Pre-train Epoch: 46 [12800/40200 (32%)]	Loss: 0.584780	Acc: 79.81%
Pre-train Epoch: 46 [25600/40200 (63%)]	Loss: 0.740958	Acc: 79.61%
Pre-train Epoch: 46 [38400/40200 (95%)]	Loss: 0.732490	Acc: 79.68%
Pre-train Epoch: 47 [0/40200 (0%)]	Loss: 0.601775	Acc: 84.38%
Pre-train Epoch: 47 [12800/40200 (32%)]	Loss: 0.706423	Acc: 79.75%
Pre-train Epoch: 47 [25600/40200 (63%)]	Loss: 0.575019	Acc: 80.19%
Pre-train Epoch: 47 [38400/40200 (95%)]	Loss: 0.534833	Acc: 79.97%
Pre-train Epoch: 48 [0/40200 (0%)]	Loss: 0.776061	Acc: 76.56%
Pre-train Epoch: 48 [12800/40200 (32%)]	Loss: 0.640840	Acc: 80.29%
Pre-train Epoch: 48 [25600/40200 (63%)]	Loss: 0.631531	Acc: 80.52%
Pre-train Epoch: 48 [38400/40200 (95%)]	Loss: 0.764941	Acc: 80.34%
Pre-train Epoch: 49 [0/40200 (0%)]	Loss: 0.624001	Acc: 81.25%
Pre-train Epoch: 49 [12800/40200 (32%)]	Loss: 0.721021	Acc: 81.00%
Pre-train Epoch: 49 [25600/40200 (63%)]	Loss: 0.567339	Acc: 80.73%
Pre-train Epoch: 49 [38400/40200 (95%)]	Loss: 0.735108	Acc: 80.52%
Pre-train Epoch: 50 [0/40200 (0%)]	Loss: 0.686304	Acc: 78.12%
Pre-train Epoch: 50 [12800/40200 (32%)]	Loss: 0.671793	Acc: 80.83%
Pre-train Epoch: 50 [25600/40200 (63%)]	Loss: 0.584418	Acc: 80.92%
Pre-train Epoch: 50 [38400/40200 (95%)]	Loss: 0.608385	Acc: 80.88%
Pre-train Epoch: 51 [0/40200 (0%)]	Loss: 0.679378	Acc: 82.03%
Pre-train Epoch: 51 [12800/40200 (32%)]	Loss: 0.648595	Acc: 81.36%
Pre-train Epoch: 51 [25600/40200 (63%)]	Loss: 0.651160	Acc: 80.82%
Pre-train Epoch: 51 [38400/40200 (95%)]	Loss: 0.641190	Acc: 80.79%
Pre-train Epoch: 52 [0/40200 (0%)]	Loss: 0.613666	Acc: 83.59%
Pre-train Epoch: 52 [12800/40200 (32%)]	Loss: 0.538204	Acc: 81.16%
Pre-train Epoch: 52 [25600/40200 (63%)]	Loss: 0.561135	Acc: 81.21%
Pre-train Epoch: 52 [38400/40200 (95%)]	Loss: 0.669231	Acc: 81.01%
Pre-train Epoch: 53 [0/40200 (0%)]	Loss: 0.591962	Acc: 79.69%
Pre-train Epoch: 53 [12800/40200 (32%)]	Loss: 0.664680	Acc: 81.11%
Pre-train Epoch: 53 [25600/40200 (63%)]	Loss: 0.674543	Acc: 81.22%
Pre-train Epoch: 53 [38400/40200 (95%)]	Loss: 0.633483	Acc: 81.23%
Pre-train Epoch: 54 [0/40200 (0%)]	Loss: 0.603532	Acc: 85.16%
Pre-train Epoch: 54 [12800/40200 (32%)]	Loss: 0.518996	Acc: 81.54%
Pre-train Epoch: 54 [25600/40200 (63%)]	Loss: 0.706358	Acc: 81.65%
Pre-train Epoch: 54 [38400/40200 (95%)]	Loss: 0.716484	Acc: 81.45%
Pre-train Epoch: 55 [0/40200 (0%)]	Loss: 0.676775	Acc: 80.47%
Pre-train Epoch: 55 [12800/40200 (32%)]	Loss: 0.650052	Acc: 81.34%
Pre-train Epoch: 55 [25600/40200 (63%)]	Loss: 0.700535	Acc: 81.62%
Pre-train Epoch: 55 [38400/40200 (95%)]	Loss: 0.587783	Acc: 81.62%
Pre-train Epoch: 56 [0/40200 (0%)]	Loss: 0.613523	Acc: 84.38%
Pre-train Epoch: 56 [12800/40200 (32%)]	Loss: 0.687678	Acc: 81.83%
Pre-train Epoch: 56 [25600/40200 (63%)]	Loss: 0.651540	Acc: 81.93%
Pre-train Epoch: 56 [38400/40200 (95%)]	Loss: 0.590143	Acc: 81.77%
Pre-train Epoch: 57 [0/40200 (0%)]	Loss: 0.537570	Acc: 85.94%
Pre-train Epoch: 57 [12800/40200 (32%)]	Loss: 0.619709	Acc: 81.77%
Pre-train Epoch: 57 [25600/40200 (63%)]	Loss: 0.497373	Acc: 82.07%
Pre-train Epoch: 57 [38400/40200 (95%)]	Loss: 0.616464	Acc: 82.08%
Pre-train Epoch: 58 [0/40200 (0%)]	Loss: 0.598605	Acc: 85.94%
Pre-train Epoch: 58 [12800/40200 (32%)]	Loss: 0.551068	Acc: 82.81%
Pre-train Epoch: 58 [25600/40200 (63%)]	Loss: 0.522295	Acc: 82.57%
Pre-train Epoch: 58 [38400/40200 (95%)]	Loss: 0.567263	Acc: 82.33%
Pre-train Epoch: 59 [0/40200 (0%)]	Loss: 0.504886	Acc: 89.06%
Pre-train Epoch: 59 [12800/40200 (32%)]	Loss: 0.530946	Acc: 83.14%
Pre-train Epoch: 59 [25600/40200 (63%)]	Loss: 0.588747	Acc: 82.93%
Pre-train Epoch: 59 [38400/40200 (95%)]	Loss: 0.603071	Acc: 82.78%
Pre-train Epoch: 60 [0/40200 (0%)]	Loss: 0.575674	Acc: 82.81%
Pre-train Epoch: 60 [12800/40200 (32%)]	Loss: 0.571107	Acc: 83.17%
Pre-train Epoch: 60 [25600/40200 (63%)]	Loss: 0.650083	Acc: 83.07%
Pre-train Epoch: 60 [38400/40200 (95%)]	Loss: 0.632084	Acc: 82.88%
Pre-train Epoch: 61 [0/40200 (0%)]	Loss: 0.607961	Acc: 85.16%
Pre-train Epoch: 61 [12800/40200 (32%)]	Loss: 0.565309	Acc: 82.68%
Pre-train Epoch: 61 [25600/40200 (63%)]	Loss: 0.581338	Acc: 82.92%
Pre-train Epoch: 61 [38400/40200 (95%)]	Loss: 0.625482	Acc: 83.01%
Pre-train Epoch: 62 [0/40200 (0%)]	Loss: 0.624152	Acc: 79.69%
Pre-train Epoch: 62 [12800/40200 (32%)]	Loss: 0.597567	Acc: 82.93%
Pre-train Epoch: 62 [25600/40200 (63%)]	Loss: 0.590868	Acc: 82.92%
Pre-train Epoch: 62 [38400/40200 (95%)]	Loss: 0.626369	Acc: 82.93%
Pre-train Epoch: 63 [0/40200 (0%)]	Loss: 0.581973	Acc: 78.91%
Pre-train Epoch: 63 [12800/40200 (32%)]	Loss: 0.544617	Acc: 83.08%
Pre-train Epoch: 63 [25600/40200 (63%)]	Loss: 0.550955	Acc: 83.15%
Pre-train Epoch: 63 [38400/40200 (95%)]	Loss: 0.526274	Acc: 83.18%
Pre-train Epoch: 64 [0/40200 (0%)]	Loss: 0.481009	Acc: 86.72%
Pre-train Epoch: 64 [12800/40200 (32%)]	Loss: 0.604321	Acc: 83.55%
Pre-train Epoch: 64 [25600/40200 (63%)]	Loss: 0.555192	Acc: 83.52%
Pre-train Epoch: 64 [38400/40200 (95%)]	Loss: 0.617961	Acc: 83.46%
Pre-train Epoch: 65 [0/40200 (0%)]	Loss: 0.536080	Acc: 85.16%
Pre-train Epoch: 65 [12800/40200 (32%)]	Loss: 0.449148	Acc: 83.98%
Pre-train Epoch: 65 [25600/40200 (63%)]	Loss: 0.531832	Acc: 83.73%
Pre-train Epoch: 65 [38400/40200 (95%)]	Loss: 0.478150	Acc: 83.84%
Pre-train Epoch: 66 [0/40200 (0%)]	Loss: 0.618800	Acc: 83.59%
Pre-train Epoch: 66 [12800/40200 (32%)]	Loss: 0.497128	Acc: 84.00%
Pre-train Epoch: 66 [25600/40200 (63%)]	Loss: 0.446497	Acc: 84.10%
Pre-train Epoch: 66 [38400/40200 (95%)]	Loss: 0.617759	Acc: 83.93%
Pre-train Epoch: 67 [0/40200 (0%)]	Loss: 0.500936	Acc: 89.06%
Pre-train Epoch: 67 [12800/40200 (32%)]	Loss: 0.531630	Acc: 84.35%
Pre-train Epoch: 67 [25600/40200 (63%)]	Loss: 0.579829	Acc: 84.18%
Pre-train Epoch: 67 [38400/40200 (95%)]	Loss: 0.527848	Acc: 84.22%
Pre-train Epoch: 68 [0/40200 (0%)]	Loss: 0.551196	Acc: 82.03%
Pre-train Epoch: 68 [12800/40200 (32%)]	Loss: 0.689552	Acc: 83.91%
Pre-train Epoch: 68 [25600/40200 (63%)]	Loss: 0.553947	Acc: 84.08%
Pre-train Epoch: 68 [38400/40200 (95%)]	Loss: 0.538522	Acc: 84.20%
Pre-train Epoch: 69 [0/40200 (0%)]	Loss: 0.440505	Acc: 88.28%
Pre-train Epoch: 69 [12800/40200 (32%)]	Loss: 0.709807	Acc: 84.81%
Pre-train Epoch: 69 [25600/40200 (63%)]	Loss: 0.608326	Acc: 84.62%
Pre-train Epoch: 69 [38400/40200 (95%)]	Loss: 0.575951	Acc: 84.79%
Pre-train Epoch: 70 [0/40200 (0%)]	Loss: 0.545529	Acc: 84.38%
Pre-train Epoch: 70 [12800/40200 (32%)]	Loss: 0.593514	Acc: 85.05%
Pre-train Epoch: 70 [25600/40200 (63%)]	Loss: 0.517079	Acc: 84.81%
Pre-train Epoch: 70 [38400/40200 (95%)]	Loss: 0.565792	Acc: 84.70%
Pre-train Epoch: 71 [0/40200 (0%)]	Loss: 0.459542	Acc: 87.50%
Pre-train Epoch: 71 [12800/40200 (32%)]	Loss: 0.481706	Acc: 84.80%
Pre-train Epoch: 71 [25600/40200 (63%)]	Loss: 0.561940	Acc: 84.97%
Pre-train Epoch: 71 [38400/40200 (95%)]	Loss: 0.619486	Acc: 84.85%
Pre-train Epoch: 72 [0/40200 (0%)]	Loss: 0.503491	Acc: 84.38%
Pre-train Epoch: 72 [12800/40200 (32%)]	Loss: 0.480822	Acc: 85.10%
Pre-train Epoch: 72 [25600/40200 (63%)]	Loss: 0.501404	Acc: 85.09%
Pre-train Epoch: 72 [38400/40200 (95%)]	Loss: 0.457342	Acc: 84.94%
Pre-train Epoch: 73 [0/40200 (0%)]	Loss: 0.491920	Acc: 89.06%
Pre-train Epoch: 73 [12800/40200 (32%)]	Loss: 0.467541	Acc: 85.08%
Pre-train Epoch: 73 [25600/40200 (63%)]	Loss: 0.540174	Acc: 85.02%
Pre-train Epoch: 73 [38400/40200 (95%)]	Loss: 0.649897	Acc: 84.99%
Pre-train Epoch: 74 [0/40200 (0%)]	Loss: 0.605955	Acc: 78.12%
Pre-train Epoch: 74 [12800/40200 (32%)]	Loss: 0.607569	Acc: 85.60%
Pre-train Epoch: 74 [25600/40200 (63%)]	Loss: 0.609209	Acc: 85.63%
Pre-train Epoch: 74 [38400/40200 (95%)]	Loss: 0.524938	Acc: 85.60%
Pre-train Epoch: 75 [0/40200 (0%)]	Loss: 0.532645	Acc: 85.16%
Pre-train Epoch: 75 [12800/40200 (32%)]	Loss: 0.485268	Acc: 86.05%
Pre-train Epoch: 75 [25600/40200 (63%)]	Loss: 0.451182	Acc: 85.78%
Pre-train Epoch: 75 [38400/40200 (95%)]	Loss: 0.490824	Acc: 85.80%
Pre-train Epoch: 76 [0/40200 (0%)]	Loss: 0.550036	Acc: 85.16%
Pre-train Epoch: 76 [12800/40200 (32%)]	Loss: 0.407820	Acc: 86.36%
Pre-train Epoch: 76 [25600/40200 (63%)]	Loss: 0.595437	Acc: 85.98%
Pre-train Epoch: 76 [38400/40200 (95%)]	Loss: 0.486187	Acc: 85.92%
Pre-train Epoch: 77 [0/40200 (0%)]	Loss: 0.461035	Acc: 88.28%
Pre-train Epoch: 77 [12800/40200 (32%)]	Loss: 0.494632	Acc: 86.22%
Pre-train Epoch: 77 [25600/40200 (63%)]	Loss: 0.551739	Acc: 86.08%
Pre-train Epoch: 77 [38400/40200 (95%)]	Loss: 0.477518	Acc: 85.89%
Pre-train Epoch: 78 [0/40200 (0%)]	Loss: 0.430129	Acc: 85.94%
Pre-train Epoch: 78 [12800/40200 (32%)]	Loss: 0.482533	Acc: 86.11%
Pre-train Epoch: 78 [25600/40200 (63%)]	Loss: 0.418607	Acc: 86.11%
Pre-train Epoch: 78 [38400/40200 (95%)]	Loss: 0.574383	Acc: 86.13%
Pre-train Epoch: 79 [0/40200 (0%)]	Loss: 0.480574	Acc: 87.50%
Pre-train Epoch: 79 [12800/40200 (32%)]	Loss: 0.561143	Acc: 86.27%
Pre-train Epoch: 79 [25600/40200 (63%)]	Loss: 0.448527	Acc: 86.69%
Pre-train Epoch: 79 [38400/40200 (95%)]	Loss: 0.528537	Acc: 86.42%
Pre-train Epoch: 80 [0/40200 (0%)]	Loss: 0.483617	Acc: 86.72%
Pre-train Epoch: 80 [12800/40200 (32%)]	Loss: 0.513711	Acc: 87.05%
Pre-train Epoch: 80 [25600/40200 (63%)]	Loss: 0.507316	Acc: 86.74%
Pre-train Epoch: 80 [38400/40200 (95%)]	Loss: 0.429052	Acc: 86.59%
Pre-train Epoch: 81 [0/40200 (0%)]	Loss: 0.488863	Acc: 85.94%
Pre-train Epoch: 81 [12800/40200 (32%)]	Loss: 0.418302	Acc: 86.77%
Pre-train Epoch: 81 [25600/40200 (63%)]	Loss: 0.457621	Acc: 86.84%
Pre-train Epoch: 81 [38400/40200 (95%)]	Loss: 0.534115	Acc: 86.89%
Pre-train Epoch: 82 [0/40200 (0%)]	Loss: 0.464176	Acc: 90.62%
Pre-train Epoch: 82 [12800/40200 (32%)]	Loss: 0.374493	Acc: 86.79%
Pre-train Epoch: 82 [25600/40200 (63%)]	Loss: 0.499194	Acc: 87.01%
Pre-train Epoch: 82 [38400/40200 (95%)]	Loss: 0.451168	Acc: 86.94%
Pre-train Epoch: 83 [0/40200 (0%)]	Loss: 0.480115	Acc: 87.50%
Pre-train Epoch: 83 [12800/40200 (32%)]	Loss: 0.552173	Acc: 87.11%
Pre-train Epoch: 83 [25600/40200 (63%)]	Loss: 0.394003	Acc: 87.01%
Pre-train Epoch: 83 [38400/40200 (95%)]	Loss: 0.473853	Acc: 86.94%
Pre-train Epoch: 84 [0/40200 (0%)]	Loss: 0.452535	Acc: 86.72%
Pre-train Epoch: 84 [12800/40200 (32%)]	Loss: 0.546015	Acc: 87.21%
Pre-train Epoch: 84 [25600/40200 (63%)]	Loss: 0.409467	Acc: 87.20%
Pre-train Epoch: 84 [38400/40200 (95%)]	Loss: 0.527912	Acc: 87.26%
Pre-train Epoch: 85 [0/40200 (0%)]	Loss: 0.435235	Acc: 87.50%
Pre-train Epoch: 85 [12800/40200 (32%)]	Loss: 0.529765	Acc: 87.40%
Pre-train Epoch: 85 [25600/40200 (63%)]	Loss: 0.416629	Acc: 87.36%
Pre-train Epoch: 85 [38400/40200 (95%)]	Loss: 0.385852	Acc: 87.34%
Pre-train Epoch: 86 [0/40200 (0%)]	Loss: 0.431588	Acc: 89.06%
Pre-train Epoch: 86 [12800/40200 (32%)]	Loss: 0.439033	Acc: 87.35%
Pre-train Epoch: 86 [25600/40200 (63%)]	Loss: 0.466260	Acc: 87.51%
Pre-train Epoch: 86 [38400/40200 (95%)]	Loss: 0.459235	Acc: 87.63%
Pre-train Epoch: 87 [0/40200 (0%)]	Loss: 0.379227	Acc: 88.28%
Pre-train Epoch: 87 [12800/40200 (32%)]	Loss: 0.530938	Acc: 87.40%
Pre-train Epoch: 87 [25600/40200 (63%)]	Loss: 0.450777	Acc: 87.64%
Pre-train Epoch: 87 [38400/40200 (95%)]	Loss: 0.371638	Acc: 87.43%
Pre-train Epoch: 88 [0/40200 (0%)]	Loss: 0.519163	Acc: 89.06%
Pre-train Epoch: 88 [12800/40200 (32%)]	Loss: 0.302512	Acc: 88.10%
Pre-train Epoch: 88 [25600/40200 (63%)]	Loss: 0.460115	Acc: 87.78%
Pre-train Epoch: 88 [38400/40200 (95%)]	Loss: 0.389704	Acc: 87.79%
Pre-train Epoch: 89 [0/40200 (0%)]	Loss: 0.444598	Acc: 90.62%
Pre-train Epoch: 89 [12800/40200 (32%)]	Loss: 0.403247	Acc: 87.75%
Pre-train Epoch: 89 [25600/40200 (63%)]	Loss: 0.504614	Acc: 87.87%
Pre-train Epoch: 89 [38400/40200 (95%)]	Loss: 0.470830	Acc: 87.71%
Pre-train Epoch: 90 [0/40200 (0%)]	Loss: 0.405841	Acc: 91.41%
Pre-train Epoch: 90 [12800/40200 (32%)]	Loss: 0.454904	Acc: 88.18%
Pre-train Epoch: 90 [25600/40200 (63%)]	Loss: 0.532973	Acc: 88.03%
Pre-train Epoch: 90 [38400/40200 (95%)]	Loss: 0.636241	Acc: 87.98%
Pre-train Epoch: 91 [0/40200 (0%)]	Loss: 0.471110	Acc: 84.38%
Pre-train Epoch: 91 [12800/40200 (32%)]	Loss: 0.565956	Acc: 87.83%
Pre-train Epoch: 91 [25600/40200 (63%)]	Loss: 0.479546	Acc: 87.87%
Pre-train Epoch: 91 [38400/40200 (95%)]	Loss: 0.385547	Acc: 87.92%
Pre-train Epoch: 92 [0/40200 (0%)]	Loss: 0.415835	Acc: 92.97%
Pre-train Epoch: 92 [12800/40200 (32%)]	Loss: 0.629532	Acc: 88.40%
Pre-train Epoch: 92 [25600/40200 (63%)]	Loss: 0.418849	Acc: 88.27%
Pre-train Epoch: 92 [38400/40200 (95%)]	Loss: 0.390426	Acc: 88.08%
Pre-train Epoch: 93 [0/40200 (0%)]	Loss: 0.434188	Acc: 89.06%
Pre-train Epoch: 93 [12800/40200 (32%)]	Loss: 0.474089	Acc: 88.60%
Pre-train Epoch: 93 [25600/40200 (63%)]	Loss: 0.463079	Acc: 88.52%
Pre-train Epoch: 93 [38400/40200 (95%)]	Loss: 0.601334	Acc: 88.24%
Pre-train Epoch: 94 [0/40200 (0%)]	Loss: 0.434585	Acc: 86.72%
Pre-train Epoch: 94 [12800/40200 (32%)]	Loss: 0.408372	Acc: 88.10%
Pre-train Epoch: 94 [25600/40200 (63%)]	Loss: 0.533943	Acc: 87.90%
Pre-train Epoch: 94 [38400/40200 (95%)]	Loss: 0.576400	Acc: 87.92%
Pre-train Epoch: 95 [0/40200 (0%)]	Loss: 0.501179	Acc: 87.50%
Pre-train Epoch: 95 [12800/40200 (32%)]	Loss: 0.412424	Acc: 88.37%
Pre-train Epoch: 95 [25600/40200 (63%)]	Loss: 0.483714	Acc: 88.28%
Pre-train Epoch: 95 [38400/40200 (95%)]	Loss: 0.482230	Acc: 88.25%
Pre-train Epoch: 96 [0/40200 (0%)]	Loss: 0.408175	Acc: 90.62%
Pre-train Epoch: 96 [12800/40200 (32%)]	Loss: 0.471856	Acc: 88.07%
Pre-train Epoch: 96 [25600/40200 (63%)]	Loss: 0.498540	Acc: 88.16%
Pre-train Epoch: 96 [38400/40200 (95%)]	Loss: 0.414247	Acc: 88.07%
Pre-train Epoch: 97 [0/40200 (0%)]	Loss: 0.464158	Acc: 89.84%
Pre-train Epoch: 97 [12800/40200 (32%)]	Loss: 0.442021	Acc: 88.81%
Pre-train Epoch: 97 [25600/40200 (63%)]	Loss: 0.481906	Acc: 88.41%
Pre-train Epoch: 97 [38400/40200 (95%)]	Loss: 0.435805	Acc: 88.33%
Pre-train Epoch: 98 [0/40200 (0%)]	Loss: 0.371392	Acc: 92.97%
Pre-train Epoch: 98 [12800/40200 (32%)]	Loss: 0.374032	Acc: 88.25%
Pre-train Epoch: 98 [25600/40200 (63%)]	Loss: 0.459144	Acc: 88.21%
Pre-train Epoch: 98 [38400/40200 (95%)]	Loss: 0.463683	Acc: 88.33%
Pre-train Epoch: 99 [0/40200 (0%)]	Loss: 0.529478	Acc: 82.81%
Pre-train Epoch: 99 [12800/40200 (32%)]	Loss: 0.421581	Acc: 88.51%
Pre-train Epoch: 99 [25600/40200 (63%)]	Loss: 0.459005	Acc: 88.44%
Pre-train Epoch: 99 [38400/40200 (95%)]	Loss: 0.418393	Acc: 88.36%
Pre-train Epoch: 100 [0/40200 (0%)]	Loss: 0.425686	Acc: 86.72%
Pre-train Epoch: 100 [12800/40200 (32%)]	Loss: 0.400679	Acc: 88.58%
Pre-train Epoch: 100 [25600/40200 (63%)]	Loss: 0.452693	Acc: 88.61%
Pre-train Epoch: 100 [38400/40200 (95%)]	Loss: 0.373447	Acc: 88.44%

--- Evaluating on Validation Split ---

Validation set: Average loss: 0.6271, Accuracy: 15800/19800 (79.80%)

Reference model saved to models/raman_reference_model.pth

--- Starting Finetuning ---
Applying RamanSPy preprocessing to data/X_finetune.npy...
Finetune Epoch: 1 [0/3000 (0%)]	Loss: 1.570969	Acc: 52.34%
Finetune Epoch: 2 [0/3000 (0%)]	Loss: 1.139745	Acc: 66.41%
Finetune Epoch: 3 [0/3000 (0%)]	Loss: 1.030438	Acc: 68.75%
Finetune Epoch: 4 [0/3000 (0%)]	Loss: 1.030895	Acc: 70.31%
Finetune Epoch: 5 [0/3000 (0%)]	Loss: 0.909274	Acc: 73.44%
Finetuned model saved to models/raman_finetuned_model.pth

--- Evaluating on Test Set ---
Applying RamanSPy preprocessing to data/X_test.npy...

Test set: Average loss: 1.0285, Accuracy: 2034/3000 (67.80%)

