Using device: mps
Loading reference dataset...
Applying RamanSPy preprocessing to data/X_reference.npy...
Detected 30 classes.
Split reference data: 40200 train / 19800 val

--- Starting Reference Training ---
Pre-train Epoch: 1 [0/40200 (0%)]	Loss: 3.540209	Acc: 7.81%
Pre-train Epoch: 1 [6400/40200 (16%)]	Loss: 2.900852	Acc: 8.91%
Pre-train Epoch: 1 [12800/40200 (32%)]	Loss: 2.893622	Acc: 10.81%
Pre-train Epoch: 1 [19200/40200 (48%)]	Loss: 2.966012	Acc: 11.63%
Pre-train Epoch: 1 [25600/40200 (64%)]	Loss: 2.855945	Acc: 12.30%
Pre-train Epoch: 1 [32000/40200 (79%)]	Loss: 2.697815	Acc: 12.56%
Pre-train Epoch: 1 [38400/40200 (95%)]	Loss: 2.829866	Acc: 12.76%
Pre-train Epoch: 2 [0/40200 (0%)]	Loss: 2.873954	Acc: 10.94%
Pre-train Epoch: 2 [6400/40200 (16%)]	Loss: 2.885851	Acc: 13.95%
Pre-train Epoch: 2 [12800/40200 (32%)]	Loss: 2.793218	Acc: 14.38%
Pre-train Epoch: 2 [19200/40200 (48%)]	Loss: 2.794565	Acc: 14.43%
Pre-train Epoch: 2 [25600/40200 (64%)]	Loss: 2.754154	Acc: 14.52%
Pre-train Epoch: 2 [32000/40200 (79%)]	Loss: 2.651317	Acc: 14.63%
Pre-train Epoch: 2 [38400/40200 (95%)]	Loss: 2.779102	Acc: 14.64%
Pre-train Epoch: 3 [0/40200 (0%)]	Loss: 2.776490	Acc: 15.62%
Pre-train Epoch: 3 [6400/40200 (16%)]	Loss: 2.764249	Acc: 14.98%
Pre-train Epoch: 3 [12800/40200 (32%)]	Loss: 2.830632	Acc: 15.14%
Pre-train Epoch: 3 [19200/40200 (48%)]	Loss: 2.633551	Acc: 14.89%
Pre-train Epoch: 3 [25600/40200 (64%)]	Loss: 2.752985	Acc: 15.37%
Pre-train Epoch: 3 [32000/40200 (79%)]	Loss: 2.752523	Acc: 15.34%
Pre-train Epoch: 3 [38400/40200 (95%)]	Loss: 2.531681	Acc: 15.58%
Pre-train Epoch: 4 [0/40200 (0%)]	Loss: 2.983519	Acc: 9.38%
Pre-train Epoch: 4 [6400/40200 (16%)]	Loss: 2.901891	Acc: 16.17%
Pre-train Epoch: 4 [12800/40200 (32%)]	Loss: 2.700304	Acc: 16.50%
Pre-train Epoch: 4 [19200/40200 (48%)]	Loss: 2.623728	Acc: 16.51%
Pre-train Epoch: 4 [25600/40200 (64%)]	Loss: 2.562016	Acc: 16.60%
Pre-train Epoch: 4 [32000/40200 (79%)]	Loss: 2.791822	Acc: 16.65%
Pre-train Epoch: 4 [38400/40200 (95%)]	Loss: 2.843090	Acc: 16.66%
Pre-train Epoch: 5 [0/40200 (0%)]	Loss: 2.809313	Acc: 17.19%
Pre-train Epoch: 5 [6400/40200 (16%)]	Loss: 2.565865	Acc: 21.55%
Pre-train Epoch: 5 [12800/40200 (32%)]	Loss: 2.610438	Acc: 22.29%
Pre-train Epoch: 5 [19200/40200 (48%)]	Loss: 2.420333	Acc: 22.98%
Pre-train Epoch: 5 [25600/40200 (64%)]	Loss: 2.554970	Acc: 23.32%
Pre-train Epoch: 5 [32000/40200 (79%)]	Loss: 2.320383	Acc: 23.65%
Pre-train Epoch: 5 [38400/40200 (95%)]	Loss: 2.451232	Acc: 24.01%
Pre-train Epoch: 6 [0/40200 (0%)]	Loss: 2.674742	Acc: 15.62%
Pre-train Epoch: 6 [6400/40200 (16%)]	Loss: 2.420049	Acc: 26.59%
Pre-train Epoch: 6 [12800/40200 (32%)]	Loss: 2.078771	Acc: 27.24%
Pre-train Epoch: 6 [19200/40200 (48%)]	Loss: 2.222243	Acc: 27.53%
Pre-train Epoch: 6 [25600/40200 (64%)]	Loss: 2.338379	Acc: 27.38%
Pre-train Epoch: 6 [32000/40200 (79%)]	Loss: 2.128993	Acc: 27.29%
Pre-train Epoch: 6 [38400/40200 (95%)]	Loss: 2.474491	Acc: 27.19%
Pre-train Epoch: 7 [0/40200 (0%)]	Loss: 2.247474	Acc: 20.31%
Pre-train Epoch: 7 [6400/40200 (16%)]	Loss: 2.136583	Acc: 27.34%
Pre-train Epoch: 7 [12800/40200 (32%)]	Loss: 2.215683	Acc: 27.60%
Pre-train Epoch: 7 [19200/40200 (48%)]	Loss: 2.207887	Acc: 27.86%
Pre-train Epoch: 7 [25600/40200 (64%)]	Loss: 2.469618	Acc: 27.56%
Pre-train Epoch: 7 [32000/40200 (79%)]	Loss: 2.323260	Acc: 27.74%
Pre-train Epoch: 7 [38400/40200 (95%)]	Loss: 2.016637	Acc: 27.82%
Pre-train Epoch: 8 [0/40200 (0%)]	Loss: 2.167734	Acc: 32.81%
Pre-train Epoch: 8 [6400/40200 (16%)]	Loss: 2.213190	Acc: 28.19%
Pre-train Epoch: 8 [12800/40200 (32%)]	Loss: 2.310115	Acc: 28.16%
Pre-train Epoch: 8 [19200/40200 (48%)]	Loss: 2.085069	Acc: 28.76%
Pre-train Epoch: 8 [25600/40200 (64%)]	Loss: 2.381439	Acc: 28.91%
Pre-train Epoch: 8 [32000/40200 (79%)]	Loss: 2.124162	Acc: 28.99%
Pre-train Epoch: 8 [38400/40200 (95%)]	Loss: 2.208556	Acc: 29.11%
Pre-train Epoch: 9 [0/40200 (0%)]	Loss: 2.324876	Acc: 23.44%
Pre-train Epoch: 9 [6400/40200 (16%)]	Loss: 2.083045	Acc: 29.64%
Pre-train Epoch: 9 [12800/40200 (32%)]	Loss: 2.378312	Acc: 29.31%
Pre-train Epoch: 9 [19200/40200 (48%)]	Loss: 2.023448	Acc: 29.15%
Pre-train Epoch: 9 [25600/40200 (64%)]	Loss: 1.908404	Acc: 29.34%
Pre-train Epoch: 9 [32000/40200 (79%)]	Loss: 1.997208	Acc: 29.39%
Pre-train Epoch: 9 [38400/40200 (95%)]	Loss: 1.963669	Acc: 29.46%
Pre-train Epoch: 10 [0/40200 (0%)]	Loss: 2.266828	Acc: 21.88%
Pre-train Epoch: 10 [6400/40200 (16%)]	Loss: 1.849292	Acc: 30.45%
Pre-train Epoch: 10 [12800/40200 (32%)]	Loss: 2.081223	Acc: 30.35%
Pre-train Epoch: 10 [19200/40200 (48%)]	Loss: 2.214878	Acc: 30.33%
Pre-train Epoch: 10 [25600/40200 (64%)]	Loss: 2.277163	Acc: 30.10%
Pre-train Epoch: 10 [32000/40200 (79%)]	Loss: 2.175073	Acc: 30.16%
Pre-train Epoch: 10 [38400/40200 (95%)]	Loss: 2.294914	Acc: 30.13%
Pre-train Epoch: 11 [0/40200 (0%)]	Loss: 2.374724	Acc: 25.00%
Pre-train Epoch: 11 [6400/40200 (16%)]	Loss: 2.091082	Acc: 30.24%
Pre-train Epoch: 11 [12800/40200 (32%)]	Loss: 1.971424	Acc: 30.89%
Pre-train Epoch: 11 [19200/40200 (48%)]	Loss: 2.066299	Acc: 30.67%
Pre-train Epoch: 11 [25600/40200 (64%)]	Loss: 1.937614	Acc: 30.97%
Pre-train Epoch: 11 [32000/40200 (79%)]	Loss: 2.109900	Acc: 31.22%
Pre-train Epoch: 11 [38400/40200 (95%)]	Loss: 1.909984	Acc: 31.86%
Pre-train Epoch: 12 [0/40200 (0%)]	Loss: 2.364672	Acc: 29.69%
Pre-train Epoch: 12 [6400/40200 (16%)]	Loss: 2.257002	Acc: 34.44%
Pre-train Epoch: 12 [12800/40200 (32%)]	Loss: 1.761090	Acc: 34.19%
Pre-train Epoch: 12 [19200/40200 (48%)]	Loss: 1.893871	Acc: 34.53%
Pre-train Epoch: 12 [25600/40200 (64%)]	Loss: 1.932167	Acc: 35.09%
Pre-train Epoch: 12 [32000/40200 (79%)]	Loss: 1.901137	Acc: 35.10%
Pre-train Epoch: 12 [38400/40200 (95%)]	Loss: 1.778926	Acc: 35.38%
Pre-train Epoch: 13 [0/40200 (0%)]	Loss: 1.736797	Acc: 43.75%
Pre-train Epoch: 13 [6400/40200 (16%)]	Loss: 1.957241	Acc: 37.73%
Pre-train Epoch: 13 [12800/40200 (32%)]	Loss: 1.900367	Acc: 37.86%
Pre-train Epoch: 13 [19200/40200 (48%)]	Loss: 1.871395	Acc: 37.97%
Pre-train Epoch: 13 [25600/40200 (64%)]	Loss: 1.878940	Acc: 38.18%
Pre-train Epoch: 13 [32000/40200 (79%)]	Loss: 2.086284	Acc: 38.20%
Pre-train Epoch: 13 [38400/40200 (95%)]	Loss: 2.043091	Acc: 38.19%
Pre-train Epoch: 14 [0/40200 (0%)]	Loss: 1.605496	Acc: 51.56%
Pre-train Epoch: 14 [6400/40200 (16%)]	Loss: 1.725075	Acc: 39.09%
Pre-train Epoch: 14 [12800/40200 (32%)]	Loss: 1.583540	Acc: 38.98%
Pre-train Epoch: 14 [19200/40200 (48%)]	Loss: 1.899113	Acc: 38.75%
Pre-train Epoch: 14 [25600/40200 (64%)]	Loss: 1.763861	Acc: 39.04%
Pre-train Epoch: 14 [32000/40200 (79%)]	Loss: 1.880399	Acc: 38.98%
Pre-train Epoch: 14 [38400/40200 (95%)]	Loss: 1.696086	Acc: 39.15%
Pre-train Epoch: 15 [0/40200 (0%)]	Loss: 1.776607	Acc: 40.62%
Pre-train Epoch: 15 [6400/40200 (16%)]	Loss: 1.757495	Acc: 39.65%
Pre-train Epoch: 15 [12800/40200 (32%)]	Loss: 1.729978	Acc: 40.62%
Pre-train Epoch: 15 [19200/40200 (48%)]	Loss: 1.685380	Acc: 40.41%
Pre-train Epoch: 15 [25600/40200 (64%)]	Loss: 1.762165	Acc: 40.64%
Pre-train Epoch: 15 [32000/40200 (79%)]	Loss: 1.773303	Acc: 40.83%
Pre-train Epoch: 15 [38400/40200 (95%)]	Loss: 1.711273	Acc: 41.11%
Pre-train Epoch: 16 [0/40200 (0%)]	Loss: 1.789792	Acc: 45.31%
Pre-train Epoch: 16 [6400/40200 (16%)]	Loss: 1.722768	Acc: 42.20%
Pre-train Epoch: 16 [12800/40200 (32%)]	Loss: 1.624491	Acc: 42.75%
Pre-train Epoch: 16 [19200/40200 (48%)]	Loss: 1.651474	Acc: 42.84%
Pre-train Epoch: 16 [25600/40200 (64%)]	Loss: 1.719151	Acc: 42.99%
Pre-train Epoch: 16 [32000/40200 (79%)]	Loss: 1.629514	Acc: 42.80%
Pre-train Epoch: 16 [38400/40200 (95%)]	Loss: 1.698645	Acc: 42.91%
Pre-train Epoch: 17 [0/40200 (0%)]	Loss: 1.656531	Acc: 50.00%
Pre-train Epoch: 17 [6400/40200 (16%)]	Loss: 1.729716	Acc: 44.68%
Pre-train Epoch: 17 [12800/40200 (32%)]	Loss: 1.610208	Acc: 44.49%
Pre-train Epoch: 17 [19200/40200 (48%)]	Loss: 1.539644	Acc: 44.26%
Pre-train Epoch: 17 [25600/40200 (64%)]	Loss: 1.651169	Acc: 44.40%
Pre-train Epoch: 17 [32000/40200 (79%)]	Loss: 1.927181	Acc: 44.26%
Pre-train Epoch: 17 [38400/40200 (95%)]	Loss: 1.693756	Acc: 44.48%
Pre-train Epoch: 18 [0/40200 (0%)]	Loss: 1.606743	Acc: 37.50%
Pre-train Epoch: 18 [6400/40200 (16%)]	Loss: 1.745705	Acc: 45.62%
Pre-train Epoch: 18 [12800/40200 (32%)]	Loss: 1.693317	Acc: 45.82%
Pre-train Epoch: 18 [19200/40200 (48%)]	Loss: 1.557751	Acc: 46.17%
Pre-train Epoch: 18 [25600/40200 (64%)]	Loss: 1.593223	Acc: 46.06%
Pre-train Epoch: 18 [32000/40200 (79%)]	Loss: 1.657681	Acc: 45.87%
Pre-train Epoch: 18 [38400/40200 (95%)]	Loss: 1.572934	Acc: 46.01%
Pre-train Epoch: 19 [0/40200 (0%)]	Loss: 1.860086	Acc: 39.06%
Pre-train Epoch: 19 [6400/40200 (16%)]	Loss: 1.782581	Acc: 46.06%
Pre-train Epoch: 19 [12800/40200 (32%)]	Loss: 1.518176	Acc: 46.22%
Pre-train Epoch: 19 [19200/40200 (48%)]	Loss: 1.694190	Acc: 46.24%
Pre-train Epoch: 19 [25600/40200 (64%)]	Loss: 1.349322	Acc: 46.34%
Pre-train Epoch: 19 [32000/40200 (79%)]	Loss: 1.772457	Acc: 46.49%
Pre-train Epoch: 19 [38400/40200 (95%)]	Loss: 1.603851	Acc: 46.65%
Pre-train Epoch: 20 [0/40200 (0%)]	Loss: 1.481967	Acc: 50.00%
Pre-train Epoch: 20 [6400/40200 (16%)]	Loss: 1.594418	Acc: 48.33%
Pre-train Epoch: 20 [12800/40200 (32%)]	Loss: 1.645749	Acc: 48.24%
Pre-train Epoch: 20 [19200/40200 (48%)]	Loss: 1.725963	Acc: 48.18%
Pre-train Epoch: 20 [25600/40200 (64%)]	Loss: 1.405975	Acc: 48.20%
Pre-train Epoch: 20 [32000/40200 (79%)]	Loss: 1.473631	Acc: 48.07%
Pre-train Epoch: 20 [38400/40200 (95%)]	Loss: 1.523801	Acc: 47.83%
Pre-train Epoch: 21 [0/40200 (0%)]	Loss: 1.544305	Acc: 51.56%
Pre-train Epoch: 21 [6400/40200 (16%)]	Loss: 1.452421	Acc: 48.69%
Pre-train Epoch: 21 [12800/40200 (32%)]	Loss: 1.664392	Acc: 48.95%
Pre-train Epoch: 21 [19200/40200 (48%)]	Loss: 1.728864	Acc: 49.16%
Pre-train Epoch: 21 [25600/40200 (64%)]	Loss: 1.675611	Acc: 49.14%
Pre-train Epoch: 21 [32000/40200 (79%)]	Loss: 1.310046	Acc: 48.86%
Pre-train Epoch: 21 [38400/40200 (95%)]	Loss: 1.559625	Acc: 48.93%
Pre-train Epoch: 22 [0/40200 (0%)]	Loss: 1.491291	Acc: 51.56%
Pre-train Epoch: 22 [6400/40200 (16%)]	Loss: 1.462365	Acc: 50.29%
Pre-train Epoch: 22 [12800/40200 (32%)]	Loss: 1.270524	Acc: 50.11%
Pre-train Epoch: 22 [19200/40200 (48%)]	Loss: 1.528193	Acc: 49.93%
Pre-train Epoch: 22 [25600/40200 (64%)]	Loss: 1.512288	Acc: 49.74%
Pre-train Epoch: 22 [32000/40200 (79%)]	Loss: 1.386811	Acc: 49.85%
Pre-train Epoch: 22 [38400/40200 (95%)]	Loss: 1.748633	Acc: 49.98%
Pre-train Epoch: 23 [0/40200 (0%)]	Loss: 1.500741	Acc: 46.88%
Pre-train Epoch: 23 [6400/40200 (16%)]	Loss: 1.601162	Acc: 48.61%
Pre-train Epoch: 23 [12800/40200 (32%)]	Loss: 1.400090	Acc: 49.13%
Pre-train Epoch: 23 [19200/40200 (48%)]	Loss: 1.456707	Acc: 49.38%
Pre-train Epoch: 23 [25600/40200 (64%)]	Loss: 1.835671	Acc: 49.54%
Pre-train Epoch: 23 [32000/40200 (79%)]	Loss: 1.363996	Acc: 49.85%
Pre-train Epoch: 23 [38400/40200 (95%)]	Loss: 1.555145	Acc: 49.97%
Pre-train Epoch: 24 [0/40200 (0%)]	Loss: 1.461585	Acc: 53.12%
Pre-train Epoch: 24 [6400/40200 (16%)]	Loss: 1.454883	Acc: 51.49%
Pre-train Epoch: 24 [12800/40200 (32%)]	Loss: 1.510578	Acc: 50.72%
Pre-train Epoch: 24 [19200/40200 (48%)]	Loss: 1.825114	Acc: 50.66%
Pre-train Epoch: 24 [25600/40200 (64%)]	Loss: 1.374040	Acc: 50.48%
Pre-train Epoch: 24 [32000/40200 (79%)]	Loss: 1.703090	Acc: 50.40%
Pre-train Epoch: 24 [38400/40200 (95%)]	Loss: 1.518761	Acc: 50.49%
Pre-train Epoch: 25 [0/40200 (0%)]	Loss: 1.548299	Acc: 43.75%
Pre-train Epoch: 25 [6400/40200 (16%)]	Loss: 1.565290	Acc: 50.26%
Pre-train Epoch: 25 [12800/40200 (32%)]	Loss: 1.384527	Acc: 50.79%
Pre-train Epoch: 25 [19200/40200 (48%)]	Loss: 1.557270	Acc: 50.71%
Pre-train Epoch: 25 [25600/40200 (64%)]	Loss: 1.492981	Acc: 50.76%
Pre-train Epoch: 25 [32000/40200 (79%)]	Loss: 1.366753	Acc: 51.05%
Pre-train Epoch: 25 [38400/40200 (95%)]	Loss: 1.357778	Acc: 51.21%
Pre-train Epoch: 26 [0/40200 (0%)]	Loss: 1.436890	Acc: 57.81%
Pre-train Epoch: 26 [6400/40200 (16%)]	Loss: 1.509063	Acc: 52.01%
Pre-train Epoch: 26 [12800/40200 (32%)]	Loss: 1.432510	Acc: 51.40%
Pre-train Epoch: 26 [19200/40200 (48%)]	Loss: 1.562659	Acc: 51.58%
Pre-train Epoch: 26 [25600/40200 (64%)]	Loss: 1.520288	Acc: 51.61%
Pre-train Epoch: 26 [32000/40200 (79%)]	Loss: 1.526787	Acc: 51.53%
Pre-train Epoch: 26 [38400/40200 (95%)]	Loss: 1.540838	Acc: 51.33%
Pre-train Epoch: 27 [0/40200 (0%)]	Loss: 1.649177	Acc: 37.50%
Pre-train Epoch: 27 [6400/40200 (16%)]	Loss: 1.352829	Acc: 50.71%
Pre-train Epoch: 27 [12800/40200 (32%)]	Loss: 1.461307	Acc: 50.88%
Pre-train Epoch: 27 [19200/40200 (48%)]	Loss: 1.294196	Acc: 51.21%
Pre-train Epoch: 27 [25600/40200 (64%)]	Loss: 1.575685	Acc: 51.36%
Pre-train Epoch: 27 [32000/40200 (79%)]	Loss: 1.702857	Acc: 51.26%
Pre-train Epoch: 27 [38400/40200 (95%)]	Loss: 1.990717	Acc: 51.26%
Pre-train Epoch: 28 [0/40200 (0%)]	Loss: 1.604291	Acc: 48.44%
Pre-train Epoch: 28 [6400/40200 (16%)]	Loss: 1.519888	Acc: 51.02%
Pre-train Epoch: 28 [12800/40200 (32%)]	Loss: 1.374542	Acc: 51.73%
Pre-train Epoch: 28 [19200/40200 (48%)]	Loss: 1.290161	Acc: 51.31%
Pre-train Epoch: 28 [25600/40200 (64%)]	Loss: 1.247305	Acc: 51.17%
Pre-train Epoch: 28 [32000/40200 (79%)]	Loss: 1.415283	Acc: 51.47%
Pre-train Epoch: 28 [38400/40200 (95%)]	Loss: 1.435270	Acc: 51.58%
Pre-train Epoch: 29 [0/40200 (0%)]	Loss: 1.477101	Acc: 42.19%
Pre-train Epoch: 29 [6400/40200 (16%)]	Loss: 1.681466	Acc: 51.24%
Pre-train Epoch: 29 [12800/40200 (32%)]	Loss: 1.579697	Acc: 51.41%
Pre-train Epoch: 29 [19200/40200 (48%)]	Loss: 1.368996	Acc: 50.94%
Pre-train Epoch: 29 [25600/40200 (64%)]	Loss: 1.530679	Acc: 51.38%
Pre-train Epoch: 29 [32000/40200 (79%)]	Loss: 1.404155	Acc: 51.46%
Pre-train Epoch: 29 [38400/40200 (95%)]	Loss: 1.344621	Acc: 51.74%
Pre-train Epoch: 30 [0/40200 (0%)]	Loss: 1.400357	Acc: 59.38%
Pre-train Epoch: 30 [6400/40200 (16%)]	Loss: 1.465919	Acc: 51.33%
Pre-train Epoch: 30 [12800/40200 (32%)]	Loss: 1.349997	Acc: 51.48%
Pre-train Epoch: 30 [19200/40200 (48%)]	Loss: 1.393292	Acc: 51.83%
Pre-train Epoch: 30 [25600/40200 (64%)]	Loss: 1.488913	Acc: 52.07%
Pre-train Epoch: 30 [32000/40200 (79%)]	Loss: 1.403529	Acc: 52.09%
Pre-train Epoch: 30 [38400/40200 (95%)]	Loss: 1.290635	Acc: 52.09%
Pre-train Epoch: 31 [0/40200 (0%)]	Loss: 1.315401	Acc: 54.69%
Pre-train Epoch: 31 [6400/40200 (16%)]	Loss: 1.368284	Acc: 52.58%
Pre-train Epoch: 31 [12800/40200 (32%)]	Loss: 1.229521	Acc: 52.98%
Pre-train Epoch: 31 [19200/40200 (48%)]	Loss: 1.612584	Acc: 52.69%
Pre-train Epoch: 31 [25600/40200 (64%)]	Loss: 1.670737	Acc: 52.60%
Pre-train Epoch: 31 [32000/40200 (79%)]	Loss: 1.390219	Acc: 52.54%
Pre-train Epoch: 31 [38400/40200 (95%)]	Loss: 1.306774	Acc: 52.48%
Pre-train Epoch: 32 [0/40200 (0%)]	Loss: 1.405645	Acc: 53.12%
Pre-train Epoch: 32 [6400/40200 (16%)]	Loss: 1.611779	Acc: 52.20%
Pre-train Epoch: 32 [12800/40200 (32%)]	Loss: 1.474923	Acc: 51.91%
Pre-train Epoch: 32 [19200/40200 (48%)]	Loss: 1.140936	Acc: 52.60%
Pre-train Epoch: 32 [25600/40200 (64%)]	Loss: 1.163810	Acc: 52.68%
Pre-train Epoch: 32 [32000/40200 (79%)]	Loss: 1.368666	Acc: 52.78%
Pre-train Epoch: 32 [38400/40200 (95%)]	Loss: 1.623768	Acc: 52.72%
Pre-train Epoch: 33 [0/40200 (0%)]	Loss: 1.419372	Acc: 56.25%
Pre-train Epoch: 33 [6400/40200 (16%)]	Loss: 1.179429	Acc: 52.61%
Pre-train Epoch: 33 [12800/40200 (32%)]	Loss: 1.281339	Acc: 52.92%
Pre-train Epoch: 33 [19200/40200 (48%)]	Loss: 1.669121	Acc: 52.76%
Pre-train Epoch: 33 [25600/40200 (64%)]	Loss: 1.122783	Acc: 52.95%
Pre-train Epoch: 33 [32000/40200 (79%)]	Loss: 1.466397	Acc: 52.98%
Pre-train Epoch: 33 [38400/40200 (95%)]	Loss: 1.371866	Acc: 52.94%
Pre-train Epoch: 34 [0/40200 (0%)]	Loss: 1.336961	Acc: 50.00%
Pre-train Epoch: 34 [6400/40200 (16%)]	Loss: 1.088643	Acc: 53.23%
Pre-train Epoch: 34 [12800/40200 (32%)]	Loss: 1.444937	Acc: 52.82%
Pre-train Epoch: 34 [19200/40200 (48%)]	Loss: 1.423033	Acc: 52.93%
Pre-train Epoch: 34 [25600/40200 (64%)]	Loss: 1.538877	Acc: 52.69%
Pre-train Epoch: 34 [32000/40200 (79%)]	Loss: 1.636748	Acc: 52.77%
Pre-train Epoch: 34 [38400/40200 (95%)]	Loss: 1.502773	Acc: 52.79%
Pre-train Epoch: 35 [0/40200 (0%)]	Loss: 1.277127	Acc: 56.25%
Pre-train Epoch: 35 [6400/40200 (16%)]	Loss: 1.270006	Acc: 52.91%
Pre-train Epoch: 35 [12800/40200 (32%)]	Loss: 1.572454	Acc: 53.04%
Pre-train Epoch: 35 [19200/40200 (48%)]	Loss: 1.312349	Acc: 53.10%
Pre-train Epoch: 35 [25600/40200 (64%)]	Loss: 1.534696	Acc: 52.94%
Pre-train Epoch: 35 [32000/40200 (79%)]	Loss: 1.735276	Acc: 53.09%
Pre-train Epoch: 35 [38400/40200 (95%)]	Loss: 1.233109	Acc: 53.17%
Pre-train Epoch: 36 [0/40200 (0%)]	Loss: 1.499470	Acc: 56.25%
Pre-train Epoch: 36 [6400/40200 (16%)]	Loss: 1.351738	Acc: 52.71%
Pre-train Epoch: 36 [12800/40200 (32%)]	Loss: 1.450976	Acc: 52.83%
Pre-train Epoch: 36 [19200/40200 (48%)]	Loss: 1.311483	Acc: 53.19%
Pre-train Epoch: 36 [25600/40200 (64%)]	Loss: 1.242844	Acc: 53.37%
Pre-train Epoch: 36 [32000/40200 (79%)]	Loss: 1.420390	Acc: 53.49%
Pre-train Epoch: 36 [38400/40200 (95%)]	Loss: 1.464810	Acc: 53.36%
Pre-train Epoch: 37 [0/40200 (0%)]	Loss: 1.483298	Acc: 46.88%
Pre-train Epoch: 37 [6400/40200 (16%)]	Loss: 1.278056	Acc: 54.10%
Pre-train Epoch: 37 [12800/40200 (32%)]	Loss: 1.773745	Acc: 54.04%
Pre-train Epoch: 37 [19200/40200 (48%)]	Loss: 1.203952	Acc: 53.97%
Pre-train Epoch: 37 [25600/40200 (64%)]	Loss: 1.343057	Acc: 54.09%
Pre-train Epoch: 37 [32000/40200 (79%)]	Loss: 1.360567	Acc: 53.96%
Pre-train Epoch: 37 [38400/40200 (95%)]	Loss: 1.259034	Acc: 53.87%
Pre-train Epoch: 38 [0/40200 (0%)]	Loss: 1.515119	Acc: 45.31%
Pre-train Epoch: 38 [6400/40200 (16%)]	Loss: 1.600005	Acc: 53.54%
Pre-train Epoch: 38 [12800/40200 (32%)]	Loss: 1.021483	Acc: 53.42%
Pre-train Epoch: 38 [19200/40200 (48%)]	Loss: 1.228127	Acc: 53.59%
Pre-train Epoch: 38 [25600/40200 (64%)]	Loss: 1.193564	Acc: 53.67%
Pre-train Epoch: 38 [32000/40200 (79%)]	Loss: 1.297696	Acc: 53.64%
Pre-train Epoch: 38 [38400/40200 (95%)]	Loss: 1.246504	Acc: 53.72%
Pre-train Epoch: 39 [0/40200 (0%)]	Loss: 1.785991	Acc: 46.88%
Pre-train Epoch: 39 [6400/40200 (16%)]	Loss: 1.278513	Acc: 54.10%
Pre-train Epoch: 39 [12800/40200 (32%)]	Loss: 1.167492	Acc: 54.32%
Pre-train Epoch: 39 [19200/40200 (48%)]	Loss: 1.060439	Acc: 54.71%
Pre-train Epoch: 39 [25600/40200 (64%)]	Loss: 1.203119	Acc: 54.69%
Pre-train Epoch: 39 [32000/40200 (79%)]	Loss: 1.292079	Acc: 54.45%
Pre-train Epoch: 39 [38400/40200 (95%)]	Loss: 1.595782	Acc: 54.36%
Pre-train Epoch: 40 [0/40200 (0%)]	Loss: 1.407597	Acc: 54.69%
Pre-train Epoch: 40 [6400/40200 (16%)]	Loss: 1.451052	Acc: 53.45%
Pre-train Epoch: 40 [12800/40200 (32%)]	Loss: 1.139975	Acc: 54.38%
Pre-train Epoch: 40 [19200/40200 (48%)]	Loss: 1.508292	Acc: 54.33%
Pre-train Epoch: 40 [25600/40200 (64%)]	Loss: 1.595424	Acc: 54.22%
Pre-train Epoch: 40 [32000/40200 (79%)]	Loss: 1.539626	Acc: 54.06%
Pre-train Epoch: 40 [38400/40200 (95%)]	Loss: 1.088867	Acc: 54.37%
Pre-train Epoch: 41 [0/40200 (0%)]	Loss: 1.217539	Acc: 56.25%
Pre-train Epoch: 41 [6400/40200 (16%)]	Loss: 1.346041	Acc: 54.61%
Pre-train Epoch: 41 [12800/40200 (32%)]	Loss: 1.509432	Acc: 54.90%
Pre-train Epoch: 41 [19200/40200 (48%)]	Loss: 1.400967	Acc: 54.54%
Pre-train Epoch: 41 [25600/40200 (64%)]	Loss: 1.533252	Acc: 54.63%
Pre-train Epoch: 41 [32000/40200 (79%)]	Loss: 1.334231	Acc: 54.66%
Pre-train Epoch: 41 [38400/40200 (95%)]	Loss: 1.521345	Acc: 54.79%
Pre-train Epoch: 42 [0/40200 (0%)]	Loss: 1.389439	Acc: 54.69%
Pre-train Epoch: 42 [6400/40200 (16%)]	Loss: 1.421120	Acc: 54.32%
Pre-train Epoch: 42 [12800/40200 (32%)]	Loss: 1.113872	Acc: 54.94%
Pre-train Epoch: 42 [19200/40200 (48%)]	Loss: 1.386329	Acc: 54.66%
Pre-train Epoch: 42 [25600/40200 (64%)]	Loss: 1.539217	Acc: 54.57%
Pre-train Epoch: 42 [32000/40200 (79%)]	Loss: 1.239101	Acc: 54.67%
Pre-train Epoch: 42 [38400/40200 (95%)]	Loss: 1.377843	Acc: 54.73%
Pre-train Epoch: 43 [0/40200 (0%)]	Loss: 1.196393	Acc: 65.62%
Pre-train Epoch: 43 [6400/40200 (16%)]	Loss: 1.635756	Acc: 55.09%
Pre-train Epoch: 43 [12800/40200 (32%)]	Loss: 1.283010	Acc: 55.17%
Pre-train Epoch: 43 [19200/40200 (48%)]	Loss: 1.395814	Acc: 55.05%
Pre-train Epoch: 43 [25600/40200 (64%)]	Loss: 1.232704	Acc: 55.09%
Pre-train Epoch: 43 [32000/40200 (79%)]	Loss: 1.415848	Acc: 55.17%
Pre-train Epoch: 43 [38400/40200 (95%)]	Loss: 1.156100	Acc: 55.29%
Pre-train Epoch: 44 [0/40200 (0%)]	Loss: 1.167148	Acc: 59.38%
Pre-train Epoch: 44 [6400/40200 (16%)]	Loss: 1.408940	Acc: 54.53%
Pre-train Epoch: 44 [12800/40200 (32%)]	Loss: 1.488097	Acc: 55.38%
Pre-train Epoch: 44 [19200/40200 (48%)]	Loss: 1.436453	Acc: 55.44%
Pre-train Epoch: 44 [25600/40200 (64%)]	Loss: 1.438480	Acc: 55.60%
Pre-train Epoch: 44 [32000/40200 (79%)]	Loss: 1.352064	Acc: 55.43%
Pre-train Epoch: 44 [38400/40200 (95%)]	Loss: 1.460587	Acc: 55.45%
Pre-train Epoch: 45 [0/40200 (0%)]	Loss: 1.313617	Acc: 57.81%
Pre-train Epoch: 45 [6400/40200 (16%)]	Loss: 1.451977	Acc: 55.12%
Pre-train Epoch: 45 [12800/40200 (32%)]	Loss: 1.418923	Acc: 55.37%
Pre-train Epoch: 45 [19200/40200 (48%)]	Loss: 1.036485	Acc: 55.62%
Pre-train Epoch: 45 [25600/40200 (64%)]	Loss: 1.339916	Acc: 55.60%
Pre-train Epoch: 45 [32000/40200 (79%)]	Loss: 1.449232	Acc: 55.51%
Pre-train Epoch: 45 [38400/40200 (95%)]	Loss: 1.257733	Acc: 55.50%
Pre-train Epoch: 46 [0/40200 (0%)]	Loss: 1.469164	Acc: 48.44%
Pre-train Epoch: 46 [6400/40200 (16%)]	Loss: 1.203380	Acc: 55.07%
Pre-train Epoch: 46 [12800/40200 (32%)]	Loss: 1.125639	Acc: 55.12%
Pre-train Epoch: 46 [19200/40200 (48%)]	Loss: 1.111683	Acc: 55.36%
Pre-train Epoch: 46 [25600/40200 (64%)]	Loss: 1.322492	Acc: 55.74%
Pre-train Epoch: 46 [32000/40200 (79%)]	Loss: 1.247397	Acc: 55.88%
Pre-train Epoch: 46 [38400/40200 (95%)]	Loss: 0.913226	Acc: 55.84%
Pre-train Epoch: 47 [0/40200 (0%)]	Loss: 1.197580	Acc: 60.94%
Pre-train Epoch: 47 [6400/40200 (16%)]	Loss: 1.433054	Acc: 55.52%
Pre-train Epoch: 47 [12800/40200 (32%)]	Loss: 1.303201	Acc: 56.44%
Pre-train Epoch: 47 [19200/40200 (48%)]	Loss: 1.506126	Acc: 56.66%
Pre-train Epoch: 47 [25600/40200 (64%)]	Loss: 1.055813	Acc: 56.81%
Pre-train Epoch: 47 [32000/40200 (79%)]	Loss: 1.103163	Acc: 56.72%
Pre-train Epoch: 47 [38400/40200 (95%)]	Loss: 1.121718	Acc: 56.72%
Pre-train Epoch: 48 [0/40200 (0%)]	Loss: 1.251460	Acc: 53.12%
Pre-train Epoch: 48 [6400/40200 (16%)]	Loss: 1.289512	Acc: 55.66%
Pre-train Epoch: 48 [12800/40200 (32%)]	Loss: 1.561652	Acc: 56.12%
Pre-train Epoch: 48 [19200/40200 (48%)]	Loss: 1.250494	Acc: 55.89%
Pre-train Epoch: 48 [25600/40200 (64%)]	Loss: 1.520581	Acc: 56.27%
Pre-train Epoch: 48 [32000/40200 (79%)]	Loss: 1.176287	Acc: 56.16%
Pre-train Epoch: 48 [38400/40200 (95%)]	Loss: 0.975376	Acc: 56.00%
Pre-train Epoch: 49 [0/40200 (0%)]	Loss: 1.487864	Acc: 43.75%
Pre-train Epoch: 49 [6400/40200 (16%)]	Loss: 1.092837	Acc: 56.37%
Pre-train Epoch: 49 [12800/40200 (32%)]	Loss: 1.515902	Acc: 56.31%
Pre-train Epoch: 49 [19200/40200 (48%)]	Loss: 1.172518	Acc: 56.43%
Pre-train Epoch: 49 [25600/40200 (64%)]	Loss: 1.482984	Acc: 56.30%
Pre-train Epoch: 49 [32000/40200 (79%)]	Loss: 1.230492	Acc: 56.30%
Pre-train Epoch: 49 [38400/40200 (95%)]	Loss: 1.556967	Acc: 56.33%
Pre-train Epoch: 50 [0/40200 (0%)]	Loss: 1.536269	Acc: 45.31%
Pre-train Epoch: 50 [6400/40200 (16%)]	Loss: 1.238490	Acc: 55.32%
Pre-train Epoch: 50 [12800/40200 (32%)]	Loss: 1.318227	Acc: 55.41%
Pre-train Epoch: 50 [19200/40200 (48%)]	Loss: 1.431648	Acc: 55.88%
Pre-train Epoch: 50 [25600/40200 (64%)]	Loss: 1.080832	Acc: 56.38%
Pre-train Epoch: 50 [32000/40200 (79%)]	Loss: 1.597054	Acc: 56.15%
Pre-train Epoch: 50 [38400/40200 (95%)]	Loss: 1.385057	Acc: 56.25%
Pre-train Epoch: 51 [0/40200 (0%)]	Loss: 1.185150	Acc: 59.38%
Pre-train Epoch: 51 [6400/40200 (16%)]	Loss: 1.543768	Acc: 55.68%
Pre-train Epoch: 51 [12800/40200 (32%)]	Loss: 1.237408	Acc: 55.86%
Pre-train Epoch: 51 [19200/40200 (48%)]	Loss: 1.179187	Acc: 56.45%
Pre-train Epoch: 51 [25600/40200 (64%)]	Loss: 1.312613	Acc: 56.87%
Pre-train Epoch: 51 [32000/40200 (79%)]	Loss: 1.396077	Acc: 56.75%
Pre-train Epoch: 51 [38400/40200 (95%)]	Loss: 1.214772	Acc: 56.66%
Pre-train Epoch: 52 [0/40200 (0%)]	Loss: 1.247025	Acc: 59.38%
Pre-train Epoch: 52 [6400/40200 (16%)]	Loss: 1.211174	Acc: 56.44%
Pre-train Epoch: 52 [12800/40200 (32%)]	Loss: 1.231396	Acc: 56.84%
Pre-train Epoch: 52 [19200/40200 (48%)]	Loss: 1.477082	Acc: 56.88%
Pre-train Epoch: 52 [25600/40200 (64%)]	Loss: 1.188121	Acc: 56.83%
Pre-train Epoch: 52 [32000/40200 (79%)]	Loss: 1.199765	Acc: 56.70%
Pre-train Epoch: 52 [38400/40200 (95%)]	Loss: 1.158264	Acc: 56.68%
Pre-train Epoch: 53 [0/40200 (0%)]	Loss: 1.299826	Acc: 57.81%
Pre-train Epoch: 53 [6400/40200 (16%)]	Loss: 1.286037	Acc: 56.34%
Pre-train Epoch: 53 [12800/40200 (32%)]	Loss: 1.623351	Acc: 56.72%
Pre-train Epoch: 53 [19200/40200 (48%)]	Loss: 1.403924	Acc: 56.90%
Pre-train Epoch: 53 [25600/40200 (64%)]	Loss: 1.332731	Acc: 56.87%
Pre-train Epoch: 53 [32000/40200 (79%)]	Loss: 1.098916	Acc: 57.05%
Pre-train Epoch: 53 [38400/40200 (95%)]	Loss: 1.425608	Acc: 57.07%
Pre-train Epoch: 54 [0/40200 (0%)]	Loss: 1.222591	Acc: 60.94%
Pre-train Epoch: 54 [6400/40200 (16%)]	Loss: 1.180337	Acc: 57.15%
Pre-train Epoch: 54 [12800/40200 (32%)]	Loss: 1.446437	Acc: 56.79%
Pre-train Epoch: 54 [19200/40200 (48%)]	Loss: 1.330667	Acc: 57.06%
Pre-train Epoch: 54 [25600/40200 (64%)]	Loss: 1.109338	Acc: 57.19%
Pre-train Epoch: 54 [32000/40200 (79%)]	Loss: 1.405497	Acc: 57.01%
Pre-train Epoch: 54 [38400/40200 (95%)]	Loss: 1.121961	Acc: 56.87%
Pre-train Epoch: 55 [0/40200 (0%)]	Loss: 1.403005	Acc: 57.81%
Pre-train Epoch: 55 [6400/40200 (16%)]	Loss: 1.317971	Acc: 57.78%
Pre-train Epoch: 55 [12800/40200 (32%)]	Loss: 1.214969	Acc: 57.69%
Pre-train Epoch: 55 [19200/40200 (48%)]	Loss: 1.362207	Acc: 57.19%
Pre-train Epoch: 55 [25600/40200 (64%)]	Loss: 1.418901	Acc: 57.27%
Pre-train Epoch: 55 [32000/40200 (79%)]	Loss: 1.252928	Acc: 57.19%
Pre-train Epoch: 55 [38400/40200 (95%)]	Loss: 1.246874	Acc: 57.27%
Pre-train Epoch: 56 [0/40200 (0%)]	Loss: 1.171600	Acc: 62.50%
Pre-train Epoch: 56 [6400/40200 (16%)]	Loss: 1.342208	Acc: 56.34%
Pre-train Epoch: 56 [12800/40200 (32%)]	Loss: 1.400121	Acc: 57.42%
Pre-train Epoch: 56 [19200/40200 (48%)]	Loss: 1.318533	Acc: 57.16%
Pre-train Epoch: 56 [25600/40200 (64%)]	Loss: 1.423776	Acc: 56.88%
Pre-train Epoch: 56 [32000/40200 (79%)]	Loss: 1.296678	Acc: 56.91%
Pre-train Epoch: 56 [38400/40200 (95%)]	Loss: 1.098454	Acc: 57.00%
Pre-train Epoch: 57 [0/40200 (0%)]	Loss: 1.166026	Acc: 60.94%
Pre-train Epoch: 57 [6400/40200 (16%)]	Loss: 1.100743	Acc: 57.67%
Pre-train Epoch: 57 [12800/40200 (32%)]	Loss: 1.133970	Acc: 58.50%
Pre-train Epoch: 57 [19200/40200 (48%)]	Loss: 1.380623	Acc: 58.09%
Pre-train Epoch: 57 [25600/40200 (64%)]	Loss: 1.135640	Acc: 57.78%
Pre-train Epoch: 57 [32000/40200 (79%)]	Loss: 1.213083	Acc: 57.64%
Pre-train Epoch: 57 [38400/40200 (95%)]	Loss: 1.368841	Acc: 57.68%
Pre-train Epoch: 58 [0/40200 (0%)]	Loss: 1.645452	Acc: 37.50%
Pre-train Epoch: 58 [6400/40200 (16%)]	Loss: 1.320698	Acc: 56.73%
Pre-train Epoch: 58 [12800/40200 (32%)]	Loss: 1.353804	Acc: 56.86%
Pre-train Epoch: 58 [19200/40200 (48%)]	Loss: 1.156888	Acc: 56.83%
Pre-train Epoch: 58 [25600/40200 (64%)]	Loss: 1.689535	Acc: 56.72%
Pre-train Epoch: 58 [32000/40200 (79%)]	Loss: 1.291669	Acc: 57.05%
Pre-train Epoch: 58 [38400/40200 (95%)]	Loss: 1.562584	Acc: 57.37%
Pre-train Epoch: 59 [0/40200 (0%)]	Loss: 1.020771	Acc: 70.31%
Pre-train Epoch: 59 [6400/40200 (16%)]	Loss: 1.330637	Acc: 56.82%
Pre-train Epoch: 59 [12800/40200 (32%)]	Loss: 1.009123	Acc: 57.57%
Pre-train Epoch: 59 [19200/40200 (48%)]	Loss: 1.354277	Acc: 57.80%
Pre-train Epoch: 59 [25600/40200 (64%)]	Loss: 1.139518	Acc: 57.69%
Pre-train Epoch: 59 [32000/40200 (79%)]	Loss: 1.275587	Acc: 57.78%
Pre-train Epoch: 59 [38400/40200 (95%)]	Loss: 1.336910	Acc: 57.75%
Pre-train Epoch: 60 [0/40200 (0%)]	Loss: 1.298424	Acc: 56.25%
Pre-train Epoch: 60 [6400/40200 (16%)]	Loss: 1.270821	Acc: 57.83%
Pre-train Epoch: 60 [12800/40200 (32%)]	Loss: 1.381621	Acc: 57.19%
Pre-train Epoch: 60 [19200/40200 (48%)]	Loss: 1.421314	Acc: 57.22%
Pre-train Epoch: 60 [25600/40200 (64%)]	Loss: 1.231407	Acc: 57.59%
Pre-train Epoch: 60 [32000/40200 (79%)]	Loss: 1.575677	Acc: 57.64%
Pre-train Epoch: 60 [38400/40200 (95%)]	Loss: 1.093949	Acc: 57.47%
Pre-train Epoch: 61 [0/40200 (0%)]	Loss: 1.154679	Acc: 70.31%
Pre-train Epoch: 61 [6400/40200 (16%)]	Loss: 1.203436	Acc: 58.17%
Pre-train Epoch: 61 [12800/40200 (32%)]	Loss: 1.253681	Acc: 57.84%
Pre-train Epoch: 61 [19200/40200 (48%)]	Loss: 1.148789	Acc: 57.99%
Pre-train Epoch: 61 [25600/40200 (64%)]	Loss: 1.256080	Acc: 58.05%
Pre-train Epoch: 61 [32000/40200 (79%)]	Loss: 1.054996	Acc: 57.97%
Pre-train Epoch: 61 [38400/40200 (95%)]	Loss: 1.327381	Acc: 57.98%
Pre-train Epoch: 62 [0/40200 (0%)]	Loss: 1.313904	Acc: 59.38%
Pre-train Epoch: 62 [6400/40200 (16%)]	Loss: 1.469695	Acc: 58.77%
Pre-train Epoch: 62 [12800/40200 (32%)]	Loss: 1.157659	Acc: 58.83%
Pre-train Epoch: 62 [19200/40200 (48%)]	Loss: 1.140945	Acc: 58.44%
Pre-train Epoch: 62 [25600/40200 (64%)]	Loss: 1.165032	Acc: 58.04%
Pre-train Epoch: 62 [32000/40200 (79%)]	Loss: 1.256120	Acc: 57.78%
Pre-train Epoch: 62 [38400/40200 (95%)]	Loss: 1.231131	Acc: 57.87%
Pre-train Epoch: 63 [0/40200 (0%)]	Loss: 1.264735	Acc: 64.06%
Pre-train Epoch: 63 [6400/40200 (16%)]	Loss: 1.386789	Acc: 58.77%
Pre-train Epoch: 63 [12800/40200 (32%)]	Loss: 1.272937	Acc: 58.59%
Pre-train Epoch: 63 [19200/40200 (48%)]	Loss: 1.324758	Acc: 58.38%
Pre-train Epoch: 63 [25600/40200 (64%)]	Loss: 1.254113	Acc: 58.07%
Pre-train Epoch: 63 [32000/40200 (79%)]	Loss: 1.155095	Acc: 58.06%
Pre-train Epoch: 63 [38400/40200 (95%)]	Loss: 1.157266	Acc: 58.25%
Pre-train Epoch: 64 [0/40200 (0%)]	Loss: 1.229905	Acc: 59.38%
Pre-train Epoch: 64 [6400/40200 (16%)]	Loss: 1.072745	Acc: 59.47%
Pre-train Epoch: 64 [12800/40200 (32%)]	Loss: 1.457988	Acc: 58.63%
Pre-train Epoch: 64 [19200/40200 (48%)]	Loss: 1.441805	Acc: 58.37%
Pre-train Epoch: 64 [25600/40200 (64%)]	Loss: 1.417453	Acc: 58.62%
Pre-train Epoch: 64 [32000/40200 (79%)]	Loss: 1.089257	Acc: 58.49%
Pre-train Epoch: 64 [38400/40200 (95%)]	Loss: 1.124574	Acc: 58.49%
Pre-train Epoch: 65 [0/40200 (0%)]	Loss: 1.105271	Acc: 60.94%
Pre-train Epoch: 65 [6400/40200 (16%)]	Loss: 1.206131	Acc: 57.75%
Pre-train Epoch: 65 [12800/40200 (32%)]	Loss: 1.081923	Acc: 58.17%
Pre-train Epoch: 65 [19200/40200 (48%)]	Loss: 1.442600	Acc: 58.05%
Pre-train Epoch: 65 [25600/40200 (64%)]	Loss: 1.052063	Acc: 57.87%
Pre-train Epoch: 65 [32000/40200 (79%)]	Loss: 1.172792	Acc: 57.94%
Pre-train Epoch: 65 [38400/40200 (95%)]	Loss: 1.396430	Acc: 58.17%
Pre-train Epoch: 66 [0/40200 (0%)]	Loss: 1.160291	Acc: 59.38%
Pre-train Epoch: 66 [6400/40200 (16%)]	Loss: 1.147484	Acc: 58.88%
Pre-train Epoch: 66 [12800/40200 (32%)]	Loss: 1.233752	Acc: 58.82%
Pre-train Epoch: 66 [19200/40200 (48%)]	Loss: 1.370750	Acc: 58.58%
Pre-train Epoch: 66 [25600/40200 (64%)]	Loss: 1.091546	Acc: 58.44%
Pre-train Epoch: 66 [32000/40200 (79%)]	Loss: 1.111342	Acc: 58.58%
Pre-train Epoch: 66 [38400/40200 (95%)]	Loss: 0.998551	Acc: 58.62%
Pre-train Epoch: 67 [0/40200 (0%)]	Loss: 1.228878	Acc: 59.38%
Pre-train Epoch: 67 [6400/40200 (16%)]	Loss: 1.234384	Acc: 58.76%
Pre-train Epoch: 67 [12800/40200 (32%)]	Loss: 1.054225	Acc: 58.71%
Pre-train Epoch: 67 [19200/40200 (48%)]	Loss: 1.276220	Acc: 58.51%
Pre-train Epoch: 67 [25600/40200 (64%)]	Loss: 1.238230	Acc: 58.55%
Pre-train Epoch: 67 [32000/40200 (79%)]	Loss: 1.537566	Acc: 58.57%
Pre-train Epoch: 67 [38400/40200 (95%)]	Loss: 1.064463	Acc: 58.60%
Pre-train Epoch: 68 [0/40200 (0%)]	Loss: 1.120685	Acc: 62.50%
Pre-train Epoch: 68 [6400/40200 (16%)]	Loss: 1.304945	Acc: 58.32%
Pre-train Epoch: 68 [12800/40200 (32%)]	Loss: 1.324702	Acc: 58.34%
Pre-train Epoch: 68 [19200/40200 (48%)]	Loss: 1.242838	Acc: 58.36%
Pre-train Epoch: 68 [25600/40200 (64%)]	Loss: 1.273312	Acc: 58.64%
Pre-train Epoch: 68 [32000/40200 (79%)]	Loss: 1.062331	Acc: 58.55%
Pre-train Epoch: 68 [38400/40200 (95%)]	Loss: 1.477850	Acc: 58.45%
Pre-train Epoch: 69 [0/40200 (0%)]	Loss: 1.414580	Acc: 51.56%
Pre-train Epoch: 69 [6400/40200 (16%)]	Loss: 1.051342	Acc: 57.13%
Pre-train Epoch: 69 [12800/40200 (32%)]	Loss: 1.218039	Acc: 58.30%
Pre-train Epoch: 69 [19200/40200 (48%)]	Loss: 1.143368	Acc: 58.87%
Pre-train Epoch: 69 [25600/40200 (64%)]	Loss: 1.129595	Acc: 59.01%
Pre-train Epoch: 69 [32000/40200 (79%)]	Loss: 1.049871	Acc: 58.99%
Pre-train Epoch: 69 [38400/40200 (95%)]	Loss: 1.188834	Acc: 58.84%
Pre-train Epoch: 70 [0/40200 (0%)]	Loss: 1.405302	Acc: 51.56%
Pre-train Epoch: 70 [6400/40200 (16%)]	Loss: 1.263515	Acc: 57.80%
Pre-train Epoch: 70 [12800/40200 (32%)]	Loss: 1.514416	Acc: 58.11%
Pre-train Epoch: 70 [19200/40200 (48%)]	Loss: 1.315910	Acc: 58.07%
Pre-train Epoch: 70 [25600/40200 (64%)]	Loss: 1.250752	Acc: 58.61%
Pre-train Epoch: 70 [32000/40200 (79%)]	Loss: 1.272331	Acc: 58.62%
Pre-train Epoch: 70 [38400/40200 (95%)]	Loss: 1.190642	Acc: 58.78%
Pre-train Epoch: 71 [0/40200 (0%)]	Loss: 1.004197	Acc: 68.75%
Pre-train Epoch: 71 [6400/40200 (16%)]	Loss: 1.370413	Acc: 59.98%
Pre-train Epoch: 71 [12800/40200 (32%)]	Loss: 1.068560	Acc: 59.50%
Pre-train Epoch: 71 [19200/40200 (48%)]	Loss: 1.154540	Acc: 59.15%
Pre-train Epoch: 71 [25600/40200 (64%)]	Loss: 0.892971	Acc: 59.28%
Pre-train Epoch: 71 [32000/40200 (79%)]	Loss: 1.053882	Acc: 59.22%
Pre-train Epoch: 71 [38400/40200 (95%)]	Loss: 1.138290	Acc: 59.21%
Pre-train Epoch: 72 [0/40200 (0%)]	Loss: 1.151065	Acc: 62.50%
Pre-train Epoch: 72 [6400/40200 (16%)]	Loss: 1.073583	Acc: 59.65%
Pre-train Epoch: 72 [12800/40200 (32%)]	Loss: 1.120765	Acc: 59.34%
Pre-train Epoch: 72 [19200/40200 (48%)]	Loss: 1.222680	Acc: 59.22%
Pre-train Epoch: 72 [25600/40200 (64%)]	Loss: 0.973503	Acc: 59.29%
Pre-train Epoch: 72 [32000/40200 (79%)]	Loss: 1.211207	Acc: 59.21%
Pre-train Epoch: 72 [38400/40200 (95%)]	Loss: 1.327231	Acc: 59.11%
Pre-train Epoch: 73 [0/40200 (0%)]	Loss: 1.141119	Acc: 65.62%
Pre-train Epoch: 73 [6400/40200 (16%)]	Loss: 1.362750	Acc: 59.56%
Pre-train Epoch: 73 [12800/40200 (32%)]	Loss: 1.195422	Acc: 59.48%
Pre-train Epoch: 73 [19200/40200 (48%)]	Loss: 1.294229	Acc: 59.46%
Pre-train Epoch: 73 [25600/40200 (64%)]	Loss: 1.346077	Acc: 59.17%
Pre-train Epoch: 73 [32000/40200 (79%)]	Loss: 0.982930	Acc: 59.36%
Pre-train Epoch: 73 [38400/40200 (95%)]	Loss: 1.411526	Acc: 59.07%
Pre-train Epoch: 74 [0/40200 (0%)]	Loss: 1.308545	Acc: 53.12%
Pre-train Epoch: 74 [6400/40200 (16%)]	Loss: 0.965435	Acc: 59.84%
Pre-train Epoch: 74 [12800/40200 (32%)]	Loss: 1.196760	Acc: 59.52%
Pre-train Epoch: 74 [19200/40200 (48%)]	Loss: 1.164408	Acc: 59.19%
Pre-train Epoch: 74 [25600/40200 (64%)]	Loss: 1.116019	Acc: 59.18%
Pre-train Epoch: 74 [32000/40200 (79%)]	Loss: 1.078360	Acc: 59.24%
Pre-train Epoch: 74 [38400/40200 (95%)]	Loss: 1.119795	Acc: 59.32%
Pre-train Epoch: 75 [0/40200 (0%)]	Loss: 1.147121	Acc: 64.06%
Pre-train Epoch: 75 [6400/40200 (16%)]	Loss: 1.095861	Acc: 58.97%
Pre-train Epoch: 75 [12800/40200 (32%)]	Loss: 0.932067	Acc: 59.05%
Pre-train Epoch: 75 [19200/40200 (48%)]	Loss: 1.211784	Acc: 59.57%
Pre-train Epoch: 75 [25600/40200 (64%)]	Loss: 1.162036	Acc: 59.50%
Pre-train Epoch: 75 [32000/40200 (79%)]	Loss: 1.294154	Acc: 59.38%
Pre-train Epoch: 75 [38400/40200 (95%)]	Loss: 1.155357	Acc: 59.36%
Pre-train Epoch: 76 [0/40200 (0%)]	Loss: 1.177238	Acc: 59.38%
Pre-train Epoch: 76 [6400/40200 (16%)]	Loss: 1.341920	Acc: 59.42%
Pre-train Epoch: 76 [12800/40200 (32%)]	Loss: 1.151557	Acc: 59.82%
Pre-train Epoch: 76 [19200/40200 (48%)]	Loss: 0.973247	Acc: 59.65%
Pre-train Epoch: 76 [25600/40200 (64%)]	Loss: 1.189297	Acc: 59.80%
Pre-train Epoch: 76 [32000/40200 (79%)]	Loss: 1.360029	Acc: 59.67%
Pre-train Epoch: 76 [38400/40200 (95%)]	Loss: 1.244235	Acc: 59.59%
Pre-train Epoch: 77 [0/40200 (0%)]	Loss: 1.181450	Acc: 57.81%
Pre-train Epoch: 77 [6400/40200 (16%)]	Loss: 1.290773	Acc: 59.38%
Pre-train Epoch: 77 [12800/40200 (32%)]	Loss: 1.089423	Acc: 59.69%
Pre-train Epoch: 77 [19200/40200 (48%)]	Loss: 1.499474	Acc: 59.56%
Pre-train Epoch: 77 [25600/40200 (64%)]	Loss: 1.529321	Acc: 59.68%
Pre-train Epoch: 77 [32000/40200 (79%)]	Loss: 1.173847	Acc: 59.56%
Pre-train Epoch: 77 [38400/40200 (95%)]	Loss: 1.343792	Acc: 59.61%
Pre-train Epoch: 78 [0/40200 (0%)]	Loss: 1.435509	Acc: 53.12%
Pre-train Epoch: 78 [6400/40200 (16%)]	Loss: 1.197392	Acc: 59.16%
Pre-train Epoch: 78 [12800/40200 (32%)]	Loss: 1.438396	Acc: 59.05%
Pre-train Epoch: 78 [19200/40200 (48%)]	Loss: 1.055734	Acc: 59.41%
Pre-train Epoch: 78 [25600/40200 (64%)]	Loss: 1.221022	Acc: 59.54%
Pre-train Epoch: 78 [32000/40200 (79%)]	Loss: 1.075095	Acc: 59.53%
Pre-train Epoch: 78 [38400/40200 (95%)]	Loss: 1.300021	Acc: 59.67%
Pre-train Epoch: 79 [0/40200 (0%)]	Loss: 1.071985	Acc: 60.94%
Pre-train Epoch: 79 [6400/40200 (16%)]	Loss: 1.087890	Acc: 59.84%
Pre-train Epoch: 79 [12800/40200 (32%)]	Loss: 1.275506	Acc: 59.22%
Pre-train Epoch: 79 [19200/40200 (48%)]	Loss: 1.318039	Acc: 59.52%
Pre-train Epoch: 79 [25600/40200 (64%)]	Loss: 1.109013	Acc: 59.83%
Pre-train Epoch: 79 [32000/40200 (79%)]	Loss: 1.110393	Acc: 59.80%
Pre-train Epoch: 79 [38400/40200 (95%)]	Loss: 1.096638	Acc: 59.84%
Pre-train Epoch: 80 [0/40200 (0%)]	Loss: 1.137214	Acc: 64.06%
Pre-train Epoch: 80 [6400/40200 (16%)]	Loss: 1.374505	Acc: 59.85%
Pre-train Epoch: 80 [12800/40200 (32%)]	Loss: 1.144198	Acc: 60.02%
Pre-train Epoch: 80 [19200/40200 (48%)]	Loss: 1.090291	Acc: 59.88%
Pre-train Epoch: 80 [25600/40200 (64%)]	Loss: 1.061305	Acc: 59.80%
Pre-train Epoch: 80 [32000/40200 (79%)]	Loss: 1.251528	Acc: 60.06%
Pre-train Epoch: 80 [38400/40200 (95%)]	Loss: 1.109900	Acc: 60.07%
Pre-train Epoch: 81 [0/40200 (0%)]	Loss: 0.942592	Acc: 68.75%
Pre-train Epoch: 81 [6400/40200 (16%)]	Loss: 1.162923	Acc: 59.90%
Pre-train Epoch: 81 [12800/40200 (32%)]	Loss: 1.168571	Acc: 59.61%
Pre-train Epoch: 81 [19200/40200 (48%)]	Loss: 1.311977	Acc: 59.58%
Pre-train Epoch: 81 [25600/40200 (64%)]	Loss: 1.055621	Acc: 59.76%
Pre-train Epoch: 81 [32000/40200 (79%)]	Loss: 1.280179	Acc: 59.75%
Pre-train Epoch: 81 [38400/40200 (95%)]	Loss: 1.084894	Acc: 59.81%
Pre-train Epoch: 82 [0/40200 (0%)]	Loss: 1.240630	Acc: 51.56%
Pre-train Epoch: 82 [6400/40200 (16%)]	Loss: 1.255314	Acc: 59.85%
Pre-train Epoch: 82 [12800/40200 (32%)]	Loss: 1.213825	Acc: 60.29%
Pre-train Epoch: 82 [19200/40200 (48%)]	Loss: 1.146266	Acc: 60.16%
Pre-train Epoch: 82 [25600/40200 (64%)]	Loss: 1.350309	Acc: 60.14%
Pre-train Epoch: 82 [32000/40200 (79%)]	Loss: 1.116880	Acc: 60.11%
Pre-train Epoch: 82 [38400/40200 (95%)]	Loss: 1.223096	Acc: 60.08%
Pre-train Epoch: 83 [0/40200 (0%)]	Loss: 1.222990	Acc: 59.38%
Pre-train Epoch: 83 [6400/40200 (16%)]	Loss: 1.000218	Acc: 60.37%
Pre-train Epoch: 83 [12800/40200 (32%)]	Loss: 1.171500	Acc: 60.00%
Pre-train Epoch: 83 [19200/40200 (48%)]	Loss: 1.151552	Acc: 59.95%
Pre-train Epoch: 83 [25600/40200 (64%)]	Loss: 1.130676	Acc: 60.04%
Pre-train Epoch: 83 [32000/40200 (79%)]	Loss: 1.063031	Acc: 60.28%
Pre-train Epoch: 83 [38400/40200 (95%)]	Loss: 1.086872	Acc: 60.19%
Pre-train Epoch: 84 [0/40200 (0%)]	Loss: 0.985198	Acc: 71.88%
Pre-train Epoch: 84 [6400/40200 (16%)]	Loss: 1.379722	Acc: 60.09%
Pre-train Epoch: 84 [12800/40200 (32%)]	Loss: 1.227034	Acc: 59.92%
Pre-train Epoch: 84 [19200/40200 (48%)]	Loss: 1.255261	Acc: 59.81%
Pre-train Epoch: 84 [25600/40200 (64%)]	Loss: 1.233816	Acc: 59.75%
Pre-train Epoch: 84 [32000/40200 (79%)]	Loss: 1.014112	Acc: 59.89%
Pre-train Epoch: 84 [38400/40200 (95%)]	Loss: 1.402096	Acc: 60.07%
Pre-train Epoch: 85 [0/40200 (0%)]	Loss: 1.061285	Acc: 60.94%
Pre-train Epoch: 85 [6400/40200 (16%)]	Loss: 1.068153	Acc: 60.44%
Pre-train Epoch: 85 [12800/40200 (32%)]	Loss: 1.383286	Acc: 60.53%
Pre-train Epoch: 85 [19200/40200 (48%)]	Loss: 0.973384	Acc: 60.27%
Pre-train Epoch: 85 [25600/40200 (64%)]	Loss: 1.194862	Acc: 60.39%
Pre-train Epoch: 85 [32000/40200 (79%)]	Loss: 1.235669	Acc: 60.25%
Pre-train Epoch: 85 [38400/40200 (95%)]	Loss: 0.952821	Acc: 60.23%
Pre-train Epoch: 86 [0/40200 (0%)]	Loss: 1.039711	Acc: 60.94%
Pre-train Epoch: 86 [6400/40200 (16%)]	Loss: 1.176666	Acc: 60.49%
Pre-train Epoch: 86 [12800/40200 (32%)]	Loss: 1.212049	Acc: 59.71%
Pre-train Epoch: 86 [19200/40200 (48%)]	Loss: 1.254156	Acc: 60.06%
Pre-train Epoch: 86 [25600/40200 (64%)]	Loss: 1.102782	Acc: 60.01%
Pre-train Epoch: 86 [32000/40200 (79%)]	Loss: 1.225077	Acc: 59.89%
Pre-train Epoch: 86 [38400/40200 (95%)]	Loss: 1.075046	Acc: 59.94%
Pre-train Epoch: 87 [0/40200 (0%)]	Loss: 0.749764	Acc: 81.25%
Pre-train Epoch: 87 [6400/40200 (16%)]	Loss: 1.195016	Acc: 60.78%
Pre-train Epoch: 87 [12800/40200 (32%)]	Loss: 1.249274	Acc: 60.41%
Pre-train Epoch: 87 [19200/40200 (48%)]	Loss: 1.034325	Acc: 60.46%
Pre-train Epoch: 87 [25600/40200 (64%)]	Loss: 1.016676	Acc: 60.45%
Pre-train Epoch: 87 [32000/40200 (79%)]	Loss: 1.267090	Acc: 60.49%
Pre-train Epoch: 87 [38400/40200 (95%)]	Loss: 1.221109	Acc: 60.36%
Pre-train Epoch: 88 [0/40200 (0%)]	Loss: 1.464838	Acc: 43.75%
Pre-train Epoch: 88 [6400/40200 (16%)]	Loss: 1.162633	Acc: 59.38%
Pre-train Epoch: 88 [12800/40200 (32%)]	Loss: 1.211207	Acc: 59.86%
Pre-train Epoch: 88 [19200/40200 (48%)]	Loss: 1.040659	Acc: 60.29%
Pre-train Epoch: 88 [25600/40200 (64%)]	Loss: 1.378896	Acc: 60.40%
Pre-train Epoch: 88 [32000/40200 (79%)]	Loss: 1.362562	Acc: 60.49%
Pre-train Epoch: 88 [38400/40200 (95%)]	Loss: 1.204207	Acc: 60.47%
Pre-train Epoch: 89 [0/40200 (0%)]	Loss: 1.261432	Acc: 54.69%
Pre-train Epoch: 89 [6400/40200 (16%)]	Loss: 0.984472	Acc: 59.30%
Pre-train Epoch: 89 [12800/40200 (32%)]	Loss: 1.182401	Acc: 59.90%
Pre-train Epoch: 89 [19200/40200 (48%)]	Loss: 1.159626	Acc: 60.05%
Pre-train Epoch: 89 [25600/40200 (64%)]	Loss: 1.165671	Acc: 60.08%
Pre-train Epoch: 89 [32000/40200 (79%)]	Loss: 1.036873	Acc: 60.20%
Pre-train Epoch: 89 [38400/40200 (95%)]	Loss: 1.028982	Acc: 60.20%
Pre-train Epoch: 90 [0/40200 (0%)]	Loss: 1.268808	Acc: 64.06%
Pre-train Epoch: 90 [6400/40200 (16%)]	Loss: 1.301014	Acc: 60.98%
Pre-train Epoch: 90 [12800/40200 (32%)]	Loss: 1.419483	Acc: 60.86%
Pre-train Epoch: 90 [19200/40200 (48%)]	Loss: 1.086082	Acc: 60.56%
Pre-train Epoch: 90 [25600/40200 (64%)]	Loss: 1.140256	Acc: 60.49%
Pre-train Epoch: 90 [32000/40200 (79%)]	Loss: 1.112330	Acc: 60.59%
Pre-train Epoch: 90 [38400/40200 (95%)]	Loss: 1.463576	Acc: 60.57%
Pre-train Epoch: 91 [0/40200 (0%)]	Loss: 1.182701	Acc: 65.62%
Pre-train Epoch: 91 [6400/40200 (16%)]	Loss: 0.963095	Acc: 59.65%
Pre-train Epoch: 91 [12800/40200 (32%)]	Loss: 1.300011	Acc: 60.53%
Pre-train Epoch: 91 [19200/40200 (48%)]	Loss: 1.440632	Acc: 60.67%
Pre-train Epoch: 91 [25600/40200 (64%)]	Loss: 1.275681	Acc: 60.54%
Pre-train Epoch: 91 [32000/40200 (79%)]	Loss: 1.114645	Acc: 60.42%
Pre-train Epoch: 91 [38400/40200 (95%)]	Loss: 1.170025	Acc: 60.54%
Pre-train Epoch: 92 [0/40200 (0%)]	Loss: 1.151229	Acc: 64.06%
Pre-train Epoch: 92 [6400/40200 (16%)]	Loss: 0.999195	Acc: 59.78%
Pre-train Epoch: 92 [12800/40200 (32%)]	Loss: 1.118987	Acc: 60.35%
Pre-train Epoch: 92 [19200/40200 (48%)]	Loss: 1.301172	Acc: 60.43%
Pre-train Epoch: 92 [25600/40200 (64%)]	Loss: 1.121973	Acc: 60.46%
Pre-train Epoch: 92 [32000/40200 (79%)]	Loss: 1.285715	Acc: 60.43%
Pre-train Epoch: 92 [38400/40200 (95%)]	Loss: 1.426012	Acc: 60.28%
Pre-train Epoch: 93 [0/40200 (0%)]	Loss: 1.268909	Acc: 57.81%
Pre-train Epoch: 93 [6400/40200 (16%)]	Loss: 1.276257	Acc: 60.57%
Pre-train Epoch: 93 [12800/40200 (32%)]	Loss: 1.007992	Acc: 60.23%
Pre-train Epoch: 93 [19200/40200 (48%)]	Loss: 1.274716	Acc: 60.22%
Pre-train Epoch: 93 [25600/40200 (64%)]	Loss: 1.180091	Acc: 60.35%
Pre-train Epoch: 93 [32000/40200 (79%)]	Loss: 1.319410	Acc: 60.15%
Pre-train Epoch: 93 [38400/40200 (95%)]	Loss: 1.245333	Acc: 60.22%
Pre-train Epoch: 94 [0/40200 (0%)]	Loss: 1.508746	Acc: 51.56%
Pre-train Epoch: 94 [6400/40200 (16%)]	Loss: 1.098912	Acc: 60.21%
Pre-train Epoch: 94 [12800/40200 (32%)]	Loss: 1.239205	Acc: 60.33%
Pre-train Epoch: 94 [19200/40200 (48%)]	Loss: 1.229964	Acc: 60.50%
Pre-train Epoch: 94 [25600/40200 (64%)]	Loss: 1.302517	Acc: 60.65%
Pre-train Epoch: 94 [32000/40200 (79%)]	Loss: 1.161924	Acc: 60.61%
Pre-train Epoch: 94 [38400/40200 (95%)]	Loss: 1.500976	Acc: 60.70%
Pre-train Epoch: 95 [0/40200 (0%)]	Loss: 1.040005	Acc: 62.50%
Pre-train Epoch: 95 [6400/40200 (16%)]	Loss: 1.248895	Acc: 60.15%
Pre-train Epoch: 95 [12800/40200 (32%)]	Loss: 1.041049	Acc: 60.89%
Pre-train Epoch: 95 [19200/40200 (48%)]	Loss: 1.109236	Acc: 60.87%
Pre-train Epoch: 95 [25600/40200 (64%)]	Loss: 1.255250	Acc: 60.55%
Pre-train Epoch: 95 [32000/40200 (79%)]	Loss: 1.347480	Acc: 60.53%
Pre-train Epoch: 95 [38400/40200 (95%)]	Loss: 1.156695	Acc: 60.69%
Pre-train Epoch: 96 [0/40200 (0%)]	Loss: 1.238423	Acc: 54.69%
Pre-train Epoch: 96 [6400/40200 (16%)]	Loss: 1.326278	Acc: 60.57%
Pre-train Epoch: 96 [12800/40200 (32%)]	Loss: 1.247788	Acc: 60.25%
Pre-train Epoch: 96 [19200/40200 (48%)]	Loss: 1.304387	Acc: 60.22%
Pre-train Epoch: 96 [25600/40200 (64%)]	Loss: 1.095701	Acc: 60.31%
Pre-train Epoch: 96 [32000/40200 (79%)]	Loss: 1.019433	Acc: 60.18%
Pre-train Epoch: 96 [38400/40200 (95%)]	Loss: 1.249100	Acc: 60.43%
Pre-train Epoch: 97 [0/40200 (0%)]	Loss: 1.212958	Acc: 65.62%
Pre-train Epoch: 97 [6400/40200 (16%)]	Loss: 0.997602	Acc: 61.01%
Pre-train Epoch: 97 [12800/40200 (32%)]	Loss: 1.114670	Acc: 60.74%
Pre-train Epoch: 97 [19200/40200 (48%)]	Loss: 1.092958	Acc: 60.77%
Pre-train Epoch: 97 [25600/40200 (64%)]	Loss: 1.193296	Acc: 60.46%
Pre-train Epoch: 97 [32000/40200 (79%)]	Loss: 1.286209	Acc: 60.60%
Pre-train Epoch: 97 [38400/40200 (95%)]	Loss: 1.213688	Acc: 60.63%
Pre-train Epoch: 98 [0/40200 (0%)]	Loss: 1.252951	Acc: 57.81%
Pre-train Epoch: 98 [6400/40200 (16%)]	Loss: 1.146536	Acc: 61.62%
Pre-train Epoch: 98 [12800/40200 (32%)]	Loss: 1.106373	Acc: 60.93%
Pre-train Epoch: 98 [19200/40200 (48%)]	Loss: 0.981880	Acc: 60.23%
Pre-train Epoch: 98 [25600/40200 (64%)]	Loss: 1.365175	Acc: 60.54%
Pre-train Epoch: 98 [32000/40200 (79%)]	Loss: 1.078727	Acc: 60.63%
Pre-train Epoch: 98 [38400/40200 (95%)]	Loss: 1.104308	Acc: 60.55%
Pre-train Epoch: 99 [0/40200 (0%)]	Loss: 1.122915	Acc: 67.19%
Pre-train Epoch: 99 [6400/40200 (16%)]	Loss: 1.009037	Acc: 59.82%
Pre-train Epoch: 99 [12800/40200 (32%)]	Loss: 1.032679	Acc: 60.14%
Pre-train Epoch: 99 [19200/40200 (48%)]	Loss: 0.952870	Acc: 60.47%
Pre-train Epoch: 99 [25600/40200 (64%)]	Loss: 1.267290	Acc: 60.26%
Pre-train Epoch: 99 [32000/40200 (79%)]	Loss: 1.111840	Acc: 60.33%
Pre-train Epoch: 99 [38400/40200 (95%)]	Loss: 1.098381	Acc: 60.66%
Pre-train Epoch: 100 [0/40200 (0%)]	Loss: 1.294417	Acc: 56.25%
Pre-train Epoch: 100 [6400/40200 (16%)]	Loss: 1.310377	Acc: 59.95%
Pre-train Epoch: 100 [12800/40200 (32%)]	Loss: 1.069803	Acc: 60.14%
Pre-train Epoch: 100 [19200/40200 (48%)]	Loss: 1.159952	Acc: 60.20%
Pre-train Epoch: 100 [25600/40200 (64%)]	Loss: 1.396303	Acc: 60.35%
Pre-train Epoch: 100 [32000/40200 (79%)]	Loss: 1.329968	Acc: 60.63%
Pre-train Epoch: 100 [38400/40200 (95%)]	Loss: 1.330581	Acc: 60.63%

--- Evaluating on Validation Split ---

Validation set: Average loss: 1.0152, Accuracy: 13204/19800 (66.69%)

Reference model saved to models/raman_reference_model.pth

--- Starting Finetuning ---
Applying RamanSPy preprocessing to data/X_finetune.npy...
Finetune Epoch: 1 [0/3000 (0%)]	Loss: 2.371256	Acc: 37.50%
Finetune Epoch: 2 [0/3000 (0%)]	Loss: 1.926666	Acc: 42.19%
Finetune Epoch: 3 [0/3000 (0%)]	Loss: 1.437142	Acc: 56.25%
Finetune Epoch: 4 [0/3000 (0%)]	Loss: 2.010108	Acc: 46.88%
Finetune Epoch: 5 [0/3000 (0%)]	Loss: 1.615517	Acc: 40.62%
Finetune Epoch: 6 [0/3000 (0%)]	Loss: 1.662218	Acc: 39.06%
Finetune Epoch: 7 [0/3000 (0%)]	Loss: 1.346098	Acc: 53.12%
Finetune Epoch: 8 [0/3000 (0%)]	Loss: 1.919158	Acc: 39.06%
Finetune Epoch: 9 [0/3000 (0%)]	Loss: 1.356493	Acc: 48.44%
Finetune Epoch: 10 [0/3000 (0%)]	Loss: 1.733347	Acc: 43.75%
Finetune Epoch: 11 [0/3000 (0%)]	Loss: 1.369347	Acc: 53.12%
Finetune Epoch: 12 [0/3000 (0%)]	Loss: 1.344734	Acc: 42.19%
Finetune Epoch: 13 [0/3000 (0%)]	Loss: 1.307845	Acc: 48.44%
Finetune Epoch: 14 [0/3000 (0%)]	Loss: 1.340617	Acc: 51.56%
Finetune Epoch: 15 [0/3000 (0%)]	Loss: 1.365975	Acc: 56.25%
Finetune Epoch: 16 [0/3000 (0%)]	Loss: 1.562887	Acc: 50.00%
Finetune Epoch: 17 [0/3000 (0%)]	Loss: 1.643638	Acc: 39.06%
Finetune Epoch: 18 [0/3000 (0%)]	Loss: 1.620934	Acc: 43.75%
Finetune Epoch: 19 [0/3000 (0%)]	Loss: 1.477237	Acc: 53.12%
Finetune Epoch: 20 [0/3000 (0%)]	Loss: 1.594631	Acc: 50.00%
Finetuned model saved to models/raman_finetuned_model.pth

--- Evaluating on Test Set ---
Applying RamanSPy preprocessing to data/X_test.npy...

Test set: Average loss: 1.3702, Accuracy: 1642/3000 (54.73%)

